[0.117s] DEBUG:colcon:Command line arguments: ['/usr/bin/colcon', 'build']
[0.117s] DEBUG:colcon:Parsed command line arguments: Namespace(log_base=None, log_level=None, verb_name='build', build_base='build', install_base='install', merge_install=False, symlink_install=False, test_result_base=None, continue_on_error=False, executor='parallel', parallel_workers=4, event_handlers=None, ignore_user_meta=False, metas=['./colcon.meta'], base_paths=['.'], packages_ignore=None, packages_ignore_regex=None, paths=None, packages_up_to=None, packages_up_to_regex=None, packages_above=None, packages_above_and_dependencies=None, packages_above_depth=None, packages_select_by_dep=None, packages_skip_by_dep=None, packages_skip_up_to=None, packages_select_build_failed=False, packages_skip_build_finished=False, packages_select_test_failures=False, packages_skip_test_passed=False, packages_select=None, packages_skip=None, packages_select_regex=None, packages_skip_regex=None, packages_start=None, packages_end=None, cmake_args=None, cmake_target=None, cmake_target_skip_unavailable=False, cmake_clean_cache=False, cmake_clean_first=False, cmake_force_configure=False, ament_cmake_args=None, catkin_cmake_args=None, catkin_skip_building_tests=False, verb_parser=<colcon_defaults.argument_parser.defaults.DefaultArgumentsDecorator object at 0x76d371f24bc0>, verb_extension=<colcon_core.verb.build.BuildVerb object at 0x76d3720a05f0>, main=<bound method BuildVerb.main of <colcon_core.verb.build.BuildVerb object at 0x76d3720a05f0>>)
[0.163s] Level 1:colcon.colcon_core.package_discovery:discover_packages(colcon_meta) check parameters
[0.164s] Level 1:colcon.colcon_core.package_discovery:discover_packages(recursive) check parameters
[0.164s] Level 1:colcon.colcon_core.package_discovery:discover_packages(ignore) check parameters
[0.164s] Level 1:colcon.colcon_core.package_discovery:discover_packages(path) check parameters
[0.164s] Level 1:colcon.colcon_core.package_discovery:discover_packages(colcon_meta) discover
[0.164s] Level 1:colcon.colcon_core.package_discovery:discover_packages(recursive) discover
[0.164s] INFO:colcon.colcon_core.package_discovery:Crawling recursively for packages in '/home/yuchel/shared_repo'
[0.164s] Level 1:colcon.colcon_core.package_identification:_identify(.) by extensions ['ignore', 'ignore_ament_install']
[0.164s] Level 1:colcon.colcon_core.package_identification:_identify(.) by extension 'ignore'
[0.164s] Level 1:colcon.colcon_core.package_identification:_identify(.) by extension 'ignore_ament_install'
[0.164s] Level 1:colcon.colcon_core.package_identification:_identify(.) by extensions ['colcon_pkg']
[0.164s] Level 1:colcon.colcon_core.package_identification:_identify(.) by extension 'colcon_pkg'
[0.164s] Level 1:colcon.colcon_core.package_identification:_identify(.) by extensions ['colcon_meta']
[0.164s] Level 1:colcon.colcon_core.package_identification:_identify(.) by extension 'colcon_meta'
[0.164s] Level 1:colcon.colcon_core.package_identification:_identify(.) by extensions ['ros']
[0.164s] Level 1:colcon.colcon_core.package_identification:_identify(.) by extension 'ros'
[0.195s] Level 1:colcon.colcon_core.package_identification:_identify(.) by extensions ['cmake', 'python']
[0.195s] Level 1:colcon.colcon_core.package_identification:_identify(.) by extension 'cmake'
[0.195s] Level 1:colcon.colcon_core.package_identification:_identify(.) by extension 'python'
[0.195s] Level 1:colcon.colcon_core.package_identification:_identify(.) by extensions ['python_setup_py']
[0.195s] Level 1:colcon.colcon_core.package_identification:_identify(.) by extension 'python_setup_py'
[0.195s] Level 1:colcon.colcon_core.package_identification:_identify(build) by extensions ['ignore', 'ignore_ament_install']
[0.195s] Level 1:colcon.colcon_core.package_identification:_identify(build) by extension 'ignore'
[0.196s] Level 1:colcon.colcon_core.package_identification:_identify(build) ignored
[0.196s] Level 1:colcon.colcon_core.package_identification:_identify(install) by extensions ['ignore', 'ignore_ament_install']
[0.196s] Level 1:colcon.colcon_core.package_identification:_identify(install) by extension 'ignore'
[0.196s] Level 1:colcon.colcon_core.package_identification:_identify(install) ignored
[0.196s] Level 1:colcon.colcon_core.package_identification:_identify(log) by extensions ['ignore', 'ignore_ament_install']
[0.196s] Level 1:colcon.colcon_core.package_identification:_identify(log) by extension 'ignore'
[0.196s] Level 1:colcon.colcon_core.package_identification:_identify(log) ignored
[0.196s] Level 1:colcon.colcon_core.package_identification:_identify(rosbag2_2026_08_10-22_53_29) by extensions ['ignore', 'ignore_ament_install']
[0.196s] Level 1:colcon.colcon_core.package_identification:_identify(rosbag2_2026_08_10-22_53_29) by extension 'ignore'
[0.196s] Level 1:colcon.colcon_core.package_identification:_identify(rosbag2_2026_08_10-22_53_29) by extension 'ignore_ament_install'
[0.196s] Level 1:colcon.colcon_core.package_identification:_identify(rosbag2_2026_08_10-22_53_29) by extensions ['colcon_pkg']
[0.196s] Level 1:colcon.colcon_core.package_identification:_identify(rosbag2_2026_08_10-22_53_29) by extension 'colcon_pkg'
[0.196s] Level 1:colcon.colcon_core.package_identification:_identify(rosbag2_2026_08_10-22_53_29) by extensions ['colcon_meta']
[0.196s] Level 1:colcon.colcon_core.package_identification:_identify(rosbag2_2026_08_10-22_53_29) by extension 'colcon_meta'
[0.196s] Level 1:colcon.colcon_core.package_identification:_identify(rosbag2_2026_08_10-22_53_29) by extensions ['ros']
[0.196s] Level 1:colcon.colcon_core.package_identification:_identify(rosbag2_2026_08_10-22_53_29) by extension 'ros'
[0.197s] Level 1:colcon.colcon_core.package_identification:_identify(rosbag2_2026_08_10-22_53_29) by extensions ['cmake', 'python']
[0.197s] Level 1:colcon.colcon_core.package_identification:_identify(rosbag2_2026_08_10-22_53_29) by extension 'cmake'
[0.197s] Level 1:colcon.colcon_core.package_identification:_identify(rosbag2_2026_08_10-22_53_29) by extension 'python'
[0.197s] Level 1:colcon.colcon_core.package_identification:_identify(rosbag2_2026_08_10-22_53_29) by extensions ['python_setup_py']
[0.197s] Level 1:colcon.colcon_core.package_identification:_identify(rosbag2_2026_08_10-22_53_29) by extension 'python_setup_py'
[0.197s] Level 1:colcon.colcon_core.package_identification:_identify(src) by extensions ['ignore', 'ignore_ament_install']
[0.197s] Level 1:colcon.colcon_core.package_identification:_identify(src) by extension 'ignore'
[0.197s] Level 1:colcon.colcon_core.package_identification:_identify(src) by extension 'ignore_ament_install'
[0.197s] Level 1:colcon.colcon_core.package_identification:_identify(src) by extensions ['colcon_pkg']
[0.197s] Level 1:colcon.colcon_core.package_identification:_identify(src) by extension 'colcon_pkg'
[0.197s] Level 1:colcon.colcon_core.package_identification:_identify(src) by extensions ['colcon_meta']
[0.197s] Level 1:colcon.colcon_core.package_identification:_identify(src) by extension 'colcon_meta'
[0.197s] Level 1:colcon.colcon_core.package_identification:_identify(src) by extensions ['ros']
[0.197s] Level 1:colcon.colcon_core.package_identification:_identify(src) by extension 'ros'
[0.197s] Level 1:colcon.colcon_core.package_identification:_identify(src) by extensions ['cmake', 'python']
[0.197s] Level 1:colcon.colcon_core.package_identification:_identify(src) by extension 'cmake'
[0.197s] Level 1:colcon.colcon_core.package_identification:_identify(src) by extension 'python'
[0.197s] Level 1:colcon.colcon_core.package_identification:_identify(src) by extensions ['python_setup_py']
[0.197s] Level 1:colcon.colcon_core.package_identification:_identify(src) by extension 'python_setup_py'
[0.197s] Level 1:colcon.colcon_core.package_identification:_identify(src/gakurobo) by extensions ['ignore', 'ignore_ament_install']
[0.197s] Level 1:colcon.colcon_core.package_identification:_identify(src/gakurobo) by extension 'ignore'
[0.197s] Level 1:colcon.colcon_core.package_identification:_identify(src/gakurobo) by extension 'ignore_ament_install'
[0.197s] Level 1:colcon.colcon_core.package_identification:_identify(src/gakurobo) by extensions ['colcon_pkg']
[0.197s] Level 1:colcon.colcon_core.package_identification:_identify(src/gakurobo) by extension 'colcon_pkg'
[0.198s] Level 1:colcon.colcon_core.package_identification:_identify(src/gakurobo) by extensions ['colcon_meta']
[0.198s] Level 1:colcon.colcon_core.package_identification:_identify(src/gakurobo) by extension 'colcon_meta'
[0.198s] Level 1:colcon.colcon_core.package_identification:_identify(src/gakurobo) by extensions ['ros']
[0.198s] Level 1:colcon.colcon_core.package_identification:_identify(src/gakurobo) by extension 'ros'
[0.200s] DEBUG:colcon.colcon_core.package_identification:Package 'src/gakurobo' with type 'ros.ament_python' and name 'gakurobo'
[0.200s] Level 1:colcon.colcon_core.package_identification:_identify(src/independent_steering) by extensions ['ignore', 'ignore_ament_install']
[0.200s] Level 1:colcon.colcon_core.package_identification:_identify(src/independent_steering) by extension 'ignore'
[0.201s] Level 1:colcon.colcon_core.package_identification:_identify(src/independent_steering) by extension 'ignore_ament_install'
[0.201s] Level 1:colcon.colcon_core.package_identification:_identify(src/independent_steering) by extensions ['colcon_pkg']
[0.201s] Level 1:colcon.colcon_core.package_identification:_identify(src/independent_steering) by extension 'colcon_pkg'
[0.201s] Level 1:colcon.colcon_core.package_identification:_identify(src/independent_steering) by extensions ['colcon_meta']
[0.201s] Level 1:colcon.colcon_core.package_identification:_identify(src/independent_steering) by extension 'colcon_meta'
[0.201s] Level 1:colcon.colcon_core.package_identification:_identify(src/independent_steering) by extensions ['ros']
[0.201s] Level 1:colcon.colcon_core.package_identification:_identify(src/independent_steering) by extension 'ros'
[0.202s] DEBUG:colcon.colcon_core.package_identification:Package 'src/independent_steering' with type 'ros.ament_python' and name 'independent_steering'
[0.203s] Level 1:colcon.colcon_core.package_identification:_identify(src/talk_pkg) by extensions ['ignore', 'ignore_ament_install']
[0.203s] Level 1:colcon.colcon_core.package_identification:_identify(src/talk_pkg) by extension 'ignore'
[0.203s] Level 1:colcon.colcon_core.package_identification:_identify(src/talk_pkg) by extension 'ignore_ament_install'
[0.203s] Level 1:colcon.colcon_core.package_identification:_identify(src/talk_pkg) by extensions ['colcon_pkg']
[0.203s] Level 1:colcon.colcon_core.package_identification:_identify(src/talk_pkg) by extension 'colcon_pkg'
[0.203s] Level 1:colcon.colcon_core.package_identification:_identify(src/talk_pkg) by extensions ['colcon_meta']
[0.203s] Level 1:colcon.colcon_core.package_identification:_identify(src/talk_pkg) by extension 'colcon_meta'
[0.203s] Level 1:colcon.colcon_core.package_identification:_identify(src/talk_pkg) by extensions ['ros']
[0.203s] Level 1:colcon.colcon_core.package_identification:_identify(src/talk_pkg) by extension 'ros'
[0.204s] DEBUG:colcon.colcon_core.package_identification:Package 'src/talk_pkg' with type 'ros.ament_python' and name 'talk_pkg'
[0.204s] Level 1:colcon.colcon_core.package_identification:_identify(src/test_pkg) by extensions ['ignore', 'ignore_ament_install']
[0.204s] Level 1:colcon.colcon_core.package_identification:_identify(src/test_pkg) by extension 'ignore'
[0.204s] Level 1:colcon.colcon_core.package_identification:_identify(src/test_pkg) by extension 'ignore_ament_install'
[0.204s] Level 1:colcon.colcon_core.package_identification:_identify(src/test_pkg) by extensions ['colcon_pkg']
[0.204s] Level 1:colcon.colcon_core.package_identification:_identify(src/test_pkg) by extension 'colcon_pkg'
[0.204s] Level 1:colcon.colcon_core.package_identification:_identify(src/test_pkg) by extensions ['colcon_meta']
[0.204s] Level 1:colcon.colcon_core.package_identification:_identify(src/test_pkg) by extension 'colcon_meta'
[0.204s] Level 1:colcon.colcon_core.package_identification:_identify(src/test_pkg) by extensions ['ros']
[0.204s] Level 1:colcon.colcon_core.package_identification:_identify(src/test_pkg) by extension 'ros'
[0.205s] DEBUG:colcon.colcon_core.package_identification:Package 'src/test_pkg' with type 'ros.ament_python' and name 'test_pkg'
[0.205s] Level 1:colcon.colcon_core.package_identification:_identify(src/three_node_pkg) by extensions ['ignore', 'ignore_ament_install']
[0.205s] Level 1:colcon.colcon_core.package_identification:_identify(src/three_node_pkg) by extension 'ignore'
[0.205s] Level 1:colcon.colcon_core.package_identification:_identify(src/three_node_pkg) by extension 'ignore_ament_install'
[0.205s] Level 1:colcon.colcon_core.package_identification:_identify(src/three_node_pkg) by extensions ['colcon_pkg']
[0.205s] Level 1:colcon.colcon_core.package_identification:_identify(src/three_node_pkg) by extension 'colcon_pkg'
[0.205s] Level 1:colcon.colcon_core.package_identification:_identify(src/three_node_pkg) by extensions ['colcon_meta']
[0.205s] Level 1:colcon.colcon_core.package_identification:_identify(src/three_node_pkg) by extension 'colcon_meta'
[0.205s] Level 1:colcon.colcon_core.package_identification:_identify(src/three_node_pkg) by extensions ['ros']
[0.205s] Level 1:colcon.colcon_core.package_identification:_identify(src/three_node_pkg) by extension 'ros'
[0.207s] DEBUG:colcon.colcon_core.package_identification:Package 'src/three_node_pkg' with type 'ros.ament_python' and name 'three_node_pkg'
[0.207s] Level 1:colcon.colcon_core.package_discovery:discover_packages(recursive) using defaults
[0.207s] Level 1:colcon.colcon_core.package_discovery:discover_packages(ignore) discover
[0.207s] Level 1:colcon.colcon_core.package_discovery:discover_packages(ignore) using defaults
[0.207s] Level 1:colcon.colcon_core.package_discovery:discover_packages(path) discover
[0.207s] Level 1:colcon.colcon_core.package_discovery:discover_packages(path) using defaults
[0.228s] Level 5:colcon.colcon_core.verb:set package 'gakurobo' build argument 'cmake_args' from command line to 'None'
[0.228s] Level 5:colcon.colcon_core.verb:set package 'gakurobo' build argument 'cmake_target' from command line to 'None'
[0.228s] Level 5:colcon.colcon_core.verb:set package 'gakurobo' build argument 'cmake_target_skip_unavailable' from command line to 'False'
[0.228s] Level 5:colcon.colcon_core.verb:set package 'gakurobo' build argument 'cmake_clean_cache' from command line to 'False'
[0.228s] Level 5:colcon.colcon_core.verb:set package 'gakurobo' build argument 'cmake_clean_first' from command line to 'False'
[0.228s] Level 5:colcon.colcon_core.verb:set package 'gakurobo' build argument 'cmake_force_configure' from command line to 'False'
[0.228s] Level 5:colcon.colcon_core.verb:set package 'gakurobo' build argument 'ament_cmake_args' from command line to 'None'
[0.228s] Level 5:colcon.colcon_core.verb:set package 'gakurobo' build argument 'catkin_cmake_args' from command line to 'None'
[0.228s] Level 5:colcon.colcon_core.verb:set package 'gakurobo' build argument 'catkin_skip_building_tests' from command line to 'False'
[0.228s] DEBUG:colcon.colcon_core.verb:Building package 'gakurobo' with the following arguments: {'ament_cmake_args': None, 'build_base': '/home/yuchel/shared_repo/build/gakurobo', 'catkin_cmake_args': None, 'catkin_skip_building_tests': False, 'cmake_args': None, 'cmake_clean_cache': False, 'cmake_clean_first': False, 'cmake_force_configure': False, 'cmake_target': None, 'cmake_target_skip_unavailable': False, 'install_base': '/home/yuchel/shared_repo/install/gakurobo', 'merge_install': False, 'path': '/home/yuchel/shared_repo/src/gakurobo', 'symlink_install': False, 'test_result_base': None}
[0.229s] Level 5:colcon.colcon_core.verb:set package 'independent_steering' build argument 'cmake_args' from command line to 'None'
[0.229s] Level 5:colcon.colcon_core.verb:set package 'independent_steering' build argument 'cmake_target' from command line to 'None'
[0.229s] Level 5:colcon.colcon_core.verb:set package 'independent_steering' build argument 'cmake_target_skip_unavailable' from command line to 'False'
[0.229s] Level 5:colcon.colcon_core.verb:set package 'independent_steering' build argument 'cmake_clean_cache' from command line to 'False'
[0.229s] Level 5:colcon.colcon_core.verb:set package 'independent_steering' build argument 'cmake_clean_first' from command line to 'False'
[0.229s] Level 5:colcon.colcon_core.verb:set package 'independent_steering' build argument 'cmake_force_configure' from command line to 'False'
[0.229s] Level 5:colcon.colcon_core.verb:set package 'independent_steering' build argument 'ament_cmake_args' from command line to 'None'
[0.229s] Level 5:colcon.colcon_core.verb:set package 'independent_steering' build argument 'catkin_cmake_args' from command line to 'None'
[0.229s] Level 5:colcon.colcon_core.verb:set package 'independent_steering' build argument 'catkin_skip_building_tests' from command line to 'False'
[0.229s] DEBUG:colcon.colcon_core.verb:Building package 'independent_steering' with the following arguments: {'ament_cmake_args': None, 'build_base': '/home/yuchel/shared_repo/build/independent_steering', 'catkin_cmake_args': None, 'catkin_skip_building_tests': False, 'cmake_args': None, 'cmake_clean_cache': False, 'cmake_clean_first': False, 'cmake_force_configure': False, 'cmake_target': None, 'cmake_target_skip_unavailable': False, 'install_base': '/home/yuchel/shared_repo/install/independent_steering', 'merge_install': False, 'path': '/home/yuchel/shared_repo/src/independent_steering', 'symlink_install': False, 'test_result_base': None}
[0.229s] Level 5:colcon.colcon_core.verb:set package 'talk_pkg' build argument 'cmake_args' from command line to 'None'
[0.229s] Level 5:colcon.colcon_core.verb:set package 'talk_pkg' build argument 'cmake_target' from command line to 'None'
[0.229s] Level 5:colcon.colcon_core.verb:set package 'talk_pkg' build argument 'cmake_target_skip_unavailable' from command line to 'False'
[0.229s] Level 5:colcon.colcon_core.verb:set package 'talk_pkg' build argument 'cmake_clean_cache' from command line to 'False'
[0.229s] Level 5:colcon.colcon_core.verb:set package 'talk_pkg' build argument 'cmake_clean_first' from command line to 'False'
[0.229s] Level 5:colcon.colcon_core.verb:set package 'talk_pkg' build argument 'cmake_force_configure' from command line to 'False'
[0.229s] Level 5:colcon.colcon_core.verb:set package 'talk_pkg' build argument 'ament_cmake_args' from command line to 'None'
[0.229s] Level 5:colcon.colcon_core.verb:set package 'talk_pkg' build argument 'catkin_cmake_args' from command line to 'None'
[0.229s] Level 5:colcon.colcon_core.verb:set package 'talk_pkg' build argument 'catkin_skip_building_tests' from command line to 'False'
[0.229s] DEBUG:colcon.colcon_core.verb:Building package 'talk_pkg' with the following arguments: {'ament_cmake_args': None, 'build_base': '/home/yuchel/shared_repo/build/talk_pkg', 'catkin_cmake_args': None, 'catkin_skip_building_tests': False, 'cmake_args': None, 'cmake_clean_cache': False, 'cmake_clean_first': False, 'cmake_force_configure': False, 'cmake_target': None, 'cmake_target_skip_unavailable': False, 'install_base': '/home/yuchel/shared_repo/install/talk_pkg', 'merge_install': False, 'path': '/home/yuchel/shared_repo/src/talk_pkg', 'symlink_install': False, 'test_result_base': None}
[0.229s] Level 5:colcon.colcon_core.verb:set package 'test_pkg' build argument 'cmake_args' from command line to 'None'
[0.229s] Level 5:colcon.colcon_core.verb:set package 'test_pkg' build argument 'cmake_target' from command line to 'None'
[0.229s] Level 5:colcon.colcon_core.verb:set package 'test_pkg' build argument 'cmake_target_skip_unavailable' from command line to 'False'
[0.229s] Level 5:colcon.colcon_core.verb:set package 'test_pkg' build argument 'cmake_clean_cache' from command line to 'False'
[0.229s] Level 5:colcon.colcon_core.verb:set package 'test_pkg' build argument 'cmake_clean_first' from command line to 'False'
[0.229s] Level 5:colcon.colcon_core.verb:set package 'test_pkg' build argument 'cmake_force_configure' from command line to 'False'
[0.229s] Level 5:colcon.colcon_core.verb:set package 'test_pkg' build argument 'ament_cmake_args' from command line to 'None'
[0.230s] Level 5:colcon.colcon_core.verb:set package 'test_pkg' build argument 'catkin_cmake_args' from command line to 'None'
[0.230s] Level 5:colcon.colcon_core.verb:set package 'test_pkg' build argument 'catkin_skip_building_tests' from command line to 'False'
[0.230s] DEBUG:colcon.colcon_core.verb:Building package 'test_pkg' with the following arguments: {'ament_cmake_args': None, 'build_base': '/home/yuchel/shared_repo/build/test_pkg', 'catkin_cmake_args': None, 'catkin_skip_building_tests': False, 'cmake_args': None, 'cmake_clean_cache': False, 'cmake_clean_first': False, 'cmake_force_configure': False, 'cmake_target': None, 'cmake_target_skip_unavailable': False, 'install_base': '/home/yuchel/shared_repo/install/test_pkg', 'merge_install': False, 'path': '/home/yuchel/shared_repo/src/test_pkg', 'symlink_install': False, 'test_result_base': None}
[0.230s] Level 5:colcon.colcon_core.verb:set package 'three_node_pkg' build argument 'cmake_args' from command line to 'None'
[0.230s] Level 5:colcon.colcon_core.verb:set package 'three_node_pkg' build argument 'cmake_target' from command line to 'None'
[0.230s] Level 5:colcon.colcon_core.verb:set package 'three_node_pkg' build argument 'cmake_target_skip_unavailable' from command line to 'False'
[0.230s] Level 5:colcon.colcon_core.verb:set package 'three_node_pkg' build argument 'cmake_clean_cache' from command line to 'False'
[0.230s] Level 5:colcon.colcon_core.verb:set package 'three_node_pkg' build argument 'cmake_clean_first' from command line to 'False'
[0.230s] Level 5:colcon.colcon_core.verb:set package 'three_node_pkg' build argument 'cmake_force_configure' from command line to 'False'
[0.230s] Level 5:colcon.colcon_core.verb:set package 'three_node_pkg' build argument 'ament_cmake_args' from command line to 'None'
[0.230s] Level 5:colcon.colcon_core.verb:set package 'three_node_pkg' build argument 'catkin_cmake_args' from command line to 'None'
[0.230s] Level 5:colcon.colcon_core.verb:set package 'three_node_pkg' build argument 'catkin_skip_building_tests' from command line to 'False'
[0.230s] DEBUG:colcon.colcon_core.verb:Building package 'three_node_pkg' with the following arguments: {'ament_cmake_args': None, 'build_base': '/home/yuchel/shared_repo/build/three_node_pkg', 'catkin_cmake_args': None, 'catkin_skip_building_tests': False, 'cmake_args': None, 'cmake_clean_cache': False, 'cmake_clean_first': False, 'cmake_force_configure': False, 'cmake_target': None, 'cmake_target_skip_unavailable': False, 'install_base': '/home/yuchel/shared_repo/install/three_node_pkg', 'merge_install': False, 'path': '/home/yuchel/shared_repo/src/three_node_pkg', 'symlink_install': False, 'test_result_base': None}
[0.230s] INFO:colcon.colcon_core.executor:Executing jobs using 'parallel' executor
[0.232s] DEBUG:colcon.colcon_parallel_executor.executor.parallel:run_until_complete
[0.232s] INFO:colcon.colcon_ros.task.ament_python.build:Building ROS package in '/home/yuchel/shared_repo/src/gakurobo' with build type 'ament_python'
[0.233s] Level 1:colcon.colcon_core.shell:create_environment_hook('gakurobo', 'ament_prefix_path')
[0.237s] INFO:colcon.colcon_core.plugin_system:Skipping extension 'colcon_core.shell.bat': Not used on non-Windows systems
[0.237s] INFO:colcon.colcon_core.shell:Creating environment descriptor '/home/yuchel/shared_repo/install/gakurobo/share/gakurobo/hook/ament_prefix_path.dsv'
[0.238s] INFO:colcon.colcon_core.shell:Creating environment hook '/home/yuchel/shared_repo/install/gakurobo/share/gakurobo/hook/ament_prefix_path.sh'
[0.239s] DEBUG:colcon.colcon_core.shell:Skip shell extension 'dsv' for command environment
[0.248s] INFO:colcon.colcon_ros.task.ament_python.build:Building ROS package in '/home/yuchel/shared_repo/src/independent_steering' with build type 'ament_python'
[0.248s] Level 1:colcon.colcon_core.shell:create_environment_hook('independent_steering', 'ament_prefix_path')
[0.248s] INFO:colcon.colcon_core.shell:Creating environment descriptor '/home/yuchel/shared_repo/install/independent_steering/share/independent_steering/hook/ament_prefix_path.dsv'
[0.250s] INFO:colcon.colcon_core.shell:Creating environment hook '/home/yuchel/shared_repo/install/independent_steering/share/independent_steering/hook/ament_prefix_path.sh'
[0.254s] DEBUG:colcon.colcon_core.shell:Skip shell extension 'dsv' for command environment
[0.260s] INFO:colcon.colcon_ros.task.ament_python.build:Building ROS package in '/home/yuchel/shared_repo/src/talk_pkg' with build type 'ament_python'
[0.260s] Level 1:colcon.colcon_core.shell:create_environment_hook('talk_pkg', 'ament_prefix_path')
[0.261s] INFO:colcon.colcon_core.shell:Creating environment descriptor '/home/yuchel/shared_repo/install/talk_pkg/share/talk_pkg/hook/ament_prefix_path.dsv'
[0.262s] INFO:colcon.colcon_core.shell:Creating environment hook '/home/yuchel/shared_repo/install/talk_pkg/share/talk_pkg/hook/ament_prefix_path.sh'
[0.263s] DEBUG:colcon.colcon_core.shell:Skip shell extension 'dsv' for command environment
[0.278s] INFO:colcon.colcon_ros.task.ament_python.build:Building ROS package in '/home/yuchel/shared_repo/src/test_pkg' with build type 'ament_python'
[0.279s] Level 1:colcon.colcon_core.shell:create_environment_hook('test_pkg', 'ament_prefix_path')
[0.280s] INFO:colcon.colcon_core.shell:Creating environment descriptor '/home/yuchel/shared_repo/install/test_pkg/share/test_pkg/hook/ament_prefix_path.dsv'
[0.282s] INFO:colcon.colcon_core.shell:Creating environment hook '/home/yuchel/shared_repo/install/test_pkg/share/test_pkg/hook/ament_prefix_path.sh'
[0.283s] DEBUG:colcon.colcon_core.shell:Skip shell extension 'dsv' for command environment
[0.569s] INFO:colcon.colcon_core.task.python.build:Building Python package in '/home/yuchel/shared_repo/src/gakurobo'
[0.570s] DEBUG:colcon.colcon_core.shell:Skip shell extension 'dsv' for command environment
[0.839s] INFO:colcon.colcon_core.task.python.build:Building Python package in '/home/yuchel/shared_repo/src/independent_steering'
[0.840s] DEBUG:colcon.colcon_core.shell:Skip shell extension 'dsv' for command environment
[1.104s] INFO:colcon.colcon_core.task.python.build:Building Python package in '/home/yuchel/shared_repo/src/talk_pkg'
[1.104s] DEBUG:colcon.colcon_core.shell:Skip shell extension 'dsv' for command environment
[1.376s] INFO:colcon.colcon_core.task.python.build:Building Python package in '/home/yuchel/shared_repo/src/test_pkg'
[1.376s] DEBUG:colcon.colcon_core.shell:Skip shell extension 'dsv' for command environment
[2.262s] DEBUG:colcon.colcon_core.task.python.build:Available setuptools commands: compile_catalog, install_egg_info, build_scripts, install_headers, install_lib, upload, build_clib, extract_messages, register, symlink_data, rotate, easy_install, bdist_egg, install, bdist_rpm, install_data, build_ext, build_py, test, egg_info, saveopts, upload_docs, update_catalog, bdist_wheel, setopt, clean, bdist_dumb, sdist, alias, develop, dist_info, check, bdist, install_scripts, init_catalog, editable_wheel, build
[2.304s] DEBUG:colcon.colcon_core.event_handler.log_command:Invoking command in '/home/yuchel/shared_repo/src/independent_steering': DEBUGINFOD_URLS=https://debuginfod.ubuntu.com PYTHONPATH=/home/yuchel/shared_repo/build/independent_steering/prefix_override:/usr/lib/python3/dist-packages/colcon_core/task/python/colcon_distutils_commands:/home/yuchel/shared_repo/install/independent_steering/lib/python3.12/site-packages:${PYTHONPATH} /usr/bin/python3 -W ignore:setup.py install is deprecated -W ignore:easy_install command is deprecated setup.py egg_info --egg-base ../../build/independent_steering build --build-base /home/yuchel/shared_repo/build/independent_steering/build install --record /home/yuchel/shared_repo/build/independent_steering/install.log --install-scripts $base/lib/independent_steering --single-version-externally-managed install_data
[2.305s] DEBUG:colcon.colcon_core.task.python.build:Available setuptools commands: compile_catalog, install_egg_info, build_scripts, install_headers, install_lib, upload, build_clib, extract_messages, register, symlink_data, rotate, easy_install, bdist_egg, install, bdist_rpm, install_data, build_ext, build_py, test, egg_info, saveopts, upload_docs, update_catalog, bdist_wheel, setopt, clean, bdist_dumb, sdist, alias, develop, dist_info, check, bdist, install_scripts, init_catalog, editable_wheel, build
[2.308s] DEBUG:colcon.colcon_core.task.python.build:Available setuptools commands: compile_catalog, install_egg_info, build_scripts, install_headers, install_lib, upload, build_clib, extract_messages, register, symlink_data, rotate, easy_install, bdist_egg, install, bdist_rpm, install_data, build_ext, build_py, test, egg_info, saveopts, upload_docs, update_catalog, bdist_wheel, setopt, clean, bdist_dumb, sdist, alias, develop, dist_info, check, bdist, install_scripts, init_catalog, editable_wheel, build
[2.310s] DEBUG:colcon.colcon_core.event_handler.log_command:Invoking command in '/home/yuchel/shared_repo/src/test_pkg': DEBUGINFOD_URLS=https://debuginfod.ubuntu.com PYTHONPATH=/home/yuchel/shared_repo/build/test_pkg/prefix_override:/usr/lib/python3/dist-packages/colcon_core/task/python/colcon_distutils_commands:/home/yuchel/shared_repo/install/test_pkg/lib/python3.12/site-packages:${PYTHONPATH} /usr/bin/python3 -W ignore:setup.py install is deprecated -W ignore:easy_install command is deprecated setup.py egg_info --egg-base ../../build/test_pkg build --build-base /home/yuchel/shared_repo/build/test_pkg/build install --record /home/yuchel/shared_repo/build/test_pkg/install.log --install-scripts $base/lib/test_pkg --single-version-externally-managed install_data
[2.312s] DEBUG:colcon.colcon_core.event_handler.log_command:Invoking command in '/home/yuchel/shared_repo/src/talk_pkg': DEBUGINFOD_URLS=https://debuginfod.ubuntu.com PYTHONPATH=/home/yuchel/shared_repo/build/talk_pkg/prefix_override:/usr/lib/python3/dist-packages/colcon_core/task/python/colcon_distutils_commands:/home/yuchel/shared_repo/install/talk_pkg/lib/python3.12/site-packages:${PYTHONPATH} /usr/bin/python3 -W ignore:setup.py install is deprecated -W ignore:easy_install command is deprecated setup.py egg_info --egg-base ../../build/talk_pkg build --build-base /home/yuchel/shared_repo/build/talk_pkg/build install --record /home/yuchel/shared_repo/build/talk_pkg/install.log --install-scripts $base/lib/talk_pkg --single-version-externally-managed install_data
[2.369s] DEBUG:colcon.colcon_core.task.python.build:Available setuptools commands: compile_catalog, install_egg_info, build_scripts, install_headers, install_lib, upload, build_clib, extract_messages, register, symlink_data, rotate, easy_install, bdist_egg, install, bdist_rpm, install_data, build_ext, build_py, test, egg_info, saveopts, upload_docs, update_catalog, bdist_wheel, setopt, clean, bdist_dumb, sdist, alias, develop, dist_info, check, bdist, install_scripts, init_catalog, editable_wheel, build
[2.710s] DEBUG:colcon.colcon_core.event_handler.log_command:Invoking command in '/home/yuchel/shared_repo/src/gakurobo': DEBUGINFOD_URLS=https://debuginfod.ubuntu.com PYTHONPATH=/home/yuchel/shared_repo/build/gakurobo/prefix_override:/usr/lib/python3/dist-packages/colcon_core/task/python/colcon_distutils_commands:/home/yuchel/shared_repo/install/gakurobo/lib/python3.12/site-packages:${PYTHONPATH} /usr/bin/python3 -W ignore:setup.py install is deprecated -W ignore:easy_install command is deprecated setup.py egg_info --egg-base ../../build/gakurobo build --build-base /home/yuchel/shared_repo/build/gakurobo/build install --record /home/yuchel/shared_repo/build/gakurobo/install.log --install-scripts $base/lib/gakurobo --single-version-externally-managed install_data
[3.162s] DEBUG:colcon.colcon_core.event_handler.log_command:Invoked command in '/home/yuchel/shared_repo/src/gakurobo' returned '0': DEBUGINFOD_URLS=https://debuginfod.ubuntu.com PYTHONPATH=/home/yuchel/shared_repo/build/gakurobo/prefix_override:/usr/lib/python3/dist-packages/colcon_core/task/python/colcon_distutils_commands:/home/yuchel/shared_repo/install/gakurobo/lib/python3.12/site-packages:${PYTHONPATH} /usr/bin/python3 -W ignore:setup.py install is deprecated -W ignore:easy_install command is deprecated setup.py egg_info --egg-base ../../build/gakurobo build --build-base /home/yuchel/shared_repo/build/gakurobo/build install --record /home/yuchel/shared_repo/build/gakurobo/install.log --install-scripts $base/lib/gakurobo --single-version-externally-managed install_data
[3.189s] Level 1:colcon.colcon_core.environment:checking '/home/yuchel/shared_repo/install/gakurobo' for CMake module files
[3.190s] Level 1:colcon.colcon_core.environment:checking '/home/yuchel/shared_repo/install/gakurobo' for CMake config files
[3.197s] Level 1:colcon.colcon_core.environment:checking '/home/yuchel/shared_repo/install/gakurobo/lib'
[3.197s] Level 1:colcon.colcon_core.environment:checking '/home/yuchel/shared_repo/install/gakurobo/bin'
[3.198s] Level 1:colcon.colcon_core.environment:checking '/home/yuchel/shared_repo/install/gakurobo/lib/pkgconfig/gakurobo.pc'
[3.198s] Level 1:colcon.colcon_core.environment:checking '/home/yuchel/shared_repo/install/gakurobo/lib/python3.12/site-packages'
[3.198s] Level 1:colcon.colcon_core.shell:create_environment_hook('gakurobo', 'pythonpath')
[3.198s] INFO:colcon.colcon_core.shell:Creating environment descriptor '/home/yuchel/shared_repo/install/gakurobo/share/gakurobo/hook/pythonpath.dsv'
[3.200s] INFO:colcon.colcon_core.shell:Creating environment hook '/home/yuchel/shared_repo/install/gakurobo/share/gakurobo/hook/pythonpath.sh'
[3.202s] Level 1:colcon.colcon_core.environment:checking '/home/yuchel/shared_repo/install/gakurobo/bin'
[3.202s] Level 1:colcon.colcon_core.environment:create_environment_scripts_only(gakurobo)
[3.203s] INFO:colcon.colcon_core.shell:Creating package descriptor '/home/yuchel/shared_repo/install/gakurobo/share/gakurobo/package.dsv'
[3.208s] INFO:colcon.colcon_core.shell:Creating package script '/home/yuchel/shared_repo/install/gakurobo/share/gakurobo/package.sh'
[3.211s] INFO:colcon.colcon_core.shell:Creating package script '/home/yuchel/shared_repo/install/gakurobo/share/gakurobo/package.bash'
[3.222s] INFO:colcon.colcon_core.shell:Creating package script '/home/yuchel/shared_repo/install/gakurobo/share/gakurobo/package.zsh'
[3.224s] Level 1:colcon.colcon_core.environment:create_file_with_runtime_dependencies(/home/yuchel/shared_repo/install/gakurobo/share/colcon-core/packages/gakurobo)
[3.226s] INFO:colcon.colcon_ros.task.ament_python.build:Building ROS package in '/home/yuchel/shared_repo/src/three_node_pkg' with build type 'ament_python'
[3.226s] Level 1:colcon.colcon_core.shell:create_environment_hook('three_node_pkg', 'ament_prefix_path')
[3.227s] INFO:colcon.colcon_core.shell:Creating environment descriptor '/home/yuchel/shared_repo/install/three_node_pkg/share/three_node_pkg/hook/ament_prefix_path.dsv'
[3.232s] INFO:colcon.colcon_core.shell:Creating environment hook '/home/yuchel/shared_repo/install/three_node_pkg/share/three_node_pkg/hook/ament_prefix_path.sh'
[3.234s] DEBUG:colcon.colcon_core.shell:Skip shell extension 'dsv' for command environment
[3.255s] Level 1:colcon.colcon_core.environment:checking '/home/yuchel/shared_repo/install/talk_pkg' for CMake module files
[3.259s] DEBUG:colcon.colcon_core.event_handler.log_command:Invoked command in '/home/yuchel/shared_repo/src/talk_pkg' returned '0': DEBUGINFOD_URLS=https://debuginfod.ubuntu.com PYTHONPATH=/home/yuchel/shared_repo/build/talk_pkg/prefix_override:/usr/lib/python3/dist-packages/colcon_core/task/python/colcon_distutils_commands:/home/yuchel/shared_repo/install/talk_pkg/lib/python3.12/site-packages:${PYTHONPATH} /usr/bin/python3 -W ignore:setup.py install is deprecated -W ignore:easy_install command is deprecated setup.py egg_info --egg-base ../../build/talk_pkg build --build-base /home/yuchel/shared_repo/build/talk_pkg/build install --record /home/yuchel/shared_repo/build/talk_pkg/install.log --install-scripts $base/lib/talk_pkg --single-version-externally-managed install_data
[3.261s] Level 1:colcon.colcon_core.environment:checking '/home/yuchel/shared_repo/install/talk_pkg' for CMake config files
[3.269s] Level 1:colcon.colcon_core.environment:checking '/home/yuchel/shared_repo/install/talk_pkg/lib'
[3.269s] Level 1:colcon.colcon_core.environment:checking '/home/yuchel/shared_repo/install/talk_pkg/bin'
[3.269s] Level 1:colcon.colcon_core.environment:checking '/home/yuchel/shared_repo/install/talk_pkg/lib/pkgconfig/talk_pkg.pc'
[3.269s] Level 1:colcon.colcon_core.environment:checking '/home/yuchel/shared_repo/install/talk_pkg/lib/python3.12/site-packages'
[3.269s] Level 1:colcon.colcon_core.shell:create_environment_hook('talk_pkg', 'pythonpath')
[3.269s] INFO:colcon.colcon_core.shell:Creating environment descriptor '/home/yuchel/shared_repo/install/talk_pkg/share/talk_pkg/hook/pythonpath.dsv'
[3.270s] INFO:colcon.colcon_core.shell:Creating environment hook '/home/yuchel/shared_repo/install/talk_pkg/share/talk_pkg/hook/pythonpath.sh'
[3.276s] Level 1:colcon.colcon_core.environment:checking '/home/yuchel/shared_repo/install/talk_pkg/bin'
[3.276s] Level 1:colcon.colcon_core.environment:create_environment_scripts_only(talk_pkg)
[3.277s] INFO:colcon.colcon_core.shell:Creating package descriptor '/home/yuchel/shared_repo/install/talk_pkg/share/talk_pkg/package.dsv'
[3.277s] INFO:colcon.colcon_core.shell:Creating package script '/home/yuchel/shared_repo/install/talk_pkg/share/talk_pkg/package.sh'
[3.278s] INFO:colcon.colcon_core.shell:Creating package script '/home/yuchel/shared_repo/install/talk_pkg/share/talk_pkg/package.bash'
[3.279s] INFO:colcon.colcon_core.shell:Creating package script '/home/yuchel/shared_repo/install/talk_pkg/share/talk_pkg/package.zsh'
[3.280s] Level 1:colcon.colcon_core.environment:create_file_with_runtime_dependencies(/home/yuchel/shared_repo/install/talk_pkg/share/colcon-core/packages/talk_pkg)
[3.282s] Level 1:colcon.colcon_core.environment:checking '/home/yuchel/shared_repo/install/independent_steering' for CMake module files
[3.285s] Level 1:colcon.colcon_core.environment:checking '/home/yuchel/shared_repo/install/independent_steering' for CMake config files
[3.286s] DEBUG:colcon.colcon_core.event_handler.log_command:Invoked command in '/home/yuchel/shared_repo/src/independent_steering' returned '0': DEBUGINFOD_URLS=https://debuginfod.ubuntu.com PYTHONPATH=/home/yuchel/shared_repo/build/independent_steering/prefix_override:/usr/lib/python3/dist-packages/colcon_core/task/python/colcon_distutils_commands:/home/yuchel/shared_repo/install/independent_steering/lib/python3.12/site-packages:${PYTHONPATH} /usr/bin/python3 -W ignore:setup.py install is deprecated -W ignore:easy_install command is deprecated setup.py egg_info --egg-base ../../build/independent_steering build --build-base /home/yuchel/shared_repo/build/independent_steering/build install --record /home/yuchel/shared_repo/build/independent_steering/install.log --install-scripts $base/lib/independent_steering --single-version-externally-managed install_data
[3.289s] Level 1:colcon.colcon_core.environment:checking '/home/yuchel/shared_repo/install/independent_steering/lib'
[3.289s] Level 1:colcon.colcon_core.environment:checking '/home/yuchel/shared_repo/install/independent_steering/bin'
[3.289s] Level 1:colcon.colcon_core.environment:checking '/home/yuchel/shared_repo/install/independent_steering/lib/pkgconfig/independent_steering.pc'
[3.289s] Level 1:colcon.colcon_core.environment:checking '/home/yuchel/shared_repo/install/independent_steering/lib/python3.12/site-packages'
[3.289s] Level 1:colcon.colcon_core.shell:create_environment_hook('independent_steering', 'pythonpath')
[3.290s] INFO:colcon.colcon_core.shell:Creating environment descriptor '/home/yuchel/shared_repo/install/independent_steering/share/independent_steering/hook/pythonpath.dsv'
[3.290s] INFO:colcon.colcon_core.shell:Creating environment hook '/home/yuchel/shared_repo/install/independent_steering/share/independent_steering/hook/pythonpath.sh'
[3.292s] Level 1:colcon.colcon_core.environment:checking '/home/yuchel/shared_repo/install/independent_steering/bin'
[3.292s] Level 1:colcon.colcon_core.environment:create_environment_scripts_only(independent_steering)
[3.292s] INFO:colcon.colcon_core.shell:Creating package descriptor '/home/yuchel/shared_repo/install/independent_steering/share/independent_steering/package.dsv'
[3.294s] INFO:colcon.colcon_core.shell:Creating package script '/home/yuchel/shared_repo/install/independent_steering/share/independent_steering/package.sh'
[3.295s] INFO:colcon.colcon_core.shell:Creating package script '/home/yuchel/shared_repo/install/independent_steering/share/independent_steering/package.bash'
[3.296s] INFO:colcon.colcon_core.shell:Creating package script '/home/yuchel/shared_repo/install/independent_steering/share/independent_steering/package.zsh'
[3.297s] Level 1:colcon.colcon_core.environment:create_file_with_runtime_dependencies(/home/yuchel/shared_repo/install/independent_steering/share/colcon-core/packages/independent_steering)
[3.601s] INFO:colcon.colcon_core.task.python.build:Building Python package in '/home/yuchel/shared_repo/src/three_node_pkg'
[3.601s] DEBUG:colcon.colcon_core.shell:Skip shell extension 'dsv' for command environment
[3.607s] Level 1:colcon.colcon_core.environment:checking '/home/yuchel/shared_repo/install/test_pkg' for CMake module files
[3.609s] DEBUG:colcon.colcon_core.event_handler.log_command:Invoked command in '/home/yuchel/shared_repo/src/test_pkg' returned '0': DEBUGINFOD_URLS=https://debuginfod.ubuntu.com PYTHONPATH=/home/yuchel/shared_repo/build/test_pkg/prefix_override:/usr/lib/python3/dist-packages/colcon_core/task/python/colcon_distutils_commands:/home/yuchel/shared_repo/install/test_pkg/lib/python3.12/site-packages:${PYTHONPATH} /usr/bin/python3 -W ignore:setup.py install is deprecated -W ignore:easy_install command is deprecated setup.py egg_info --egg-base ../../build/test_pkg build --build-base /home/yuchel/shared_repo/build/test_pkg/build install --record /home/yuchel/shared_repo/build/test_pkg/install.log --install-scripts $base/lib/test_pkg --single-version-externally-managed install_data
[3.611s] Level 1:colcon.colcon_core.environment:checking '/home/yuchel/shared_repo/install/test_pkg' for CMake config files
[3.619s] Level 1:colcon.colcon_core.environment:checking '/home/yuchel/shared_repo/install/test_pkg/lib'
[3.619s] Level 1:colcon.colcon_core.environment:checking '/home/yuchel/shared_repo/install/test_pkg/bin'
[3.619s] Level 1:colcon.colcon_core.environment:checking '/home/yuchel/shared_repo/install/test_pkg/lib/pkgconfig/test_pkg.pc'
[3.619s] Level 1:colcon.colcon_core.environment:checking '/home/yuchel/shared_repo/install/test_pkg/lib/python3.12/site-packages'
[3.619s] Level 1:colcon.colcon_core.shell:create_environment_hook('test_pkg', 'pythonpath')
[3.619s] INFO:colcon.colcon_core.shell:Creating environment descriptor '/home/yuchel/shared_repo/install/test_pkg/share/test_pkg/hook/pythonpath.dsv'
[3.620s] INFO:colcon.colcon_core.shell:Creating environment hook '/home/yuchel/shared_repo/install/test_pkg/share/test_pkg/hook/pythonpath.sh'
[3.621s] Level 1:colcon.colcon_core.environment:checking '/home/yuchel/shared_repo/install/test_pkg/bin'
[3.621s] Level 1:colcon.colcon_core.environment:create_environment_scripts_only(test_pkg)
[3.621s] INFO:colcon.colcon_core.shell:Creating package descriptor '/home/yuchel/shared_repo/install/test_pkg/share/test_pkg/package.dsv'
[3.622s] INFO:colcon.colcon_core.shell:Creating package script '/home/yuchel/shared_repo/install/test_pkg/share/test_pkg/package.sh'
[3.623s] INFO:colcon.colcon_core.shell:Creating package script '/home/yuchel/shared_repo/install/test_pkg/share/test_pkg/package.bash'
[3.624s] INFO:colcon.colcon_core.shell:Creating package script '/home/yuchel/shared_repo/install/test_pkg/share/test_pkg/package.zsh'
[3.625s] Level 1:colcon.colcon_core.environment:create_file_with_runtime_dependencies(/home/yuchel/shared_repo/install/test_pkg/share/colcon-core/packages/test_pkg)
[4.280s] DEBUG:colcon.colcon_core.task.python.build:Available setuptools commands: compile_catalog, install_egg_info, build_scripts, install_headers, install_lib, upload, build_clib, extract_messages, register, symlink_data, rotate, easy_install, bdist_egg, install, bdist_rpm, install_data, build_ext, build_py, test, egg_info, saveopts, upload_docs, update_catalog, bdist_wheel, setopt, clean, bdist_dumb, sdist, alias, develop, dist_info, check, bdist, install_scripts, init_catalog, editable_wheel, build
[4.282s] DEBUG:colcon.colcon_core.event_handler.log_command:Invoking command in '/home/yuchel/shared_repo/src/three_node_pkg': DEBUGINFOD_URLS=https://debuginfod.ubuntu.com PYTHONPATH=/home/yuchel/shared_repo/build/three_node_pkg/prefix_override:/usr/lib/python3/dist-packages/colcon_core/task/python/colcon_distutils_commands:/home/yuchel/shared_repo/install/three_node_pkg/lib/python3.12/site-packages:${PYTHONPATH} /usr/bin/python3 -W ignore:setup.py install is deprecated -W ignore:easy_install command is deprecated setup.py egg_info --egg-base ../../build/three_node_pkg build --build-base /home/yuchel/shared_repo/build/three_node_pkg/build install --record /home/yuchel/shared_repo/build/three_node_pkg/install.log --install-scripts $base/lib/three_node_pkg --single-version-externally-managed install_data
[4.866s] Level 1:colcon.colcon_core.environment:checking '/home/yuchel/shared_repo/install/three_node_pkg' for CMake module files
[4.867s] DEBUG:colcon.colcon_core.event_handler.log_command:Invoked command in '/home/yuchel/shared_repo/src/three_node_pkg' returned '0': DEBUGINFOD_URLS=https://debuginfod.ubuntu.com PYTHONPATH=/home/yuchel/shared_repo/build/three_node_pkg/prefix_override:/usr/lib/python3/dist-packages/colcon_core/task/python/colcon_distutils_commands:/home/yuchel/shared_repo/install/three_node_pkg/lib/python3.12/site-packages:${PYTHONPATH} /usr/bin/python3 -W ignore:setup.py install is deprecated -W ignore:easy_install command is deprecated setup.py egg_info --egg-base ../../build/three_node_pkg build --build-base /home/yuchel/shared_repo/build/three_node_pkg/build install --record /home/yuchel/shared_repo/build/three_node_pkg/install.log --install-scripts $base/lib/three_node_pkg --single-version-externally-managed install_data
[4.868s] Level 1:colcon.colcon_core.environment:checking '/home/yuchel/shared_repo/install/three_node_pkg' for CMake config files
[4.876s] Level 1:colcon.colcon_core.environment:checking '/home/yuchel/shared_repo/install/three_node_pkg/lib'
[4.876s] Level 1:colcon.colcon_core.environment:checking '/home/yuchel/shared_repo/install/three_node_pkg/bin'
[4.876s] Level 1:colcon.colcon_core.environment:checking '/home/yuchel/shared_repo/install/three_node_pkg/lib/pkgconfig/three_node_pkg.pc'
[4.877s] Level 1:colcon.colcon_core.environment:checking '/home/yuchel/shared_repo/install/three_node_pkg/lib/python3.12/site-packages'
[4.877s] Level 1:colcon.colcon_core.shell:create_environment_hook('three_node_pkg', 'pythonpath')
[4.877s] INFO:colcon.colcon_core.shell:Creating environment descriptor '/home/yuchel/shared_repo/install/three_node_pkg/share/three_node_pkg/hook/pythonpath.dsv'
[4.878s] INFO:colcon.colcon_core.shell:Creating environment hook '/home/yuchel/shared_repo/install/three_node_pkg/share/three_node_pkg/hook/pythonpath.sh'
[4.879s] Level 1:colcon.colcon_core.environment:checking '/home/yuchel/shared_repo/install/three_node_pkg/bin'
[4.879s] Level 1:colcon.colcon_core.environment:create_environment_scripts_only(three_node_pkg)
[4.879s] INFO:colcon.colcon_core.shell:Creating package descriptor '/home/yuchel/shared_repo/install/three_node_pkg/share/three_node_pkg/package.dsv'
[4.880s] INFO:colcon.colcon_core.shell:Creating package script '/home/yuchel/shared_repo/install/three_node_pkg/share/three_node_pkg/package.sh'
[4.881s] INFO:colcon.colcon_core.shell:Creating package script '/home/yuchel/shared_repo/install/three_node_pkg/share/three_node_pkg/package.bash'
[4.882s] INFO:colcon.colcon_core.shell:Creating package script '/home/yuchel/shared_repo/install/three_node_pkg/share/three_node_pkg/package.zsh'
[4.883s] Level 1:colcon.colcon_core.environment:create_file_with_runtime_dependencies(/home/yuchel/shared_repo/install/three_node_pkg/share/colcon-core/packages/three_node_pkg)
[4.883s] DEBUG:colcon.colcon_parallel_executor.executor.parallel:closing loop
[4.884s] DEBUG:colcon.colcon_parallel_executor.executor.parallel:loop closed
[4.885s] DEBUG:colcon.colcon_parallel_executor.executor.parallel:run_until_complete finished with '0'
[4.885s] DEBUG:colcon.colcon_core.event_reactor:joining thread
[4.931s] INFO:colcon.colcon_core.plugin_system:Skipping extension 'colcon_notification.desktop_notification.terminal_notifier': Not used on non-Darwin systems
[4.931s] INFO:colcon.colcon_core.plugin_system:Skipping extension 'colcon_notification.desktop_notification.win32': Not used on non-Windows systems
[4.931s] INFO:colcon.colcon_notification.desktop_notification:Sending desktop notification using 'notify2'
[4.963s] DEBUG:colcon.colcon_core.event_reactor:joined thread
[4.964s] INFO:colcon.colcon_core.shell:Creating prefix script '/home/yuchel/shared_repo/install/local_setup.sh'
[4.966s] INFO:colcon.colcon_core.shell:Creating prefix util module '/home/yuchel/shared_repo/install/_local_setup_util_sh.py'
[4.970s] INFO:colcon.colcon_core.shell:Creating prefix chain script '/home/yuchel/shared_repo/install/setup.sh'
[4.973s] INFO:colcon.colcon_core.shell:Creating prefix script '/home/yuchel/shared_repo/install/local_setup.bash'
[4.976s] INFO:colcon.colcon_core.shell:Creating prefix chain script '/home/yuchel/shared_repo/install/setup.bash'
[4.979s] INFO:colcon.colcon_core.shell:Creating prefix script '/home/yuchel/shared_repo/install/local_setup.zsh'
[4.981s] INFO:colcon.colcon_core.shell:Creating prefix chain script '/home/yuchel/shared_repo/install/setup.zsh'
