[2.084s] Invoking command in '/home/yuchel/shared_repo/src/Rviz2': DEBUGINFOD_URLS=https://debuginfod.ubuntu.com PYTHONPATH=/home/yuchel/shared_repo/build/Rviz2/prefix_override:/usr/lib/python3/dist-packages/colcon_core/task/python/colcon_distutils_commands:/home/yuchel/shared_repo/install/Rviz2/lib/python3.12/site-packages:${PYTHONPATH} /usr/bin/python3 -W ignore:setup.py install is deprecated -W ignore:easy_install command is deprecated setup.py egg_info --egg-base ../../build/Rviz2 build --build-base /home/yuchel/shared_repo/build/Rviz2/build install --record /home/yuchel/shared_repo/build/Rviz2/install.log --install-scripts $base/lib/Rviz2 --single-version-externally-managed install_data
[2.302s] running egg_info
[2.316s] writing ../../build/Rviz2/Rviz2.egg-info/PKG-INFO
[2.317s] writing dependency_links to ../../build/Rviz2/Rviz2.egg-info/dependency_links.txt
[2.318s] writing requirements to ../../build/Rviz2/Rviz2.egg-info/requires.txt
[2.318s] writing top-level names to ../../build/Rviz2/Rviz2.egg-info/top_level.txt
[2.343s] reading manifest file '../../build/Rviz2/Rviz2.egg-info/SOURCES.txt'
[2.344s] writing manifest file '../../build/Rviz2/Rviz2.egg-info/SOURCES.txt'
[2.344s] running build
[2.344s] running build_py
[2.345s] running install
[2.350s] running install_lib
[2.373s] running install_data
[2.374s] copying urdf/test.urdf -> /home/yuchel/shared_repo/install/Rviz2/share/Rviz2/urdf
[2.377s] running install_egg_info
[2.413s] removing '/home/yuchel/shared_repo/install/Rviz2/lib/python3.12/site-packages/Rviz2-0.0.0-py3.12.egg-info' (and everything under it)
[2.413s] Copying ../../build/Rviz2/Rviz2.egg-info to /home/yuchel/shared_repo/install/Rviz2/lib/python3.12/site-packages/Rviz2-0.0.0-py3.12.egg-info
[2.413s] running install_scripts
[2.500s] writing list of installed files to '/home/yuchel/shared_repo/build/Rviz2/install.log'
[2.548s] Invoked command in '/home/yuchel/shared_repo/src/Rviz2' returned '0': DEBUGINFOD_URLS=https://debuginfod.ubuntu.com PYTHONPATH=/home/yuchel/shared_repo/build/Rviz2/prefix_override:/usr/lib/python3/dist-packages/colcon_core/task/python/colcon_distutils_commands:/home/yuchel/shared_repo/install/Rviz2/lib/python3.12/site-packages:${PYTHONPATH} /usr/bin/python3 -W ignore:setup.py install is deprecated -W ignore:easy_install command is deprecated setup.py egg_info --egg-base ../../build/Rviz2 build --build-base /home/yuchel/shared_repo/build/Rviz2/build install --record /home/yuchel/shared_repo/build/Rviz2/install.log --install-scripts $base/lib/Rviz2 --single-version-externally-managed install_data
