[0.785s] Invoking command in '/home/yuchel/share_repo/src/1wheel': DEBUGINFOD_URLS=https://debuginfod.ubuntu.com PYTHONPATH=/home/yuchel/share_repo/build/onewheel/prefix_override:/usr/lib/python3/dist-packages/colcon_core/task/python/colcon_distutils_commands:/home/yuchel/share_repo/install/onewheel/lib/python3.12/site-packages:${PYTHONPATH} /usr/bin/python3 -W ignore:setup.py install is deprecated -W ignore:easy_install command is deprecated setup.py egg_info --egg-base ../../build/onewheel build --build-base /home/yuchel/share_repo/build/onewheel/build install --record /home/yuchel/share_repo/build/onewheel/install.log --install-scripts $base/lib/onewheel --single-version-externally-managed install_data
[1.074s] running egg_info
[1.090s] writing ../../build/onewheel/onewheel.egg-info/PKG-INFO
[1.091s] writing dependency_links to ../../build/onewheel/onewheel.egg-info/dependency_links.txt
[1.091s] writing entry points to ../../build/onewheel/onewheel.egg-info/entry_points.txt
[1.092s] writing requirements to ../../build/onewheel/onewheel.egg-info/requires.txt
[1.092s] writing top-level names to ../../build/onewheel/onewheel.egg-info/top_level.txt
[1.127s] reading manifest file '../../build/onewheel/onewheel.egg-info/SOURCES.txt'
[1.128s] writing manifest file '../../build/onewheel/onewheel.egg-info/SOURCES.txt'
[1.128s] running build
[1.129s] running build_py
[1.129s] running install
[1.135s] running install_lib
[1.153s] running install_data
[1.154s] copying urdf/one_wheel.urdf -> /home/yuchel/share_repo/install/onewheel/share/onewheel/urdf
[1.154s] running install_egg_info
[1.172s] removing '/home/yuchel/share_repo/install/onewheel/lib/python3.12/site-packages/onewheel-0.0.0-py3.12.egg-info' (and everything under it)
[1.172s] Copying ../../build/onewheel/onewheel.egg-info to /home/yuchel/share_repo/install/onewheel/lib/python3.12/site-packages/onewheel-0.0.0-py3.12.egg-info
[1.173s] running install_scripts
[1.297s] Installing control_node script to /home/yuchel/share_repo/install/onewheel/lib/onewheel
[1.297s] writing list of installed files to '/home/yuchel/share_repo/build/onewheel/install.log'
[1.327s] Invoked command in '/home/yuchel/share_repo/src/1wheel' returned '0': DEBUGINFOD_URLS=https://debuginfod.ubuntu.com PYTHONPATH=/home/yuchel/share_repo/build/onewheel/prefix_override:/usr/lib/python3/dist-packages/colcon_core/task/python/colcon_distutils_commands:/home/yuchel/share_repo/install/onewheel/lib/python3.12/site-packages:${PYTHONPATH} /usr/bin/python3 -W ignore:setup.py install is deprecated -W ignore:easy_install command is deprecated setup.py egg_info --egg-base ../../build/onewheel build --build-base /home/yuchel/share_repo/build/onewheel/build install --record /home/yuchel/share_repo/build/onewheel/install.log --install-scripts $base/lib/onewheel --single-version-externally-managed install_data
