[1.784s] Invoking command in '/home/yuchel/share_repo/src/gakurobo': DEBUGINFOD_URLS=https://debuginfod.ubuntu.com PYTHONPATH=/home/yuchel/share_repo/build/gakurobo/prefix_override:/usr/lib/python3/dist-packages/colcon_core/task/python/colcon_distutils_commands:/home/yuchel/share_repo/install/gakurobo/lib/python3.12/site-packages:${PYTHONPATH} /usr/bin/python3 -W ignore:setup.py install is deprecated -W ignore:easy_install command is deprecated setup.py egg_info --egg-base ../../build/gakurobo build --build-base /home/yuchel/share_repo/build/gakurobo/build install --record /home/yuchel/share_repo/build/gakurobo/install.log --install-scripts $base/lib/gakurobo --single-version-externally-managed install_data
[2.085s] running egg_info
[2.121s] writing ../../build/gakurobo/gakurobo.egg-info/PKG-INFO
[2.121s] writing dependency_links to ../../build/gakurobo/gakurobo.egg-info/dependency_links.txt
[2.121s] writing entry points to ../../build/gakurobo/gakurobo.egg-info/entry_points.txt
[2.121s] writing requirements to ../../build/gakurobo/gakurobo.egg-info/requires.txt
[2.122s] writing top-level names to ../../build/gakurobo/gakurobo.egg-info/top_level.txt
[2.159s] reading manifest file '../../build/gakurobo/gakurobo.egg-info/SOURCES.txt'
[2.159s] writing manifest file '../../build/gakurobo/gakurobo.egg-info/SOURCES.txt'
[2.160s] running build
[2.160s] running build_py
[2.161s] running install
[2.166s] running install_lib
[2.192s] running install_data
[2.192s] running install_egg_info
[2.236s] removing '/home/yuchel/share_repo/install/gakurobo/lib/python3.12/site-packages/gakurobo-0.0.0-py3.12.egg-info' (and everything under it)
[2.237s] Copying ../../build/gakurobo/gakurobo.egg-info to /home/yuchel/share_repo/install/gakurobo/lib/python3.12/site-packages/gakurobo-0.0.0-py3.12.egg-info
[2.240s] running install_scripts
[2.405s] Installing scoreboard script to /home/yuchel/share_repo/install/gakurobo/lib/gakurobo
[2.407s] writing list of installed files to '/home/yuchel/share_repo/build/gakurobo/install.log'
[2.713s] Invoked command in '/home/yuchel/share_repo/src/gakurobo' returned '0': DEBUGINFOD_URLS=https://debuginfod.ubuntu.com PYTHONPATH=/home/yuchel/share_repo/build/gakurobo/prefix_override:/usr/lib/python3/dist-packages/colcon_core/task/python/colcon_distutils_commands:/home/yuchel/share_repo/install/gakurobo/lib/python3.12/site-packages:${PYTHONPATH} /usr/bin/python3 -W ignore:setup.py install is deprecated -W ignore:easy_install command is deprecated setup.py egg_info --egg-base ../../build/gakurobo build --build-base /home/yuchel/share_repo/build/gakurobo/build install --record /home/yuchel/share_repo/build/gakurobo/install.log --install-scripts $base/lib/gakurobo --single-version-externally-managed install_data
