[0.126s] DEBUG:colcon:Command line arguments: ['/usr/bin/colcon', 'build']
[0.127s] DEBUG:colcon:Parsed command line arguments: Namespace(log_base=None, log_level=None, verb_name='build', build_base='build', install_base='install', merge_install=False, symlink_install=False, test_result_base=None, continue_on_error=False, executor='parallel', parallel_workers=4, event_handlers=None, ignore_user_meta=False, metas=['./colcon.meta'], base_paths=['.'], packages_ignore=None, packages_ignore_regex=None, paths=None, packages_up_to=None, packages_up_to_regex=None, packages_above=None, packages_above_and_dependencies=None, packages_above_depth=None, packages_select_by_dep=None, packages_skip_by_dep=None, packages_skip_up_to=None, packages_select_build_failed=False, packages_skip_build_finished=False, packages_select_test_failures=False, packages_skip_test_passed=False, packages_select=None, packages_skip=None, packages_select_regex=None, packages_skip_regex=None, packages_start=None, packages_end=None, cmake_args=None, cmake_target=None, cmake_target_skip_unavailable=False, cmake_clean_cache=False, cmake_clean_first=False, cmake_force_configure=False, ament_cmake_args=None, catkin_cmake_args=None, catkin_skip_building_tests=False, verb_parser=<colcon_defaults.argument_parser.defaults.DefaultArgumentsDecorator object at 0x72936bd24aa0>, verb_extension=<colcon_core.verb.build.BuildVerb object at 0x72936be51580>, main=<bound method BuildVerb.main of <colcon_core.verb.build.BuildVerb object at 0x72936be51580>>)
[0.175s] Level 1:colcon.colcon_core.package_discovery:discover_packages(colcon_meta) check parameters
[0.175s] Level 1:colcon.colcon_core.package_discovery:discover_packages(recursive) check parameters
[0.175s] Level 1:colcon.colcon_core.package_discovery:discover_packages(ignore) check parameters
[0.175s] Level 1:colcon.colcon_core.package_discovery:discover_packages(path) check parameters
[0.175s] Level 1:colcon.colcon_core.package_discovery:discover_packages(colcon_meta) discover
[0.175s] Level 1:colcon.colcon_core.package_discovery:discover_packages(recursive) discover
[0.175s] INFO:colcon.colcon_core.package_discovery:Crawling recursively for packages in '/home/yuchel/share_repo'
[0.175s] Level 1:colcon.colcon_core.package_identification:_identify(.) by extensions ['ignore', 'ignore_ament_install']
[0.176s] Level 1:colcon.colcon_core.package_identification:_identify(.) by extension 'ignore'
[0.176s] Level 1:colcon.colcon_core.package_identification:_identify(.) by extension 'ignore_ament_install'
[0.176s] Level 1:colcon.colcon_core.package_identification:_identify(.) by extensions ['colcon_pkg']
[0.176s] Level 1:colcon.colcon_core.package_identification:_identify(.) by extension 'colcon_pkg'
[0.176s] Level 1:colcon.colcon_core.package_identification:_identify(.) by extensions ['colcon_meta']
[0.176s] Level 1:colcon.colcon_core.package_identification:_identify(.) by extension 'colcon_meta'
[0.176s] Level 1:colcon.colcon_core.package_identification:_identify(.) by extensions ['ros']
[0.176s] Level 1:colcon.colcon_core.package_identification:_identify(.) by extension 'ros'
[0.207s] Level 1:colcon.colcon_core.package_identification:_identify(.) by extensions ['cmake', 'python']
[0.207s] Level 1:colcon.colcon_core.package_identification:_identify(.) by extension 'cmake'
[0.207s] Level 1:colcon.colcon_core.package_identification:_identify(.) by extension 'python'
[0.208s] Level 1:colcon.colcon_core.package_identification:_identify(.) by extensions ['python_setup_py']
[0.208s] Level 1:colcon.colcon_core.package_identification:_identify(.) by extension 'python_setup_py'
[0.208s] Level 1:colcon.colcon_core.package_identification:_identify(build) by extensions ['ignore', 'ignore_ament_install']
[0.208s] Level 1:colcon.colcon_core.package_identification:_identify(build) by extension 'ignore'
[0.208s] Level 1:colcon.colcon_core.package_identification:_identify(build) ignored
[0.208s] Level 1:colcon.colcon_core.package_identification:_identify(install) by extensions ['ignore', 'ignore_ament_install']
[0.208s] Level 1:colcon.colcon_core.package_identification:_identify(install) by extension 'ignore'
[0.208s] Level 1:colcon.colcon_core.package_identification:_identify(install) ignored
[0.208s] Level 1:colcon.colcon_core.package_identification:_identify(log) by extensions ['ignore', 'ignore_ament_install']
[0.208s] Level 1:colcon.colcon_core.package_identification:_identify(log) by extension 'ignore'
[0.209s] Level 1:colcon.colcon_core.package_identification:_identify(log) ignored
[0.209s] Level 1:colcon.colcon_core.package_identification:_identify(rosbag2_2026_08_10-22_53_29) by extensions ['ignore', 'ignore_ament_install']
[0.209s] Level 1:colcon.colcon_core.package_identification:_identify(rosbag2_2026_08_10-22_53_29) by extension 'ignore'
[0.209s] Level 1:colcon.colcon_core.package_identification:_identify(rosbag2_2026_08_10-22_53_29) by extension 'ignore_ament_install'
[0.209s] Level 1:colcon.colcon_core.package_identification:_identify(rosbag2_2026_08_10-22_53_29) by extensions ['colcon_pkg']
[0.209s] Level 1:colcon.colcon_core.package_identification:_identify(rosbag2_2026_08_10-22_53_29) by extension 'colcon_pkg'
[0.209s] Level 1:colcon.colcon_core.package_identification:_identify(rosbag2_2026_08_10-22_53_29) by extensions ['colcon_meta']
[0.209s] Level 1:colcon.colcon_core.package_identification:_identify(rosbag2_2026_08_10-22_53_29) by extension 'colcon_meta'
[0.209s] Level 1:colcon.colcon_core.package_identification:_identify(rosbag2_2026_08_10-22_53_29) by extensions ['ros']
[0.209s] Level 1:colcon.colcon_core.package_identification:_identify(rosbag2_2026_08_10-22_53_29) by extension 'ros'
[0.209s] Level 1:colcon.colcon_core.package_identification:_identify(rosbag2_2026_08_10-22_53_29) by extensions ['cmake', 'python']
[0.209s] Level 1:colcon.colcon_core.package_identification:_identify(rosbag2_2026_08_10-22_53_29) by extension 'cmake'
[0.209s] Level 1:colcon.colcon_core.package_identification:_identify(rosbag2_2026_08_10-22_53_29) by extension 'python'
[0.209s] Level 1:colcon.colcon_core.package_identification:_identify(rosbag2_2026_08_10-22_53_29) by extensions ['python_setup_py']
[0.209s] Level 1:colcon.colcon_core.package_identification:_identify(rosbag2_2026_08_10-22_53_29) by extension 'python_setup_py'
[0.209s] Level 1:colcon.colcon_core.package_identification:_identify(src) by extensions ['ignore', 'ignore_ament_install']
[0.209s] Level 1:colcon.colcon_core.package_identification:_identify(src) by extension 'ignore'
[0.209s] Level 1:colcon.colcon_core.package_identification:_identify(src) by extension 'ignore_ament_install'
[0.209s] Level 1:colcon.colcon_core.package_identification:_identify(src) by extensions ['colcon_pkg']
[0.210s] Level 1:colcon.colcon_core.package_identification:_identify(src) by extension 'colcon_pkg'
[0.210s] Level 1:colcon.colcon_core.package_identification:_identify(src) by extensions ['colcon_meta']
[0.210s] Level 1:colcon.colcon_core.package_identification:_identify(src) by extension 'colcon_meta'
[0.210s] Level 1:colcon.colcon_core.package_identification:_identify(src) by extensions ['ros']
[0.210s] Level 1:colcon.colcon_core.package_identification:_identify(src) by extension 'ros'
[0.210s] Level 1:colcon.colcon_core.package_identification:_identify(src) by extensions ['cmake', 'python']
[0.210s] Level 1:colcon.colcon_core.package_identification:_identify(src) by extension 'cmake'
[0.210s] Level 1:colcon.colcon_core.package_identification:_identify(src) by extension 'python'
[0.210s] Level 1:colcon.colcon_core.package_identification:_identify(src) by extensions ['python_setup_py']
[0.210s] Level 1:colcon.colcon_core.package_identification:_identify(src) by extension 'python_setup_py'
[0.210s] Level 1:colcon.colcon_core.package_identification:_identify(src/gakurobo) by extensions ['ignore', 'ignore_ament_install']
[0.210s] Level 1:colcon.colcon_core.package_identification:_identify(src/gakurobo) by extension 'ignore'
[0.211s] Level 1:colcon.colcon_core.package_identification:_identify(src/gakurobo) by extension 'ignore_ament_install'
[0.211s] Level 1:colcon.colcon_core.package_identification:_identify(src/gakurobo) by extensions ['colcon_pkg']
[0.211s] Level 1:colcon.colcon_core.package_identification:_identify(src/gakurobo) by extension 'colcon_pkg'
[0.211s] Level 1:colcon.colcon_core.package_identification:_identify(src/gakurobo) by extensions ['colcon_meta']
[0.211s] Level 1:colcon.colcon_core.package_identification:_identify(src/gakurobo) by extension 'colcon_meta'
[0.211s] Level 1:colcon.colcon_core.package_identification:_identify(src/gakurobo) by extensions ['ros']
[0.211s] Level 1:colcon.colcon_core.package_identification:_identify(src/gakurobo) by extension 'ros'
[0.214s] DEBUG:colcon.colcon_core.package_identification:Package 'src/gakurobo' with type 'ros.ament_python' and name 'gakurobo'
[0.214s] Level 1:colcon.colcon_core.package_identification:_identify(src/independent_steering) by extensions ['ignore', 'ignore_ament_install']
[0.214s] Level 1:colcon.colcon_core.package_identification:_identify(src/independent_steering) by extension 'ignore'
[0.214s] Level 1:colcon.colcon_core.package_identification:_identify(src/independent_steering) by extension 'ignore_ament_install'
[0.214s] Level 1:colcon.colcon_core.package_identification:_identify(src/independent_steering) by extensions ['colcon_pkg']
[0.214s] Level 1:colcon.colcon_core.package_identification:_identify(src/independent_steering) by extension 'colcon_pkg'
[0.214s] Level 1:colcon.colcon_core.package_identification:_identify(src/independent_steering) by extensions ['colcon_meta']
[0.215s] Level 1:colcon.colcon_core.package_identification:_identify(src/independent_steering) by extension 'colcon_meta'
[0.215s] Level 1:colcon.colcon_core.package_identification:_identify(src/independent_steering) by extensions ['ros']
[0.215s] Level 1:colcon.colcon_core.package_identification:_identify(src/independent_steering) by extension 'ros'
[0.215s] DEBUG:colcon.colcon_core.package_identification:Package 'src/independent_steering' with type 'ros.ament_python' and name 'independent_steering'
[0.215s] Level 1:colcon.colcon_core.package_identification:_identify(src/talk_pkg) by extensions ['ignore', 'ignore_ament_install']
[0.215s] Level 1:colcon.colcon_core.package_identification:_identify(src/talk_pkg) by extension 'ignore'
[0.215s] Level 1:colcon.colcon_core.package_identification:_identify(src/talk_pkg) by extension 'ignore_ament_install'
[0.216s] Level 1:colcon.colcon_core.package_identification:_identify(src/talk_pkg) by extensions ['colcon_pkg']
[0.216s] Level 1:colcon.colcon_core.package_identification:_identify(src/talk_pkg) by extension 'colcon_pkg'
[0.216s] Level 1:colcon.colcon_core.package_identification:_identify(src/talk_pkg) by extensions ['colcon_meta']
[0.216s] Level 1:colcon.colcon_core.package_identification:_identify(src/talk_pkg) by extension 'colcon_meta'
[0.216s] Level 1:colcon.colcon_core.package_identification:_identify(src/talk_pkg) by extensions ['ros']
[0.216s] Level 1:colcon.colcon_core.package_identification:_identify(src/talk_pkg) by extension 'ros'
[0.216s] DEBUG:colcon.colcon_core.package_identification:Package 'src/talk_pkg' with type 'ros.ament_python' and name 'talk_pkg'
[0.216s] Level 1:colcon.colcon_core.package_identification:_identify(src/test_pkg) by extensions ['ignore', 'ignore_ament_install']
[0.216s] Level 1:colcon.colcon_core.package_identification:_identify(src/test_pkg) by extension 'ignore'
[0.216s] Level 1:colcon.colcon_core.package_identification:_identify(src/test_pkg) by extension 'ignore_ament_install'
[0.216s] Level 1:colcon.colcon_core.package_identification:_identify(src/test_pkg) by extensions ['colcon_pkg']
[0.216s] Level 1:colcon.colcon_core.package_identification:_identify(src/test_pkg) by extension 'colcon_pkg'
[0.217s] Level 1:colcon.colcon_core.package_identification:_identify(src/test_pkg) by extensions ['colcon_meta']
[0.217s] Level 1:colcon.colcon_core.package_identification:_identify(src/test_pkg) by extension 'colcon_meta'
[0.217s] Level 1:colcon.colcon_core.package_identification:_identify(src/test_pkg) by extensions ['ros']
[0.217s] Level 1:colcon.colcon_core.package_identification:_identify(src/test_pkg) by extension 'ros'
[0.217s] DEBUG:colcon.colcon_core.package_identification:Package 'src/test_pkg' with type 'ros.ament_python' and name 'test_pkg'
[0.217s] Level 1:colcon.colcon_core.package_identification:_identify(src/three_node_pkg) by extensions ['ignore', 'ignore_ament_install']
[0.217s] Level 1:colcon.colcon_core.package_identification:_identify(src/three_node_pkg) by extension 'ignore'
[0.217s] Level 1:colcon.colcon_core.package_identification:_identify(src/three_node_pkg) by extension 'ignore_ament_install'
[0.217s] Level 1:colcon.colcon_core.package_identification:_identify(src/three_node_pkg) by extensions ['colcon_pkg']
[0.217s] Level 1:colcon.colcon_core.package_identification:_identify(src/three_node_pkg) by extension 'colcon_pkg'
[0.218s] Level 1:colcon.colcon_core.package_identification:_identify(src/three_node_pkg) by extensions ['colcon_meta']
[0.218s] Level 1:colcon.colcon_core.package_identification:_identify(src/three_node_pkg) by extension 'colcon_meta'
[0.218s] Level 1:colcon.colcon_core.package_identification:_identify(src/three_node_pkg) by extensions ['ros']
[0.218s] Level 1:colcon.colcon_core.package_identification:_identify(src/three_node_pkg) by extension 'ros'
[0.219s] DEBUG:colcon.colcon_core.package_identification:Package 'src/three_node_pkg' with type 'ros.ament_python' and name 'three_node_pkg'
[0.219s] Level 1:colcon.colcon_core.package_identification:_identify(src/yasiki-test) by extensions ['ignore', 'ignore_ament_install']
[0.219s] Level 1:colcon.colcon_core.package_identification:_identify(src/yasiki-test) by extension 'ignore'
[0.219s] Level 1:colcon.colcon_core.package_identification:_identify(src/yasiki-test) by extension 'ignore_ament_install'
[0.219s] Level 1:colcon.colcon_core.package_identification:_identify(src/yasiki-test) by extensions ['colcon_pkg']
[0.219s] Level 1:colcon.colcon_core.package_identification:_identify(src/yasiki-test) by extension 'colcon_pkg'
[0.220s] Level 1:colcon.colcon_core.package_identification:_identify(src/yasiki-test) by extensions ['colcon_meta']
[0.220s] Level 1:colcon.colcon_core.package_identification:_identify(src/yasiki-test) by extension 'colcon_meta'
[0.220s] Level 1:colcon.colcon_core.package_identification:_identify(src/yasiki-test) by extensions ['ros']
[0.220s] Level 1:colcon.colcon_core.package_identification:_identify(src/yasiki-test) by extension 'ros'
[0.220s] Level 1:colcon.colcon_core.package_identification:_identify(src/yasiki-test) by extensions ['cmake', 'python']
[0.220s] Level 1:colcon.colcon_core.package_identification:_identify(src/yasiki-test) by extension 'cmake'
[0.220s] Level 1:colcon.colcon_core.package_identification:_identify(src/yasiki-test) by extension 'python'
[0.220s] Level 1:colcon.colcon_core.package_identification:_identify(src/yasiki-test) by extensions ['python_setup_py']
[0.220s] Level 1:colcon.colcon_core.package_identification:_identify(src/yasiki-test) by extension 'python_setup_py'
[0.220s] Level 1:colcon.colcon_core.package_discovery:discover_packages(recursive) using defaults
[0.220s] Level 1:colcon.colcon_core.package_discovery:discover_packages(ignore) discover
[0.220s] Level 1:colcon.colcon_core.package_discovery:discover_packages(ignore) using defaults
[0.220s] Level 1:colcon.colcon_core.package_discovery:discover_packages(path) discover
[0.220s] Level 1:colcon.colcon_core.package_discovery:discover_packages(path) using defaults
[0.251s] Level 5:colcon.colcon_core.verb:set package 'gakurobo' build argument 'cmake_args' from command line to 'None'
[0.251s] Level 5:colcon.colcon_core.verb:set package 'gakurobo' build argument 'cmake_target' from command line to 'None'
[0.251s] Level 5:colcon.colcon_core.verb:set package 'gakurobo' build argument 'cmake_target_skip_unavailable' from command line to 'False'
[0.251s] Level 5:colcon.colcon_core.verb:set package 'gakurobo' build argument 'cmake_clean_cache' from command line to 'False'
[0.251s] Level 5:colcon.colcon_core.verb:set package 'gakurobo' build argument 'cmake_clean_first' from command line to 'False'
[0.251s] Level 5:colcon.colcon_core.verb:set package 'gakurobo' build argument 'cmake_force_configure' from command line to 'False'
[0.251s] Level 5:colcon.colcon_core.verb:set package 'gakurobo' build argument 'ament_cmake_args' from command line to 'None'
[0.251s] Level 5:colcon.colcon_core.verb:set package 'gakurobo' build argument 'catkin_cmake_args' from command line to 'None'
[0.252s] Level 5:colcon.colcon_core.verb:set package 'gakurobo' build argument 'catkin_skip_building_tests' from command line to 'False'
[0.252s] DEBUG:colcon.colcon_core.verb:Building package 'gakurobo' with the following arguments: {'ament_cmake_args': None, 'build_base': '/home/yuchel/share_repo/build/gakurobo', 'catkin_cmake_args': None, 'catkin_skip_building_tests': False, 'cmake_args': None, 'cmake_clean_cache': False, 'cmake_clean_first': False, 'cmake_force_configure': False, 'cmake_target': None, 'cmake_target_skip_unavailable': False, 'install_base': '/home/yuchel/share_repo/install/gakurobo', 'merge_install': False, 'path': '/home/yuchel/share_repo/src/gakurobo', 'symlink_install': False, 'test_result_base': None}
[0.252s] Level 5:colcon.colcon_core.verb:set package 'independent_steering' build argument 'cmake_args' from command line to 'None'
[0.252s] Level 5:colcon.colcon_core.verb:set package 'independent_steering' build argument 'cmake_target' from command line to 'None'
[0.252s] Level 5:colcon.colcon_core.verb:set package 'independent_steering' build argument 'cmake_target_skip_unavailable' from command line to 'False'
[0.252s] Level 5:colcon.colcon_core.verb:set package 'independent_steering' build argument 'cmake_clean_cache' from command line to 'False'
[0.252s] Level 5:colcon.colcon_core.verb:set package 'independent_steering' build argument 'cmake_clean_first' from command line to 'False'
[0.252s] Level 5:colcon.colcon_core.verb:set package 'independent_steering' build argument 'cmake_force_configure' from command line to 'False'
[0.252s] Level 5:colcon.colcon_core.verb:set package 'independent_steering' build argument 'ament_cmake_args' from command line to 'None'
[0.252s] Level 5:colcon.colcon_core.verb:set package 'independent_steering' build argument 'catkin_cmake_args' from command line to 'None'
[0.252s] Level 5:colcon.colcon_core.verb:set package 'independent_steering' build argument 'catkin_skip_building_tests' from command line to 'False'
[0.252s] DEBUG:colcon.colcon_core.verb:Building package 'independent_steering' with the following arguments: {'ament_cmake_args': None, 'build_base': '/home/yuchel/share_repo/build/independent_steering', 'catkin_cmake_args': None, 'catkin_skip_building_tests': False, 'cmake_args': None, 'cmake_clean_cache': False, 'cmake_clean_first': False, 'cmake_force_configure': False, 'cmake_target': None, 'cmake_target_skip_unavailable': False, 'install_base': '/home/yuchel/share_repo/install/independent_steering', 'merge_install': False, 'path': '/home/yuchel/share_repo/src/independent_steering', 'symlink_install': False, 'test_result_base': None}
[0.253s] Level 5:colcon.colcon_core.verb:set package 'talk_pkg' build argument 'cmake_args' from command line to 'None'
[0.253s] Level 5:colcon.colcon_core.verb:set package 'talk_pkg' build argument 'cmake_target' from command line to 'None'
[0.253s] Level 5:colcon.colcon_core.verb:set package 'talk_pkg' build argument 'cmake_target_skip_unavailable' from command line to 'False'
[0.253s] Level 5:colcon.colcon_core.verb:set package 'talk_pkg' build argument 'cmake_clean_cache' from command line to 'False'
[0.253s] Level 5:colcon.colcon_core.verb:set package 'talk_pkg' build argument 'cmake_clean_first' from command line to 'False'
[0.253s] Level 5:colcon.colcon_core.verb:set package 'talk_pkg' build argument 'cmake_force_configure' from command line to 'False'
[0.253s] Level 5:colcon.colcon_core.verb:set package 'talk_pkg' build argument 'ament_cmake_args' from command line to 'None'
[0.253s] Level 5:colcon.colcon_core.verb:set package 'talk_pkg' build argument 'catkin_cmake_args' from command line to 'None'
[0.253s] Level 5:colcon.colcon_core.verb:set package 'talk_pkg' build argument 'catkin_skip_building_tests' from command line to 'False'
[0.253s] DEBUG:colcon.colcon_core.verb:Building package 'talk_pkg' with the following arguments: {'ament_cmake_args': None, 'build_base': '/home/yuchel/share_repo/build/talk_pkg', 'catkin_cmake_args': None, 'catkin_skip_building_tests': False, 'cmake_args': None, 'cmake_clean_cache': False, 'cmake_clean_first': False, 'cmake_force_configure': False, 'cmake_target': None, 'cmake_target_skip_unavailable': False, 'install_base': '/home/yuchel/share_repo/install/talk_pkg', 'merge_install': False, 'path': '/home/yuchel/share_repo/src/talk_pkg', 'symlink_install': False, 'test_result_base': None}
[0.254s] Level 5:colcon.colcon_core.verb:set package 'test_pkg' build argument 'cmake_args' from command line to 'None'
[0.254s] Level 5:colcon.colcon_core.verb:set package 'test_pkg' build argument 'cmake_target' from command line to 'None'
[0.254s] Level 5:colcon.colcon_core.verb:set package 'test_pkg' build argument 'cmake_target_skip_unavailable' from command line to 'False'
[0.254s] Level 5:colcon.colcon_core.verb:set package 'test_pkg' build argument 'cmake_clean_cache' from command line to 'False'
[0.254s] Level 5:colcon.colcon_core.verb:set package 'test_pkg' build argument 'cmake_clean_first' from command line to 'False'
[0.254s] Level 5:colcon.colcon_core.verb:set package 'test_pkg' build argument 'cmake_force_configure' from command line to 'False'
[0.254s] Level 5:colcon.colcon_core.verb:set package 'test_pkg' build argument 'ament_cmake_args' from command line to 'None'
[0.254s] Level 5:colcon.colcon_core.verb:set package 'test_pkg' build argument 'catkin_cmake_args' from command line to 'None'
[0.254s] Level 5:colcon.colcon_core.verb:set package 'test_pkg' build argument 'catkin_skip_building_tests' from command line to 'False'
[0.254s] DEBUG:colcon.colcon_core.verb:Building package 'test_pkg' with the following arguments: {'ament_cmake_args': None, 'build_base': '/home/yuchel/share_repo/build/test_pkg', 'catkin_cmake_args': None, 'catkin_skip_building_tests': False, 'cmake_args': None, 'cmake_clean_cache': False, 'cmake_clean_first': False, 'cmake_force_configure': False, 'cmake_target': None, 'cmake_target_skip_unavailable': False, 'install_base': '/home/yuchel/share_repo/install/test_pkg', 'merge_install': False, 'path': '/home/yuchel/share_repo/src/test_pkg', 'symlink_install': False, 'test_result_base': None}
[0.254s] Level 5:colcon.colcon_core.verb:set package 'three_node_pkg' build argument 'cmake_args' from command line to 'None'
[0.254s] Level 5:colcon.colcon_core.verb:set package 'three_node_pkg' build argument 'cmake_target' from command line to 'None'
[0.254s] Level 5:colcon.colcon_core.verb:set package 'three_node_pkg' build argument 'cmake_target_skip_unavailable' from command line to 'False'
[0.254s] Level 5:colcon.colcon_core.verb:set package 'three_node_pkg' build argument 'cmake_clean_cache' from command line to 'False'
[0.254s] Level 5:colcon.colcon_core.verb:set package 'three_node_pkg' build argument 'cmake_clean_first' from command line to 'False'
[0.254s] Level 5:colcon.colcon_core.verb:set package 'three_node_pkg' build argument 'cmake_force_configure' from command line to 'False'
[0.254s] Level 5:colcon.colcon_core.verb:set package 'three_node_pkg' build argument 'ament_cmake_args' from command line to 'None'
[0.254s] Level 5:colcon.colcon_core.verb:set package 'three_node_pkg' build argument 'catkin_cmake_args' from command line to 'None'
[0.254s] Level 5:colcon.colcon_core.verb:set package 'three_node_pkg' build argument 'catkin_skip_building_tests' from command line to 'False'
[0.255s] DEBUG:colcon.colcon_core.verb:Building package 'three_node_pkg' with the following arguments: {'ament_cmake_args': None, 'build_base': '/home/yuchel/share_repo/build/three_node_pkg', 'catkin_cmake_args': None, 'catkin_skip_building_tests': False, 'cmake_args': None, 'cmake_clean_cache': False, 'cmake_clean_first': False, 'cmake_force_configure': False, 'cmake_target': None, 'cmake_target_skip_unavailable': False, 'install_base': '/home/yuchel/share_repo/install/three_node_pkg', 'merge_install': False, 'path': '/home/yuchel/share_repo/src/three_node_pkg', 'symlink_install': False, 'test_result_base': None}
[0.255s] INFO:colcon.colcon_core.executor:Executing jobs using 'parallel' executor
[0.257s] DEBUG:colcon.colcon_parallel_executor.executor.parallel:run_until_complete
[0.257s] INFO:colcon.colcon_ros.task.ament_python.build:Building ROS package in '/home/yuchel/share_repo/src/gakurobo' with build type 'ament_python'
[0.257s] Level 1:colcon.colcon_core.shell:create_environment_hook('gakurobo', 'ament_prefix_path')
[0.261s] INFO:colcon.colcon_core.plugin_system:Skipping extension 'colcon_core.shell.bat': Not used on non-Windows systems
[0.262s] INFO:colcon.colcon_core.shell:Creating environment descriptor '/home/yuchel/share_repo/install/gakurobo/share/gakurobo/hook/ament_prefix_path.dsv'
[0.264s] INFO:colcon.colcon_core.shell:Creating environment hook '/home/yuchel/share_repo/install/gakurobo/share/gakurobo/hook/ament_prefix_path.sh'
[0.266s] DEBUG:colcon.colcon_core.shell:Skip shell extension 'dsv' for command environment
[0.279s] INFO:colcon.colcon_ros.task.ament_python.build:Building ROS package in '/home/yuchel/share_repo/src/independent_steering' with build type 'ament_python'
[0.279s] Level 1:colcon.colcon_core.shell:create_environment_hook('independent_steering', 'ament_prefix_path')
[0.280s] INFO:colcon.colcon_core.shell:Creating environment descriptor '/home/yuchel/share_repo/install/independent_steering/share/independent_steering/hook/ament_prefix_path.dsv'
[0.282s] INFO:colcon.colcon_core.shell:Creating environment hook '/home/yuchel/share_repo/install/independent_steering/share/independent_steering/hook/ament_prefix_path.sh'
[0.284s] DEBUG:colcon.colcon_core.shell:Skip shell extension 'dsv' for command environment
[0.294s] INFO:colcon.colcon_ros.task.ament_python.build:Building ROS package in '/home/yuchel/share_repo/src/talk_pkg' with build type 'ament_python'
[0.294s] Level 1:colcon.colcon_core.shell:create_environment_hook('talk_pkg', 'ament_prefix_path')
[0.295s] INFO:colcon.colcon_core.shell:Creating environment descriptor '/home/yuchel/share_repo/install/talk_pkg/share/talk_pkg/hook/ament_prefix_path.dsv'
[0.297s] INFO:colcon.colcon_core.shell:Creating environment hook '/home/yuchel/share_repo/install/talk_pkg/share/talk_pkg/hook/ament_prefix_path.sh'
[0.298s] DEBUG:colcon.colcon_core.shell:Skip shell extension 'dsv' for command environment
[0.306s] INFO:colcon.colcon_ros.task.ament_python.build:Building ROS package in '/home/yuchel/share_repo/src/test_pkg' with build type 'ament_python'
[0.307s] Level 1:colcon.colcon_core.shell:create_environment_hook('test_pkg', 'ament_prefix_path')
[0.307s] INFO:colcon.colcon_core.shell:Creating environment descriptor '/home/yuchel/share_repo/install/test_pkg/share/test_pkg/hook/ament_prefix_path.dsv'
[0.308s] INFO:colcon.colcon_core.shell:Creating environment hook '/home/yuchel/share_repo/install/test_pkg/share/test_pkg/hook/ament_prefix_path.sh'
[0.309s] DEBUG:colcon.colcon_core.shell:Skip shell extension 'dsv' for command environment
[0.640s] INFO:colcon.colcon_core.task.python.build:Building Python package in '/home/yuchel/share_repo/src/gakurobo'
[0.640s] DEBUG:colcon.colcon_core.shell:Skip shell extension 'dsv' for command environment
[0.936s] INFO:colcon.colcon_core.task.python.build:Building Python package in '/home/yuchel/share_repo/src/independent_steering'
[0.937s] DEBUG:colcon.colcon_core.shell:Skip shell extension 'dsv' for command environment
[1.239s] INFO:colcon.colcon_core.task.python.build:Building Python package in '/home/yuchel/share_repo/src/talk_pkg'
[1.239s] DEBUG:colcon.colcon_core.shell:Skip shell extension 'dsv' for command environment
[1.577s] INFO:colcon.colcon_core.task.python.build:Building Python package in '/home/yuchel/share_repo/src/test_pkg'
[1.577s] DEBUG:colcon.colcon_core.shell:Skip shell extension 'dsv' for command environment
[2.578s] DEBUG:colcon.colcon_core.task.python.build:Available setuptools commands: sdist, bdist_rpm, rotate, upload_docs, bdist_egg, install_headers, setopt, update_catalog, test, build_ext, clean, install_lib, egg_info, install_egg_info, easy_install, extract_messages, register, alias, symlink_data, editable_wheel, build_py, init_catalog, bdist_dumb, check, upload, bdist, install_data, dist_info, build, install_scripts, build_scripts, saveopts, install, build_clib, develop, compile_catalog
[2.580s] DEBUG:colcon.colcon_core.event_handler.log_command:Invoking command in '/home/yuchel/share_repo/src/independent_steering': DEBUGINFOD_URLS=https://debuginfod.ubuntu.com PYTHONPATH=/home/yuchel/share_repo/build/independent_steering/prefix_override:/usr/lib/python3/dist-packages/colcon_core/task/python/colcon_distutils_commands:/home/yuchel/share_repo/install/independent_steering/lib/python3.12/site-packages:${PYTHONPATH} /usr/bin/python3 -W ignore:setup.py install is deprecated -W ignore:easy_install command is deprecated setup.py egg_info --egg-base ../../build/independent_steering build --build-base /home/yuchel/share_repo/build/independent_steering/build install --record /home/yuchel/share_repo/build/independent_steering/install.log --install-scripts $base/lib/independent_steering --single-version-externally-managed install_data
[2.595s] DEBUG:colcon.colcon_core.task.python.build:Available setuptools commands: sdist, bdist_rpm, rotate, upload_docs, bdist_egg, install_headers, setopt, update_catalog, test, build_ext, clean, install_lib, egg_info, install_egg_info, easy_install, extract_messages, register, alias, symlink_data, editable_wheel, build_py, init_catalog, bdist_dumb, check, upload, bdist, install_data, dist_info, build, install_scripts, build_scripts, saveopts, install, build_clib, develop, compile_catalog
[2.600s] DEBUG:colcon.colcon_core.event_handler.log_command:Invoking command in '/home/yuchel/share_repo/src/talk_pkg': DEBUGINFOD_URLS=https://debuginfod.ubuntu.com PYTHONPATH=/home/yuchel/share_repo/build/talk_pkg/prefix_override:/usr/lib/python3/dist-packages/colcon_core/task/python/colcon_distutils_commands:/home/yuchel/share_repo/install/talk_pkg/lib/python3.12/site-packages:${PYTHONPATH} /usr/bin/python3 -W ignore:setup.py install is deprecated -W ignore:easy_install command is deprecated setup.py egg_info --egg-base ../../build/talk_pkg build --build-base /home/yuchel/share_repo/build/talk_pkg/build install --record /home/yuchel/share_repo/build/talk_pkg/install.log --install-scripts $base/lib/talk_pkg --single-version-externally-managed install_data
[2.697s] DEBUG:colcon.colcon_core.task.python.build:Available setuptools commands: sdist, bdist_rpm, rotate, upload_docs, bdist_egg, install_headers, setopt, update_catalog, test, build_ext, clean, install_lib, egg_info, install_egg_info, easy_install, extract_messages, register, alias, symlink_data, editable_wheel, build_py, init_catalog, bdist_dumb, check, upload, bdist, install_data, dist_info, build, install_scripts, build_scripts, saveopts, install, build_clib, develop, compile_catalog
[2.703s] DEBUG:colcon.colcon_core.task.python.build:Available setuptools commands: sdist, bdist_rpm, rotate, upload_docs, bdist_egg, install_headers, setopt, update_catalog, test, build_ext, clean, install_lib, egg_info, install_egg_info, easy_install, extract_messages, register, alias, symlink_data, editable_wheel, build_py, init_catalog, bdist_dumb, check, upload, bdist, install_data, dist_info, build, install_scripts, build_scripts, saveopts, install, build_clib, develop, compile_catalog
[2.704s] DEBUG:colcon.colcon_core.event_handler.log_command:Invoking command in '/home/yuchel/share_repo/src/test_pkg': DEBUGINFOD_URLS=https://debuginfod.ubuntu.com PYTHONPATH=/home/yuchel/share_repo/build/test_pkg/prefix_override:/usr/lib/python3/dist-packages/colcon_core/task/python/colcon_distutils_commands:/home/yuchel/share_repo/install/test_pkg/lib/python3.12/site-packages:${PYTHONPATH} /usr/bin/python3 -W ignore:setup.py install is deprecated -W ignore:easy_install command is deprecated setup.py egg_info --egg-base ../../build/test_pkg build --build-base /home/yuchel/share_repo/build/test_pkg/build install --record /home/yuchel/share_repo/build/test_pkg/install.log --install-scripts $base/lib/test_pkg --single-version-externally-managed install_data
[2.707s] DEBUG:colcon.colcon_core.event_handler.log_command:Invoking command in '/home/yuchel/share_repo/src/gakurobo': DEBUGINFOD_URLS=https://debuginfod.ubuntu.com PYTHONPATH=/home/yuchel/share_repo/build/gakurobo/prefix_override:/usr/lib/python3/dist-packages/colcon_core/task/python/colcon_distutils_commands:/home/yuchel/share_repo/install/gakurobo/lib/python3.12/site-packages:${PYTHONPATH} /usr/bin/python3 -W ignore:setup.py install is deprecated -W ignore:easy_install command is deprecated setup.py egg_info --egg-base ../../build/gakurobo build --build-base /home/yuchel/share_repo/build/gakurobo/build install --record /home/yuchel/share_repo/build/gakurobo/install.log --install-scripts $base/lib/gakurobo --single-version-externally-managed install_data
[3.560s] DEBUG:colcon.colcon_core.event_handler.log_command:Invoked command in '/home/yuchel/share_repo/src/talk_pkg' returned '0': DEBUGINFOD_URLS=https://debuginfod.ubuntu.com PYTHONPATH=/home/yuchel/share_repo/build/talk_pkg/prefix_override:/usr/lib/python3/dist-packages/colcon_core/task/python/colcon_distutils_commands:/home/yuchel/share_repo/install/talk_pkg/lib/python3.12/site-packages:${PYTHONPATH} /usr/bin/python3 -W ignore:setup.py install is deprecated -W ignore:easy_install command is deprecated setup.py egg_info --egg-base ../../build/talk_pkg build --build-base /home/yuchel/share_repo/build/talk_pkg/build install --record /home/yuchel/share_repo/build/talk_pkg/install.log --install-scripts $base/lib/talk_pkg --single-version-externally-managed install_data
[3.569s] Level 1:colcon.colcon_core.environment:checking '/home/yuchel/share_repo/install/talk_pkg' for CMake module files
[3.573s] Level 1:colcon.colcon_core.environment:checking '/home/yuchel/share_repo/install/talk_pkg' for CMake config files
[3.574s] Level 1:colcon.colcon_core.environment:checking '/home/yuchel/share_repo/install/talk_pkg/lib'
[3.574s] Level 1:colcon.colcon_core.environment:checking '/home/yuchel/share_repo/install/talk_pkg/bin'
[3.575s] Level 1:colcon.colcon_core.environment:checking '/home/yuchel/share_repo/install/talk_pkg/lib/pkgconfig/talk_pkg.pc'
[3.575s] Level 1:colcon.colcon_core.environment:checking '/home/yuchel/share_repo/install/talk_pkg/lib/python3.12/site-packages'
[3.575s] Level 1:colcon.colcon_core.shell:create_environment_hook('talk_pkg', 'pythonpath')
[3.576s] INFO:colcon.colcon_core.shell:Creating environment descriptor '/home/yuchel/share_repo/install/talk_pkg/share/talk_pkg/hook/pythonpath.dsv'
[3.577s] INFO:colcon.colcon_core.shell:Creating environment hook '/home/yuchel/share_repo/install/talk_pkg/share/talk_pkg/hook/pythonpath.sh'
[3.579s] Level 1:colcon.colcon_core.environment:checking '/home/yuchel/share_repo/install/talk_pkg/bin'
[3.579s] Level 1:colcon.colcon_core.environment:create_environment_scripts_only(talk_pkg)
[3.580s] INFO:colcon.colcon_core.shell:Creating package descriptor '/home/yuchel/share_repo/install/talk_pkg/share/talk_pkg/package.dsv'
[3.582s] INFO:colcon.colcon_core.shell:Creating package script '/home/yuchel/share_repo/install/talk_pkg/share/talk_pkg/package.sh'
[3.584s] INFO:colcon.colcon_core.shell:Creating package script '/home/yuchel/share_repo/install/talk_pkg/share/talk_pkg/package.bash'
[3.585s] INFO:colcon.colcon_core.shell:Creating package script '/home/yuchel/share_repo/install/talk_pkg/share/talk_pkg/package.zsh'
[3.587s] Level 1:colcon.colcon_core.environment:create_file_with_runtime_dependencies(/home/yuchel/share_repo/install/talk_pkg/share/colcon-core/packages/talk_pkg)
[3.588s] INFO:colcon.colcon_ros.task.ament_python.build:Building ROS package in '/home/yuchel/share_repo/src/three_node_pkg' with build type 'ament_python'
[3.589s] Level 1:colcon.colcon_core.shell:create_environment_hook('three_node_pkg', 'ament_prefix_path')
[3.589s] INFO:colcon.colcon_core.shell:Creating environment descriptor '/home/yuchel/share_repo/install/three_node_pkg/share/three_node_pkg/hook/ament_prefix_path.dsv'
[3.590s] INFO:colcon.colcon_core.shell:Creating environment hook '/home/yuchel/share_repo/install/three_node_pkg/share/three_node_pkg/hook/ament_prefix_path.sh'
[3.594s] DEBUG:colcon.colcon_core.shell:Skip shell extension 'dsv' for command environment
[3.933s] INFO:colcon.colcon_core.task.python.build:Building Python package in '/home/yuchel/share_repo/src/three_node_pkg'
[3.933s] DEBUG:colcon.colcon_core.shell:Skip shell extension 'dsv' for command environment
[3.941s] Level 1:colcon.colcon_core.environment:checking '/home/yuchel/share_repo/install/independent_steering' for CMake module files
[3.942s] DEBUG:colcon.colcon_core.event_handler.log_command:Invoked command in '/home/yuchel/share_repo/src/independent_steering' returned '0': DEBUGINFOD_URLS=https://debuginfod.ubuntu.com PYTHONPATH=/home/yuchel/share_repo/build/independent_steering/prefix_override:/usr/lib/python3/dist-packages/colcon_core/task/python/colcon_distutils_commands:/home/yuchel/share_repo/install/independent_steering/lib/python3.12/site-packages:${PYTHONPATH} /usr/bin/python3 -W ignore:setup.py install is deprecated -W ignore:easy_install command is deprecated setup.py egg_info --egg-base ../../build/independent_steering build --build-base /home/yuchel/share_repo/build/independent_steering/build install --record /home/yuchel/share_repo/build/independent_steering/install.log --install-scripts $base/lib/independent_steering --single-version-externally-managed install_data
[3.943s] Level 1:colcon.colcon_core.environment:checking '/home/yuchel/share_repo/install/independent_steering' for CMake config files
[3.943s] Level 1:colcon.colcon_core.environment:checking '/home/yuchel/share_repo/install/independent_steering/lib'
[3.944s] Level 1:colcon.colcon_core.environment:checking '/home/yuchel/share_repo/install/independent_steering/bin'
[3.944s] Level 1:colcon.colcon_core.environment:checking '/home/yuchel/share_repo/install/independent_steering/lib/pkgconfig/independent_steering.pc'
[3.944s] Level 1:colcon.colcon_core.environment:checking '/home/yuchel/share_repo/install/independent_steering/lib/python3.12/site-packages'
[3.944s] Level 1:colcon.colcon_core.shell:create_environment_hook('independent_steering', 'pythonpath')
[3.944s] INFO:colcon.colcon_core.shell:Creating environment descriptor '/home/yuchel/share_repo/install/independent_steering/share/independent_steering/hook/pythonpath.dsv'
[3.945s] INFO:colcon.colcon_core.shell:Creating environment hook '/home/yuchel/share_repo/install/independent_steering/share/independent_steering/hook/pythonpath.sh'
[3.946s] Level 1:colcon.colcon_core.environment:checking '/home/yuchel/share_repo/install/independent_steering/bin'
[3.946s] Level 1:colcon.colcon_core.environment:create_environment_scripts_only(independent_steering)
[3.946s] INFO:colcon.colcon_core.shell:Creating package descriptor '/home/yuchel/share_repo/install/independent_steering/share/independent_steering/package.dsv'
[3.947s] INFO:colcon.colcon_core.shell:Creating package script '/home/yuchel/share_repo/install/independent_steering/share/independent_steering/package.sh'
[3.948s] INFO:colcon.colcon_core.shell:Creating package script '/home/yuchel/share_repo/install/independent_steering/share/independent_steering/package.bash'
[3.949s] INFO:colcon.colcon_core.shell:Creating package script '/home/yuchel/share_repo/install/independent_steering/share/independent_steering/package.zsh'
[3.949s] Level 1:colcon.colcon_core.environment:create_file_with_runtime_dependencies(/home/yuchel/share_repo/install/independent_steering/share/colcon-core/packages/independent_steering)
[3.950s] Level 1:colcon.colcon_core.environment:checking '/home/yuchel/share_repo/install/gakurobo' for CMake module files
[3.952s] Level 1:colcon.colcon_core.environment:checking '/home/yuchel/share_repo/install/gakurobo' for CMake config files
[3.953s] DEBUG:colcon.colcon_core.event_handler.log_command:Invoked command in '/home/yuchel/share_repo/src/gakurobo' returned '0': DEBUGINFOD_URLS=https://debuginfod.ubuntu.com PYTHONPATH=/home/yuchel/share_repo/build/gakurobo/prefix_override:/usr/lib/python3/dist-packages/colcon_core/task/python/colcon_distutils_commands:/home/yuchel/share_repo/install/gakurobo/lib/python3.12/site-packages:${PYTHONPATH} /usr/bin/python3 -W ignore:setup.py install is deprecated -W ignore:easy_install command is deprecated setup.py egg_info --egg-base ../../build/gakurobo build --build-base /home/yuchel/share_repo/build/gakurobo/build install --record /home/yuchel/share_repo/build/gakurobo/install.log --install-scripts $base/lib/gakurobo --single-version-externally-managed install_data
[3.954s] Level 1:colcon.colcon_core.environment:checking '/home/yuchel/share_repo/install/gakurobo/lib'
[3.954s] Level 1:colcon.colcon_core.environment:checking '/home/yuchel/share_repo/install/gakurobo/bin'
[3.954s] Level 1:colcon.colcon_core.environment:checking '/home/yuchel/share_repo/install/gakurobo/lib/pkgconfig/gakurobo.pc'
[3.955s] Level 1:colcon.colcon_core.environment:checking '/home/yuchel/share_repo/install/gakurobo/lib/python3.12/site-packages'
[3.955s] Level 1:colcon.colcon_core.shell:create_environment_hook('gakurobo', 'pythonpath')
[3.955s] INFO:colcon.colcon_core.shell:Creating environment descriptor '/home/yuchel/share_repo/install/gakurobo/share/gakurobo/hook/pythonpath.dsv'
[3.956s] INFO:colcon.colcon_core.shell:Creating environment hook '/home/yuchel/share_repo/install/gakurobo/share/gakurobo/hook/pythonpath.sh'
[3.957s] Level 1:colcon.colcon_core.environment:checking '/home/yuchel/share_repo/install/gakurobo/bin'
[3.957s] Level 1:colcon.colcon_core.environment:create_environment_scripts_only(gakurobo)
[3.958s] INFO:colcon.colcon_core.shell:Creating package descriptor '/home/yuchel/share_repo/install/gakurobo/share/gakurobo/package.dsv'
[3.959s] INFO:colcon.colcon_core.shell:Creating package script '/home/yuchel/share_repo/install/gakurobo/share/gakurobo/package.sh'
[3.960s] INFO:colcon.colcon_core.shell:Creating package script '/home/yuchel/share_repo/install/gakurobo/share/gakurobo/package.bash'
[3.960s] INFO:colcon.colcon_core.shell:Creating package script '/home/yuchel/share_repo/install/gakurobo/share/gakurobo/package.zsh'
[3.961s] Level 1:colcon.colcon_core.environment:create_file_with_runtime_dependencies(/home/yuchel/share_repo/install/gakurobo/share/colcon-core/packages/gakurobo)
[3.963s] Level 1:colcon.colcon_core.environment:checking '/home/yuchel/share_repo/install/test_pkg' for CMake module files
[3.964s] Level 1:colcon.colcon_core.environment:checking '/home/yuchel/share_repo/install/test_pkg' for CMake config files
[3.966s] DEBUG:colcon.colcon_core.event_handler.log_command:Invoked command in '/home/yuchel/share_repo/src/test_pkg' returned '0': DEBUGINFOD_URLS=https://debuginfod.ubuntu.com PYTHONPATH=/home/yuchel/share_repo/build/test_pkg/prefix_override:/usr/lib/python3/dist-packages/colcon_core/task/python/colcon_distutils_commands:/home/yuchel/share_repo/install/test_pkg/lib/python3.12/site-packages:${PYTHONPATH} /usr/bin/python3 -W ignore:setup.py install is deprecated -W ignore:easy_install command is deprecated setup.py egg_info --egg-base ../../build/test_pkg build --build-base /home/yuchel/share_repo/build/test_pkg/build install --record /home/yuchel/share_repo/build/test_pkg/install.log --install-scripts $base/lib/test_pkg --single-version-externally-managed install_data
[3.966s] Level 1:colcon.colcon_core.environment:checking '/home/yuchel/share_repo/install/test_pkg/lib'
[3.966s] Level 1:colcon.colcon_core.environment:checking '/home/yuchel/share_repo/install/test_pkg/bin'
[3.967s] Level 1:colcon.colcon_core.environment:checking '/home/yuchel/share_repo/install/test_pkg/lib/pkgconfig/test_pkg.pc'
[3.967s] Level 1:colcon.colcon_core.environment:checking '/home/yuchel/share_repo/install/test_pkg/lib/python3.12/site-packages'
[3.967s] Level 1:colcon.colcon_core.shell:create_environment_hook('test_pkg', 'pythonpath')
[3.967s] INFO:colcon.colcon_core.shell:Creating environment descriptor '/home/yuchel/share_repo/install/test_pkg/share/test_pkg/hook/pythonpath.dsv'
[3.968s] INFO:colcon.colcon_core.shell:Creating environment hook '/home/yuchel/share_repo/install/test_pkg/share/test_pkg/hook/pythonpath.sh'
[3.969s] Level 1:colcon.colcon_core.environment:checking '/home/yuchel/share_repo/install/test_pkg/bin'
[3.969s] Level 1:colcon.colcon_core.environment:create_environment_scripts_only(test_pkg)
[3.969s] INFO:colcon.colcon_core.shell:Creating package descriptor '/home/yuchel/share_repo/install/test_pkg/share/test_pkg/package.dsv'
[3.970s] INFO:colcon.colcon_core.shell:Creating package script '/home/yuchel/share_repo/install/test_pkg/share/test_pkg/package.sh'
[3.971s] INFO:colcon.colcon_core.shell:Creating package script '/home/yuchel/share_repo/install/test_pkg/share/test_pkg/package.bash'
[3.971s] INFO:colcon.colcon_core.shell:Creating package script '/home/yuchel/share_repo/install/test_pkg/share/test_pkg/package.zsh'
[3.972s] Level 1:colcon.colcon_core.environment:create_file_with_runtime_dependencies(/home/yuchel/share_repo/install/test_pkg/share/colcon-core/packages/test_pkg)
[4.703s] DEBUG:colcon.colcon_core.task.python.build:Available setuptools commands: sdist, bdist_rpm, rotate, upload_docs, bdist_egg, install_headers, setopt, update_catalog, test, build_ext, clean, install_lib, egg_info, install_egg_info, easy_install, extract_messages, register, alias, symlink_data, editable_wheel, build_py, init_catalog, bdist_dumb, check, upload, bdist, install_data, dist_info, build, install_scripts, build_scripts, saveopts, install, build_clib, develop, compile_catalog
[4.709s] DEBUG:colcon.colcon_core.event_handler.log_command:Invoking command in '/home/yuchel/share_repo/src/three_node_pkg': DEBUGINFOD_URLS=https://debuginfod.ubuntu.com PYTHONPATH=/home/yuchel/share_repo/build/three_node_pkg/prefix_override:/usr/lib/python3/dist-packages/colcon_core/task/python/colcon_distutils_commands:/home/yuchel/share_repo/install/three_node_pkg/lib/python3.12/site-packages:${PYTHONPATH} /usr/bin/python3 -W ignore:setup.py install is deprecated -W ignore:easy_install command is deprecated setup.py egg_info --egg-base ../../build/three_node_pkg build --build-base /home/yuchel/share_repo/build/three_node_pkg/build install --record /home/yuchel/share_repo/build/three_node_pkg/install.log --install-scripts $base/lib/three_node_pkg --single-version-externally-managed install_data
[5.435s] Level 1:colcon.colcon_core.environment:checking '/home/yuchel/share_repo/install/three_node_pkg' for CMake module files
[5.436s] DEBUG:colcon.colcon_core.event_handler.log_command:Invoked command in '/home/yuchel/share_repo/src/three_node_pkg' returned '0': DEBUGINFOD_URLS=https://debuginfod.ubuntu.com PYTHONPATH=/home/yuchel/share_repo/build/three_node_pkg/prefix_override:/usr/lib/python3/dist-packages/colcon_core/task/python/colcon_distutils_commands:/home/yuchel/share_repo/install/three_node_pkg/lib/python3.12/site-packages:${PYTHONPATH} /usr/bin/python3 -W ignore:setup.py install is deprecated -W ignore:easy_install command is deprecated setup.py egg_info --egg-base ../../build/three_node_pkg build --build-base /home/yuchel/share_repo/build/three_node_pkg/build install --record /home/yuchel/share_repo/build/three_node_pkg/install.log --install-scripts $base/lib/three_node_pkg --single-version-externally-managed install_data
[5.437s] Level 1:colcon.colcon_core.environment:checking '/home/yuchel/share_repo/install/three_node_pkg' for CMake config files
[5.438s] Level 1:colcon.colcon_core.environment:checking '/home/yuchel/share_repo/install/three_node_pkg/lib'
[5.438s] Level 1:colcon.colcon_core.environment:checking '/home/yuchel/share_repo/install/three_node_pkg/bin'
[5.438s] Level 1:colcon.colcon_core.environment:checking '/home/yuchel/share_repo/install/three_node_pkg/lib/pkgconfig/three_node_pkg.pc'
[5.439s] Level 1:colcon.colcon_core.environment:checking '/home/yuchel/share_repo/install/three_node_pkg/lib/python3.12/site-packages'
[5.439s] Level 1:colcon.colcon_core.shell:create_environment_hook('three_node_pkg', 'pythonpath')
[5.439s] INFO:colcon.colcon_core.shell:Creating environment descriptor '/home/yuchel/share_repo/install/three_node_pkg/share/three_node_pkg/hook/pythonpath.dsv'
[5.440s] INFO:colcon.colcon_core.shell:Creating environment hook '/home/yuchel/share_repo/install/three_node_pkg/share/three_node_pkg/hook/pythonpath.sh'
[5.441s] Level 1:colcon.colcon_core.environment:checking '/home/yuchel/share_repo/install/three_node_pkg/bin'
[5.441s] Level 1:colcon.colcon_core.environment:create_environment_scripts_only(three_node_pkg)
[5.441s] INFO:colcon.colcon_core.shell:Creating package descriptor '/home/yuchel/share_repo/install/three_node_pkg/share/three_node_pkg/package.dsv'
[5.442s] INFO:colcon.colcon_core.shell:Creating package script '/home/yuchel/share_repo/install/three_node_pkg/share/three_node_pkg/package.sh'
[5.443s] INFO:colcon.colcon_core.shell:Creating package script '/home/yuchel/share_repo/install/three_node_pkg/share/three_node_pkg/package.bash'
[5.444s] INFO:colcon.colcon_core.shell:Creating package script '/home/yuchel/share_repo/install/three_node_pkg/share/three_node_pkg/package.zsh'
[5.444s] Level 1:colcon.colcon_core.environment:create_file_with_runtime_dependencies(/home/yuchel/share_repo/install/three_node_pkg/share/colcon-core/packages/three_node_pkg)
[5.445s] DEBUG:colcon.colcon_parallel_executor.executor.parallel:closing loop
[5.445s] DEBUG:colcon.colcon_parallel_executor.executor.parallel:loop closed
[5.445s] DEBUG:colcon.colcon_parallel_executor.executor.parallel:run_until_complete finished with '0'
[5.445s] DEBUG:colcon.colcon_core.event_reactor:joining thread
[5.462s] INFO:colcon.colcon_core.plugin_system:Skipping extension 'colcon_notification.desktop_notification.terminal_notifier': Not used on non-Darwin systems
[5.463s] INFO:colcon.colcon_core.plugin_system:Skipping extension 'colcon_notification.desktop_notification.win32': Not used on non-Windows systems
[5.463s] INFO:colcon.colcon_notification.desktop_notification:Sending desktop notification using 'notify2'
[5.493s] DEBUG:colcon.colcon_core.event_reactor:joined thread
[5.493s] INFO:colcon.colcon_core.shell:Creating prefix script '/home/yuchel/share_repo/install/local_setup.sh'
[5.495s] INFO:colcon.colcon_core.shell:Creating prefix util module '/home/yuchel/share_repo/install/_local_setup_util_sh.py'
[5.496s] INFO:colcon.colcon_core.shell:Creating prefix chain script '/home/yuchel/share_repo/install/setup.sh'
[5.500s] INFO:colcon.colcon_core.shell:Creating prefix script '/home/yuchel/share_repo/install/local_setup.bash'
[5.501s] INFO:colcon.colcon_core.shell:Creating prefix chain script '/home/yuchel/share_repo/install/setup.bash'
[5.503s] INFO:colcon.colcon_core.shell:Creating prefix script '/home/yuchel/share_repo/install/local_setup.zsh'
[5.504s] INFO:colcon.colcon_core.shell:Creating prefix chain script '/home/yuchel/share_repo/install/setup.zsh'
