[1.701s] Invoking command in '/home/yuchel/share_repo/src/1wheel': DEBUGINFOD_URLS=https://debuginfod.ubuntu.com PYTHONPATH=/home/yuchel/share_repo/build/onewheel/prefix_override:/usr/lib/python3/dist-packages/colcon_core/task/python/colcon_distutils_commands:/home/yuchel/share_repo/install/onewheel/lib/python3.12/site-packages:${PYTHONPATH} /usr/bin/python3 -W ignore:setup.py install is deprecated -W ignore:easy_install command is deprecated setup.py egg_info --egg-base ../../build/onewheel build --build-base /home/yuchel/share_repo/build/onewheel/build install --record /home/yuchel/share_repo/build/onewheel/install.log --install-scripts $base/lib/onewheel --single-version-externally-managed install_data
[2.082s] running egg_info
[2.112s] writing ../../build/onewheel/onewheel.egg-info/PKG-INFO
[2.113s] writing dependency_links to ../../build/onewheel/onewheel.egg-info/dependency_links.txt
[2.113s] writing entry points to ../../build/onewheel/onewheel.egg-info/entry_points.txt
[2.114s] writing requirements to ../../build/onewheel/onewheel.egg-info/requires.txt
[2.114s] writing top-level names to ../../build/onewheel/onewheel.egg-info/top_level.txt
[2.158s] reading manifest file '../../build/onewheel/onewheel.egg-info/SOURCES.txt'
[2.158s] writing manifest file '../../build/onewheel/onewheel.egg-info/SOURCES.txt'
[2.159s] running build
[2.159s] running build_py
[2.159s] running install
[2.165s] running install_lib
[2.181s] running install_data
[2.182s] copying urdf/one_wheel.urdf -> /home/yuchel/share_repo/install/onewheel/share/onewheel/urdf
[2.182s] running install_egg_info
[2.198s] removing '/home/yuchel/share_repo/install/onewheel/lib/python3.12/site-packages/onewheel-0.0.0-py3.12.egg-info' (and everything under it)
[2.199s] Copying ../../build/onewheel/onewheel.egg-info to /home/yuchel/share_repo/install/onewheel/lib/python3.12/site-packages/onewheel-0.0.0-py3.12.egg-info
[2.200s] running install_scripts
[2.410s] Installing control_node script to /home/yuchel/share_repo/install/onewheel/lib/onewheel
[2.411s] writing list of installed files to '/home/yuchel/share_repo/build/onewheel/install.log'
[2.633s] Invoked command in '/home/yuchel/share_repo/src/1wheel' returned '0': DEBUGINFOD_URLS=https://debuginfod.ubuntu.com PYTHONPATH=/home/yuchel/share_repo/build/onewheel/prefix_override:/usr/lib/python3/dist-packages/colcon_core/task/python/colcon_distutils_commands:/home/yuchel/share_repo/install/onewheel/lib/python3.12/site-packages:${PYTHONPATH} /usr/bin/python3 -W ignore:setup.py install is deprecated -W ignore:easy_install command is deprecated setup.py egg_info --egg-base ../../build/onewheel build --build-base /home/yuchel/share_repo/build/onewheel/build install --record /home/yuchel/share_repo/build/onewheel/install.log --install-scripts $base/lib/onewheel --single-version-externally-managed install_data
