running egg_info
writing ../../build/three_node_pkg/three_node_pkg.egg-info/PKG-INFO
writing dependency_links to ../../build/three_node_pkg/three_node_pkg.egg-info/dependency_links.txt
writing entry points to ../../build/three_node_pkg/three_node_pkg.egg-info/entry_points.txt
writing requirements to ../../build/three_node_pkg/three_node_pkg.egg-info/requires.txt
writing top-level names to ../../build/three_node_pkg/three_node_pkg.egg-info/top_level.txt
reading manifest file '../../build/three_node_pkg/three_node_pkg.egg-info/SOURCES.txt'
writing manifest file '../../build/three_node_pkg/three_node_pkg.egg-info/SOURCES.txt'
running build
running build_py
running install
running install_lib
running install_data
creating /home/yuchel/shared_repo/install/three_node_pkg/share/three_node_pkg/launch
copying launch/system.launch.py -> /home/yuchel/shared_repo/install/three_node_pkg/share/three_node_pkg/launch
running install_egg_info
removing '/home/yuchel/shared_repo/install/three_node_pkg/lib/python3.12/site-packages/three_node_pkg-0.0.0-py3.12.egg-info' (and everything under it)
Copying ../../build/three_node_pkg/three_node_pkg.egg-info to /home/yuchel/shared_repo/install/three_node_pkg/lib/python3.12/site-packages/three_node_pkg-0.0.0-py3.12.egg-info
running install_scripts
Installing control script to /home/yuchel/shared_repo/install/three_node_pkg/lib/three_node_pkg
Installing display script to /home/yuchel/shared_repo/install/three_node_pkg/lib/three_node_pkg
Installing input script to /home/yuchel/shared_repo/install/three_node_pkg/lib/three_node_pkg
writing list of installed files to '/home/yuchel/shared_repo/build/three_node_pkg/install.log'
