[0.618s] DEBUG:colcon:Command line arguments: ['/usr/bin/colcon', 'build']
[0.618s] DEBUG:colcon:Parsed command line arguments: Namespace(log_base=None, log_level=None, verb_name='build', build_base='build', install_base='install', merge_install=False, symlink_install=False, test_result_base=None, continue_on_error=False, executor='parallel', parallel_workers=4, event_handlers=None, ignore_user_meta=False, metas=['./colcon.meta'], base_paths=['.'], packages_ignore=None, packages_ignore_regex=None, paths=None, packages_up_to=None, packages_up_to_regex=None, packages_above=None, packages_above_and_dependencies=None, packages_above_depth=None, packages_select_by_dep=None, packages_skip_by_dep=None, packages_skip_up_to=None, packages_select_build_failed=False, packages_skip_build_finished=False, packages_select_test_failures=False, packages_skip_test_passed=False, packages_select=None, packages_skip=None, packages_select_regex=None, packages_skip_regex=None, packages_start=None, packages_end=None, cmake_args=None, cmake_target=None, cmake_target_skip_unavailable=False, cmake_clean_cache=False, cmake_clean_first=False, cmake_force_configure=False, ament_cmake_args=None, catkin_cmake_args=None, catkin_skip_building_tests=False, verb_parser=<colcon_defaults.argument_parser.defaults.DefaultArgumentsDecorator object at 0x79201b1f7b30>, verb_extension=<colcon_core.verb.build.BuildVerb object at 0x79201ba02210>, main=<bound method BuildVerb.main of <colcon_core.verb.build.BuildVerb object at 0x79201ba02210>>)
[0.759s] Level 1:colcon.colcon_core.package_discovery:discover_packages(colcon_meta) check parameters
[0.759s] Level 1:colcon.colcon_core.package_discovery:discover_packages(recursive) check parameters
[0.760s] Level 1:colcon.colcon_core.package_discovery:discover_packages(ignore) check parameters
[0.760s] Level 1:colcon.colcon_core.package_discovery:discover_packages(path) check parameters
[0.760s] Level 1:colcon.colcon_core.package_discovery:discover_packages(colcon_meta) discover
[0.760s] Level 1:colcon.colcon_core.package_discovery:discover_packages(recursive) discover
[0.760s] INFO:colcon.colcon_core.package_discovery:Crawling recursively for packages in '/home/yuchel/share_repo'
[0.760s] Level 1:colcon.colcon_core.package_identification:_identify(.) by extensions ['ignore', 'ignore_ament_install']
[0.760s] Level 1:colcon.colcon_core.package_identification:_identify(.) by extension 'ignore'
[0.760s] Level 1:colcon.colcon_core.package_identification:_identify(.) by extension 'ignore_ament_install'
[0.760s] Level 1:colcon.colcon_core.package_identification:_identify(.) by extensions ['colcon_pkg']
[0.760s] Level 1:colcon.colcon_core.package_identification:_identify(.) by extension 'colcon_pkg'
[0.760s] Level 1:colcon.colcon_core.package_identification:_identify(.) by extensions ['colcon_meta']
[0.760s] Level 1:colcon.colcon_core.package_identification:_identify(.) by extension 'colcon_meta'
[0.761s] Level 1:colcon.colcon_core.package_identification:_identify(.) by extensions ['ros']
[0.761s] Level 1:colcon.colcon_core.package_identification:_identify(.) by extension 'ros'
[0.841s] Level 1:colcon.colcon_core.package_identification:_identify(.) by extensions ['cmake', 'python']
[0.841s] Level 1:colcon.colcon_core.package_identification:_identify(.) by extension 'cmake'
[0.841s] Level 1:colcon.colcon_core.package_identification:_identify(.) by extension 'python'
[0.841s] Level 1:colcon.colcon_core.package_identification:_identify(.) by extensions ['python_setup_py']
[0.841s] Level 1:colcon.colcon_core.package_identification:_identify(.) by extension 'python_setup_py'
[0.841s] Level 1:colcon.colcon_core.package_identification:_identify(build) by extensions ['ignore', 'ignore_ament_install']
[0.842s] Level 1:colcon.colcon_core.package_identification:_identify(build) by extension 'ignore'
[0.842s] Level 1:colcon.colcon_core.package_identification:_identify(build) ignored
[0.842s] Level 1:colcon.colcon_core.package_identification:_identify(install) by extensions ['ignore', 'ignore_ament_install']
[0.842s] Level 1:colcon.colcon_core.package_identification:_identify(install) by extension 'ignore'
[0.842s] Level 1:colcon.colcon_core.package_identification:_identify(install) ignored
[0.842s] Level 1:colcon.colcon_core.package_identification:_identify(log) by extensions ['ignore', 'ignore_ament_install']
[0.843s] Level 1:colcon.colcon_core.package_identification:_identify(log) by extension 'ignore'
[0.843s] Level 1:colcon.colcon_core.package_identification:_identify(log) ignored
[0.843s] Level 1:colcon.colcon_core.package_identification:_identify(rosbag2_2026_08_10-22_53_29) by extensions ['ignore', 'ignore_ament_install']
[0.843s] Level 1:colcon.colcon_core.package_identification:_identify(rosbag2_2026_08_10-22_53_29) by extension 'ignore'
[0.843s] Level 1:colcon.colcon_core.package_identification:_identify(rosbag2_2026_08_10-22_53_29) by extension 'ignore_ament_install'
[0.843s] Level 1:colcon.colcon_core.package_identification:_identify(rosbag2_2026_08_10-22_53_29) by extensions ['colcon_pkg']
[0.843s] Level 1:colcon.colcon_core.package_identification:_identify(rosbag2_2026_08_10-22_53_29) by extension 'colcon_pkg'
[0.843s] Level 1:colcon.colcon_core.package_identification:_identify(rosbag2_2026_08_10-22_53_29) by extensions ['colcon_meta']
[0.843s] Level 1:colcon.colcon_core.package_identification:_identify(rosbag2_2026_08_10-22_53_29) by extension 'colcon_meta'
[0.843s] Level 1:colcon.colcon_core.package_identification:_identify(rosbag2_2026_08_10-22_53_29) by extensions ['ros']
[0.843s] Level 1:colcon.colcon_core.package_identification:_identify(rosbag2_2026_08_10-22_53_29) by extension 'ros'
[0.843s] Level 1:colcon.colcon_core.package_identification:_identify(rosbag2_2026_08_10-22_53_29) by extensions ['cmake', 'python']
[0.843s] Level 1:colcon.colcon_core.package_identification:_identify(rosbag2_2026_08_10-22_53_29) by extension 'cmake'
[0.844s] Level 1:colcon.colcon_core.package_identification:_identify(rosbag2_2026_08_10-22_53_29) by extension 'python'
[0.844s] Level 1:colcon.colcon_core.package_identification:_identify(rosbag2_2026_08_10-22_53_29) by extensions ['python_setup_py']
[0.844s] Level 1:colcon.colcon_core.package_identification:_identify(rosbag2_2026_08_10-22_53_29) by extension 'python_setup_py'
[0.844s] Level 1:colcon.colcon_core.package_identification:_identify(src) by extensions ['ignore', 'ignore_ament_install']
[0.844s] Level 1:colcon.colcon_core.package_identification:_identify(src) by extension 'ignore'
[0.844s] Level 1:colcon.colcon_core.package_identification:_identify(src) by extension 'ignore_ament_install'
[0.844s] Level 1:colcon.colcon_core.package_identification:_identify(src) by extensions ['colcon_pkg']
[0.844s] Level 1:colcon.colcon_core.package_identification:_identify(src) by extension 'colcon_pkg'
[0.844s] Level 1:colcon.colcon_core.package_identification:_identify(src) by extensions ['colcon_meta']
[0.844s] Level 1:colcon.colcon_core.package_identification:_identify(src) by extension 'colcon_meta'
[0.844s] Level 1:colcon.colcon_core.package_identification:_identify(src) by extensions ['ros']
[0.844s] Level 1:colcon.colcon_core.package_identification:_identify(src) by extension 'ros'
[0.844s] Level 1:colcon.colcon_core.package_identification:_identify(src) by extensions ['cmake', 'python']
[0.844s] Level 1:colcon.colcon_core.package_identification:_identify(src) by extension 'cmake'
[0.844s] Level 1:colcon.colcon_core.package_identification:_identify(src) by extension 'python'
[0.844s] Level 1:colcon.colcon_core.package_identification:_identify(src) by extensions ['python_setup_py']
[0.844s] Level 1:colcon.colcon_core.package_identification:_identify(src) by extension 'python_setup_py'
[0.845s] Level 1:colcon.colcon_core.package_identification:_identify(src/gakurobo) by extensions ['ignore', 'ignore_ament_install']
[0.845s] Level 1:colcon.colcon_core.package_identification:_identify(src/gakurobo) by extension 'ignore'
[0.845s] Level 1:colcon.colcon_core.package_identification:_identify(src/gakurobo) by extension 'ignore_ament_install'
[0.845s] Level 1:colcon.colcon_core.package_identification:_identify(src/gakurobo) by extensions ['colcon_pkg']
[0.845s] Level 1:colcon.colcon_core.package_identification:_identify(src/gakurobo) by extension 'colcon_pkg'
[0.845s] Level 1:colcon.colcon_core.package_identification:_identify(src/gakurobo) by extensions ['colcon_meta']
[0.845s] Level 1:colcon.colcon_core.package_identification:_identify(src/gakurobo) by extension 'colcon_meta'
[0.845s] Level 1:colcon.colcon_core.package_identification:_identify(src/gakurobo) by extensions ['ros']
[0.845s] Level 1:colcon.colcon_core.package_identification:_identify(src/gakurobo) by extension 'ros'
[0.853s] DEBUG:colcon.colcon_core.package_identification:Package 'src/gakurobo' with type 'ros.ament_python' and name 'gakurobo'
[0.854s] Level 1:colcon.colcon_core.package_identification:_identify(src/independent_steering) by extensions ['ignore', 'ignore_ament_install']
[0.854s] Level 1:colcon.colcon_core.package_identification:_identify(src/independent_steering) by extension 'ignore'
[0.854s] Level 1:colcon.colcon_core.package_identification:_identify(src/independent_steering) by extension 'ignore_ament_install'
[0.854s] Level 1:colcon.colcon_core.package_identification:_identify(src/independent_steering) by extensions ['colcon_pkg']
[0.854s] Level 1:colcon.colcon_core.package_identification:_identify(src/independent_steering) by extension 'colcon_pkg'
[0.854s] Level 1:colcon.colcon_core.package_identification:_identify(src/independent_steering) by extensions ['colcon_meta']
[0.854s] Level 1:colcon.colcon_core.package_identification:_identify(src/independent_steering) by extension 'colcon_meta'
[0.854s] Level 1:colcon.colcon_core.package_identification:_identify(src/independent_steering) by extensions ['ros']
[0.855s] Level 1:colcon.colcon_core.package_identification:_identify(src/independent_steering) by extension 'ros'
[0.856s] DEBUG:colcon.colcon_core.package_identification:Package 'src/independent_steering' with type 'ros.ament_python' and name 'independent_steering'
[0.856s] Level 1:colcon.colcon_core.package_identification:_identify(src/talk_pkg) by extensions ['ignore', 'ignore_ament_install']
[0.856s] Level 1:colcon.colcon_core.package_identification:_identify(src/talk_pkg) by extension 'ignore'
[0.856s] Level 1:colcon.colcon_core.package_identification:_identify(src/talk_pkg) by extension 'ignore_ament_install'
[0.856s] Level 1:colcon.colcon_core.package_identification:_identify(src/talk_pkg) by extensions ['colcon_pkg']
[0.856s] Level 1:colcon.colcon_core.package_identification:_identify(src/talk_pkg) by extension 'colcon_pkg'
[0.856s] Level 1:colcon.colcon_core.package_identification:_identify(src/talk_pkg) by extensions ['colcon_meta']
[0.857s] Level 1:colcon.colcon_core.package_identification:_identify(src/talk_pkg) by extension 'colcon_meta'
[0.857s] Level 1:colcon.colcon_core.package_identification:_identify(src/talk_pkg) by extensions ['ros']
[0.857s] Level 1:colcon.colcon_core.package_identification:_identify(src/talk_pkg) by extension 'ros'
[0.858s] DEBUG:colcon.colcon_core.package_identification:Package 'src/talk_pkg' with type 'ros.ament_python' and name 'talk_pkg'
[0.858s] Level 1:colcon.colcon_core.package_identification:_identify(src/test_pkg) by extensions ['ignore', 'ignore_ament_install']
[0.858s] Level 1:colcon.colcon_core.package_identification:_identify(src/test_pkg) by extension 'ignore'
[0.858s] Level 1:colcon.colcon_core.package_identification:_identify(src/test_pkg) by extension 'ignore_ament_install'
[0.858s] Level 1:colcon.colcon_core.package_identification:_identify(src/test_pkg) by extensions ['colcon_pkg']
[0.858s] Level 1:colcon.colcon_core.package_identification:_identify(src/test_pkg) by extension 'colcon_pkg'
[0.859s] Level 1:colcon.colcon_core.package_identification:_identify(src/test_pkg) by extensions ['colcon_meta']
[0.859s] Level 1:colcon.colcon_core.package_identification:_identify(src/test_pkg) by extension 'colcon_meta'
[0.859s] Level 1:colcon.colcon_core.package_identification:_identify(src/test_pkg) by extensions ['ros']
[0.859s] Level 1:colcon.colcon_core.package_identification:_identify(src/test_pkg) by extension 'ros'
[0.860s] DEBUG:colcon.colcon_core.package_identification:Package 'src/test_pkg' with type 'ros.ament_python' and name 'test_pkg'
[0.860s] Level 1:colcon.colcon_core.package_identification:_identify(src/three_node_pkg) by extensions ['ignore', 'ignore_ament_install']
[0.860s] Level 1:colcon.colcon_core.package_identification:_identify(src/three_node_pkg) by extension 'ignore'
[0.860s] Level 1:colcon.colcon_core.package_identification:_identify(src/three_node_pkg) by extension 'ignore_ament_install'
[0.860s] Level 1:colcon.colcon_core.package_identification:_identify(src/three_node_pkg) by extensions ['colcon_pkg']
[0.861s] Level 1:colcon.colcon_core.package_identification:_identify(src/three_node_pkg) by extension 'colcon_pkg'
[0.861s] Level 1:colcon.colcon_core.package_identification:_identify(src/three_node_pkg) by extensions ['colcon_meta']
[0.861s] Level 1:colcon.colcon_core.package_identification:_identify(src/three_node_pkg) by extension 'colcon_meta'
[0.861s] Level 1:colcon.colcon_core.package_identification:_identify(src/three_node_pkg) by extensions ['ros']
[0.861s] Level 1:colcon.colcon_core.package_identification:_identify(src/three_node_pkg) by extension 'ros'
[0.863s] DEBUG:colcon.colcon_core.package_identification:Package 'src/three_node_pkg' with type 'ros.ament_python' and name 'three_node_pkg'
[0.863s] Level 1:colcon.colcon_core.package_identification:_identify(src/yasiki-test) by extensions ['ignore', 'ignore_ament_install']
[0.863s] Level 1:colcon.colcon_core.package_identification:_identify(src/yasiki-test) by extension 'ignore'
[0.863s] Level 1:colcon.colcon_core.package_identification:_identify(src/yasiki-test) by extension 'ignore_ament_install'
[0.863s] Level 1:colcon.colcon_core.package_identification:_identify(src/yasiki-test) by extensions ['colcon_pkg']
[0.864s] Level 1:colcon.colcon_core.package_identification:_identify(src/yasiki-test) by extension 'colcon_pkg'
[0.864s] Level 1:colcon.colcon_core.package_identification:_identify(src/yasiki-test) by extensions ['colcon_meta']
[0.864s] Level 1:colcon.colcon_core.package_identification:_identify(src/yasiki-test) by extension 'colcon_meta'
[0.864s] Level 1:colcon.colcon_core.package_identification:_identify(src/yasiki-test) by extensions ['ros']
[0.864s] Level 1:colcon.colcon_core.package_identification:_identify(src/yasiki-test) by extension 'ros'
[0.864s] Level 1:colcon.colcon_core.package_identification:_identify(src/yasiki-test) by extensions ['cmake', 'python']
[0.864s] Level 1:colcon.colcon_core.package_identification:_identify(src/yasiki-test) by extension 'cmake'
[0.864s] Level 1:colcon.colcon_core.package_identification:_identify(src/yasiki-test) by extension 'python'
[0.864s] Level 1:colcon.colcon_core.package_identification:_identify(src/yasiki-test) by extensions ['python_setup_py']
[0.864s] Level 1:colcon.colcon_core.package_identification:_identify(src/yasiki-test) by extension 'python_setup_py'
[0.864s] Level 1:colcon.colcon_core.package_discovery:discover_packages(recursive) using defaults
[0.864s] Level 1:colcon.colcon_core.package_discovery:discover_packages(ignore) discover
[0.864s] Level 1:colcon.colcon_core.package_discovery:discover_packages(ignore) using defaults
[0.864s] Level 1:colcon.colcon_core.package_discovery:discover_packages(path) discover
[0.865s] Level 1:colcon.colcon_core.package_discovery:discover_packages(path) using defaults
[0.912s] Level 5:colcon.colcon_core.verb:set package 'gakurobo' build argument 'cmake_args' from command line to 'None'
[0.912s] Level 5:colcon.colcon_core.verb:set package 'gakurobo' build argument 'cmake_target' from command line to 'None'
[0.912s] Level 5:colcon.colcon_core.verb:set package 'gakurobo' build argument 'cmake_target_skip_unavailable' from command line to 'False'
[0.912s] Level 5:colcon.colcon_core.verb:set package 'gakurobo' build argument 'cmake_clean_cache' from command line to 'False'
[0.912s] Level 5:colcon.colcon_core.verb:set package 'gakurobo' build argument 'cmake_clean_first' from command line to 'False'
[0.912s] Level 5:colcon.colcon_core.verb:set package 'gakurobo' build argument 'cmake_force_configure' from command line to 'False'
[0.912s] Level 5:colcon.colcon_core.verb:set package 'gakurobo' build argument 'ament_cmake_args' from command line to 'None'
[0.912s] Level 5:colcon.colcon_core.verb:set package 'gakurobo' build argument 'catkin_cmake_args' from command line to 'None'
[0.912s] Level 5:colcon.colcon_core.verb:set package 'gakurobo' build argument 'catkin_skip_building_tests' from command line to 'False'
[0.913s] DEBUG:colcon.colcon_core.verb:Building package 'gakurobo' with the following arguments: {'ament_cmake_args': None, 'build_base': '/home/yuchel/share_repo/build/gakurobo', 'catkin_cmake_args': None, 'catkin_skip_building_tests': False, 'cmake_args': None, 'cmake_clean_cache': False, 'cmake_clean_first': False, 'cmake_force_configure': False, 'cmake_target': None, 'cmake_target_skip_unavailable': False, 'install_base': '/home/yuchel/share_repo/install/gakurobo', 'merge_install': False, 'path': '/home/yuchel/share_repo/src/gakurobo', 'symlink_install': False, 'test_result_base': None}
[0.913s] Level 5:colcon.colcon_core.verb:set package 'independent_steering' build argument 'cmake_args' from command line to 'None'
[0.913s] Level 5:colcon.colcon_core.verb:set package 'independent_steering' build argument 'cmake_target' from command line to 'None'
[0.913s] Level 5:colcon.colcon_core.verb:set package 'independent_steering' build argument 'cmake_target_skip_unavailable' from command line to 'False'
[0.913s] Level 5:colcon.colcon_core.verb:set package 'independent_steering' build argument 'cmake_clean_cache' from command line to 'False'
[0.913s] Level 5:colcon.colcon_core.verb:set package 'independent_steering' build argument 'cmake_clean_first' from command line to 'False'
[0.913s] Level 5:colcon.colcon_core.verb:set package 'independent_steering' build argument 'cmake_force_configure' from command line to 'False'
[0.913s] Level 5:colcon.colcon_core.verb:set package 'independent_steering' build argument 'ament_cmake_args' from command line to 'None'
[0.913s] Level 5:colcon.colcon_core.verb:set package 'independent_steering' build argument 'catkin_cmake_args' from command line to 'None'
[0.913s] Level 5:colcon.colcon_core.verb:set package 'independent_steering' build argument 'catkin_skip_building_tests' from command line to 'False'
[0.913s] DEBUG:colcon.colcon_core.verb:Building package 'independent_steering' with the following arguments: {'ament_cmake_args': None, 'build_base': '/home/yuchel/share_repo/build/independent_steering', 'catkin_cmake_args': None, 'catkin_skip_building_tests': False, 'cmake_args': None, 'cmake_clean_cache': False, 'cmake_clean_first': False, 'cmake_force_configure': False, 'cmake_target': None, 'cmake_target_skip_unavailable': False, 'install_base': '/home/yuchel/share_repo/install/independent_steering', 'merge_install': False, 'path': '/home/yuchel/share_repo/src/independent_steering', 'symlink_install': False, 'test_result_base': None}
[0.914s] Level 5:colcon.colcon_core.verb:set package 'talk_pkg' build argument 'cmake_args' from command line to 'None'
[0.914s] Level 5:colcon.colcon_core.verb:set package 'talk_pkg' build argument 'cmake_target' from command line to 'None'
[0.914s] Level 5:colcon.colcon_core.verb:set package 'talk_pkg' build argument 'cmake_target_skip_unavailable' from command line to 'False'
[0.914s] Level 5:colcon.colcon_core.verb:set package 'talk_pkg' build argument 'cmake_clean_cache' from command line to 'False'
[0.914s] Level 5:colcon.colcon_core.verb:set package 'talk_pkg' build argument 'cmake_clean_first' from command line to 'False'
[0.914s] Level 5:colcon.colcon_core.verb:set package 'talk_pkg' build argument 'cmake_force_configure' from command line to 'False'
[0.914s] Level 5:colcon.colcon_core.verb:set package 'talk_pkg' build argument 'ament_cmake_args' from command line to 'None'
[0.914s] Level 5:colcon.colcon_core.verb:set package 'talk_pkg' build argument 'catkin_cmake_args' from command line to 'None'
[0.914s] Level 5:colcon.colcon_core.verb:set package 'talk_pkg' build argument 'catkin_skip_building_tests' from command line to 'False'
[0.914s] DEBUG:colcon.colcon_core.verb:Building package 'talk_pkg' with the following arguments: {'ament_cmake_args': None, 'build_base': '/home/yuchel/share_repo/build/talk_pkg', 'catkin_cmake_args': None, 'catkin_skip_building_tests': False, 'cmake_args': None, 'cmake_clean_cache': False, 'cmake_clean_first': False, 'cmake_force_configure': False, 'cmake_target': None, 'cmake_target_skip_unavailable': False, 'install_base': '/home/yuchel/share_repo/install/talk_pkg', 'merge_install': False, 'path': '/home/yuchel/share_repo/src/talk_pkg', 'symlink_install': False, 'test_result_base': None}
[0.915s] Level 5:colcon.colcon_core.verb:set package 'test_pkg' build argument 'cmake_args' from command line to 'None'
[0.915s] Level 5:colcon.colcon_core.verb:set package 'test_pkg' build argument 'cmake_target' from command line to 'None'
[0.915s] Level 5:colcon.colcon_core.verb:set package 'test_pkg' build argument 'cmake_target_skip_unavailable' from command line to 'False'
[0.915s] Level 5:colcon.colcon_core.verb:set package 'test_pkg' build argument 'cmake_clean_cache' from command line to 'False'
[0.915s] Level 5:colcon.colcon_core.verb:set package 'test_pkg' build argument 'cmake_clean_first' from command line to 'False'
[0.915s] Level 5:colcon.colcon_core.verb:set package 'test_pkg' build argument 'cmake_force_configure' from command line to 'False'
[0.915s] Level 5:colcon.colcon_core.verb:set package 'test_pkg' build argument 'ament_cmake_args' from command line to 'None'
[0.915s] Level 5:colcon.colcon_core.verb:set package 'test_pkg' build argument 'catkin_cmake_args' from command line to 'None'
[0.915s] Level 5:colcon.colcon_core.verb:set package 'test_pkg' build argument 'catkin_skip_building_tests' from command line to 'False'
[0.915s] DEBUG:colcon.colcon_core.verb:Building package 'test_pkg' with the following arguments: {'ament_cmake_args': None, 'build_base': '/home/yuchel/share_repo/build/test_pkg', 'catkin_cmake_args': None, 'catkin_skip_building_tests': False, 'cmake_args': None, 'cmake_clean_cache': False, 'cmake_clean_first': False, 'cmake_force_configure': False, 'cmake_target': None, 'cmake_target_skip_unavailable': False, 'install_base': '/home/yuchel/share_repo/install/test_pkg', 'merge_install': False, 'path': '/home/yuchel/share_repo/src/test_pkg', 'symlink_install': False, 'test_result_base': None}
[0.916s] Level 5:colcon.colcon_core.verb:set package 'three_node_pkg' build argument 'cmake_args' from command line to 'None'
[0.916s] Level 5:colcon.colcon_core.verb:set package 'three_node_pkg' build argument 'cmake_target' from command line to 'None'
[0.916s] Level 5:colcon.colcon_core.verb:set package 'three_node_pkg' build argument 'cmake_target_skip_unavailable' from command line to 'False'
[0.916s] Level 5:colcon.colcon_core.verb:set package 'three_node_pkg' build argument 'cmake_clean_cache' from command line to 'False'
[0.916s] Level 5:colcon.colcon_core.verb:set package 'three_node_pkg' build argument 'cmake_clean_first' from command line to 'False'
[0.916s] Level 5:colcon.colcon_core.verb:set package 'three_node_pkg' build argument 'cmake_force_configure' from command line to 'False'
[0.916s] Level 5:colcon.colcon_core.verb:set package 'three_node_pkg' build argument 'ament_cmake_args' from command line to 'None'
[0.916s] Level 5:colcon.colcon_core.verb:set package 'three_node_pkg' build argument 'catkin_cmake_args' from command line to 'None'
[0.916s] Level 5:colcon.colcon_core.verb:set package 'three_node_pkg' build argument 'catkin_skip_building_tests' from command line to 'False'
[0.916s] DEBUG:colcon.colcon_core.verb:Building package 'three_node_pkg' with the following arguments: {'ament_cmake_args': None, 'build_base': '/home/yuchel/share_repo/build/three_node_pkg', 'catkin_cmake_args': None, 'catkin_skip_building_tests': False, 'cmake_args': None, 'cmake_clean_cache': False, 'cmake_clean_first': False, 'cmake_force_configure': False, 'cmake_target': None, 'cmake_target_skip_unavailable': False, 'install_base': '/home/yuchel/share_repo/install/three_node_pkg', 'merge_install': False, 'path': '/home/yuchel/share_repo/src/three_node_pkg', 'symlink_install': False, 'test_result_base': None}
[0.916s] INFO:colcon.colcon_core.executor:Executing jobs using 'parallel' executor
[0.917s] DEBUG:colcon.colcon_parallel_executor.executor.parallel:run_until_complete
[0.918s] INFO:colcon.colcon_ros.task.ament_python.build:Building ROS package in '/home/yuchel/share_repo/src/gakurobo' with build type 'ament_python'
[0.919s] Level 1:colcon.colcon_core.shell:create_environment_hook('gakurobo', 'ament_prefix_path')
[0.934s] INFO:colcon.colcon_core.plugin_system:Skipping extension 'colcon_core.shell.bat': Not used on non-Windows systems
[0.934s] INFO:colcon.colcon_core.shell:Creating environment descriptor '/home/yuchel/share_repo/install/gakurobo/share/gakurobo/hook/ament_prefix_path.dsv'
[0.936s] INFO:colcon.colcon_core.shell:Creating environment hook '/home/yuchel/share_repo/install/gakurobo/share/gakurobo/hook/ament_prefix_path.sh'
[0.938s] DEBUG:colcon.colcon_core.shell:Skip shell extension 'dsv' for command environment
[0.967s] INFO:colcon.colcon_ros.task.ament_python.build:Building ROS package in '/home/yuchel/share_repo/src/independent_steering' with build type 'ament_python'
[0.967s] Level 1:colcon.colcon_core.shell:create_environment_hook('independent_steering', 'ament_prefix_path')
[0.967s] INFO:colcon.colcon_core.shell:Creating environment descriptor '/home/yuchel/share_repo/install/independent_steering/share/independent_steering/hook/ament_prefix_path.dsv'
[0.969s] INFO:colcon.colcon_core.shell:Creating environment hook '/home/yuchel/share_repo/install/independent_steering/share/independent_steering/hook/ament_prefix_path.sh'
[0.970s] DEBUG:colcon.colcon_core.shell:Skip shell extension 'dsv' for command environment
[0.975s] INFO:colcon.colcon_ros.task.ament_python.build:Building ROS package in '/home/yuchel/share_repo/src/talk_pkg' with build type 'ament_python'
[0.975s] Level 1:colcon.colcon_core.shell:create_environment_hook('talk_pkg', 'ament_prefix_path')
[0.975s] INFO:colcon.colcon_core.shell:Creating environment descriptor '/home/yuchel/share_repo/install/talk_pkg/share/talk_pkg/hook/ament_prefix_path.dsv'
[0.977s] INFO:colcon.colcon_core.shell:Creating environment hook '/home/yuchel/share_repo/install/talk_pkg/share/talk_pkg/hook/ament_prefix_path.sh'
[0.978s] DEBUG:colcon.colcon_core.shell:Skip shell extension 'dsv' for command environment
[0.986s] INFO:colcon.colcon_ros.task.ament_python.build:Building ROS package in '/home/yuchel/share_repo/src/test_pkg' with build type 'ament_python'
[0.986s] Level 1:colcon.colcon_core.shell:create_environment_hook('test_pkg', 'ament_prefix_path')
[0.986s] INFO:colcon.colcon_core.shell:Creating environment descriptor '/home/yuchel/share_repo/install/test_pkg/share/test_pkg/hook/ament_prefix_path.dsv'
[0.987s] INFO:colcon.colcon_core.shell:Creating environment hook '/home/yuchel/share_repo/install/test_pkg/share/test_pkg/hook/ament_prefix_path.sh'
[0.988s] DEBUG:colcon.colcon_core.shell:Skip shell extension 'dsv' for command environment
[1.320s] INFO:colcon.colcon_core.task.python.build:Building Python package in '/home/yuchel/share_repo/src/gakurobo'
[1.320s] DEBUG:colcon.colcon_core.shell:Skip shell extension 'dsv' for command environment
[1.638s] INFO:colcon.colcon_core.task.python.build:Building Python package in '/home/yuchel/share_repo/src/independent_steering'
[1.638s] DEBUG:colcon.colcon_core.shell:Skip shell extension 'dsv' for command environment
[1.960s] INFO:colcon.colcon_core.task.python.build:Building Python package in '/home/yuchel/share_repo/src/talk_pkg'
[1.961s] DEBUG:colcon.colcon_core.shell:Skip shell extension 'dsv' for command environment
[2.314s] INFO:colcon.colcon_core.task.python.build:Building Python package in '/home/yuchel/share_repo/src/test_pkg'
[2.314s] DEBUG:colcon.colcon_core.shell:Skip shell extension 'dsv' for command environment
[3.809s] DEBUG:colcon.colcon_core.task.python.build:Available setuptools commands: build_ext, sdist, bdist_dumb, check, install_egg_info, update_catalog, compile_catalog, setopt, bdist_egg, build_py, install_headers, clean, install_data, upload_docs, alias, bdist, upload, symlink_data, dist_info, extract_messages, install_scripts, egg_info, bdist_rpm, init_catalog, rotate, saveopts, register, develop, install, build_scripts, editable_wheel, build_clib, build, install_lib, test, easy_install
[3.812s] DEBUG:colcon.colcon_core.event_handler.log_command:Invoking command in '/home/yuchel/share_repo/src/test_pkg': DEBUGINFOD_URLS=https://debuginfod.ubuntu.com PYTHONPATH=/home/yuchel/share_repo/build/test_pkg/prefix_override:/usr/lib/python3/dist-packages/colcon_core/task/python/colcon_distutils_commands:/home/yuchel/share_repo/install/test_pkg/lib/python3.12/site-packages:${PYTHONPATH} /usr/bin/python3 -W ignore:setup.py install is deprecated -W ignore:easy_install command is deprecated setup.py egg_info --egg-base ../../build/test_pkg build --build-base /home/yuchel/share_repo/build/test_pkg/build install --record /home/yuchel/share_repo/build/test_pkg/install.log --install-scripts $base/lib/test_pkg --single-version-externally-managed install_data
[3.835s] DEBUG:colcon.colcon_core.task.python.build:Available setuptools commands: build_ext, sdist, bdist_dumb, check, install_egg_info, update_catalog, compile_catalog, setopt, bdist_egg, build_py, install_headers, clean, install_data, upload_docs, alias, bdist, upload, symlink_data, dist_info, extract_messages, install_scripts, egg_info, bdist_rpm, init_catalog, rotate, saveopts, register, develop, install, build_scripts, editable_wheel, build_clib, build, install_lib, test, easy_install
[3.838s] DEBUG:colcon.colcon_core.task.python.build:Available setuptools commands: build_ext, sdist, bdist_dumb, check, install_egg_info, update_catalog, compile_catalog, setopt, bdist_egg, build_py, install_headers, clean, install_data, upload_docs, alias, bdist, upload, symlink_data, dist_info, extract_messages, install_scripts, egg_info, bdist_rpm, init_catalog, rotate, saveopts, register, develop, install, build_scripts, editable_wheel, build_clib, build, install_lib, test, easy_install
[3.839s] DEBUG:colcon.colcon_core.event_handler.log_command:Invoking command in '/home/yuchel/share_repo/src/independent_steering': DEBUGINFOD_URLS=https://debuginfod.ubuntu.com PYTHONPATH=/home/yuchel/share_repo/build/independent_steering/prefix_override:/usr/lib/python3/dist-packages/colcon_core/task/python/colcon_distutils_commands:/home/yuchel/share_repo/install/independent_steering/lib/python3.12/site-packages:${PYTHONPATH} /usr/bin/python3 -W ignore:setup.py install is deprecated -W ignore:easy_install command is deprecated setup.py egg_info --egg-base ../../build/independent_steering build --build-base /home/yuchel/share_repo/build/independent_steering/build install --record /home/yuchel/share_repo/build/independent_steering/install.log --install-scripts $base/lib/independent_steering --single-version-externally-managed install_data
[3.841s] DEBUG:colcon.colcon_core.task.python.build:Available setuptools commands: build_ext, sdist, bdist_dumb, check, install_egg_info, update_catalog, compile_catalog, setopt, bdist_egg, build_py, install_headers, clean, install_data, upload_docs, alias, bdist, upload, symlink_data, dist_info, extract_messages, install_scripts, egg_info, bdist_rpm, init_catalog, rotate, saveopts, register, develop, install, build_scripts, editable_wheel, build_clib, build, install_lib, test, easy_install
[3.844s] DEBUG:colcon.colcon_core.event_handler.log_command:Invoking command in '/home/yuchel/share_repo/src/talk_pkg': DEBUGINFOD_URLS=https://debuginfod.ubuntu.com PYTHONPATH=/home/yuchel/share_repo/build/talk_pkg/prefix_override:/usr/lib/python3/dist-packages/colcon_core/task/python/colcon_distutils_commands:/home/yuchel/share_repo/install/talk_pkg/lib/python3.12/site-packages:${PYTHONPATH} /usr/bin/python3 -W ignore:setup.py install is deprecated -W ignore:easy_install command is deprecated setup.py egg_info --egg-base ../../build/talk_pkg build --build-base /home/yuchel/share_repo/build/talk_pkg/build install --record /home/yuchel/share_repo/build/talk_pkg/install.log --install-scripts $base/lib/talk_pkg --single-version-externally-managed install_data
[3.847s] DEBUG:colcon.colcon_core.event_handler.log_command:Invoking command in '/home/yuchel/share_repo/src/gakurobo': DEBUGINFOD_URLS=https://debuginfod.ubuntu.com PYTHONPATH=/home/yuchel/share_repo/build/gakurobo/prefix_override:/usr/lib/python3/dist-packages/colcon_core/task/python/colcon_distutils_commands:/home/yuchel/share_repo/install/gakurobo/lib/python3.12/site-packages:${PYTHONPATH} /usr/bin/python3 -W ignore:setup.py install is deprecated -W ignore:easy_install command is deprecated setup.py egg_info --egg-base ../../build/gakurobo build --build-base /home/yuchel/share_repo/build/gakurobo/build install --record /home/yuchel/share_repo/build/gakurobo/install.log --install-scripts $base/lib/gakurobo --single-version-externally-managed install_data
[4.809s] DEBUG:colcon.colcon_core.event_handler.log_command:Invoked command in '/home/yuchel/share_repo/src/gakurobo' returned '0': DEBUGINFOD_URLS=https://debuginfod.ubuntu.com PYTHONPATH=/home/yuchel/share_repo/build/gakurobo/prefix_override:/usr/lib/python3/dist-packages/colcon_core/task/python/colcon_distutils_commands:/home/yuchel/share_repo/install/gakurobo/lib/python3.12/site-packages:${PYTHONPATH} /usr/bin/python3 -W ignore:setup.py install is deprecated -W ignore:easy_install command is deprecated setup.py egg_info --egg-base ../../build/gakurobo build --build-base /home/yuchel/share_repo/build/gakurobo/build install --record /home/yuchel/share_repo/build/gakurobo/install.log --install-scripts $base/lib/gakurobo --single-version-externally-managed install_data
[4.845s] Level 1:colcon.colcon_core.environment:checking '/home/yuchel/share_repo/install/gakurobo' for CMake module files
[4.846s] Level 1:colcon.colcon_core.environment:checking '/home/yuchel/share_repo/install/gakurobo' for CMake config files
[4.847s] Level 1:colcon.colcon_core.environment:checking '/home/yuchel/share_repo/install/gakurobo/lib'
[4.847s] Level 1:colcon.colcon_core.environment:checking '/home/yuchel/share_repo/install/gakurobo/bin'
[4.847s] Level 1:colcon.colcon_core.environment:checking '/home/yuchel/share_repo/install/gakurobo/lib/pkgconfig/gakurobo.pc'
[4.848s] Level 1:colcon.colcon_core.environment:checking '/home/yuchel/share_repo/install/gakurobo/lib/python3.12/site-packages'
[4.848s] Level 1:colcon.colcon_core.shell:create_environment_hook('gakurobo', 'pythonpath')
[4.848s] INFO:colcon.colcon_core.shell:Creating environment descriptor '/home/yuchel/share_repo/install/gakurobo/share/gakurobo/hook/pythonpath.dsv'
[4.849s] INFO:colcon.colcon_core.shell:Creating environment hook '/home/yuchel/share_repo/install/gakurobo/share/gakurobo/hook/pythonpath.sh'
[4.851s] Level 1:colcon.colcon_core.environment:checking '/home/yuchel/share_repo/install/gakurobo/bin'
[4.851s] Level 1:colcon.colcon_core.environment:create_environment_scripts_only(gakurobo)
[4.851s] INFO:colcon.colcon_core.shell:Creating package descriptor '/home/yuchel/share_repo/install/gakurobo/share/gakurobo/package.dsv'
[4.853s] INFO:colcon.colcon_core.shell:Creating package script '/home/yuchel/share_repo/install/gakurobo/share/gakurobo/package.sh'
[4.855s] INFO:colcon.colcon_core.shell:Creating package script '/home/yuchel/share_repo/install/gakurobo/share/gakurobo/package.bash'
[4.859s] INFO:colcon.colcon_core.shell:Creating package script '/home/yuchel/share_repo/install/gakurobo/share/gakurobo/package.zsh'
[4.863s] Level 1:colcon.colcon_core.environment:create_file_with_runtime_dependencies(/home/yuchel/share_repo/install/gakurobo/share/colcon-core/packages/gakurobo)
[4.865s] INFO:colcon.colcon_ros.task.ament_python.build:Building ROS package in '/home/yuchel/share_repo/src/three_node_pkg' with build type 'ament_python'
[4.866s] Level 1:colcon.colcon_core.shell:create_environment_hook('three_node_pkg', 'ament_prefix_path')
[4.866s] INFO:colcon.colcon_core.shell:Creating environment descriptor '/home/yuchel/share_repo/install/three_node_pkg/share/three_node_pkg/hook/ament_prefix_path.dsv'
[4.867s] INFO:colcon.colcon_core.shell:Creating environment hook '/home/yuchel/share_repo/install/three_node_pkg/share/three_node_pkg/hook/ament_prefix_path.sh'
[4.868s] DEBUG:colcon.colcon_core.shell:Skip shell extension 'dsv' for command environment
[4.880s] Level 1:colcon.colcon_core.environment:checking '/home/yuchel/share_repo/install/test_pkg' for CMake module files
[4.881s] DEBUG:colcon.colcon_core.event_handler.log_command:Invoked command in '/home/yuchel/share_repo/src/test_pkg' returned '0': DEBUGINFOD_URLS=https://debuginfod.ubuntu.com PYTHONPATH=/home/yuchel/share_repo/build/test_pkg/prefix_override:/usr/lib/python3/dist-packages/colcon_core/task/python/colcon_distutils_commands:/home/yuchel/share_repo/install/test_pkg/lib/python3.12/site-packages:${PYTHONPATH} /usr/bin/python3 -W ignore:setup.py install is deprecated -W ignore:easy_install command is deprecated setup.py egg_info --egg-base ../../build/test_pkg build --build-base /home/yuchel/share_repo/build/test_pkg/build install --record /home/yuchel/share_repo/build/test_pkg/install.log --install-scripts $base/lib/test_pkg --single-version-externally-managed install_data
[4.882s] Level 1:colcon.colcon_core.environment:checking '/home/yuchel/share_repo/install/test_pkg' for CMake config files
[4.883s] Level 1:colcon.colcon_core.environment:checking '/home/yuchel/share_repo/install/test_pkg/lib'
[4.883s] Level 1:colcon.colcon_core.environment:checking '/home/yuchel/share_repo/install/test_pkg/bin'
[4.883s] Level 1:colcon.colcon_core.environment:checking '/home/yuchel/share_repo/install/test_pkg/lib/pkgconfig/test_pkg.pc'
[4.884s] Level 1:colcon.colcon_core.environment:checking '/home/yuchel/share_repo/install/test_pkg/lib/python3.12/site-packages'
[4.884s] Level 1:colcon.colcon_core.shell:create_environment_hook('test_pkg', 'pythonpath')
[4.884s] INFO:colcon.colcon_core.shell:Creating environment descriptor '/home/yuchel/share_repo/install/test_pkg/share/test_pkg/hook/pythonpath.dsv'
[4.885s] INFO:colcon.colcon_core.shell:Creating environment hook '/home/yuchel/share_repo/install/test_pkg/share/test_pkg/hook/pythonpath.sh'
[4.887s] Level 1:colcon.colcon_core.environment:checking '/home/yuchel/share_repo/install/test_pkg/bin'
[4.887s] Level 1:colcon.colcon_core.environment:create_environment_scripts_only(test_pkg)
[4.887s] INFO:colcon.colcon_core.shell:Creating package descriptor '/home/yuchel/share_repo/install/test_pkg/share/test_pkg/package.dsv'
[4.888s] INFO:colcon.colcon_core.shell:Creating package script '/home/yuchel/share_repo/install/test_pkg/share/test_pkg/package.sh'
[4.889s] INFO:colcon.colcon_core.shell:Creating package script '/home/yuchel/share_repo/install/test_pkg/share/test_pkg/package.bash'
[4.891s] INFO:colcon.colcon_core.shell:Creating package script '/home/yuchel/share_repo/install/test_pkg/share/test_pkg/package.zsh'
[4.892s] Level 1:colcon.colcon_core.environment:create_file_with_runtime_dependencies(/home/yuchel/share_repo/install/test_pkg/share/colcon-core/packages/test_pkg)
[4.893s] Level 1:colcon.colcon_core.environment:checking '/home/yuchel/share_repo/install/talk_pkg' for CMake module files
[4.893s] Level 1:colcon.colcon_core.environment:checking '/home/yuchel/share_repo/install/talk_pkg' for CMake config files
[4.895s] DEBUG:colcon.colcon_core.event_handler.log_command:Invoked command in '/home/yuchel/share_repo/src/talk_pkg' returned '0': DEBUGINFOD_URLS=https://debuginfod.ubuntu.com PYTHONPATH=/home/yuchel/share_repo/build/talk_pkg/prefix_override:/usr/lib/python3/dist-packages/colcon_core/task/python/colcon_distutils_commands:/home/yuchel/share_repo/install/talk_pkg/lib/python3.12/site-packages:${PYTHONPATH} /usr/bin/python3 -W ignore:setup.py install is deprecated -W ignore:easy_install command is deprecated setup.py egg_info --egg-base ../../build/talk_pkg build --build-base /home/yuchel/share_repo/build/talk_pkg/build install --record /home/yuchel/share_repo/build/talk_pkg/install.log --install-scripts $base/lib/talk_pkg --single-version-externally-managed install_data
[4.896s] Level 1:colcon.colcon_core.environment:checking '/home/yuchel/share_repo/install/talk_pkg/lib'
[4.897s] Level 1:colcon.colcon_core.environment:checking '/home/yuchel/share_repo/install/talk_pkg/bin'
[4.897s] Level 1:colcon.colcon_core.environment:checking '/home/yuchel/share_repo/install/talk_pkg/lib/pkgconfig/talk_pkg.pc'
[4.897s] Level 1:colcon.colcon_core.environment:checking '/home/yuchel/share_repo/install/talk_pkg/lib/python3.12/site-packages'
[4.898s] Level 1:colcon.colcon_core.shell:create_environment_hook('talk_pkg', 'pythonpath')
[4.898s] INFO:colcon.colcon_core.shell:Creating environment descriptor '/home/yuchel/share_repo/install/talk_pkg/share/talk_pkg/hook/pythonpath.dsv'
[4.899s] INFO:colcon.colcon_core.shell:Creating environment hook '/home/yuchel/share_repo/install/talk_pkg/share/talk_pkg/hook/pythonpath.sh'
[4.900s] Level 1:colcon.colcon_core.environment:checking '/home/yuchel/share_repo/install/talk_pkg/bin'
[4.900s] Level 1:colcon.colcon_core.environment:create_environment_scripts_only(talk_pkg)
[4.901s] INFO:colcon.colcon_core.shell:Creating package descriptor '/home/yuchel/share_repo/install/talk_pkg/share/talk_pkg/package.dsv'
[4.902s] INFO:colcon.colcon_core.shell:Creating package script '/home/yuchel/share_repo/install/talk_pkg/share/talk_pkg/package.sh'
[4.902s] INFO:colcon.colcon_core.shell:Creating package script '/home/yuchel/share_repo/install/talk_pkg/share/talk_pkg/package.bash'
[4.903s] INFO:colcon.colcon_core.shell:Creating package script '/home/yuchel/share_repo/install/talk_pkg/share/talk_pkg/package.zsh'
[4.904s] Level 1:colcon.colcon_core.environment:create_file_with_runtime_dependencies(/home/yuchel/share_repo/install/talk_pkg/share/colcon-core/packages/talk_pkg)
[5.201s] INFO:colcon.colcon_core.task.python.build:Building Python package in '/home/yuchel/share_repo/src/three_node_pkg'
[5.202s] DEBUG:colcon.colcon_core.shell:Skip shell extension 'dsv' for command environment
[5.209s] Level 1:colcon.colcon_core.environment:checking '/home/yuchel/share_repo/install/independent_steering' for CMake module files
[5.210s] DEBUG:colcon.colcon_core.event_handler.log_command:Invoked command in '/home/yuchel/share_repo/src/independent_steering' returned '0': DEBUGINFOD_URLS=https://debuginfod.ubuntu.com PYTHONPATH=/home/yuchel/share_repo/build/independent_steering/prefix_override:/usr/lib/python3/dist-packages/colcon_core/task/python/colcon_distutils_commands:/home/yuchel/share_repo/install/independent_steering/lib/python3.12/site-packages:${PYTHONPATH} /usr/bin/python3 -W ignore:setup.py install is deprecated -W ignore:easy_install command is deprecated setup.py egg_info --egg-base ../../build/independent_steering build --build-base /home/yuchel/share_repo/build/independent_steering/build install --record /home/yuchel/share_repo/build/independent_steering/install.log --install-scripts $base/lib/independent_steering --single-version-externally-managed install_data
[5.212s] Level 1:colcon.colcon_core.environment:checking '/home/yuchel/share_repo/install/independent_steering' for CMake config files
[5.213s] Level 1:colcon.colcon_core.environment:checking '/home/yuchel/share_repo/install/independent_steering/lib'
[5.213s] Level 1:colcon.colcon_core.environment:checking '/home/yuchel/share_repo/install/independent_steering/bin'
[5.213s] Level 1:colcon.colcon_core.environment:checking '/home/yuchel/share_repo/install/independent_steering/lib/pkgconfig/independent_steering.pc'
[5.214s] Level 1:colcon.colcon_core.environment:checking '/home/yuchel/share_repo/install/independent_steering/lib/python3.12/site-packages'
[5.214s] Level 1:colcon.colcon_core.shell:create_environment_hook('independent_steering', 'pythonpath')
[5.214s] INFO:colcon.colcon_core.shell:Creating environment descriptor '/home/yuchel/share_repo/install/independent_steering/share/independent_steering/hook/pythonpath.dsv'
[5.216s] INFO:colcon.colcon_core.shell:Creating environment hook '/home/yuchel/share_repo/install/independent_steering/share/independent_steering/hook/pythonpath.sh'
[5.217s] Level 1:colcon.colcon_core.environment:checking '/home/yuchel/share_repo/install/independent_steering/bin'
[5.217s] Level 1:colcon.colcon_core.environment:create_environment_scripts_only(independent_steering)
[5.218s] INFO:colcon.colcon_core.shell:Creating package descriptor '/home/yuchel/share_repo/install/independent_steering/share/independent_steering/package.dsv'
[5.219s] INFO:colcon.colcon_core.shell:Creating package script '/home/yuchel/share_repo/install/independent_steering/share/independent_steering/package.sh'
[5.220s] INFO:colcon.colcon_core.shell:Creating package script '/home/yuchel/share_repo/install/independent_steering/share/independent_steering/package.bash'
[5.221s] INFO:colcon.colcon_core.shell:Creating package script '/home/yuchel/share_repo/install/independent_steering/share/independent_steering/package.zsh'
[5.221s] Level 1:colcon.colcon_core.environment:create_file_with_runtime_dependencies(/home/yuchel/share_repo/install/independent_steering/share/colcon-core/packages/independent_steering)
[6.019s] DEBUG:colcon.colcon_core.task.python.build:Available setuptools commands: build_ext, sdist, bdist_dumb, check, install_egg_info, update_catalog, compile_catalog, setopt, bdist_egg, build_py, install_headers, clean, install_data, upload_docs, alias, bdist, upload, symlink_data, dist_info, extract_messages, install_scripts, egg_info, bdist_rpm, init_catalog, rotate, saveopts, register, develop, install, build_scripts, editable_wheel, build_clib, build, install_lib, test, easy_install
[6.022s] DEBUG:colcon.colcon_core.event_handler.log_command:Invoking command in '/home/yuchel/share_repo/src/three_node_pkg': DEBUGINFOD_URLS=https://debuginfod.ubuntu.com PYTHONPATH=/home/yuchel/share_repo/build/three_node_pkg/prefix_override:/usr/lib/python3/dist-packages/colcon_core/task/python/colcon_distutils_commands:/home/yuchel/share_repo/install/three_node_pkg/lib/python3.12/site-packages:${PYTHONPATH} /usr/bin/python3 -W ignore:setup.py install is deprecated -W ignore:easy_install command is deprecated setup.py egg_info --egg-base ../../build/three_node_pkg build --build-base /home/yuchel/share_repo/build/three_node_pkg/build install --record /home/yuchel/share_repo/build/three_node_pkg/install.log --install-scripts $base/lib/three_node_pkg --single-version-externally-managed install_data
[6.778s] Level 1:colcon.colcon_core.environment:checking '/home/yuchel/share_repo/install/three_node_pkg' for CMake module files
[6.779s] DEBUG:colcon.colcon_core.event_handler.log_command:Invoked command in '/home/yuchel/share_repo/src/three_node_pkg' returned '0': DEBUGINFOD_URLS=https://debuginfod.ubuntu.com PYTHONPATH=/home/yuchel/share_repo/build/three_node_pkg/prefix_override:/usr/lib/python3/dist-packages/colcon_core/task/python/colcon_distutils_commands:/home/yuchel/share_repo/install/three_node_pkg/lib/python3.12/site-packages:${PYTHONPATH} /usr/bin/python3 -W ignore:setup.py install is deprecated -W ignore:easy_install command is deprecated setup.py egg_info --egg-base ../../build/three_node_pkg build --build-base /home/yuchel/share_repo/build/three_node_pkg/build install --record /home/yuchel/share_repo/build/three_node_pkg/install.log --install-scripts $base/lib/three_node_pkg --single-version-externally-managed install_data
[6.781s] Level 1:colcon.colcon_core.environment:checking '/home/yuchel/share_repo/install/three_node_pkg' for CMake config files
[6.781s] Level 1:colcon.colcon_core.environment:checking '/home/yuchel/share_repo/install/three_node_pkg/lib'
[6.782s] Level 1:colcon.colcon_core.environment:checking '/home/yuchel/share_repo/install/three_node_pkg/bin'
[6.782s] Level 1:colcon.colcon_core.environment:checking '/home/yuchel/share_repo/install/three_node_pkg/lib/pkgconfig/three_node_pkg.pc'
[6.782s] Level 1:colcon.colcon_core.environment:checking '/home/yuchel/share_repo/install/three_node_pkg/lib/python3.12/site-packages'
[6.783s] Level 1:colcon.colcon_core.shell:create_environment_hook('three_node_pkg', 'pythonpath')
[6.783s] INFO:colcon.colcon_core.shell:Creating environment descriptor '/home/yuchel/share_repo/install/three_node_pkg/share/three_node_pkg/hook/pythonpath.dsv'
[6.783s] INFO:colcon.colcon_core.shell:Creating environment hook '/home/yuchel/share_repo/install/three_node_pkg/share/three_node_pkg/hook/pythonpath.sh'
[6.785s] Level 1:colcon.colcon_core.environment:checking '/home/yuchel/share_repo/install/three_node_pkg/bin'
[6.785s] Level 1:colcon.colcon_core.environment:create_environment_scripts_only(three_node_pkg)
[6.785s] INFO:colcon.colcon_core.shell:Creating package descriptor '/home/yuchel/share_repo/install/three_node_pkg/share/three_node_pkg/package.dsv'
[6.786s] INFO:colcon.colcon_core.shell:Creating package script '/home/yuchel/share_repo/install/three_node_pkg/share/three_node_pkg/package.sh'
[6.787s] INFO:colcon.colcon_core.shell:Creating package script '/home/yuchel/share_repo/install/three_node_pkg/share/three_node_pkg/package.bash'
[6.787s] INFO:colcon.colcon_core.shell:Creating package script '/home/yuchel/share_repo/install/three_node_pkg/share/three_node_pkg/package.zsh'
[6.788s] Level 1:colcon.colcon_core.environment:create_file_with_runtime_dependencies(/home/yuchel/share_repo/install/three_node_pkg/share/colcon-core/packages/three_node_pkg)
[6.788s] DEBUG:colcon.colcon_parallel_executor.executor.parallel:closing loop
[6.789s] DEBUG:colcon.colcon_parallel_executor.executor.parallel:loop closed
[6.790s] DEBUG:colcon.colcon_parallel_executor.executor.parallel:run_until_complete finished with '0'
[6.792s] DEBUG:colcon.colcon_core.event_reactor:joining thread
[6.835s] INFO:colcon.colcon_core.plugin_system:Skipping extension 'colcon_notification.desktop_notification.terminal_notifier': Not used on non-Darwin systems
[6.835s] INFO:colcon.colcon_core.plugin_system:Skipping extension 'colcon_notification.desktop_notification.win32': Not used on non-Windows systems
[6.835s] INFO:colcon.colcon_notification.desktop_notification:Sending desktop notification using 'notify2'
[6.858s] DEBUG:colcon.colcon_core.event_reactor:joined thread
[6.859s] INFO:colcon.colcon_core.shell:Creating prefix script '/home/yuchel/share_repo/install/local_setup.sh'
[6.861s] INFO:colcon.colcon_core.shell:Creating prefix util module '/home/yuchel/share_repo/install/_local_setup_util_sh.py'
[6.863s] INFO:colcon.colcon_core.shell:Creating prefix chain script '/home/yuchel/share_repo/install/setup.sh'
[6.866s] INFO:colcon.colcon_core.shell:Creating prefix script '/home/yuchel/share_repo/install/local_setup.bash'
[6.867s] INFO:colcon.colcon_core.shell:Creating prefix chain script '/home/yuchel/share_repo/install/setup.bash'
[6.869s] INFO:colcon.colcon_core.shell:Creating prefix script '/home/yuchel/share_repo/install/local_setup.zsh'
[6.871s] INFO:colcon.colcon_core.shell:Creating prefix chain script '/home/yuchel/share_repo/install/setup.zsh'
