[0.584s] DEBUG:colcon:Command line arguments: ['/usr/bin/colcon', 'build']
[0.584s] DEBUG:colcon:Parsed command line arguments: Namespace(log_base=None, log_level=None, verb_name='build', build_base='build', install_base='install', merge_install=False, symlink_install=False, test_result_base=None, continue_on_error=False, executor='parallel', parallel_workers=4, event_handlers=None, ignore_user_meta=False, metas=['./colcon.meta'], base_paths=['.'], packages_ignore=None, packages_ignore_regex=None, paths=None, packages_up_to=None, packages_up_to_regex=None, packages_above=None, packages_above_and_dependencies=None, packages_above_depth=None, packages_select_by_dep=None, packages_skip_by_dep=None, packages_skip_up_to=None, packages_select_build_failed=False, packages_skip_build_finished=False, packages_select_test_failures=False, packages_skip_test_passed=False, packages_select=None, packages_skip=None, packages_select_regex=None, packages_skip_regex=None, packages_start=None, packages_end=None, cmake_args=None, cmake_target=None, cmake_target_skip_unavailable=False, cmake_clean_cache=False, cmake_clean_first=False, cmake_force_configure=False, ament_cmake_args=None, catkin_cmake_args=None, catkin_skip_building_tests=False, verb_parser=<colcon_defaults.argument_parser.defaults.DefaultArgumentsDecorator object at 0x775eaaff7b00>, verb_extension=<colcon_core.verb.build.BuildVerb object at 0x775eaaf483b0>, main=<bound method BuildVerb.main of <colcon_core.verb.build.BuildVerb object at 0x775eaaf483b0>>)
[0.692s] Level 1:colcon.colcon_core.package_discovery:discover_packages(colcon_meta) check parameters
[0.692s] Level 1:colcon.colcon_core.package_discovery:discover_packages(recursive) check parameters
[0.692s] Level 1:colcon.colcon_core.package_discovery:discover_packages(ignore) check parameters
[0.692s] Level 1:colcon.colcon_core.package_discovery:discover_packages(path) check parameters
[0.692s] Level 1:colcon.colcon_core.package_discovery:discover_packages(colcon_meta) discover
[0.692s] Level 1:colcon.colcon_core.package_discovery:discover_packages(recursive) discover
[0.692s] INFO:colcon.colcon_core.package_discovery:Crawling recursively for packages in '/home/yuchel/share_repo'
[0.692s] Level 1:colcon.colcon_core.package_identification:_identify(.) by extensions ['ignore', 'ignore_ament_install']
[0.692s] Level 1:colcon.colcon_core.package_identification:_identify(.) by extension 'ignore'
[0.692s] Level 1:colcon.colcon_core.package_identification:_identify(.) by extension 'ignore_ament_install'
[0.692s] Level 1:colcon.colcon_core.package_identification:_identify(.) by extensions ['colcon_pkg']
[0.692s] Level 1:colcon.colcon_core.package_identification:_identify(.) by extension 'colcon_pkg'
[0.692s] Level 1:colcon.colcon_core.package_identification:_identify(.) by extensions ['colcon_meta']
[0.692s] Level 1:colcon.colcon_core.package_identification:_identify(.) by extension 'colcon_meta'
[0.692s] Level 1:colcon.colcon_core.package_identification:_identify(.) by extensions ['ros']
[0.693s] Level 1:colcon.colcon_core.package_identification:_identify(.) by extension 'ros'
[0.737s] Level 1:colcon.colcon_core.package_identification:_identify(.) by extensions ['cmake', 'python']
[0.737s] Level 1:colcon.colcon_core.package_identification:_identify(.) by extension 'cmake'
[0.737s] Level 1:colcon.colcon_core.package_identification:_identify(.) by extension 'python'
[0.737s] Level 1:colcon.colcon_core.package_identification:_identify(.) by extensions ['python_setup_py']
[0.737s] Level 1:colcon.colcon_core.package_identification:_identify(.) by extension 'python_setup_py'
[0.737s] Level 1:colcon.colcon_core.package_identification:_identify(build) by extensions ['ignore', 'ignore_ament_install']
[0.737s] Level 1:colcon.colcon_core.package_identification:_identify(build) by extension 'ignore'
[0.737s] Level 1:colcon.colcon_core.package_identification:_identify(build) ignored
[0.737s] Level 1:colcon.colcon_core.package_identification:_identify(install) by extensions ['ignore', 'ignore_ament_install']
[0.737s] Level 1:colcon.colcon_core.package_identification:_identify(install) by extension 'ignore'
[0.738s] Level 1:colcon.colcon_core.package_identification:_identify(install) ignored
[0.738s] Level 1:colcon.colcon_core.package_identification:_identify(log) by extensions ['ignore', 'ignore_ament_install']
[0.738s] Level 1:colcon.colcon_core.package_identification:_identify(log) by extension 'ignore'
[0.738s] Level 1:colcon.colcon_core.package_identification:_identify(log) ignored
[0.739s] Level 1:colcon.colcon_core.package_identification:_identify(rosbag2_2026_08_10-22_53_29) by extensions ['ignore', 'ignore_ament_install']
[0.739s] Level 1:colcon.colcon_core.package_identification:_identify(rosbag2_2026_08_10-22_53_29) by extension 'ignore'
[0.739s] Level 1:colcon.colcon_core.package_identification:_identify(rosbag2_2026_08_10-22_53_29) by extension 'ignore_ament_install'
[0.739s] Level 1:colcon.colcon_core.package_identification:_identify(rosbag2_2026_08_10-22_53_29) by extensions ['colcon_pkg']
[0.739s] Level 1:colcon.colcon_core.package_identification:_identify(rosbag2_2026_08_10-22_53_29) by extension 'colcon_pkg'
[0.739s] Level 1:colcon.colcon_core.package_identification:_identify(rosbag2_2026_08_10-22_53_29) by extensions ['colcon_meta']
[0.739s] Level 1:colcon.colcon_core.package_identification:_identify(rosbag2_2026_08_10-22_53_29) by extension 'colcon_meta'
[0.739s] Level 1:colcon.colcon_core.package_identification:_identify(rosbag2_2026_08_10-22_53_29) by extensions ['ros']
[0.739s] Level 1:colcon.colcon_core.package_identification:_identify(rosbag2_2026_08_10-22_53_29) by extension 'ros'
[0.739s] Level 1:colcon.colcon_core.package_identification:_identify(rosbag2_2026_08_10-22_53_29) by extensions ['cmake', 'python']
[0.740s] Level 1:colcon.colcon_core.package_identification:_identify(rosbag2_2026_08_10-22_53_29) by extension 'cmake'
[0.740s] Level 1:colcon.colcon_core.package_identification:_identify(rosbag2_2026_08_10-22_53_29) by extension 'python'
[0.740s] Level 1:colcon.colcon_core.package_identification:_identify(rosbag2_2026_08_10-22_53_29) by extensions ['python_setup_py']
[0.740s] Level 1:colcon.colcon_core.package_identification:_identify(rosbag2_2026_08_10-22_53_29) by extension 'python_setup_py'
[0.740s] Level 1:colcon.colcon_core.package_identification:_identify(src) by extensions ['ignore', 'ignore_ament_install']
[0.741s] Level 1:colcon.colcon_core.package_identification:_identify(src) by extension 'ignore'
[0.741s] Level 1:colcon.colcon_core.package_identification:_identify(src) by extension 'ignore_ament_install'
[0.741s] Level 1:colcon.colcon_core.package_identification:_identify(src) by extensions ['colcon_pkg']
[0.741s] Level 1:colcon.colcon_core.package_identification:_identify(src) by extension 'colcon_pkg'
[0.741s] Level 1:colcon.colcon_core.package_identification:_identify(src) by extensions ['colcon_meta']
[0.741s] Level 1:colcon.colcon_core.package_identification:_identify(src) by extension 'colcon_meta'
[0.741s] Level 1:colcon.colcon_core.package_identification:_identify(src) by extensions ['ros']
[0.741s] Level 1:colcon.colcon_core.package_identification:_identify(src) by extension 'ros'
[0.741s] Level 1:colcon.colcon_core.package_identification:_identify(src) by extensions ['cmake', 'python']
[0.741s] Level 1:colcon.colcon_core.package_identification:_identify(src) by extension 'cmake'
[0.741s] Level 1:colcon.colcon_core.package_identification:_identify(src) by extension 'python'
[0.741s] Level 1:colcon.colcon_core.package_identification:_identify(src) by extensions ['python_setup_py']
[0.741s] Level 1:colcon.colcon_core.package_identification:_identify(src) by extension 'python_setup_py'
[0.742s] Level 1:colcon.colcon_core.package_identification:_identify(src/gakurobo) by extensions ['ignore', 'ignore_ament_install']
[0.742s] Level 1:colcon.colcon_core.package_identification:_identify(src/gakurobo) by extension 'ignore'
[0.742s] Level 1:colcon.colcon_core.package_identification:_identify(src/gakurobo) by extension 'ignore_ament_install'
[0.742s] Level 1:colcon.colcon_core.package_identification:_identify(src/gakurobo) by extensions ['colcon_pkg']
[0.742s] Level 1:colcon.colcon_core.package_identification:_identify(src/gakurobo) by extension 'colcon_pkg'
[0.742s] Level 1:colcon.colcon_core.package_identification:_identify(src/gakurobo) by extensions ['colcon_meta']
[0.742s] Level 1:colcon.colcon_core.package_identification:_identify(src/gakurobo) by extension 'colcon_meta'
[0.742s] Level 1:colcon.colcon_core.package_identification:_identify(src/gakurobo) by extensions ['ros']
[0.742s] Level 1:colcon.colcon_core.package_identification:_identify(src/gakurobo) by extension 'ros'
[0.747s] DEBUG:colcon.colcon_core.package_identification:Package 'src/gakurobo' with type 'ros.ament_python' and name 'gakurobo'
[0.748s] Level 1:colcon.colcon_core.package_identification:_identify(src/independent_steering) by extensions ['ignore', 'ignore_ament_install']
[0.748s] Level 1:colcon.colcon_core.package_identification:_identify(src/independent_steering) by extension 'ignore'
[0.748s] Level 1:colcon.colcon_core.package_identification:_identify(src/independent_steering) by extension 'ignore_ament_install'
[0.748s] Level 1:colcon.colcon_core.package_identification:_identify(src/independent_steering) by extensions ['colcon_pkg']
[0.748s] Level 1:colcon.colcon_core.package_identification:_identify(src/independent_steering) by extension 'colcon_pkg'
[0.748s] Level 1:colcon.colcon_core.package_identification:_identify(src/independent_steering) by extensions ['colcon_meta']
[0.748s] Level 1:colcon.colcon_core.package_identification:_identify(src/independent_steering) by extension 'colcon_meta'
[0.748s] Level 1:colcon.colcon_core.package_identification:_identify(src/independent_steering) by extensions ['ros']
[0.748s] Level 1:colcon.colcon_core.package_identification:_identify(src/independent_steering) by extension 'ros'
[0.749s] DEBUG:colcon.colcon_core.package_identification:Package 'src/independent_steering' with type 'ros.ament_python' and name 'independent_steering'
[0.750s] Level 1:colcon.colcon_core.package_identification:_identify(src/talk_pkg) by extensions ['ignore', 'ignore_ament_install']
[0.750s] Level 1:colcon.colcon_core.package_identification:_identify(src/talk_pkg) by extension 'ignore'
[0.750s] Level 1:colcon.colcon_core.package_identification:_identify(src/talk_pkg) by extension 'ignore_ament_install'
[0.750s] Level 1:colcon.colcon_core.package_identification:_identify(src/talk_pkg) by extensions ['colcon_pkg']
[0.750s] Level 1:colcon.colcon_core.package_identification:_identify(src/talk_pkg) by extension 'colcon_pkg'
[0.750s] Level 1:colcon.colcon_core.package_identification:_identify(src/talk_pkg) by extensions ['colcon_meta']
[0.750s] Level 1:colcon.colcon_core.package_identification:_identify(src/talk_pkg) by extension 'colcon_meta'
[0.750s] Level 1:colcon.colcon_core.package_identification:_identify(src/talk_pkg) by extensions ['ros']
[0.750s] Level 1:colcon.colcon_core.package_identification:_identify(src/talk_pkg) by extension 'ros'
[0.751s] DEBUG:colcon.colcon_core.package_identification:Package 'src/talk_pkg' with type 'ros.ament_python' and name 'talk_pkg'
[0.752s] Level 1:colcon.colcon_core.package_identification:_identify(src/test_pkg) by extensions ['ignore', 'ignore_ament_install']
[0.752s] Level 1:colcon.colcon_core.package_identification:_identify(src/test_pkg) by extension 'ignore'
[0.752s] Level 1:colcon.colcon_core.package_identification:_identify(src/test_pkg) by extension 'ignore_ament_install'
[0.752s] Level 1:colcon.colcon_core.package_identification:_identify(src/test_pkg) by extensions ['colcon_pkg']
[0.752s] Level 1:colcon.colcon_core.package_identification:_identify(src/test_pkg) by extension 'colcon_pkg'
[0.752s] Level 1:colcon.colcon_core.package_identification:_identify(src/test_pkg) by extensions ['colcon_meta']
[0.752s] Level 1:colcon.colcon_core.package_identification:_identify(src/test_pkg) by extension 'colcon_meta'
[0.752s] Level 1:colcon.colcon_core.package_identification:_identify(src/test_pkg) by extensions ['ros']
[0.752s] Level 1:colcon.colcon_core.package_identification:_identify(src/test_pkg) by extension 'ros'
[0.753s] DEBUG:colcon.colcon_core.package_identification:Package 'src/test_pkg' with type 'ros.ament_python' and name 'test_pkg'
[0.754s] Level 1:colcon.colcon_core.package_identification:_identify(src/three_node_pkg) by extensions ['ignore', 'ignore_ament_install']
[0.754s] Level 1:colcon.colcon_core.package_identification:_identify(src/three_node_pkg) by extension 'ignore'
[0.754s] Level 1:colcon.colcon_core.package_identification:_identify(src/three_node_pkg) by extension 'ignore_ament_install'
[0.754s] Level 1:colcon.colcon_core.package_identification:_identify(src/three_node_pkg) by extensions ['colcon_pkg']
[0.754s] Level 1:colcon.colcon_core.package_identification:_identify(src/three_node_pkg) by extension 'colcon_pkg'
[0.754s] Level 1:colcon.colcon_core.package_identification:_identify(src/three_node_pkg) by extensions ['colcon_meta']
[0.754s] Level 1:colcon.colcon_core.package_identification:_identify(src/three_node_pkg) by extension 'colcon_meta'
[0.754s] Level 1:colcon.colcon_core.package_identification:_identify(src/three_node_pkg) by extensions ['ros']
[0.754s] Level 1:colcon.colcon_core.package_identification:_identify(src/three_node_pkg) by extension 'ros'
[0.757s] DEBUG:colcon.colcon_core.package_identification:Package 'src/three_node_pkg' with type 'ros.ament_python' and name 'three_node_pkg'
[0.757s] Level 1:colcon.colcon_core.package_identification:_identify(src/yasiki-test) by extensions ['ignore', 'ignore_ament_install']
[0.757s] Level 1:colcon.colcon_core.package_identification:_identify(src/yasiki-test) by extension 'ignore'
[0.758s] Level 1:colcon.colcon_core.package_identification:_identify(src/yasiki-test) by extension 'ignore_ament_install'
[0.758s] Level 1:colcon.colcon_core.package_identification:_identify(src/yasiki-test) by extensions ['colcon_pkg']
[0.758s] Level 1:colcon.colcon_core.package_identification:_identify(src/yasiki-test) by extension 'colcon_pkg'
[0.758s] Level 1:colcon.colcon_core.package_identification:_identify(src/yasiki-test) by extensions ['colcon_meta']
[0.758s] Level 1:colcon.colcon_core.package_identification:_identify(src/yasiki-test) by extension 'colcon_meta'
[0.758s] Level 1:colcon.colcon_core.package_identification:_identify(src/yasiki-test) by extensions ['ros']
[0.758s] Level 1:colcon.colcon_core.package_identification:_identify(src/yasiki-test) by extension 'ros'
[0.758s] Level 1:colcon.colcon_core.package_identification:_identify(src/yasiki-test) by extensions ['cmake', 'python']
[0.758s] Level 1:colcon.colcon_core.package_identification:_identify(src/yasiki-test) by extension 'cmake'
[0.758s] Level 1:colcon.colcon_core.package_identification:_identify(src/yasiki-test) by extension 'python'
[0.758s] Level 1:colcon.colcon_core.package_identification:_identify(src/yasiki-test) by extensions ['python_setup_py']
[0.758s] Level 1:colcon.colcon_core.package_identification:_identify(src/yasiki-test) by extension 'python_setup_py'
[0.758s] Level 1:colcon.colcon_core.package_discovery:discover_packages(recursive) using defaults
[0.758s] Level 1:colcon.colcon_core.package_discovery:discover_packages(ignore) discover
[0.758s] Level 1:colcon.colcon_core.package_discovery:discover_packages(ignore) using defaults
[0.758s] Level 1:colcon.colcon_core.package_discovery:discover_packages(path) discover
[0.758s] Level 1:colcon.colcon_core.package_discovery:discover_packages(path) using defaults
[0.800s] Level 5:colcon.colcon_core.verb:set package 'gakurobo' build argument 'cmake_args' from command line to 'None'
[0.800s] Level 5:colcon.colcon_core.verb:set package 'gakurobo' build argument 'cmake_target' from command line to 'None'
[0.800s] Level 5:colcon.colcon_core.verb:set package 'gakurobo' build argument 'cmake_target_skip_unavailable' from command line to 'False'
[0.800s] Level 5:colcon.colcon_core.verb:set package 'gakurobo' build argument 'cmake_clean_cache' from command line to 'False'
[0.800s] Level 5:colcon.colcon_core.verb:set package 'gakurobo' build argument 'cmake_clean_first' from command line to 'False'
[0.800s] Level 5:colcon.colcon_core.verb:set package 'gakurobo' build argument 'cmake_force_configure' from command line to 'False'
[0.800s] Level 5:colcon.colcon_core.verb:set package 'gakurobo' build argument 'ament_cmake_args' from command line to 'None'
[0.800s] Level 5:colcon.colcon_core.verb:set package 'gakurobo' build argument 'catkin_cmake_args' from command line to 'None'
[0.800s] Level 5:colcon.colcon_core.verb:set package 'gakurobo' build argument 'catkin_skip_building_tests' from command line to 'False'
[0.801s] DEBUG:colcon.colcon_core.verb:Building package 'gakurobo' with the following arguments: {'ament_cmake_args': None, 'build_base': '/home/yuchel/share_repo/build/gakurobo', 'catkin_cmake_args': None, 'catkin_skip_building_tests': False, 'cmake_args': None, 'cmake_clean_cache': False, 'cmake_clean_first': False, 'cmake_force_configure': False, 'cmake_target': None, 'cmake_target_skip_unavailable': False, 'install_base': '/home/yuchel/share_repo/install/gakurobo', 'merge_install': False, 'path': '/home/yuchel/share_repo/src/gakurobo', 'symlink_install': False, 'test_result_base': None}
[0.801s] Level 5:colcon.colcon_core.verb:set package 'independent_steering' build argument 'cmake_args' from command line to 'None'
[0.801s] Level 5:colcon.colcon_core.verb:set package 'independent_steering' build argument 'cmake_target' from command line to 'None'
[0.801s] Level 5:colcon.colcon_core.verb:set package 'independent_steering' build argument 'cmake_target_skip_unavailable' from command line to 'False'
[0.801s] Level 5:colcon.colcon_core.verb:set package 'independent_steering' build argument 'cmake_clean_cache' from command line to 'False'
[0.801s] Level 5:colcon.colcon_core.verb:set package 'independent_steering' build argument 'cmake_clean_first' from command line to 'False'
[0.801s] Level 5:colcon.colcon_core.verb:set package 'independent_steering' build argument 'cmake_force_configure' from command line to 'False'
[0.801s] Level 5:colcon.colcon_core.verb:set package 'independent_steering' build argument 'ament_cmake_args' from command line to 'None'
[0.801s] Level 5:colcon.colcon_core.verb:set package 'independent_steering' build argument 'catkin_cmake_args' from command line to 'None'
[0.801s] Level 5:colcon.colcon_core.verb:set package 'independent_steering' build argument 'catkin_skip_building_tests' from command line to 'False'
[0.801s] DEBUG:colcon.colcon_core.verb:Building package 'independent_steering' with the following arguments: {'ament_cmake_args': None, 'build_base': '/home/yuchel/share_repo/build/independent_steering', 'catkin_cmake_args': None, 'catkin_skip_building_tests': False, 'cmake_args': None, 'cmake_clean_cache': False, 'cmake_clean_first': False, 'cmake_force_configure': False, 'cmake_target': None, 'cmake_target_skip_unavailable': False, 'install_base': '/home/yuchel/share_repo/install/independent_steering', 'merge_install': False, 'path': '/home/yuchel/share_repo/src/independent_steering', 'symlink_install': False, 'test_result_base': None}
[0.801s] Level 5:colcon.colcon_core.verb:set package 'talk_pkg' build argument 'cmake_args' from command line to 'None'
[0.801s] Level 5:colcon.colcon_core.verb:set package 'talk_pkg' build argument 'cmake_target' from command line to 'None'
[0.801s] Level 5:colcon.colcon_core.verb:set package 'talk_pkg' build argument 'cmake_target_skip_unavailable' from command line to 'False'
[0.801s] Level 5:colcon.colcon_core.verb:set package 'talk_pkg' build argument 'cmake_clean_cache' from command line to 'False'
[0.801s] Level 5:colcon.colcon_core.verb:set package 'talk_pkg' build argument 'cmake_clean_first' from command line to 'False'
[0.801s] Level 5:colcon.colcon_core.verb:set package 'talk_pkg' build argument 'cmake_force_configure' from command line to 'False'
[0.801s] Level 5:colcon.colcon_core.verb:set package 'talk_pkg' build argument 'ament_cmake_args' from command line to 'None'
[0.801s] Level 5:colcon.colcon_core.verb:set package 'talk_pkg' build argument 'catkin_cmake_args' from command line to 'None'
[0.802s] Level 5:colcon.colcon_core.verb:set package 'talk_pkg' build argument 'catkin_skip_building_tests' from command line to 'False'
[0.802s] DEBUG:colcon.colcon_core.verb:Building package 'talk_pkg' with the following arguments: {'ament_cmake_args': None, 'build_base': '/home/yuchel/share_repo/build/talk_pkg', 'catkin_cmake_args': None, 'catkin_skip_building_tests': False, 'cmake_args': None, 'cmake_clean_cache': False, 'cmake_clean_first': False, 'cmake_force_configure': False, 'cmake_target': None, 'cmake_target_skip_unavailable': False, 'install_base': '/home/yuchel/share_repo/install/talk_pkg', 'merge_install': False, 'path': '/home/yuchel/share_repo/src/talk_pkg', 'symlink_install': False, 'test_result_base': None}
[0.802s] Level 5:colcon.colcon_core.verb:set package 'test_pkg' build argument 'cmake_args' from command line to 'None'
[0.802s] Level 5:colcon.colcon_core.verb:set package 'test_pkg' build argument 'cmake_target' from command line to 'None'
[0.802s] Level 5:colcon.colcon_core.verb:set package 'test_pkg' build argument 'cmake_target_skip_unavailable' from command line to 'False'
[0.802s] Level 5:colcon.colcon_core.verb:set package 'test_pkg' build argument 'cmake_clean_cache' from command line to 'False'
[0.802s] Level 5:colcon.colcon_core.verb:set package 'test_pkg' build argument 'cmake_clean_first' from command line to 'False'
[0.802s] Level 5:colcon.colcon_core.verb:set package 'test_pkg' build argument 'cmake_force_configure' from command line to 'False'
[0.802s] Level 5:colcon.colcon_core.verb:set package 'test_pkg' build argument 'ament_cmake_args' from command line to 'None'
[0.802s] Level 5:colcon.colcon_core.verb:set package 'test_pkg' build argument 'catkin_cmake_args' from command line to 'None'
[0.802s] Level 5:colcon.colcon_core.verb:set package 'test_pkg' build argument 'catkin_skip_building_tests' from command line to 'False'
[0.802s] DEBUG:colcon.colcon_core.verb:Building package 'test_pkg' with the following arguments: {'ament_cmake_args': None, 'build_base': '/home/yuchel/share_repo/build/test_pkg', 'catkin_cmake_args': None, 'catkin_skip_building_tests': False, 'cmake_args': None, 'cmake_clean_cache': False, 'cmake_clean_first': False, 'cmake_force_configure': False, 'cmake_target': None, 'cmake_target_skip_unavailable': False, 'install_base': '/home/yuchel/share_repo/install/test_pkg', 'merge_install': False, 'path': '/home/yuchel/share_repo/src/test_pkg', 'symlink_install': False, 'test_result_base': None}
[0.802s] Level 5:colcon.colcon_core.verb:set package 'three_node_pkg' build argument 'cmake_args' from command line to 'None'
[0.802s] Level 5:colcon.colcon_core.verb:set package 'three_node_pkg' build argument 'cmake_target' from command line to 'None'
[0.802s] Level 5:colcon.colcon_core.verb:set package 'three_node_pkg' build argument 'cmake_target_skip_unavailable' from command line to 'False'
[0.802s] Level 5:colcon.colcon_core.verb:set package 'three_node_pkg' build argument 'cmake_clean_cache' from command line to 'False'
[0.802s] Level 5:colcon.colcon_core.verb:set package 'three_node_pkg' build argument 'cmake_clean_first' from command line to 'False'
[0.802s] Level 5:colcon.colcon_core.verb:set package 'three_node_pkg' build argument 'cmake_force_configure' from command line to 'False'
[0.802s] Level 5:colcon.colcon_core.verb:set package 'three_node_pkg' build argument 'ament_cmake_args' from command line to 'None'
[0.802s] Level 5:colcon.colcon_core.verb:set package 'three_node_pkg' build argument 'catkin_cmake_args' from command line to 'None'
[0.802s] Level 5:colcon.colcon_core.verb:set package 'three_node_pkg' build argument 'catkin_skip_building_tests' from command line to 'False'
[0.802s] DEBUG:colcon.colcon_core.verb:Building package 'three_node_pkg' with the following arguments: {'ament_cmake_args': None, 'build_base': '/home/yuchel/share_repo/build/three_node_pkg', 'catkin_cmake_args': None, 'catkin_skip_building_tests': False, 'cmake_args': None, 'cmake_clean_cache': False, 'cmake_clean_first': False, 'cmake_force_configure': False, 'cmake_target': None, 'cmake_target_skip_unavailable': False, 'install_base': '/home/yuchel/share_repo/install/three_node_pkg', 'merge_install': False, 'path': '/home/yuchel/share_repo/src/three_node_pkg', 'symlink_install': False, 'test_result_base': None}
[0.802s] INFO:colcon.colcon_core.executor:Executing jobs using 'parallel' executor
[0.804s] DEBUG:colcon.colcon_parallel_executor.executor.parallel:run_until_complete
[0.805s] INFO:colcon.colcon_ros.task.ament_python.build:Building ROS package in '/home/yuchel/share_repo/src/gakurobo' with build type 'ament_python'
[0.806s] Level 1:colcon.colcon_core.shell:create_environment_hook('gakurobo', 'ament_prefix_path')
[0.826s] INFO:colcon.colcon_core.plugin_system:Skipping extension 'colcon_core.shell.bat': Not used on non-Windows systems
[0.827s] INFO:colcon.colcon_core.shell:Creating environment descriptor '/home/yuchel/share_repo/install/gakurobo/share/gakurobo/hook/ament_prefix_path.dsv'
[0.831s] INFO:colcon.colcon_core.shell:Creating environment hook '/home/yuchel/share_repo/install/gakurobo/share/gakurobo/hook/ament_prefix_path.sh'
[0.833s] DEBUG:colcon.colcon_core.shell:Skip shell extension 'dsv' for command environment
[0.847s] INFO:colcon.colcon_ros.task.ament_python.build:Building ROS package in '/home/yuchel/share_repo/src/independent_steering' with build type 'ament_python'
[0.847s] Level 1:colcon.colcon_core.shell:create_environment_hook('independent_steering', 'ament_prefix_path')
[0.847s] INFO:colcon.colcon_core.shell:Creating environment descriptor '/home/yuchel/share_repo/install/independent_steering/share/independent_steering/hook/ament_prefix_path.dsv'
[0.874s] INFO:colcon.colcon_core.shell:Creating environment hook '/home/yuchel/share_repo/install/independent_steering/share/independent_steering/hook/ament_prefix_path.sh'
[0.876s] DEBUG:colcon.colcon_core.shell:Skip shell extension 'dsv' for command environment
[0.882s] INFO:colcon.colcon_ros.task.ament_python.build:Building ROS package in '/home/yuchel/share_repo/src/talk_pkg' with build type 'ament_python'
[0.882s] Level 1:colcon.colcon_core.shell:create_environment_hook('talk_pkg', 'ament_prefix_path')
[0.882s] INFO:colcon.colcon_core.shell:Creating environment descriptor '/home/yuchel/share_repo/install/talk_pkg/share/talk_pkg/hook/ament_prefix_path.dsv'
[0.886s] INFO:colcon.colcon_core.shell:Creating environment hook '/home/yuchel/share_repo/install/talk_pkg/share/talk_pkg/hook/ament_prefix_path.sh'
[0.887s] DEBUG:colcon.colcon_core.shell:Skip shell extension 'dsv' for command environment
[0.896s] INFO:colcon.colcon_ros.task.ament_python.build:Building ROS package in '/home/yuchel/share_repo/src/test_pkg' with build type 'ament_python'
[0.896s] Level 1:colcon.colcon_core.shell:create_environment_hook('test_pkg', 'ament_prefix_path')
[0.896s] INFO:colcon.colcon_core.shell:Creating environment descriptor '/home/yuchel/share_repo/install/test_pkg/share/test_pkg/hook/ament_prefix_path.dsv'
[0.900s] INFO:colcon.colcon_core.shell:Creating environment hook '/home/yuchel/share_repo/install/test_pkg/share/test_pkg/hook/ament_prefix_path.sh'
[0.901s] DEBUG:colcon.colcon_core.shell:Skip shell extension 'dsv' for command environment
[1.191s] INFO:colcon.colcon_core.task.python.build:Building Python package in '/home/yuchel/share_repo/src/gakurobo'
[1.191s] DEBUG:colcon.colcon_core.shell:Skip shell extension 'dsv' for command environment
[1.480s] INFO:colcon.colcon_core.task.python.build:Building Python package in '/home/yuchel/share_repo/src/independent_steering'
[1.480s] DEBUG:colcon.colcon_core.shell:Skip shell extension 'dsv' for command environment
[1.802s] INFO:colcon.colcon_core.task.python.build:Building Python package in '/home/yuchel/share_repo/src/talk_pkg'
[1.803s] DEBUG:colcon.colcon_core.shell:Skip shell extension 'dsv' for command environment
[2.114s] INFO:colcon.colcon_core.task.python.build:Building Python package in '/home/yuchel/share_repo/src/test_pkg'
[2.114s] DEBUG:colcon.colcon_core.shell:Skip shell extension 'dsv' for command environment
[3.548s] DEBUG:colcon.colcon_core.task.python.build:Available setuptools commands: clean, install_scripts, bdist, easy_install, upload, symlink_data, build_ext, develop, init_catalog, setopt, test, install_data, register, egg_info, sdist, bdist_dumb, install_lib, install_headers, install_egg_info, compile_catalog, extract_messages, build, build_scripts, upload_docs, bdist_egg, bdist_rpm, build_clib, alias, check, update_catalog, rotate, saveopts, build_py, editable_wheel, dist_info, install
[3.554s] DEBUG:colcon.colcon_core.event_handler.log_command:Invoking command in '/home/yuchel/share_repo/src/test_pkg': DEBUGINFOD_URLS=https://debuginfod.ubuntu.com PYTHONPATH=/home/yuchel/share_repo/build/test_pkg/prefix_override:/usr/lib/python3/dist-packages/colcon_core/task/python/colcon_distutils_commands:/home/yuchel/share_repo/install/test_pkg/lib/python3.12/site-packages:${PYTHONPATH} /usr/bin/python3 -W ignore:setup.py install is deprecated -W ignore:easy_install command is deprecated setup.py egg_info --egg-base ../../build/test_pkg build --build-base /home/yuchel/share_repo/build/test_pkg/build install --record /home/yuchel/share_repo/build/test_pkg/install.log --install-scripts $base/lib/test_pkg --single-version-externally-managed install_data
[3.577s] DEBUG:colcon.colcon_core.task.python.build:Available setuptools commands: clean, install_scripts, bdist, easy_install, upload, symlink_data, build_ext, develop, init_catalog, setopt, test, install_data, register, egg_info, sdist, bdist_dumb, install_lib, install_headers, install_egg_info, compile_catalog, extract_messages, build, build_scripts, upload_docs, bdist_egg, bdist_rpm, build_clib, alias, check, update_catalog, rotate, saveopts, build_py, editable_wheel, dist_info, install
[3.582s] DEBUG:colcon.colcon_core.event_handler.log_command:Invoking command in '/home/yuchel/share_repo/src/independent_steering': DEBUGINFOD_URLS=https://debuginfod.ubuntu.com PYTHONPATH=/home/yuchel/share_repo/build/independent_steering/prefix_override:/usr/lib/python3/dist-packages/colcon_core/task/python/colcon_distutils_commands:/home/yuchel/share_repo/install/independent_steering/lib/python3.12/site-packages:${PYTHONPATH} /usr/bin/python3 -W ignore:setup.py install is deprecated -W ignore:easy_install command is deprecated setup.py egg_info --egg-base ../../build/independent_steering build --build-base /home/yuchel/share_repo/build/independent_steering/build install --record /home/yuchel/share_repo/build/independent_steering/install.log --install-scripts $base/lib/independent_steering --single-version-externally-managed install_data
[3.584s] DEBUG:colcon.colcon_core.task.python.build:Available setuptools commands: clean, install_scripts, bdist, easy_install, upload, symlink_data, build_ext, develop, init_catalog, setopt, test, install_data, register, egg_info, sdist, bdist_dumb, install_lib, install_headers, install_egg_info, compile_catalog, extract_messages, build, build_scripts, upload_docs, bdist_egg, bdist_rpm, build_clib, alias, check, update_catalog, rotate, saveopts, build_py, editable_wheel, dist_info, install
[3.586s] DEBUG:colcon.colcon_core.task.python.build:Available setuptools commands: clean, install_scripts, bdist, easy_install, upload, symlink_data, build_ext, develop, init_catalog, setopt, test, install_data, register, egg_info, sdist, bdist_dumb, install_lib, install_headers, install_egg_info, compile_catalog, extract_messages, build, build_scripts, upload_docs, bdist_egg, bdist_rpm, build_clib, alias, check, update_catalog, rotate, saveopts, build_py, editable_wheel, dist_info, install
[3.589s] DEBUG:colcon.colcon_core.event_handler.log_command:Invoking command in '/home/yuchel/share_repo/src/gakurobo': DEBUGINFOD_URLS=https://debuginfod.ubuntu.com PYTHONPATH=/home/yuchel/share_repo/build/gakurobo/prefix_override:/usr/lib/python3/dist-packages/colcon_core/task/python/colcon_distutils_commands:/home/yuchel/share_repo/install/gakurobo/lib/python3.12/site-packages:${PYTHONPATH} /usr/bin/python3 -W ignore:setup.py install is deprecated -W ignore:easy_install command is deprecated setup.py egg_info --egg-base ../../build/gakurobo build --build-base /home/yuchel/share_repo/build/gakurobo/build install --record /home/yuchel/share_repo/build/gakurobo/install.log --install-scripts $base/lib/gakurobo --single-version-externally-managed install_data
[3.592s] DEBUG:colcon.colcon_core.event_handler.log_command:Invoking command in '/home/yuchel/share_repo/src/talk_pkg': DEBUGINFOD_URLS=https://debuginfod.ubuntu.com PYTHONPATH=/home/yuchel/share_repo/build/talk_pkg/prefix_override:/usr/lib/python3/dist-packages/colcon_core/task/python/colcon_distutils_commands:/home/yuchel/share_repo/install/talk_pkg/lib/python3.12/site-packages:${PYTHONPATH} /usr/bin/python3 -W ignore:setup.py install is deprecated -W ignore:easy_install command is deprecated setup.py egg_info --egg-base ../../build/talk_pkg build --build-base /home/yuchel/share_repo/build/talk_pkg/build install --record /home/yuchel/share_repo/build/talk_pkg/install.log --install-scripts $base/lib/talk_pkg --single-version-externally-managed install_data
[4.384s] DEBUG:colcon.colcon_core.event_handler.log_command:Invoked command in '/home/yuchel/share_repo/src/talk_pkg' returned '0': DEBUGINFOD_URLS=https://debuginfod.ubuntu.com PYTHONPATH=/home/yuchel/share_repo/build/talk_pkg/prefix_override:/usr/lib/python3/dist-packages/colcon_core/task/python/colcon_distutils_commands:/home/yuchel/share_repo/install/talk_pkg/lib/python3.12/site-packages:${PYTHONPATH} /usr/bin/python3 -W ignore:setup.py install is deprecated -W ignore:easy_install command is deprecated setup.py egg_info --egg-base ../../build/talk_pkg build --build-base /home/yuchel/share_repo/build/talk_pkg/build install --record /home/yuchel/share_repo/build/talk_pkg/install.log --install-scripts $base/lib/talk_pkg --single-version-externally-managed install_data
[4.405s] Level 1:colcon.colcon_core.environment:checking '/home/yuchel/share_repo/install/talk_pkg' for CMake module files
[4.406s] Level 1:colcon.colcon_core.environment:checking '/home/yuchel/share_repo/install/talk_pkg' for CMake config files
[4.409s] Level 1:colcon.colcon_core.environment:checking '/home/yuchel/share_repo/install/talk_pkg/lib'
[4.410s] Level 1:colcon.colcon_core.environment:checking '/home/yuchel/share_repo/install/talk_pkg/bin'
[4.410s] Level 1:colcon.colcon_core.environment:checking '/home/yuchel/share_repo/install/talk_pkg/lib/pkgconfig/talk_pkg.pc'
[4.411s] Level 1:colcon.colcon_core.environment:checking '/home/yuchel/share_repo/install/talk_pkg/lib/python3.12/site-packages'
[4.411s] Level 1:colcon.colcon_core.shell:create_environment_hook('talk_pkg', 'pythonpath')
[4.411s] INFO:colcon.colcon_core.shell:Creating environment descriptor '/home/yuchel/share_repo/install/talk_pkg/share/talk_pkg/hook/pythonpath.dsv'
[4.413s] INFO:colcon.colcon_core.shell:Creating environment hook '/home/yuchel/share_repo/install/talk_pkg/share/talk_pkg/hook/pythonpath.sh'
[4.415s] Level 1:colcon.colcon_core.environment:checking '/home/yuchel/share_repo/install/talk_pkg/bin'
[4.415s] Level 1:colcon.colcon_core.environment:create_environment_scripts_only(talk_pkg)
[4.416s] INFO:colcon.colcon_core.shell:Creating package descriptor '/home/yuchel/share_repo/install/talk_pkg/share/talk_pkg/package.dsv'
[4.418s] INFO:colcon.colcon_core.shell:Creating package script '/home/yuchel/share_repo/install/talk_pkg/share/talk_pkg/package.sh'
[4.421s] INFO:colcon.colcon_core.shell:Creating package script '/home/yuchel/share_repo/install/talk_pkg/share/talk_pkg/package.bash'
[4.424s] INFO:colcon.colcon_core.shell:Creating package script '/home/yuchel/share_repo/install/talk_pkg/share/talk_pkg/package.zsh'
[4.428s] Level 1:colcon.colcon_core.environment:create_file_with_runtime_dependencies(/home/yuchel/share_repo/install/talk_pkg/share/colcon-core/packages/talk_pkg)
[4.429s] INFO:colcon.colcon_ros.task.ament_python.build:Building ROS package in '/home/yuchel/share_repo/src/three_node_pkg' with build type 'ament_python'
[4.429s] Level 1:colcon.colcon_core.shell:create_environment_hook('three_node_pkg', 'ament_prefix_path')
[4.430s] INFO:colcon.colcon_core.shell:Creating environment descriptor '/home/yuchel/share_repo/install/three_node_pkg/share/three_node_pkg/hook/ament_prefix_path.dsv'
[4.434s] INFO:colcon.colcon_core.shell:Creating environment hook '/home/yuchel/share_repo/install/three_node_pkg/share/three_node_pkg/hook/ament_prefix_path.sh'
[4.437s] DEBUG:colcon.colcon_core.shell:Skip shell extension 'dsv' for command environment
[4.731s] INFO:colcon.colcon_core.task.python.build:Building Python package in '/home/yuchel/share_repo/src/three_node_pkg'
[4.731s] DEBUG:colcon.colcon_core.shell:Skip shell extension 'dsv' for command environment
[4.736s] Level 1:colcon.colcon_core.environment:checking '/home/yuchel/share_repo/install/gakurobo' for CMake module files
[4.737s] Level 1:colcon.colcon_core.environment:checking '/home/yuchel/share_repo/install/gakurobo' for CMake config files
[4.738s] DEBUG:colcon.colcon_core.event_handler.log_command:Invoked command in '/home/yuchel/share_repo/src/gakurobo' returned '0': DEBUGINFOD_URLS=https://debuginfod.ubuntu.com PYTHONPATH=/home/yuchel/share_repo/build/gakurobo/prefix_override:/usr/lib/python3/dist-packages/colcon_core/task/python/colcon_distutils_commands:/home/yuchel/share_repo/install/gakurobo/lib/python3.12/site-packages:${PYTHONPATH} /usr/bin/python3 -W ignore:setup.py install is deprecated -W ignore:easy_install command is deprecated setup.py egg_info --egg-base ../../build/gakurobo build --build-base /home/yuchel/share_repo/build/gakurobo/build install --record /home/yuchel/share_repo/build/gakurobo/install.log --install-scripts $base/lib/gakurobo --single-version-externally-managed install_data
[4.748s] Level 1:colcon.colcon_core.environment:checking '/home/yuchel/share_repo/install/gakurobo/lib'
[4.749s] Level 1:colcon.colcon_core.environment:checking '/home/yuchel/share_repo/install/gakurobo/bin'
[4.749s] Level 1:colcon.colcon_core.environment:checking '/home/yuchel/share_repo/install/gakurobo/lib/pkgconfig/gakurobo.pc'
[4.750s] Level 1:colcon.colcon_core.environment:checking '/home/yuchel/share_repo/install/gakurobo/lib/python3.12/site-packages'
[4.750s] Level 1:colcon.colcon_core.shell:create_environment_hook('gakurobo', 'pythonpath')
[4.751s] INFO:colcon.colcon_core.shell:Creating environment descriptor '/home/yuchel/share_repo/install/gakurobo/share/gakurobo/hook/pythonpath.dsv'
[4.752s] INFO:colcon.colcon_core.shell:Creating environment hook '/home/yuchel/share_repo/install/gakurobo/share/gakurobo/hook/pythonpath.sh'
[4.753s] Level 1:colcon.colcon_core.environment:checking '/home/yuchel/share_repo/install/gakurobo/bin'
[4.753s] Level 1:colcon.colcon_core.environment:create_environment_scripts_only(gakurobo)
[4.753s] INFO:colcon.colcon_core.shell:Creating package descriptor '/home/yuchel/share_repo/install/gakurobo/share/gakurobo/package.dsv'
[4.754s] INFO:colcon.colcon_core.shell:Creating package script '/home/yuchel/share_repo/install/gakurobo/share/gakurobo/package.sh'
[4.755s] INFO:colcon.colcon_core.shell:Creating package script '/home/yuchel/share_repo/install/gakurobo/share/gakurobo/package.bash'
[4.756s] INFO:colcon.colcon_core.shell:Creating package script '/home/yuchel/share_repo/install/gakurobo/share/gakurobo/package.zsh'
[4.756s] Level 1:colcon.colcon_core.environment:create_file_with_runtime_dependencies(/home/yuchel/share_repo/install/gakurobo/share/colcon-core/packages/gakurobo)
[4.758s] Level 1:colcon.colcon_core.environment:checking '/home/yuchel/share_repo/install/independent_steering' for CMake module files
[4.760s] DEBUG:colcon.colcon_core.event_handler.log_command:Invoked command in '/home/yuchel/share_repo/src/independent_steering' returned '0': DEBUGINFOD_URLS=https://debuginfod.ubuntu.com PYTHONPATH=/home/yuchel/share_repo/build/independent_steering/prefix_override:/usr/lib/python3/dist-packages/colcon_core/task/python/colcon_distutils_commands:/home/yuchel/share_repo/install/independent_steering/lib/python3.12/site-packages:${PYTHONPATH} /usr/bin/python3 -W ignore:setup.py install is deprecated -W ignore:easy_install command is deprecated setup.py egg_info --egg-base ../../build/independent_steering build --build-base /home/yuchel/share_repo/build/independent_steering/build install --record /home/yuchel/share_repo/build/independent_steering/install.log --install-scripts $base/lib/independent_steering --single-version-externally-managed install_data
[4.761s] Level 1:colcon.colcon_core.environment:checking '/home/yuchel/share_repo/install/independent_steering' for CMake config files
[4.763s] Level 1:colcon.colcon_core.environment:checking '/home/yuchel/share_repo/install/independent_steering/lib'
[4.764s] Level 1:colcon.colcon_core.environment:checking '/home/yuchel/share_repo/install/independent_steering/bin'
[4.764s] Level 1:colcon.colcon_core.environment:checking '/home/yuchel/share_repo/install/independent_steering/lib/pkgconfig/independent_steering.pc'
[4.764s] Level 1:colcon.colcon_core.environment:checking '/home/yuchel/share_repo/install/independent_steering/lib/python3.12/site-packages'
[4.764s] Level 1:colcon.colcon_core.shell:create_environment_hook('independent_steering', 'pythonpath')
[4.765s] INFO:colcon.colcon_core.shell:Creating environment descriptor '/home/yuchel/share_repo/install/independent_steering/share/independent_steering/hook/pythonpath.dsv'
[4.766s] INFO:colcon.colcon_core.shell:Creating environment hook '/home/yuchel/share_repo/install/independent_steering/share/independent_steering/hook/pythonpath.sh'
[4.768s] Level 1:colcon.colcon_core.environment:checking '/home/yuchel/share_repo/install/independent_steering/bin'
[4.768s] Level 1:colcon.colcon_core.environment:create_environment_scripts_only(independent_steering)
[4.769s] INFO:colcon.colcon_core.shell:Creating package descriptor '/home/yuchel/share_repo/install/independent_steering/share/independent_steering/package.dsv'
[4.770s] INFO:colcon.colcon_core.shell:Creating package script '/home/yuchel/share_repo/install/independent_steering/share/independent_steering/package.sh'
[4.771s] INFO:colcon.colcon_core.shell:Creating package script '/home/yuchel/share_repo/install/independent_steering/share/independent_steering/package.bash'
[4.772s] INFO:colcon.colcon_core.shell:Creating package script '/home/yuchel/share_repo/install/independent_steering/share/independent_steering/package.zsh'
[4.772s] Level 1:colcon.colcon_core.environment:create_file_with_runtime_dependencies(/home/yuchel/share_repo/install/independent_steering/share/colcon-core/packages/independent_steering)
[4.773s] Level 1:colcon.colcon_core.environment:checking '/home/yuchel/share_repo/install/test_pkg' for CMake module files
[4.775s] DEBUG:colcon.colcon_core.event_handler.log_command:Invoked command in '/home/yuchel/share_repo/src/test_pkg' returned '0': DEBUGINFOD_URLS=https://debuginfod.ubuntu.com PYTHONPATH=/home/yuchel/share_repo/build/test_pkg/prefix_override:/usr/lib/python3/dist-packages/colcon_core/task/python/colcon_distutils_commands:/home/yuchel/share_repo/install/test_pkg/lib/python3.12/site-packages:${PYTHONPATH} /usr/bin/python3 -W ignore:setup.py install is deprecated -W ignore:easy_install command is deprecated setup.py egg_info --egg-base ../../build/test_pkg build --build-base /home/yuchel/share_repo/build/test_pkg/build install --record /home/yuchel/share_repo/build/test_pkg/install.log --install-scripts $base/lib/test_pkg --single-version-externally-managed install_data
[4.775s] Level 1:colcon.colcon_core.environment:checking '/home/yuchel/share_repo/install/test_pkg' for CMake config files
[4.779s] Level 1:colcon.colcon_core.environment:checking '/home/yuchel/share_repo/install/test_pkg/lib'
[4.779s] Level 1:colcon.colcon_core.environment:checking '/home/yuchel/share_repo/install/test_pkg/bin'
[4.779s] Level 1:colcon.colcon_core.environment:checking '/home/yuchel/share_repo/install/test_pkg/lib/pkgconfig/test_pkg.pc'
[4.779s] Level 1:colcon.colcon_core.environment:checking '/home/yuchel/share_repo/install/test_pkg/lib/python3.12/site-packages'
[4.779s] Level 1:colcon.colcon_core.shell:create_environment_hook('test_pkg', 'pythonpath')
[4.780s] INFO:colcon.colcon_core.shell:Creating environment descriptor '/home/yuchel/share_repo/install/test_pkg/share/test_pkg/hook/pythonpath.dsv'
[4.780s] INFO:colcon.colcon_core.shell:Creating environment hook '/home/yuchel/share_repo/install/test_pkg/share/test_pkg/hook/pythonpath.sh'
[4.781s] Level 1:colcon.colcon_core.environment:checking '/home/yuchel/share_repo/install/test_pkg/bin'
[4.782s] Level 1:colcon.colcon_core.environment:create_environment_scripts_only(test_pkg)
[4.782s] INFO:colcon.colcon_core.shell:Creating package descriptor '/home/yuchel/share_repo/install/test_pkg/share/test_pkg/package.dsv'
[4.782s] INFO:colcon.colcon_core.shell:Creating package script '/home/yuchel/share_repo/install/test_pkg/share/test_pkg/package.sh'
[4.783s] INFO:colcon.colcon_core.shell:Creating package script '/home/yuchel/share_repo/install/test_pkg/share/test_pkg/package.bash'
[4.784s] INFO:colcon.colcon_core.shell:Creating package script '/home/yuchel/share_repo/install/test_pkg/share/test_pkg/package.zsh'
[4.785s] Level 1:colcon.colcon_core.environment:create_file_with_runtime_dependencies(/home/yuchel/share_repo/install/test_pkg/share/colcon-core/packages/test_pkg)
[5.576s] DEBUG:colcon.colcon_core.task.python.build:Available setuptools commands: clean, install_scripts, bdist, easy_install, upload, symlink_data, build_ext, develop, init_catalog, setopt, test, install_data, register, egg_info, sdist, bdist_dumb, install_lib, install_headers, install_egg_info, compile_catalog, extract_messages, build, build_scripts, upload_docs, bdist_egg, bdist_rpm, build_clib, alias, check, update_catalog, rotate, saveopts, build_py, editable_wheel, dist_info, install
[5.582s] DEBUG:colcon.colcon_core.event_handler.log_command:Invoking command in '/home/yuchel/share_repo/src/three_node_pkg': DEBUGINFOD_URLS=https://debuginfod.ubuntu.com PYTHONPATH=/home/yuchel/share_repo/build/three_node_pkg/prefix_override:/usr/lib/python3/dist-packages/colcon_core/task/python/colcon_distutils_commands:/home/yuchel/share_repo/install/three_node_pkg/lib/python3.12/site-packages:${PYTHONPATH} /usr/bin/python3 -W ignore:setup.py install is deprecated -W ignore:easy_install command is deprecated setup.py egg_info --egg-base ../../build/three_node_pkg build --build-base /home/yuchel/share_repo/build/three_node_pkg/build install --record /home/yuchel/share_repo/build/three_node_pkg/install.log --install-scripts $base/lib/three_node_pkg --single-version-externally-managed install_data
[6.321s] Level 1:colcon.colcon_core.environment:checking '/home/yuchel/share_repo/install/three_node_pkg' for CMake module files
[6.322s] DEBUG:colcon.colcon_core.event_handler.log_command:Invoked command in '/home/yuchel/share_repo/src/three_node_pkg' returned '0': DEBUGINFOD_URLS=https://debuginfod.ubuntu.com PYTHONPATH=/home/yuchel/share_repo/build/three_node_pkg/prefix_override:/usr/lib/python3/dist-packages/colcon_core/task/python/colcon_distutils_commands:/home/yuchel/share_repo/install/three_node_pkg/lib/python3.12/site-packages:${PYTHONPATH} /usr/bin/python3 -W ignore:setup.py install is deprecated -W ignore:easy_install command is deprecated setup.py egg_info --egg-base ../../build/three_node_pkg build --build-base /home/yuchel/share_repo/build/three_node_pkg/build install --record /home/yuchel/share_repo/build/three_node_pkg/install.log --install-scripts $base/lib/three_node_pkg --single-version-externally-managed install_data
[6.322s] Level 1:colcon.colcon_core.environment:checking '/home/yuchel/share_repo/install/three_node_pkg' for CMake config files
[6.325s] Level 1:colcon.colcon_core.environment:checking '/home/yuchel/share_repo/install/three_node_pkg/lib'
[6.325s] Level 1:colcon.colcon_core.environment:checking '/home/yuchel/share_repo/install/three_node_pkg/bin'
[6.326s] Level 1:colcon.colcon_core.environment:checking '/home/yuchel/share_repo/install/three_node_pkg/lib/pkgconfig/three_node_pkg.pc'
[6.326s] Level 1:colcon.colcon_core.environment:checking '/home/yuchel/share_repo/install/three_node_pkg/lib/python3.12/site-packages'
[6.326s] Level 1:colcon.colcon_core.shell:create_environment_hook('three_node_pkg', 'pythonpath')
[6.326s] INFO:colcon.colcon_core.shell:Creating environment descriptor '/home/yuchel/share_repo/install/three_node_pkg/share/three_node_pkg/hook/pythonpath.dsv'
[6.327s] INFO:colcon.colcon_core.shell:Creating environment hook '/home/yuchel/share_repo/install/three_node_pkg/share/three_node_pkg/hook/pythonpath.sh'
[6.328s] Level 1:colcon.colcon_core.environment:checking '/home/yuchel/share_repo/install/three_node_pkg/bin'
[6.328s] Level 1:colcon.colcon_core.environment:create_environment_scripts_only(three_node_pkg)
[6.328s] INFO:colcon.colcon_core.shell:Creating package descriptor '/home/yuchel/share_repo/install/three_node_pkg/share/three_node_pkg/package.dsv'
[6.329s] INFO:colcon.colcon_core.shell:Creating package script '/home/yuchel/share_repo/install/three_node_pkg/share/three_node_pkg/package.sh'
[6.329s] INFO:colcon.colcon_core.shell:Creating package script '/home/yuchel/share_repo/install/three_node_pkg/share/three_node_pkg/package.bash'
[6.330s] INFO:colcon.colcon_core.shell:Creating package script '/home/yuchel/share_repo/install/three_node_pkg/share/three_node_pkg/package.zsh'
[6.330s] Level 1:colcon.colcon_core.environment:create_file_with_runtime_dependencies(/home/yuchel/share_repo/install/three_node_pkg/share/colcon-core/packages/three_node_pkg)
[6.331s] DEBUG:colcon.colcon_parallel_executor.executor.parallel:closing loop
[6.331s] DEBUG:colcon.colcon_parallel_executor.executor.parallel:loop closed
[6.331s] DEBUG:colcon.colcon_parallel_executor.executor.parallel:run_until_complete finished with '0'
[6.332s] DEBUG:colcon.colcon_core.event_reactor:joining thread
[6.351s] INFO:colcon.colcon_core.plugin_system:Skipping extension 'colcon_notification.desktop_notification.terminal_notifier': Not used on non-Darwin systems
[6.351s] INFO:colcon.colcon_core.plugin_system:Skipping extension 'colcon_notification.desktop_notification.win32': Not used on non-Windows systems
[6.351s] INFO:colcon.colcon_notification.desktop_notification:Sending desktop notification using 'notify2'
[6.368s] DEBUG:colcon.colcon_core.event_reactor:joined thread
[6.369s] INFO:colcon.colcon_core.shell:Creating prefix script '/home/yuchel/share_repo/install/local_setup.sh'
[6.371s] INFO:colcon.colcon_core.shell:Creating prefix util module '/home/yuchel/share_repo/install/_local_setup_util_sh.py'
[6.373s] INFO:colcon.colcon_core.shell:Creating prefix chain script '/home/yuchel/share_repo/install/setup.sh'
[6.375s] INFO:colcon.colcon_core.shell:Creating prefix script '/home/yuchel/share_repo/install/local_setup.bash'
[6.376s] INFO:colcon.colcon_core.shell:Creating prefix chain script '/home/yuchel/share_repo/install/setup.bash'
[6.378s] INFO:colcon.colcon_core.shell:Creating prefix script '/home/yuchel/share_repo/install/local_setup.zsh'
[6.380s] INFO:colcon.colcon_core.shell:Creating prefix chain script '/home/yuchel/share_repo/install/setup.zsh'
