running egg_info
creating ../../build/gakurobo/gakurobo.egg-info
writing ../../build/gakurobo/gakurobo.egg-info/PKG-INFO
writing dependency_links to ../../build/gakurobo/gakurobo.egg-info/dependency_links.txt
writing requirements to ../../build/gakurobo/gakurobo.egg-info/requires.txt
writing top-level names to ../../build/gakurobo/gakurobo.egg-info/top_level.txt
writing manifest file '../../build/gakurobo/gakurobo.egg-info/SOURCES.txt'
reading manifest file '../../build/gakurobo/gakurobo.egg-info/SOURCES.txt'
writing manifest file '../../build/gakurobo/gakurobo.egg-info/SOURCES.txt'
running build
running build_py
creating /home/yuchel/shared_repo/build/gakurobo/build
creating /home/yuchel/shared_repo/build/gakurobo/build/lib
creating /home/yuchel/shared_repo/build/gakurobo/build/lib/gakurobo
copying gakurobo/config.py -> /home/yuchel/shared_repo/build/gakurobo/build/lib/gakurobo
copying gakurobo/__init__.py -> /home/yuchel/shared_repo/build/gakurobo/build/lib/gakurobo
running install
running install_lib
creating /home/yuchel/shared_repo/install/gakurobo/lib/python3.12/site-packages/gakurobo
copying /home/yuchel/shared_repo/build/gakurobo/build/lib/gakurobo/config.py -> /home/yuchel/shared_repo/install/gakurobo/lib/python3.12/site-packages/gakurobo
copying /home/yuchel/shared_repo/build/gakurobo/build/lib/gakurobo/__init__.py -> /home/yuchel/shared_repo/install/gakurobo/lib/python3.12/site-packages/gakurobo
byte-compiling /home/yuchel/shared_repo/install/gakurobo/lib/python3.12/site-packages/gakurobo/config.py to config.cpython-312.pyc
byte-compiling /home/yuchel/shared_repo/install/gakurobo/lib/python3.12/site-packages/gakurobo/__init__.py to __init__.cpython-312.pyc
running install_data
creating /home/yuchel/shared_repo/install/gakurobo/share/ament_index
creating /home/yuchel/shared_repo/install/gakurobo/share/ament_index/resource_index
creating /home/yuchel/shared_repo/install/gakurobo/share/ament_index/resource_index/packages
copying resource/gakurobo -> /home/yuchel/shared_repo/install/gakurobo/share/ament_index/resource_index/packages
copying package.xml -> /home/yuchel/shared_repo/install/gakurobo/share/gakurobo
running install_egg_info
Copying ../../build/gakurobo/gakurobo.egg-info to /home/yuchel/shared_repo/install/gakurobo/lib/python3.12/site-packages/gakurobo-0.0.0-py3.12.egg-info
running install_scripts
writing list of installed files to '/home/yuchel/shared_repo/build/gakurobo/install.log'
