running egg_info
writing ../../build/gakurobo/gakurobo.egg-info/PKG-INFO
writing dependency_links to ../../build/gakurobo/gakurobo.egg-info/dependency_links.txt
writing entry points to ../../build/gakurobo/gakurobo.egg-info/entry_points.txt
writing requirements to ../../build/gakurobo/gakurobo.egg-info/requires.txt
writing top-level names to ../../build/gakurobo/gakurobo.egg-info/top_level.txt
reading manifest file '../../build/gakurobo/gakurobo.egg-info/SOURCES.txt'
writing manifest file '../../build/gakurobo/gakurobo.egg-info/SOURCES.txt'
running build
running build_py
copying gakurobo/app.py -> /home/yuchel/shared_repo/build/gakurobo/build/lib/gakurobo
running install
running install_lib
copying /home/yuchel/shared_repo/build/gakurobo/build/lib/gakurobo/app.py -> /home/yuchel/shared_repo/install/gakurobo/lib/python3.12/site-packages/gakurobo
byte-compiling /home/yuchel/shared_repo/install/gakurobo/lib/python3.12/site-packages/gakurobo/app.py to app.cpython-312.pyc
running install_data
running install_egg_info
Sorry: IndentationError: unindent does not match any outer indentation level (app.py, line 493)
removing '/home/yuchel/shared_repo/install/gakurobo/lib/python3.12/site-packages/gakurobo-0.0.0-py3.12.egg-info' (and everything under it)
Copying ../../build/gakurobo/gakurobo.egg-info to /home/yuchel/shared_repo/install/gakurobo/lib/python3.12/site-packages/gakurobo-0.0.0-py3.12.egg-info
running install_scripts
Installing scoreboard script to /home/yuchel/shared_repo/install/gakurobo/lib/gakurobo
writing list of installed files to '/home/yuchel/shared_repo/build/gakurobo/install.log'
