[1.332s] Invoking command in '/home/yuchel/shared_repo/src/gakurobo': DEBUGINFOD_URLS=https://debuginfod.ubuntu.com PYTHONPATH=/home/yuchel/shared_repo/build/gakurobo/prefix_override:/usr/lib/python3/dist-packages/colcon_core/task/python/colcon_distutils_commands:/home/yuchel/shared_repo/install/gakurobo/lib/python3.12/site-packages:${PYTHONPATH} /usr/bin/python3 -W ignore:setup.py install is deprecated -W ignore:easy_install command is deprecated setup.py egg_info --egg-base ../../build/gakurobo build --build-base /home/yuchel/shared_repo/build/gakurobo/build install --record /home/yuchel/shared_repo/build/gakurobo/install.log --install-scripts $base/lib/gakurobo --single-version-externally-managed install_data
[1.653s] running egg_info
[1.688s] writing ../../build/gakurobo/gakurobo.egg-info/PKG-INFO
[1.690s] writing dependency_links to ../../build/gakurobo/gakurobo.egg-info/dependency_links.txt
[1.691s] writing entry points to ../../build/gakurobo/gakurobo.egg-info/entry_points.txt
[1.692s] writing requirements to ../../build/gakurobo/gakurobo.egg-info/requires.txt
[1.693s] writing top-level names to ../../build/gakurobo/gakurobo.egg-info/top_level.txt
[1.736s] reading manifest file '../../build/gakurobo/gakurobo.egg-info/SOURCES.txt'
[1.736s] writing manifest file '../../build/gakurobo/gakurobo.egg-info/SOURCES.txt'
[1.736s] running build
[1.737s] running build_py
[1.737s] copying gakurobo/app.py -> /home/yuchel/shared_repo/build/gakurobo/build/lib/gakurobo
[1.737s] running install
[1.756s] running install_lib
[1.757s] copying /home/yuchel/shared_repo/build/gakurobo/build/lib/gakurobo/app.py -> /home/yuchel/shared_repo/install/gakurobo/lib/python3.12/site-packages/gakurobo
[1.757s] byte-compiling /home/yuchel/shared_repo/install/gakurobo/lib/python3.12/site-packages/gakurobo/app.py to app.cpython-312.pyc
[1.759s] running install_data
[1.783s] running install_egg_info
[1.783s] Sorry: IndentationError: unindent does not match any outer indentation level (app.py, line 493)
[1.796s] removing '/home/yuchel/shared_repo/install/gakurobo/lib/python3.12/site-packages/gakurobo-0.0.0-py3.12.egg-info' (and everything under it)
[1.796s] Copying ../../build/gakurobo/gakurobo.egg-info to /home/yuchel/shared_repo/install/gakurobo/lib/python3.12/site-packages/gakurobo-0.0.0-py3.12.egg-info
[1.796s] running install_scripts
[1.942s] Installing scoreboard script to /home/yuchel/shared_repo/install/gakurobo/lib/gakurobo
[1.943s] writing list of installed files to '/home/yuchel/shared_repo/build/gakurobo/install.log'
[1.987s] Invoked command in '/home/yuchel/shared_repo/src/gakurobo' returned '0': DEBUGINFOD_URLS=https://debuginfod.ubuntu.com PYTHONPATH=/home/yuchel/shared_repo/build/gakurobo/prefix_override:/usr/lib/python3/dist-packages/colcon_core/task/python/colcon_distutils_commands:/home/yuchel/shared_repo/install/gakurobo/lib/python3.12/site-packages:${PYTHONPATH} /usr/bin/python3 -W ignore:setup.py install is deprecated -W ignore:easy_install command is deprecated setup.py egg_info --egg-base ../../build/gakurobo build --build-base /home/yuchel/shared_repo/build/gakurobo/build install --record /home/yuchel/shared_repo/build/gakurobo/install.log --install-scripts $base/lib/gakurobo --single-version-externally-managed install_data
