[3.240s] Invoking command in '/home/yuchel/share_repo/src/gakurobo': DEBUGINFOD_URLS=https://debuginfod.ubuntu.com PYTHONPATH=/home/yuchel/share_repo/build/gakurobo/prefix_override:/usr/lib/python3/dist-packages/colcon_core/task/python/colcon_distutils_commands:/home/yuchel/share_repo/install/gakurobo/lib/python3.12/site-packages:${PYTHONPATH} /usr/bin/python3 -W ignore:setup.py install is deprecated -W ignore:easy_install command is deprecated setup.py egg_info --egg-base ../../build/gakurobo build --build-base /home/yuchel/share_repo/build/gakurobo/build install --record /home/yuchel/share_repo/build/gakurobo/install.log --install-scripts $base/lib/gakurobo --single-version-externally-managed install_data
[3.803s] running egg_info
[3.833s] writing ../../build/gakurobo/gakurobo.egg-info/PKG-INFO
[3.833s] writing dependency_links to ../../build/gakurobo/gakurobo.egg-info/dependency_links.txt
[3.835s] writing entry points to ../../build/gakurobo/gakurobo.egg-info/entry_points.txt
[3.836s] writing requirements to ../../build/gakurobo/gakurobo.egg-info/requires.txt
[3.836s] writing top-level names to ../../build/gakurobo/gakurobo.egg-info/top_level.txt
[3.908s] reading manifest file '../../build/gakurobo/gakurobo.egg-info/SOURCES.txt'
[3.912s] writing manifest file '../../build/gakurobo/gakurobo.egg-info/SOURCES.txt'
[3.913s] running build
[3.914s] running build_py
[3.915s] running install
[3.924s] running install_lib
[3.979s] running install_data
[3.984s] running install_egg_info
[4.027s] removing '/home/yuchel/share_repo/install/gakurobo/lib/python3.12/site-packages/gakurobo-0.0.0-py3.12.egg-info' (and everything under it)
[4.027s] Copying ../../build/gakurobo/gakurobo.egg-info to /home/yuchel/share_repo/install/gakurobo/lib/python3.12/site-packages/gakurobo-0.0.0-py3.12.egg-info
[4.031s] running install_scripts
[4.284s] Installing scoreboard script to /home/yuchel/share_repo/install/gakurobo/lib/gakurobo
[4.284s] writing list of installed files to '/home/yuchel/share_repo/build/gakurobo/install.log'
[4.744s] Invoked command in '/home/yuchel/share_repo/src/gakurobo' returned '0': DEBUGINFOD_URLS=https://debuginfod.ubuntu.com PYTHONPATH=/home/yuchel/share_repo/build/gakurobo/prefix_override:/usr/lib/python3/dist-packages/colcon_core/task/python/colcon_distutils_commands:/home/yuchel/share_repo/install/gakurobo/lib/python3.12/site-packages:${PYTHONPATH} /usr/bin/python3 -W ignore:setup.py install is deprecated -W ignore:easy_install command is deprecated setup.py egg_info --egg-base ../../build/gakurobo build --build-base /home/yuchel/share_repo/build/gakurobo/build install --record /home/yuchel/share_repo/build/gakurobo/install.log --install-scripts $base/lib/gakurobo --single-version-externally-managed install_data
