[1.034s] Invoking command in '/home/yuchel/shared_repo/src/three_node_pkg': DEBUGINFOD_URLS=https://debuginfod.ubuntu.com PYTHONPATH=/home/yuchel/shared_repo/build/three_node_pkg/prefix_override:/usr/lib/python3/dist-packages/colcon_core/task/python/colcon_distutils_commands:/home/yuchel/shared_repo/install/three_node_pkg/lib/python3.12/site-packages:${PYTHONPATH} /usr/bin/python3 -W ignore:setup.py install is deprecated -W ignore:easy_install command is deprecated setup.py egg_info --egg-base ../../build/three_node_pkg build --build-base /home/yuchel/shared_repo/build/three_node_pkg/build install --record /home/yuchel/shared_repo/build/three_node_pkg/install.log --install-scripts $base/lib/three_node_pkg --single-version-externally-managed install_data
[1.353s] running egg_info
[1.371s] writing ../../build/three_node_pkg/three_node_pkg.egg-info/PKG-INFO
[1.372s] writing dependency_links to ../../build/three_node_pkg/three_node_pkg.egg-info/dependency_links.txt
[1.373s] writing entry points to ../../build/three_node_pkg/three_node_pkg.egg-info/entry_points.txt
[1.373s] writing requirements to ../../build/three_node_pkg/three_node_pkg.egg-info/requires.txt
[1.374s] writing top-level names to ../../build/three_node_pkg/three_node_pkg.egg-info/top_level.txt
[1.412s] reading manifest file '../../build/three_node_pkg/three_node_pkg.egg-info/SOURCES.txt'
[1.426s] writing manifest file '../../build/three_node_pkg/three_node_pkg.egg-info/SOURCES.txt'
[1.427s] running build
[1.427s] running build_py
[1.427s] running install
[1.435s] running install_lib
[1.458s] running install_data
[1.458s] running install_egg_info
[1.479s] removing '/home/yuchel/shared_repo/install/three_node_pkg/lib/python3.12/site-packages/three_node_pkg-0.0.0-py3.12.egg-info' (and everything under it)
[1.481s] Copying ../../build/three_node_pkg/three_node_pkg.egg-info to /home/yuchel/shared_repo/install/three_node_pkg/lib/python3.12/site-packages/three_node_pkg-0.0.0-py3.12.egg-info
[1.484s] running install_scripts
[1.640s] Installing control script to /home/yuchel/shared_repo/install/three_node_pkg/lib/three_node_pkg
[1.644s] Installing display script to /home/yuchel/shared_repo/install/three_node_pkg/lib/three_node_pkg
[1.651s] Installing input script to /home/yuchel/shared_repo/install/three_node_pkg/lib/three_node_pkg
[1.655s] writing list of installed files to '/home/yuchel/shared_repo/build/three_node_pkg/install.log'
[1.709s] Invoked command in '/home/yuchel/shared_repo/src/three_node_pkg' returned '0': DEBUGINFOD_URLS=https://debuginfod.ubuntu.com PYTHONPATH=/home/yuchel/shared_repo/build/three_node_pkg/prefix_override:/usr/lib/python3/dist-packages/colcon_core/task/python/colcon_distutils_commands:/home/yuchel/shared_repo/install/three_node_pkg/lib/python3.12/site-packages:${PYTHONPATH} /usr/bin/python3 -W ignore:setup.py install is deprecated -W ignore:easy_install command is deprecated setup.py egg_info --egg-base ../../build/three_node_pkg build --build-base /home/yuchel/shared_repo/build/three_node_pkg/build install --record /home/yuchel/shared_repo/build/three_node_pkg/install.log --install-scripts $base/lib/three_node_pkg --single-version-externally-managed install_data
