running egg_info
creating ../../build/Rviz2/Rviz2.egg-info
writing ../../build/Rviz2/Rviz2.egg-info/PKG-INFO
writing dependency_links to ../../build/Rviz2/Rviz2.egg-info/dependency_links.txt
writing requirements to ../../build/Rviz2/Rviz2.egg-info/requires.txt
writing top-level names to ../../build/Rviz2/Rviz2.egg-info/top_level.txt
writing manifest file '../../build/Rviz2/Rviz2.egg-info/SOURCES.txt'
reading manifest file '../../build/Rviz2/Rviz2.egg-info/SOURCES.txt'
writing manifest file '../../build/Rviz2/Rviz2.egg-info/SOURCES.txt'
running build
running build_py
creating /home/yuchel/shared_repo/build/Rviz2/build
creating /home/yuchel/shared_repo/build/Rviz2/build/lib
creating /home/yuchel/shared_repo/build/Rviz2/build/lib/Rviz2
copying Rviz2/__init__.py -> /home/yuchel/shared_repo/build/Rviz2/build/lib/Rviz2
running install
running install_lib
creating /home/yuchel/shared_repo/install/Rviz2/lib/python3.12/site-packages/Rviz2
copying /home/yuchel/shared_repo/build/Rviz2/build/lib/Rviz2/__init__.py -> /home/yuchel/shared_repo/install/Rviz2/lib/python3.12/site-packages/Rviz2
byte-compiling /home/yuchel/shared_repo/install/Rviz2/lib/python3.12/site-packages/Rviz2/__init__.py to __init__.cpython-312.pyc
running install_data
creating /home/yuchel/shared_repo/install/Rviz2/share/ament_index
creating /home/yuchel/shared_repo/install/Rviz2/share/ament_index/resource_index
creating /home/yuchel/shared_repo/install/Rviz2/share/ament_index/resource_index/packages
copying resource/Rviz2 -> /home/yuchel/shared_repo/install/Rviz2/share/ament_index/resource_index/packages
copying package.xml -> /home/yuchel/shared_repo/install/Rviz2/share/Rviz2
creating /home/yuchel/shared_repo/install/Rviz2/share/Rviz2/urdf
copying urdf/test.urdf -> /home/yuchel/shared_repo/install/Rviz2/share/Rviz2/urdf
running install_egg_info
Copying ../../build/Rviz2/Rviz2.egg-info to /home/yuchel/shared_repo/install/Rviz2/lib/python3.12/site-packages/Rviz2-0.0.0-py3.12.egg-info
running install_scripts
writing list of installed files to '/home/yuchel/shared_repo/build/Rviz2/install.log'
