[2.249s] Invoking command in '/home/yuchel/shared_repo/src/Rviz2': DEBUGINFOD_URLS=https://debuginfod.ubuntu.com PYTHONPATH=/home/yuchel/shared_repo/build/Rviz2/prefix_override:/usr/lib/python3/dist-packages/colcon_core/task/python/colcon_distutils_commands:/home/yuchel/shared_repo/install/Rviz2/lib/python3.12/site-packages:${PYTHONPATH} /usr/bin/python3 -W ignore:setup.py install is deprecated -W ignore:easy_install command is deprecated setup.py egg_info --egg-base ../../build/Rviz2 build --build-base /home/yuchel/shared_repo/build/Rviz2/build install --record /home/yuchel/shared_repo/build/Rviz2/install.log --install-scripts $base/lib/Rviz2 --single-version-externally-managed install_data
[2.547s] running egg_info
[2.571s] creating ../../build/Rviz2/Rviz2.egg-info
[2.572s] writing ../../build/Rviz2/Rviz2.egg-info/PKG-INFO
[2.572s] writing dependency_links to ../../build/Rviz2/Rviz2.egg-info/dependency_links.txt
[2.572s] writing requirements to ../../build/Rviz2/Rviz2.egg-info/requires.txt
[2.572s] writing top-level names to ../../build/Rviz2/Rviz2.egg-info/top_level.txt
[2.572s] writing manifest file '../../build/Rviz2/Rviz2.egg-info/SOURCES.txt'
[2.617s] reading manifest file '../../build/Rviz2/Rviz2.egg-info/SOURCES.txt'
[2.619s] writing manifest file '../../build/Rviz2/Rviz2.egg-info/SOURCES.txt'
[2.619s] running build
[2.619s] running build_py
[2.620s] creating /home/yuchel/shared_repo/build/Rviz2/build
[2.620s] creating /home/yuchel/shared_repo/build/Rviz2/build/lib
[2.620s] creating /home/yuchel/shared_repo/build/Rviz2/build/lib/Rviz2
[2.621s] copying Rviz2/__init__.py -> /home/yuchel/shared_repo/build/Rviz2/build/lib/Rviz2
[2.626s] running install
[2.628s] running install_lib
[2.641s] creating /home/yuchel/shared_repo/install/Rviz2/lib/python3.12/site-packages/Rviz2
[2.641s] copying /home/yuchel/shared_repo/build/Rviz2/build/lib/Rviz2/__init__.py -> /home/yuchel/shared_repo/install/Rviz2/lib/python3.12/site-packages/Rviz2
[2.671s] byte-compiling /home/yuchel/shared_repo/install/Rviz2/lib/python3.12/site-packages/Rviz2/__init__.py to __init__.cpython-312.pyc
[2.671s] running install_data
[2.672s] creating /home/yuchel/shared_repo/install/Rviz2/share/ament_index
[2.673s] creating /home/yuchel/shared_repo/install/Rviz2/share/ament_index/resource_index
[2.674s] creating /home/yuchel/shared_repo/install/Rviz2/share/ament_index/resource_index/packages
[2.674s] copying resource/Rviz2 -> /home/yuchel/shared_repo/install/Rviz2/share/ament_index/resource_index/packages
[2.675s] copying package.xml -> /home/yuchel/shared_repo/install/Rviz2/share/Rviz2
[2.675s] creating /home/yuchel/shared_repo/install/Rviz2/share/Rviz2/urdf
[2.676s] copying urdf/test.urdf -> /home/yuchel/shared_repo/install/Rviz2/share/Rviz2/urdf
[2.676s] running install_egg_info
[2.677s] Copying ../../build/Rviz2/Rviz2.egg-info to /home/yuchel/shared_repo/install/Rviz2/lib/python3.12/site-packages/Rviz2-0.0.0-py3.12.egg-info
[2.677s] running install_scripts
[2.796s] writing list of installed files to '/home/yuchel/shared_repo/build/Rviz2/install.log'
[2.898s] Invoked command in '/home/yuchel/shared_repo/src/Rviz2' returned '0': DEBUGINFOD_URLS=https://debuginfod.ubuntu.com PYTHONPATH=/home/yuchel/shared_repo/build/Rviz2/prefix_override:/usr/lib/python3/dist-packages/colcon_core/task/python/colcon_distutils_commands:/home/yuchel/shared_repo/install/Rviz2/lib/python3.12/site-packages:${PYTHONPATH} /usr/bin/python3 -W ignore:setup.py install is deprecated -W ignore:easy_install command is deprecated setup.py egg_info --egg-base ../../build/Rviz2 build --build-base /home/yuchel/shared_repo/build/Rviz2/build install --record /home/yuchel/shared_repo/build/Rviz2/install.log --install-scripts $base/lib/Rviz2 --single-version-externally-managed install_data
