running egg_info
creating ../../build/three_node_pkg/three_node_pkg.egg-info
writing ../../build/three_node_pkg/three_node_pkg.egg-info/PKG-INFO
writing dependency_links to ../../build/three_node_pkg/three_node_pkg.egg-info/dependency_links.txt
writing entry points to ../../build/three_node_pkg/three_node_pkg.egg-info/entry_points.txt
writing requirements to ../../build/three_node_pkg/three_node_pkg.egg-info/requires.txt
writing top-level names to ../../build/three_node_pkg/three_node_pkg.egg-info/top_level.txt
writing manifest file '../../build/three_node_pkg/three_node_pkg.egg-info/SOURCES.txt'
reading manifest file '../../build/three_node_pkg/three_node_pkg.egg-info/SOURCES.txt'
writing manifest file '../../build/three_node_pkg/three_node_pkg.egg-info/SOURCES.txt'
running build
running build_py
creating /home/yuchel/shared_repo/build/three_node_pkg/build
creating /home/yuchel/shared_repo/build/three_node_pkg/build/lib
creating /home/yuchel/shared_repo/build/three_node_pkg/build/lib/three_node_pkg
copying three_node_pkg/control_node.py -> /home/yuchel/shared_repo/build/three_node_pkg/build/lib/three_node_pkg
copying three_node_pkg/__init__.py -> /home/yuchel/shared_repo/build/three_node_pkg/build/lib/three_node_pkg
copying three_node_pkg/display_node.py -> /home/yuchel/shared_repo/build/three_node_pkg/build/lib/three_node_pkg
copying three_node_pkg/input_node.py -> /home/yuchel/shared_repo/build/three_node_pkg/build/lib/three_node_pkg
running install
running install_lib
creating /home/yuchel/shared_repo/install/three_node_pkg/lib/python3.12/site-packages/three_node_pkg
copying /home/yuchel/shared_repo/build/three_node_pkg/build/lib/three_node_pkg/control_node.py -> /home/yuchel/shared_repo/install/three_node_pkg/lib/python3.12/site-packages/three_node_pkg
copying /home/yuchel/shared_repo/build/three_node_pkg/build/lib/three_node_pkg/__init__.py -> /home/yuchel/shared_repo/install/three_node_pkg/lib/python3.12/site-packages/three_node_pkg
copying /home/yuchel/shared_repo/build/three_node_pkg/build/lib/three_node_pkg/display_node.py -> /home/yuchel/shared_repo/install/three_node_pkg/lib/python3.12/site-packages/three_node_pkg
copying /home/yuchel/shared_repo/build/three_node_pkg/build/lib/three_node_pkg/input_node.py -> /home/yuchel/shared_repo/install/three_node_pkg/lib/python3.12/site-packages/three_node_pkg
byte-compiling /home/yuchel/shared_repo/install/three_node_pkg/lib/python3.12/site-packages/three_node_pkg/control_node.py to control_node.cpython-312.pyc
byte-compiling /home/yuchel/shared_repo/install/three_node_pkg/lib/python3.12/site-packages/three_node_pkg/__init__.py to __init__.cpython-312.pyc
byte-compiling /home/yuchel/shared_repo/install/three_node_pkg/lib/python3.12/site-packages/three_node_pkg/display_node.py to display_node.cpython-312.pyc
byte-compiling /home/yuchel/shared_repo/install/three_node_pkg/lib/python3.12/site-packages/three_node_pkg/input_node.py to input_node.cpython-312.pyc
running install_data
creating /home/yuchel/shared_repo/install/three_node_pkg/share/ament_index
creating /home/yuchel/shared_repo/install/three_node_pkg/share/ament_index/resource_index
creating /home/yuchel/shared_repo/install/three_node_pkg/share/ament_index/resource_index/packages
copying resource/three_node_pkg -> /home/yuchel/shared_repo/install/three_node_pkg/share/ament_index/resource_index/packages
copying package.xml -> /home/yuchel/shared_repo/install/three_node_pkg/share/three_node_pkg
running install_egg_info
Copying ../../build/three_node_pkg/three_node_pkg.egg-info to /home/yuchel/shared_repo/install/three_node_pkg/lib/python3.12/site-packages/three_node_pkg-0.0.0-py3.12.egg-info
running install_scripts
Installing control script to /home/yuchel/shared_repo/install/three_node_pkg/lib/three_node_pkg
Installing display script to /home/yuchel/shared_repo/install/three_node_pkg/lib/three_node_pkg
Installing input script to /home/yuchel/shared_repo/install/three_node_pkg/lib/three_node_pkg
writing list of installed files to '/home/yuchel/shared_repo/build/three_node_pkg/install.log'
