/home/yuchel/shared_repo/install/three_node_pkg/lib/python3.12/site-packages/three_node_pkg/control_node.py
/home/yuchel/shared_repo/install/three_node_pkg/lib/python3.12/site-packages/three_node_pkg/__init__.py
/home/yuchel/shared_repo/install/three_node_pkg/lib/python3.12/site-packages/three_node_pkg/display_node.py
/home/yuchel/shared_repo/install/three_node_pkg/lib/python3.12/site-packages/three_node_pkg/input_node.py
/home/yuchel/shared_repo/install/three_node_pkg/lib/python3.12/site-packages/three_node_pkg/__pycache__/control_node.cpython-312.pyc
/home/yuchel/shared_repo/install/three_node_pkg/lib/python3.12/site-packages/three_node_pkg/__pycache__/__init__.cpython-312.pyc
/home/yuchel/shared_repo/install/three_node_pkg/lib/python3.12/site-packages/three_node_pkg/__pycache__/display_node.cpython-312.pyc
/home/yuchel/shared_repo/install/three_node_pkg/lib/python3.12/site-packages/three_node_pkg/__pycache__/input_node.cpython-312.pyc
/home/yuchel/shared_repo/install/three_node_pkg/share/ament_index/resource_index/packages/three_node_pkg
/home/yuchel/shared_repo/install/three_node_pkg/share/three_node_pkg/package.xml
/home/yuchel/shared_repo/install/three_node_pkg/share/three_node_pkg/launch/system.launch.py
/home/yuchel/shared_repo/install/three_node_pkg/lib/python3.12/site-packages/three_node_pkg-0.0.0-py3.12.egg-info/dependency_links.txt
/home/yuchel/shared_repo/install/three_node_pkg/lib/python3.12/site-packages/three_node_pkg-0.0.0-py3.12.egg-info/entry_points.txt
/home/yuchel/shared_repo/install/three_node_pkg/lib/python3.12/site-packages/three_node_pkg-0.0.0-py3.12.egg-info/SOURCES.txt
/home/yuchel/shared_repo/install/three_node_pkg/lib/python3.12/site-packages/three_node_pkg-0.0.0-py3.12.egg-info/top_level.txt
/home/yuchel/shared_repo/install/three_node_pkg/lib/python3.12/site-packages/three_node_pkg-0.0.0-py3.12.egg-info/requires.txt
/home/yuchel/shared_repo/install/three_node_pkg/lib/python3.12/site-packages/three_node_pkg-0.0.0-py3.12.egg-info/PKG-INFO
/home/yuchel/shared_repo/install/three_node_pkg/lib/python3.12/site-packages/three_node_pkg-0.0.0-py3.12.egg-info/zip-safe
/home/yuchel/shared_repo/install/three_node_pkg/lib/three_node_pkg/control
/home/yuchel/shared_repo/install/three_node_pkg/lib/three_node_pkg/display
/home/yuchel/shared_repo/install/three_node_pkg/lib/three_node_pkg/input
