[1.685s] Invoking command in '/home/yuchel/share_repo/src/1wheel': DEBUGINFOD_URLS=https://debuginfod.ubuntu.com PYTHONPATH=/home/yuchel/share_repo/build/onewheel/prefix_override:/usr/lib/python3/dist-packages/colcon_core/task/python/colcon_distutils_commands:/home/yuchel/share_repo/install/onewheel/lib/python3.12/site-packages:${PYTHONPATH} /usr/bin/python3 -W ignore:setup.py install is deprecated -W ignore:easy_install command is deprecated setup.py egg_info --egg-base ../../build/onewheel build --build-base /home/yuchel/share_repo/build/onewheel/build install --record /home/yuchel/share_repo/build/onewheel/install.log --install-scripts $base/lib/onewheel --single-version-externally-managed install_data
[2.058s] running egg_info
[2.075s] writing ../../build/onewheel/onewheel.egg-info/PKG-INFO
[2.075s] writing dependency_links to ../../build/onewheel/onewheel.egg-info/dependency_links.txt
[2.076s] writing entry points to ../../build/onewheel/onewheel.egg-info/entry_points.txt
[2.078s] writing requirements to ../../build/onewheel/onewheel.egg-info/requires.txt
[2.078s] writing top-level names to ../../build/onewheel/onewheel.egg-info/top_level.txt
[2.112s] reading manifest file '../../build/onewheel/onewheel.egg-info/SOURCES.txt'
[2.114s] writing manifest file '../../build/onewheel/onewheel.egg-info/SOURCES.txt'
[2.114s] running build
[2.114s] running build_py
[2.115s] running install
[2.122s] running install_lib
[2.150s] running install_data
[2.151s] copying urdf/one_wheel.urdf -> /home/yuchel/share_repo/install/onewheel/share/onewheel/urdf
[2.154s] running install_egg_info
[2.196s] removing '/home/yuchel/share_repo/install/onewheel/lib/python3.12/site-packages/onewheel-0.0.0-py3.12.egg-info' (and everything under it)
[2.197s] Copying ../../build/onewheel/onewheel.egg-info to /home/yuchel/share_repo/install/onewheel/lib/python3.12/site-packages/onewheel-0.0.0-py3.12.egg-info
[2.197s] running install_scripts
[2.415s] Installing control_node script to /home/yuchel/share_repo/install/onewheel/lib/onewheel
[2.416s] writing list of installed files to '/home/yuchel/share_repo/build/onewheel/install.log'
[2.576s] Invoked command in '/home/yuchel/share_repo/src/1wheel' returned '0': DEBUGINFOD_URLS=https://debuginfod.ubuntu.com PYTHONPATH=/home/yuchel/share_repo/build/onewheel/prefix_override:/usr/lib/python3/dist-packages/colcon_core/task/python/colcon_distutils_commands:/home/yuchel/share_repo/install/onewheel/lib/python3.12/site-packages:${PYTHONPATH} /usr/bin/python3 -W ignore:setup.py install is deprecated -W ignore:easy_install command is deprecated setup.py egg_info --egg-base ../../build/onewheel build --build-base /home/yuchel/share_repo/build/onewheel/build install --record /home/yuchel/share_repo/build/onewheel/install.log --install-scripts $base/lib/onewheel --single-version-externally-managed install_data
