[2.137s] Invoking command in '/home/yuchel/share_repo/src/independent_steering': DEBUGINFOD_URLS=https://debuginfod.ubuntu.com PYTHONPATH=/home/yuchel/share_repo/build/independent_steering/prefix_override:/usr/lib/python3/dist-packages/colcon_core/task/python/colcon_distutils_commands:/home/yuchel/share_repo/install/independent_steering/lib/python3.12/site-packages:${PYTHONPATH} /usr/bin/python3 -W ignore:setup.py install is deprecated -W ignore:easy_install command is deprecated setup.py egg_info --egg-base ../../build/independent_steering build --build-base /home/yuchel/share_repo/build/independent_steering/build install --record /home/yuchel/share_repo/build/independent_steering/install.log --install-scripts $base/lib/independent_steering --single-version-externally-managed install_data
[2.413s] running egg_info
[2.448s] writing ../../build/independent_steering/independent_steering.egg-info/PKG-INFO
[2.453s] writing dependency_links to ../../build/independent_steering/independent_steering.egg-info/dependency_links.txt
[2.453s] writing requirements to ../../build/independent_steering/independent_steering.egg-info/requires.txt
[2.453s] writing top-level names to ../../build/independent_steering/independent_steering.egg-info/top_level.txt
[2.514s] reading manifest file '../../build/independent_steering/independent_steering.egg-info/SOURCES.txt'
[2.519s] writing manifest file '../../build/independent_steering/independent_steering.egg-info/SOURCES.txt'
[2.525s] running build
[2.525s] running build_py
[2.528s] running install
[2.544s] running install_lib
[2.584s] running install_data
[2.588s] copying urdf/tr.urdf -> /home/yuchel/share_repo/install/independent_steering/share/independent_steering/urdf
[2.591s] copying launch/simulation.launch.py -> /home/yuchel/share_repo/install/independent_steering/share/independent_steering/launch
[2.593s] running install_egg_info
[2.609s] removing '/home/yuchel/share_repo/install/independent_steering/lib/python3.12/site-packages/independent_steering-0.0.0-py3.12.egg-info' (and everything under it)
[2.610s] Copying ../../build/independent_steering/independent_steering.egg-info to /home/yuchel/share_repo/install/independent_steering/lib/python3.12/site-packages/independent_steering-0.0.0-py3.12.egg-info
[2.613s] running install_scripts
[2.744s] writing list of installed files to '/home/yuchel/share_repo/build/independent_steering/install.log'
[2.808s] Invoked command in '/home/yuchel/share_repo/src/independent_steering' returned '0': DEBUGINFOD_URLS=https://debuginfod.ubuntu.com PYTHONPATH=/home/yuchel/share_repo/build/independent_steering/prefix_override:/usr/lib/python3/dist-packages/colcon_core/task/python/colcon_distutils_commands:/home/yuchel/share_repo/install/independent_steering/lib/python3.12/site-packages:${PYTHONPATH} /usr/bin/python3 -W ignore:setup.py install is deprecated -W ignore:easy_install command is deprecated setup.py egg_info --egg-base ../../build/independent_steering build --build-base /home/yuchel/share_repo/build/independent_steering/build install --record /home/yuchel/share_repo/build/independent_steering/install.log --install-scripts $base/lib/independent_steering --single-version-externally-managed install_data
