[0.000000] (-) TimerEvent: {}
[0.001732] (Rviz2) JobQueued: {'identifier': 'Rviz2', 'dependencies': OrderedDict()}
[0.001778] (gakurobo) JobQueued: {'identifier': 'gakurobo', 'dependencies': OrderedDict()}
[0.001794] (talk_pkg) JobQueued: {'identifier': 'talk_pkg', 'dependencies': OrderedDict()}
[0.001807] (test_pkg) JobQueued: {'identifier': 'test_pkg', 'dependencies': OrderedDict()}
[0.001816] (three_node_pkg) JobQueued: {'identifier': 'three_node_pkg', 'dependencies': OrderedDict()}
[0.001825] (Rviz2) JobStarted: {'identifier': 'Rviz2'}
[0.059509] (gakurobo) JobStarted: {'identifier': 'gakurobo'}
[0.065885] (talk_pkg) JobStarted: {'identifier': 'talk_pkg'}
[0.071981] (test_pkg) JobStarted: {'identifier': 'test_pkg'}
[0.101804] (-) TimerEvent: {}
[0.212155] (-) TimerEvent: {}
[0.316733] (-) TimerEvent: {}
[0.335971] (Rviz2) StderrLine: {'line': b'Traceback (most recent call last):\n  File "/usr/lib/python3/dist-packages/colcon_core/executor/__init__.py", line 91, in __call__\n    rc = await self.task(*args, **kwargs)\n         ^^^^^^^^^^^^^^^^^^^^^^^^^^^^^^^^\n  File "/usr/lib/python3/dist-packages/colcon_core/task/__init__.py", line 120, in __call__\n    return await task_method(*args, **kwargs)\n           ^^^^^^^^^^^^^^^^^^^^^^^^^^^^^^^^^^\n  File "/usr/lib/python3/dist-packages/colcon_ros/task/ament_python/build.py", line 51, in build\n    setup_py_data = get_setup_data(self.context.pkg, env)\n                    ^^^^^^^^^^^^^^^^^^^^^^^^^^^^^^^^^^^^^\n  File "/usr/lib/python3/dist-packages/colcon_core/task/python/__init__.py", line 20, in get_setup_data\n    return dict(pkg.metadata[key](env))\n                ^^^^^^^^^^^^^^^^^^^^^^\n  File "/usr/lib/python3/dist-packages/colcon_ros/package_augmentation/ros_ament_python.py", line 57, in getter\n    return get_setup_information(\n           ^^^^^^^^^^^^^^^^^^^^^^\n  File "/usr/lib/python3/dist-packages/colcon_python_setup_py/package_identification/python_setup_py.py", line 249, in get_setup_information\n    _setup_information_cache[hashable_env] = _get_setup_information(\n                                             ^^^^^^^^^^^^^^^^^^^^^^^\n  File "/usr/lib/python3/dist-packages/colcon_python_setup_py/package_identification/python_setup_py.py", line 296, in _get_setup_information\n    result = subprocess.run(\n             ^^^^^^^^^^^^^^^\n  File "/usr/lib/python3.12/subprocess.py", line 571, in run\n    raise CalledProcessError(retcode, process.args,\nsubprocess.CalledProcessError: Command \'[\'/usr/bin/python3\', \'-c\', \'import sys;from contextlib import suppress;exec("with suppress(ImportError):    from setuptools.extern.packaging.specifiers    import SpecifierSet");exec("with suppress(ImportError):    from packaging.specifiers import SpecifierSet");from distutils.core import run_setup;dist = run_setup(    \\\'setup.py\\\', script_args=(\\\'--dry-run\\\',), stop_after=\\\'config\\\');skip_keys = (\\\'cmdclass\\\', \\\'distclass\\\', \\\'ext_modules\\\', \\\'metadata\\\');data = {    key: value for key, value in dist.__dict__.items()     if (        not key.startswith(\\\'_\\\') and         not callable(value) and         key not in skip_keys and         key not in dist.display_option_names    )};data[\\\'metadata\\\'] = {    k: v for k, v in dist.metadata.__dict__.items()     if k not in (\\\'license_files\\\', \\\'provides_extras\\\')};sys.stdout.buffer.write(repr(data).encode(\\\'utf-8\\\'))\']\' returned non-zero exit status 1.\n'}
[0.336999] (Rviz2) JobEnded: {'identifier': 'Rviz2', 'rc': 1}
[0.504773] (-) TimerEvent: {}
[0.647186] (-) TimerEvent: {}
[0.748484] (-) TimerEvent: {}
[0.763138] (gakurobo) JobEnded: {'identifier': 'gakurobo', 'rc': 'SIGINT'}
[0.763596] (test_pkg) JobEnded: {'identifier': 'test_pkg', 'rc': 'SIGINT'}
[0.764594] (talk_pkg) JobEnded: {'identifier': 'talk_pkg', 'rc': 'SIGINT'}
[0.773775] (three_node_pkg) JobSkipped: {'identifier': 'three_node_pkg'}
[0.773815] (-) EventReactorShutdown: {}
