running egg_info
creating ../../build/independent_steering/independent_steering.egg-info
writing ../../build/independent_steering/independent_steering.egg-info/PKG-INFO
writing dependency_links to ../../build/independent_steering/independent_steering.egg-info/dependency_links.txt
writing requirements to ../../build/independent_steering/independent_steering.egg-info/requires.txt
writing top-level names to ../../build/independent_steering/independent_steering.egg-info/top_level.txt
writing manifest file '../../build/independent_steering/independent_steering.egg-info/SOURCES.txt'
reading manifest file '../../build/independent_steering/independent_steering.egg-info/SOURCES.txt'
writing manifest file '../../build/independent_steering/independent_steering.egg-info/SOURCES.txt'
running build
running build_py
creating /home/yuchel/shared_repo/build/independent_steering/build
creating /home/yuchel/shared_repo/build/independent_steering/build/lib
creating /home/yuchel/shared_repo/build/independent_steering/build/lib/independent_steering
copying independent_steering/__init__.py -> /home/yuchel/shared_repo/build/independent_steering/build/lib/independent_steering
running install
running install_lib
creating /home/yuchel/shared_repo/install/independent_steering/lib/python3.12/site-packages/independent_steering
copying /home/yuchel/shared_repo/build/independent_steering/build/lib/independent_steering/__init__.py -> /home/yuchel/shared_repo/install/independent_steering/lib/python3.12/site-packages/independent_steering
byte-compiling /home/yuchel/shared_repo/install/independent_steering/lib/python3.12/site-packages/independent_steering/__init__.py to __init__.cpython-312.pyc
running install_data
creating /home/yuchel/shared_repo/install/independent_steering/share/ament_index
creating /home/yuchel/shared_repo/install/independent_steering/share/ament_index/resource_index
creating /home/yuchel/shared_repo/install/independent_steering/share/ament_index/resource_index/packages
copying resource/independent_steering -> /home/yuchel/shared_repo/install/independent_steering/share/ament_index/resource_index/packages
copying package.xml -> /home/yuchel/shared_repo/install/independent_steering/share/independent_steering
creating /home/yuchel/shared_repo/install/independent_steering/share/independent_steering/urdf
copying urdf/tr.urdf -> /home/yuchel/shared_repo/install/independent_steering/share/independent_steering/urdf
creating /home/yuchel/shared_repo/install/independent_steering/share/independent_steering/launch
copying launch/simulation.launch.py -> /home/yuchel/shared_repo/install/independent_steering/share/independent_steering/launch
running install_egg_info
Copying ../../build/independent_steering/independent_steering.egg-info to /home/yuchel/shared_repo/install/independent_steering/lib/python3.12/site-packages/independent_steering-0.0.0-py3.12.egg-info
running install_scripts
writing list of installed files to '/home/yuchel/shared_repo/build/independent_steering/install.log'
