[7.526s] Invoking command in '/home/yuchel/shared_repo/src/three_node_pkg': DEBUGINFOD_URLS=https://debuginfod.ubuntu.com PYTHONPATH=/home/yuchel/shared_repo/build/three_node_pkg/prefix_override:/usr/lib/python3/dist-packages/colcon_core/task/python/colcon_distutils_commands:/home/yuchel/shared_repo/install/three_node_pkg/lib/python3.12/site-packages:${PYTHONPATH} /usr/bin/python3 -W ignore:setup.py install is deprecated -W ignore:easy_install command is deprecated setup.py egg_info --egg-base ../../build/three_node_pkg build --build-base /home/yuchel/shared_repo/build/three_node_pkg/build install --record /home/yuchel/shared_repo/build/three_node_pkg/install.log --install-scripts $base/lib/three_node_pkg --single-version-externally-managed install_data
[9.902s] running egg_info
[10.077s] writing ../../build/three_node_pkg/three_node_pkg.egg-info/PKG-INFO
[10.081s] writing dependency_links to ../../build/three_node_pkg/three_node_pkg.egg-info/dependency_links.txt
[10.084s] writing entry points to ../../build/three_node_pkg/three_node_pkg.egg-info/entry_points.txt
[10.085s] writing requirements to ../../build/three_node_pkg/three_node_pkg.egg-info/requires.txt
[10.085s] writing top-level names to ../../build/three_node_pkg/three_node_pkg.egg-info/top_level.txt
[10.298s] reading manifest file '../../build/three_node_pkg/three_node_pkg.egg-info/SOURCES.txt'
[10.299s] writing manifest file '../../build/three_node_pkg/three_node_pkg.egg-info/SOURCES.txt'
[10.300s] running build
[10.300s] running build_py
[10.300s] copying three_node_pkg/control_node.py -> /home/yuchel/shared_repo/build/three_node_pkg/build/lib/three_node_pkg
[10.322s] running install
[10.424s] running install_lib
[10.496s] copying /home/yuchel/shared_repo/build/three_node_pkg/build/lib/three_node_pkg/control_node.py -> /home/yuchel/shared_repo/install/three_node_pkg/lib/python3.12/site-packages/three_node_pkg
[10.497s] byte-compiling /home/yuchel/shared_repo/install/three_node_pkg/lib/python3.12/site-packages/three_node_pkg/control_node.py to control_node.cpython-312.pyc
[10.497s] running install_data
[10.497s] running install_egg_info
[10.534s] removing '/home/yuchel/shared_repo/install/three_node_pkg/lib/python3.12/site-packages/three_node_pkg-0.0.0-py3.12.egg-info' (and everything under it)
[10.534s] Copying ../../build/three_node_pkg/three_node_pkg.egg-info to /home/yuchel/shared_repo/install/three_node_pkg/lib/python3.12/site-packages/three_node_pkg-0.0.0-py3.12.egg-info
[10.534s] running install_scripts
[11.482s] Installing control script to /home/yuchel/shared_repo/install/three_node_pkg/lib/three_node_pkg
[11.482s] Installing display script to /home/yuchel/shared_repo/install/three_node_pkg/lib/three_node_pkg
[11.488s] Installing input script to /home/yuchel/shared_repo/install/three_node_pkg/lib/three_node_pkg
[11.496s] writing list of installed files to '/home/yuchel/shared_repo/build/three_node_pkg/install.log'
[11.832s] Invoked command in '/home/yuchel/shared_repo/src/three_node_pkg' returned '0': DEBUGINFOD_URLS=https://debuginfod.ubuntu.com PYTHONPATH=/home/yuchel/shared_repo/build/three_node_pkg/prefix_override:/usr/lib/python3/dist-packages/colcon_core/task/python/colcon_distutils_commands:/home/yuchel/shared_repo/install/three_node_pkg/lib/python3.12/site-packages:${PYTHONPATH} /usr/bin/python3 -W ignore:setup.py install is deprecated -W ignore:easy_install command is deprecated setup.py egg_info --egg-base ../../build/three_node_pkg build --build-base /home/yuchel/shared_repo/build/three_node_pkg/build install --record /home/yuchel/shared_repo/build/three_node_pkg/install.log --install-scripts $base/lib/three_node_pkg --single-version-externally-managed install_data
