[0.097s] DEBUG:colcon:Command line arguments: ['/usr/bin/colcon', 'build']
[0.097s] DEBUG:colcon:Parsed command line arguments: Namespace(log_base=None, log_level=None, verb_name='build', build_base='build', install_base='install', merge_install=False, symlink_install=False, test_result_base=None, continue_on_error=False, executor='parallel', parallel_workers=4, event_handlers=None, ignore_user_meta=False, metas=['./colcon.meta'], base_paths=['.'], packages_ignore=None, packages_ignore_regex=None, paths=None, packages_up_to=None, packages_up_to_regex=None, packages_above=None, packages_above_and_dependencies=None, packages_above_depth=None, packages_select_by_dep=None, packages_skip_by_dep=None, packages_skip_up_to=None, packages_select_build_failed=False, packages_skip_build_finished=False, packages_select_test_failures=False, packages_skip_test_passed=False, packages_select=None, packages_skip=None, packages_select_regex=None, packages_skip_regex=None, packages_start=None, packages_end=None, cmake_args=None, cmake_target=None, cmake_target_skip_unavailable=False, cmake_clean_cache=False, cmake_clean_first=False, cmake_force_configure=False, ament_cmake_args=None, catkin_cmake_args=None, catkin_skip_building_tests=False, verb_parser=<colcon_defaults.argument_parser.defaults.DefaultArgumentsDecorator object at 0x788eee514890>, verb_extension=<colcon_core.verb.build.BuildVerb object at 0x788eee6416a0>, main=<bound method BuildVerb.main of <colcon_core.verb.build.BuildVerb object at 0x788eee6416a0>>)
[0.138s] Level 1:colcon.colcon_core.package_discovery:discover_packages(colcon_meta) check parameters
[0.138s] Level 1:colcon.colcon_core.package_discovery:discover_packages(recursive) check parameters
[0.138s] Level 1:colcon.colcon_core.package_discovery:discover_packages(ignore) check parameters
[0.138s] Level 1:colcon.colcon_core.package_discovery:discover_packages(path) check parameters
[0.138s] Level 1:colcon.colcon_core.package_discovery:discover_packages(colcon_meta) discover
[0.138s] Level 1:colcon.colcon_core.package_discovery:discover_packages(recursive) discover
[0.138s] INFO:colcon.colcon_core.package_discovery:Crawling recursively for packages in '/home/yuchel/shared_repo'
[0.138s] Level 1:colcon.colcon_core.package_identification:_identify(.) by extensions ['ignore', 'ignore_ament_install']
[0.138s] Level 1:colcon.colcon_core.package_identification:_identify(.) by extension 'ignore'
[0.138s] Level 1:colcon.colcon_core.package_identification:_identify(.) by extension 'ignore_ament_install'
[0.138s] Level 1:colcon.colcon_core.package_identification:_identify(.) by extensions ['colcon_pkg']
[0.138s] Level 1:colcon.colcon_core.package_identification:_identify(.) by extension 'colcon_pkg'
[0.139s] Level 1:colcon.colcon_core.package_identification:_identify(.) by extensions ['colcon_meta']
[0.139s] Level 1:colcon.colcon_core.package_identification:_identify(.) by extension 'colcon_meta'
[0.139s] Level 1:colcon.colcon_core.package_identification:_identify(.) by extensions ['ros']
[0.139s] Level 1:colcon.colcon_core.package_identification:_identify(.) by extension 'ros'
[0.162s] Level 1:colcon.colcon_core.package_identification:_identify(.) by extensions ['cmake', 'python']
[0.162s] Level 1:colcon.colcon_core.package_identification:_identify(.) by extension 'cmake'
[0.162s] Level 1:colcon.colcon_core.package_identification:_identify(.) by extension 'python'
[0.162s] Level 1:colcon.colcon_core.package_identification:_identify(.) by extensions ['python_setup_py']
[0.162s] Level 1:colcon.colcon_core.package_identification:_identify(.) by extension 'python_setup_py'
[0.162s] Level 1:colcon.colcon_core.package_identification:_identify(build) by extensions ['ignore', 'ignore_ament_install']
[0.162s] Level 1:colcon.colcon_core.package_identification:_identify(build) by extension 'ignore'
[0.162s] Level 1:colcon.colcon_core.package_identification:_identify(build) ignored
[0.162s] Level 1:colcon.colcon_core.package_identification:_identify(install) by extensions ['ignore', 'ignore_ament_install']
[0.162s] Level 1:colcon.colcon_core.package_identification:_identify(install) by extension 'ignore'
[0.162s] Level 1:colcon.colcon_core.package_identification:_identify(install) ignored
[0.162s] Level 1:colcon.colcon_core.package_identification:_identify(log) by extensions ['ignore', 'ignore_ament_install']
[0.162s] Level 1:colcon.colcon_core.package_identification:_identify(log) by extension 'ignore'
[0.162s] Level 1:colcon.colcon_core.package_identification:_identify(log) ignored
[0.163s] Level 1:colcon.colcon_core.package_identification:_identify(rosbag2_2026_08_10-22_53_29) by extensions ['ignore', 'ignore_ament_install']
[0.163s] Level 1:colcon.colcon_core.package_identification:_identify(rosbag2_2026_08_10-22_53_29) by extension 'ignore'
[0.163s] Level 1:colcon.colcon_core.package_identification:_identify(rosbag2_2026_08_10-22_53_29) by extension 'ignore_ament_install'
[0.163s] Level 1:colcon.colcon_core.package_identification:_identify(rosbag2_2026_08_10-22_53_29) by extensions ['colcon_pkg']
[0.163s] Level 1:colcon.colcon_core.package_identification:_identify(rosbag2_2026_08_10-22_53_29) by extension 'colcon_pkg'
[0.163s] Level 1:colcon.colcon_core.package_identification:_identify(rosbag2_2026_08_10-22_53_29) by extensions ['colcon_meta']
[0.163s] Level 1:colcon.colcon_core.package_identification:_identify(rosbag2_2026_08_10-22_53_29) by extension 'colcon_meta'
[0.163s] Level 1:colcon.colcon_core.package_identification:_identify(rosbag2_2026_08_10-22_53_29) by extensions ['ros']
[0.163s] Level 1:colcon.colcon_core.package_identification:_identify(rosbag2_2026_08_10-22_53_29) by extension 'ros'
[0.163s] Level 1:colcon.colcon_core.package_identification:_identify(rosbag2_2026_08_10-22_53_29) by extensions ['cmake', 'python']
[0.163s] Level 1:colcon.colcon_core.package_identification:_identify(rosbag2_2026_08_10-22_53_29) by extension 'cmake'
[0.163s] Level 1:colcon.colcon_core.package_identification:_identify(rosbag2_2026_08_10-22_53_29) by extension 'python'
[0.163s] Level 1:colcon.colcon_core.package_identification:_identify(rosbag2_2026_08_10-22_53_29) by extensions ['python_setup_py']
[0.163s] Level 1:colcon.colcon_core.package_identification:_identify(rosbag2_2026_08_10-22_53_29) by extension 'python_setup_py'
[0.163s] Level 1:colcon.colcon_core.package_identification:_identify(src) by extensions ['ignore', 'ignore_ament_install']
[0.163s] Level 1:colcon.colcon_core.package_identification:_identify(src) by extension 'ignore'
[0.163s] Level 1:colcon.colcon_core.package_identification:_identify(src) by extension 'ignore_ament_install'
[0.163s] Level 1:colcon.colcon_core.package_identification:_identify(src) by extensions ['colcon_pkg']
[0.163s] Level 1:colcon.colcon_core.package_identification:_identify(src) by extension 'colcon_pkg'
[0.163s] Level 1:colcon.colcon_core.package_identification:_identify(src) by extensions ['colcon_meta']
[0.163s] Level 1:colcon.colcon_core.package_identification:_identify(src) by extension 'colcon_meta'
[0.163s] Level 1:colcon.colcon_core.package_identification:_identify(src) by extensions ['ros']
[0.163s] Level 1:colcon.colcon_core.package_identification:_identify(src) by extension 'ros'
[0.163s] Level 1:colcon.colcon_core.package_identification:_identify(src) by extensions ['cmake', 'python']
[0.163s] Level 1:colcon.colcon_core.package_identification:_identify(src) by extension 'cmake'
[0.163s] Level 1:colcon.colcon_core.package_identification:_identify(src) by extension 'python'
[0.163s] Level 1:colcon.colcon_core.package_identification:_identify(src) by extensions ['python_setup_py']
[0.163s] Level 1:colcon.colcon_core.package_identification:_identify(src) by extension 'python_setup_py'
[0.163s] Level 1:colcon.colcon_core.package_identification:_identify(src/gakurobo) by extensions ['ignore', 'ignore_ament_install']
[0.163s] Level 1:colcon.colcon_core.package_identification:_identify(src/gakurobo) by extension 'ignore'
[0.164s] Level 1:colcon.colcon_core.package_identification:_identify(src/gakurobo) by extension 'ignore_ament_install'
[0.164s] Level 1:colcon.colcon_core.package_identification:_identify(src/gakurobo) by extensions ['colcon_pkg']
[0.164s] Level 1:colcon.colcon_core.package_identification:_identify(src/gakurobo) by extension 'colcon_pkg'
[0.164s] Level 1:colcon.colcon_core.package_identification:_identify(src/gakurobo) by extensions ['colcon_meta']
[0.164s] Level 1:colcon.colcon_core.package_identification:_identify(src/gakurobo) by extension 'colcon_meta'
[0.164s] Level 1:colcon.colcon_core.package_identification:_identify(src/gakurobo) by extensions ['ros']
[0.164s] Level 1:colcon.colcon_core.package_identification:_identify(src/gakurobo) by extension 'ros'
[0.166s] DEBUG:colcon.colcon_core.package_identification:Package 'src/gakurobo' with type 'ros.ament_python' and name 'gakurobo'
[0.166s] Level 1:colcon.colcon_core.package_identification:_identify(src/talk_pkg) by extensions ['ignore', 'ignore_ament_install']
[0.166s] Level 1:colcon.colcon_core.package_identification:_identify(src/talk_pkg) by extension 'ignore'
[0.166s] Level 1:colcon.colcon_core.package_identification:_identify(src/talk_pkg) by extension 'ignore_ament_install'
[0.166s] Level 1:colcon.colcon_core.package_identification:_identify(src/talk_pkg) by extensions ['colcon_pkg']
[0.166s] Level 1:colcon.colcon_core.package_identification:_identify(src/talk_pkg) by extension 'colcon_pkg'
[0.166s] Level 1:colcon.colcon_core.package_identification:_identify(src/talk_pkg) by extensions ['colcon_meta']
[0.166s] Level 1:colcon.colcon_core.package_identification:_identify(src/talk_pkg) by extension 'colcon_meta'
[0.166s] Level 1:colcon.colcon_core.package_identification:_identify(src/talk_pkg) by extensions ['ros']
[0.166s] Level 1:colcon.colcon_core.package_identification:_identify(src/talk_pkg) by extension 'ros'
[0.166s] DEBUG:colcon.colcon_core.package_identification:Package 'src/talk_pkg' with type 'ros.ament_python' and name 'talk_pkg'
[0.167s] Level 1:colcon.colcon_core.package_identification:_identify(src/test_pkg) by extensions ['ignore', 'ignore_ament_install']
[0.167s] Level 1:colcon.colcon_core.package_identification:_identify(src/test_pkg) by extension 'ignore'
[0.167s] Level 1:colcon.colcon_core.package_identification:_identify(src/test_pkg) by extension 'ignore_ament_install'
[0.167s] Level 1:colcon.colcon_core.package_identification:_identify(src/test_pkg) by extensions ['colcon_pkg']
[0.167s] Level 1:colcon.colcon_core.package_identification:_identify(src/test_pkg) by extension 'colcon_pkg'
[0.167s] Level 1:colcon.colcon_core.package_identification:_identify(src/test_pkg) by extensions ['colcon_meta']
[0.167s] Level 1:colcon.colcon_core.package_identification:_identify(src/test_pkg) by extension 'colcon_meta'
[0.167s] Level 1:colcon.colcon_core.package_identification:_identify(src/test_pkg) by extensions ['ros']
[0.167s] Level 1:colcon.colcon_core.package_identification:_identify(src/test_pkg) by extension 'ros'
[0.167s] DEBUG:colcon.colcon_core.package_identification:Package 'src/test_pkg' with type 'ros.ament_python' and name 'test_pkg'
[0.167s] Level 1:colcon.colcon_core.package_identification:_identify(src/three_node_pkg) by extensions ['ignore', 'ignore_ament_install']
[0.167s] Level 1:colcon.colcon_core.package_identification:_identify(src/three_node_pkg) by extension 'ignore'
[0.167s] Level 1:colcon.colcon_core.package_identification:_identify(src/three_node_pkg) by extension 'ignore_ament_install'
[0.167s] Level 1:colcon.colcon_core.package_identification:_identify(src/three_node_pkg) by extensions ['colcon_pkg']
[0.167s] Level 1:colcon.colcon_core.package_identification:_identify(src/three_node_pkg) by extension 'colcon_pkg'
[0.167s] Level 1:colcon.colcon_core.package_identification:_identify(src/three_node_pkg) by extensions ['colcon_meta']
[0.167s] Level 1:colcon.colcon_core.package_identification:_identify(src/three_node_pkg) by extension 'colcon_meta'
[0.167s] Level 1:colcon.colcon_core.package_identification:_identify(src/three_node_pkg) by extensions ['ros']
[0.167s] Level 1:colcon.colcon_core.package_identification:_identify(src/three_node_pkg) by extension 'ros'
[0.168s] DEBUG:colcon.colcon_core.package_identification:Package 'src/three_node_pkg' with type 'ros.ament_python' and name 'three_node_pkg'
[0.168s] Level 1:colcon.colcon_core.package_discovery:discover_packages(recursive) using defaults
[0.168s] Level 1:colcon.colcon_core.package_discovery:discover_packages(ignore) discover
[0.168s] Level 1:colcon.colcon_core.package_discovery:discover_packages(ignore) using defaults
[0.168s] Level 1:colcon.colcon_core.package_discovery:discover_packages(path) discover
[0.168s] Level 1:colcon.colcon_core.package_discovery:discover_packages(path) using defaults
[0.189s] Level 5:colcon.colcon_core.verb:set package 'gakurobo' build argument 'cmake_args' from command line to 'None'
[0.189s] Level 5:colcon.colcon_core.verb:set package 'gakurobo' build argument 'cmake_target' from command line to 'None'
[0.190s] Level 5:colcon.colcon_core.verb:set package 'gakurobo' build argument 'cmake_target_skip_unavailable' from command line to 'False'
[0.190s] Level 5:colcon.colcon_core.verb:set package 'gakurobo' build argument 'cmake_clean_cache' from command line to 'False'
[0.190s] Level 5:colcon.colcon_core.verb:set package 'gakurobo' build argument 'cmake_clean_first' from command line to 'False'
[0.190s] Level 5:colcon.colcon_core.verb:set package 'gakurobo' build argument 'cmake_force_configure' from command line to 'False'
[0.190s] Level 5:colcon.colcon_core.verb:set package 'gakurobo' build argument 'ament_cmake_args' from command line to 'None'
[0.190s] Level 5:colcon.colcon_core.verb:set package 'gakurobo' build argument 'catkin_cmake_args' from command line to 'None'
[0.190s] Level 5:colcon.colcon_core.verb:set package 'gakurobo' build argument 'catkin_skip_building_tests' from command line to 'False'
[0.190s] DEBUG:colcon.colcon_core.verb:Building package 'gakurobo' with the following arguments: {'ament_cmake_args': None, 'build_base': '/home/yuchel/shared_repo/build/gakurobo', 'catkin_cmake_args': None, 'catkin_skip_building_tests': False, 'cmake_args': None, 'cmake_clean_cache': False, 'cmake_clean_first': False, 'cmake_force_configure': False, 'cmake_target': None, 'cmake_target_skip_unavailable': False, 'install_base': '/home/yuchel/shared_repo/install/gakurobo', 'merge_install': False, 'path': '/home/yuchel/shared_repo/src/gakurobo', 'symlink_install': False, 'test_result_base': None}
[0.190s] Level 5:colcon.colcon_core.verb:set package 'talk_pkg' build argument 'cmake_args' from command line to 'None'
[0.190s] Level 5:colcon.colcon_core.verb:set package 'talk_pkg' build argument 'cmake_target' from command line to 'None'
[0.190s] Level 5:colcon.colcon_core.verb:set package 'talk_pkg' build argument 'cmake_target_skip_unavailable' from command line to 'False'
[0.190s] Level 5:colcon.colcon_core.verb:set package 'talk_pkg' build argument 'cmake_clean_cache' from command line to 'False'
[0.190s] Level 5:colcon.colcon_core.verb:set package 'talk_pkg' build argument 'cmake_clean_first' from command line to 'False'
[0.190s] Level 5:colcon.colcon_core.verb:set package 'talk_pkg' build argument 'cmake_force_configure' from command line to 'False'
[0.190s] Level 5:colcon.colcon_core.verb:set package 'talk_pkg' build argument 'ament_cmake_args' from command line to 'None'
[0.190s] Level 5:colcon.colcon_core.verb:set package 'talk_pkg' build argument 'catkin_cmake_args' from command line to 'None'
[0.190s] Level 5:colcon.colcon_core.verb:set package 'talk_pkg' build argument 'catkin_skip_building_tests' from command line to 'False'
[0.190s] DEBUG:colcon.colcon_core.verb:Building package 'talk_pkg' with the following arguments: {'ament_cmake_args': None, 'build_base': '/home/yuchel/shared_repo/build/talk_pkg', 'catkin_cmake_args': None, 'catkin_skip_building_tests': False, 'cmake_args': None, 'cmake_clean_cache': False, 'cmake_clean_first': False, 'cmake_force_configure': False, 'cmake_target': None, 'cmake_target_skip_unavailable': False, 'install_base': '/home/yuchel/shared_repo/install/talk_pkg', 'merge_install': False, 'path': '/home/yuchel/shared_repo/src/talk_pkg', 'symlink_install': False, 'test_result_base': None}
[0.191s] Level 5:colcon.colcon_core.verb:set package 'test_pkg' build argument 'cmake_args' from command line to 'None'
[0.191s] Level 5:colcon.colcon_core.verb:set package 'test_pkg' build argument 'cmake_target' from command line to 'None'
[0.191s] Level 5:colcon.colcon_core.verb:set package 'test_pkg' build argument 'cmake_target_skip_unavailable' from command line to 'False'
[0.191s] Level 5:colcon.colcon_core.verb:set package 'test_pkg' build argument 'cmake_clean_cache' from command line to 'False'
[0.191s] Level 5:colcon.colcon_core.verb:set package 'test_pkg' build argument 'cmake_clean_first' from command line to 'False'
[0.191s] Level 5:colcon.colcon_core.verb:set package 'test_pkg' build argument 'cmake_force_configure' from command line to 'False'
[0.191s] Level 5:colcon.colcon_core.verb:set package 'test_pkg' build argument 'ament_cmake_args' from command line to 'None'
[0.191s] Level 5:colcon.colcon_core.verb:set package 'test_pkg' build argument 'catkin_cmake_args' from command line to 'None'
[0.191s] Level 5:colcon.colcon_core.verb:set package 'test_pkg' build argument 'catkin_skip_building_tests' from command line to 'False'
[0.191s] DEBUG:colcon.colcon_core.verb:Building package 'test_pkg' with the following arguments: {'ament_cmake_args': None, 'build_base': '/home/yuchel/shared_repo/build/test_pkg', 'catkin_cmake_args': None, 'catkin_skip_building_tests': False, 'cmake_args': None, 'cmake_clean_cache': False, 'cmake_clean_first': False, 'cmake_force_configure': False, 'cmake_target': None, 'cmake_target_skip_unavailable': False, 'install_base': '/home/yuchel/shared_repo/install/test_pkg', 'merge_install': False, 'path': '/home/yuchel/shared_repo/src/test_pkg', 'symlink_install': False, 'test_result_base': None}
[0.191s] Level 5:colcon.colcon_core.verb:set package 'three_node_pkg' build argument 'cmake_args' from command line to 'None'
[0.191s] Level 5:colcon.colcon_core.verb:set package 'three_node_pkg' build argument 'cmake_target' from command line to 'None'
[0.191s] Level 5:colcon.colcon_core.verb:set package 'three_node_pkg' build argument 'cmake_target_skip_unavailable' from command line to 'False'
[0.191s] Level 5:colcon.colcon_core.verb:set package 'three_node_pkg' build argument 'cmake_clean_cache' from command line to 'False'
[0.191s] Level 5:colcon.colcon_core.verb:set package 'three_node_pkg' build argument 'cmake_clean_first' from command line to 'False'
[0.191s] Level 5:colcon.colcon_core.verb:set package 'three_node_pkg' build argument 'cmake_force_configure' from command line to 'False'
[0.191s] Level 5:colcon.colcon_core.verb:set package 'three_node_pkg' build argument 'ament_cmake_args' from command line to 'None'
[0.191s] Level 5:colcon.colcon_core.verb:set package 'three_node_pkg' build argument 'catkin_cmake_args' from command line to 'None'
[0.191s] Level 5:colcon.colcon_core.verb:set package 'three_node_pkg' build argument 'catkin_skip_building_tests' from command line to 'False'
[0.191s] DEBUG:colcon.colcon_core.verb:Building package 'three_node_pkg' with the following arguments: {'ament_cmake_args': None, 'build_base': '/home/yuchel/shared_repo/build/three_node_pkg', 'catkin_cmake_args': None, 'catkin_skip_building_tests': False, 'cmake_args': None, 'cmake_clean_cache': False, 'cmake_clean_first': False, 'cmake_force_configure': False, 'cmake_target': None, 'cmake_target_skip_unavailable': False, 'install_base': '/home/yuchel/shared_repo/install/three_node_pkg', 'merge_install': False, 'path': '/home/yuchel/shared_repo/src/three_node_pkg', 'symlink_install': False, 'test_result_base': None}
[0.191s] INFO:colcon.colcon_core.executor:Executing jobs using 'parallel' executor
[0.193s] DEBUG:colcon.colcon_parallel_executor.executor.parallel:run_until_complete
[0.194s] INFO:colcon.colcon_ros.task.ament_python.build:Building ROS package in '/home/yuchel/shared_repo/src/gakurobo' with build type 'ament_python'
[0.194s] Level 1:colcon.colcon_core.shell:create_environment_hook('gakurobo', 'ament_prefix_path')
[0.197s] INFO:colcon.colcon_core.plugin_system:Skipping extension 'colcon_core.shell.bat': Not used on non-Windows systems
[0.198s] INFO:colcon.colcon_core.shell:Creating environment descriptor '/home/yuchel/shared_repo/install/gakurobo/share/gakurobo/hook/ament_prefix_path.dsv'
[0.198s] INFO:colcon.colcon_core.shell:Creating environment hook '/home/yuchel/shared_repo/install/gakurobo/share/gakurobo/hook/ament_prefix_path.sh'
[0.200s] DEBUG:colcon.colcon_core.shell:Skip shell extension 'dsv' for command environment
[0.209s] INFO:colcon.colcon_ros.task.ament_python.build:Building ROS package in '/home/yuchel/shared_repo/src/talk_pkg' with build type 'ament_python'
[0.209s] Level 1:colcon.colcon_core.shell:create_environment_hook('talk_pkg', 'ament_prefix_path')
[0.209s] INFO:colcon.colcon_core.shell:Creating environment descriptor '/home/yuchel/shared_repo/install/talk_pkg/share/talk_pkg/hook/ament_prefix_path.dsv'
[0.210s] INFO:colcon.colcon_core.shell:Creating environment hook '/home/yuchel/shared_repo/install/talk_pkg/share/talk_pkg/hook/ament_prefix_path.sh'
[0.210s] DEBUG:colcon.colcon_core.shell:Skip shell extension 'dsv' for command environment
[0.218s] INFO:colcon.colcon_ros.task.ament_python.build:Building ROS package in '/home/yuchel/shared_repo/src/test_pkg' with build type 'ament_python'
[0.225s] Level 1:colcon.colcon_core.shell:create_environment_hook('test_pkg', 'ament_prefix_path')
[0.226s] INFO:colcon.colcon_core.shell:Creating environment descriptor '/home/yuchel/shared_repo/install/test_pkg/share/test_pkg/hook/ament_prefix_path.dsv'
[0.227s] INFO:colcon.colcon_core.shell:Creating environment hook '/home/yuchel/shared_repo/install/test_pkg/share/test_pkg/hook/ament_prefix_path.sh'
[0.230s] DEBUG:colcon.colcon_core.shell:Skip shell extension 'dsv' for command environment
[0.241s] INFO:colcon.colcon_ros.task.ament_python.build:Building ROS package in '/home/yuchel/shared_repo/src/three_node_pkg' with build type 'ament_python'
[0.241s] Level 1:colcon.colcon_core.shell:create_environment_hook('three_node_pkg', 'ament_prefix_path')
[0.242s] INFO:colcon.colcon_core.shell:Creating environment descriptor '/home/yuchel/shared_repo/install/three_node_pkg/share/three_node_pkg/hook/ament_prefix_path.dsv'
[0.244s] INFO:colcon.colcon_core.shell:Creating environment hook '/home/yuchel/shared_repo/install/three_node_pkg/share/three_node_pkg/hook/ament_prefix_path.sh'
[0.246s] DEBUG:colcon.colcon_core.shell:Skip shell extension 'dsv' for command environment
[0.467s] INFO:colcon.colcon_core.task.python.build:Building Python package in '/home/yuchel/shared_repo/src/gakurobo'
[0.468s] DEBUG:colcon.colcon_core.shell:Skip shell extension 'dsv' for command environment
[0.669s] INFO:colcon.colcon_core.task.python.build:Building Python package in '/home/yuchel/shared_repo/src/talk_pkg'
[0.670s] DEBUG:colcon.colcon_core.shell:Skip shell extension 'dsv' for command environment
[0.840s] INFO:colcon.colcon_core.task.python.build:Building Python package in '/home/yuchel/shared_repo/src/test_pkg'
[0.840s] DEBUG:colcon.colcon_core.shell:Skip shell extension 'dsv' for command environment
[1.002s] INFO:colcon.colcon_core.task.python.build:Building Python package in '/home/yuchel/shared_repo/src/three_node_pkg'
[1.002s] DEBUG:colcon.colcon_core.shell:Skip shell extension 'dsv' for command environment
[1.515s] DEBUG:colcon.colcon_core.task.python.build:Available setuptools commands: install_scripts, build_py, symlink_data, editable_wheel, develop, build_clib, test, install_egg_info, install_lib, check, build, bdist_dumb, upload_docs, easy_install, saveopts, setopt, bdist_rpm, bdist, build_scripts, update_catalog, init_catalog, dist_info, register, alias, extract_messages, bdist_wheel, rotate, egg_info, install_headers, install_data, compile_catalog, upload, build_ext, bdist_egg, clean, sdist, install
[1.527s] DEBUG:colcon.colcon_core.event_handler.log_command:Invoking command in '/home/yuchel/shared_repo/src/gakurobo': DEBUGINFOD_URLS=https://debuginfod.ubuntu.com PYTHONPATH=/home/yuchel/shared_repo/build/gakurobo/prefix_override:/usr/lib/python3/dist-packages/colcon_core/task/python/colcon_distutils_commands:/home/yuchel/shared_repo/install/gakurobo/lib/python3.12/site-packages:${PYTHONPATH} /usr/bin/python3 -W ignore:setup.py install is deprecated -W ignore:easy_install command is deprecated setup.py egg_info --egg-base ../../build/gakurobo build --build-base /home/yuchel/shared_repo/build/gakurobo/build install --record /home/yuchel/shared_repo/build/gakurobo/install.log --install-scripts $base/lib/gakurobo --single-version-externally-managed install_data
[1.695s] DEBUG:colcon.colcon_core.task.python.build:Available setuptools commands: install_scripts, build_py, symlink_data, editable_wheel, develop, build_clib, test, install_egg_info, install_lib, check, build, bdist_dumb, upload_docs, easy_install, saveopts, setopt, bdist_rpm, bdist, build_scripts, update_catalog, init_catalog, dist_info, register, alias, extract_messages, bdist_wheel, rotate, egg_info, install_headers, install_data, compile_catalog, upload, build_ext, bdist_egg, clean, sdist, install
[1.699s] DEBUG:colcon.colcon_core.event_handler.log_command:Invoking command in '/home/yuchel/shared_repo/src/talk_pkg': DEBUGINFOD_URLS=https://debuginfod.ubuntu.com PYTHONPATH=/home/yuchel/shared_repo/build/talk_pkg/prefix_override:/usr/lib/python3/dist-packages/colcon_core/task/python/colcon_distutils_commands:/home/yuchel/shared_repo/install/talk_pkg/lib/python3.12/site-packages:${PYTHONPATH} /usr/bin/python3 -W ignore:setup.py install is deprecated -W ignore:easy_install command is deprecated setup.py egg_info --egg-base ../../build/talk_pkg build --build-base /home/yuchel/shared_repo/build/talk_pkg/build install --record /home/yuchel/shared_repo/build/talk_pkg/install.log --install-scripts $base/lib/talk_pkg --single-version-externally-managed install_data
[1.708s] DEBUG:colcon.colcon_core.task.python.build:Available setuptools commands: install_scripts, build_py, symlink_data, editable_wheel, develop, build_clib, test, install_egg_info, install_lib, check, build, bdist_dumb, upload_docs, easy_install, saveopts, setopt, bdist_rpm, bdist, build_scripts, update_catalog, init_catalog, dist_info, register, alias, extract_messages, bdist_wheel, rotate, egg_info, install_headers, install_data, compile_catalog, upload, build_ext, bdist_egg, clean, sdist, install
[1.722s] DEBUG:colcon.colcon_core.event_handler.log_command:Invoking command in '/home/yuchel/shared_repo/src/three_node_pkg': DEBUGINFOD_URLS=https://debuginfod.ubuntu.com PYTHONPATH=/home/yuchel/shared_repo/build/three_node_pkg/prefix_override:/usr/lib/python3/dist-packages/colcon_core/task/python/colcon_distutils_commands:/home/yuchel/shared_repo/install/three_node_pkg/lib/python3.12/site-packages:${PYTHONPATH} /usr/bin/python3 -W ignore:setup.py install is deprecated -W ignore:easy_install command is deprecated setup.py egg_info --egg-base ../../build/three_node_pkg build --build-base /home/yuchel/shared_repo/build/three_node_pkg/build install --record /home/yuchel/shared_repo/build/three_node_pkg/install.log --install-scripts $base/lib/three_node_pkg --single-version-externally-managed install_data
[1.829s] DEBUG:colcon.colcon_core.task.python.build:Available setuptools commands: install_scripts, build_py, symlink_data, editable_wheel, develop, build_clib, test, install_egg_info, install_lib, check, build, bdist_dumb, upload_docs, easy_install, saveopts, setopt, bdist_rpm, bdist, build_scripts, update_catalog, init_catalog, dist_info, register, alias, extract_messages, bdist_wheel, rotate, egg_info, install_headers, install_data, compile_catalog, upload, build_ext, bdist_egg, clean, sdist, install
[1.838s] DEBUG:colcon.colcon_core.event_handler.log_command:Invoking command in '/home/yuchel/shared_repo/src/test_pkg': DEBUGINFOD_URLS=https://debuginfod.ubuntu.com PYTHONPATH=/home/yuchel/shared_repo/build/test_pkg/prefix_override:/usr/lib/python3/dist-packages/colcon_core/task/python/colcon_distutils_commands:/home/yuchel/shared_repo/install/test_pkg/lib/python3.12/site-packages:${PYTHONPATH} /usr/bin/python3 -W ignore:setup.py install is deprecated -W ignore:easy_install command is deprecated setup.py egg_info --egg-base ../../build/test_pkg build --build-base /home/yuchel/shared_repo/build/test_pkg/build install --record /home/yuchel/shared_repo/build/test_pkg/install.log --install-scripts $base/lib/test_pkg --single-version-externally-managed install_data
[2.182s] DEBUG:colcon.colcon_core.event_handler.log_command:Invoked command in '/home/yuchel/shared_repo/src/gakurobo' returned '0': DEBUGINFOD_URLS=https://debuginfod.ubuntu.com PYTHONPATH=/home/yuchel/shared_repo/build/gakurobo/prefix_override:/usr/lib/python3/dist-packages/colcon_core/task/python/colcon_distutils_commands:/home/yuchel/shared_repo/install/gakurobo/lib/python3.12/site-packages:${PYTHONPATH} /usr/bin/python3 -W ignore:setup.py install is deprecated -W ignore:easy_install command is deprecated setup.py egg_info --egg-base ../../build/gakurobo build --build-base /home/yuchel/shared_repo/build/gakurobo/build install --record /home/yuchel/shared_repo/build/gakurobo/install.log --install-scripts $base/lib/gakurobo --single-version-externally-managed install_data
[2.184s] Level 1:colcon.colcon_core.environment:checking '/home/yuchel/shared_repo/install/gakurobo' for CMake module files
[2.184s] Level 1:colcon.colcon_core.environment:checking '/home/yuchel/shared_repo/install/gakurobo' for CMake config files
[2.185s] Level 1:colcon.colcon_core.environment:checking '/home/yuchel/shared_repo/install/gakurobo/lib'
[2.185s] Level 1:colcon.colcon_core.environment:checking '/home/yuchel/shared_repo/install/gakurobo/bin'
[2.185s] Level 1:colcon.colcon_core.environment:checking '/home/yuchel/shared_repo/install/gakurobo/lib/pkgconfig/gakurobo.pc'
[2.185s] Level 1:colcon.colcon_core.environment:checking '/home/yuchel/shared_repo/install/gakurobo/lib/python3.12/site-packages'
[2.185s] Level 1:colcon.colcon_core.shell:create_environment_hook('gakurobo', 'pythonpath')
[2.190s] INFO:colcon.colcon_core.shell:Creating environment descriptor '/home/yuchel/shared_repo/install/gakurobo/share/gakurobo/hook/pythonpath.dsv'
[2.191s] INFO:colcon.colcon_core.shell:Creating environment hook '/home/yuchel/shared_repo/install/gakurobo/share/gakurobo/hook/pythonpath.sh'
[2.195s] Level 1:colcon.colcon_core.environment:checking '/home/yuchel/shared_repo/install/gakurobo/bin'
[2.195s] Level 1:colcon.colcon_core.environment:create_environment_scripts_only(gakurobo)
[2.195s] INFO:colcon.colcon_core.shell:Creating package descriptor '/home/yuchel/shared_repo/install/gakurobo/share/gakurobo/package.dsv'
[2.196s] INFO:colcon.colcon_core.shell:Creating package script '/home/yuchel/shared_repo/install/gakurobo/share/gakurobo/package.sh'
[2.199s] INFO:colcon.colcon_core.shell:Creating package script '/home/yuchel/shared_repo/install/gakurobo/share/gakurobo/package.bash'
[2.200s] INFO:colcon.colcon_core.shell:Creating package script '/home/yuchel/shared_repo/install/gakurobo/share/gakurobo/package.zsh'
[2.202s] Level 1:colcon.colcon_core.environment:create_file_with_runtime_dependencies(/home/yuchel/shared_repo/install/gakurobo/share/colcon-core/packages/gakurobo)
[2.304s] Level 1:colcon.colcon_core.environment:checking '/home/yuchel/shared_repo/install/talk_pkg' for CMake module files
[2.304s] Level 1:colcon.colcon_core.environment:checking '/home/yuchel/shared_repo/install/talk_pkg' for CMake config files
[2.305s] Level 1:colcon.colcon_core.environment:checking '/home/yuchel/shared_repo/install/talk_pkg/lib'
[2.305s] Level 1:colcon.colcon_core.environment:checking '/home/yuchel/shared_repo/install/talk_pkg/bin'
[2.305s] Level 1:colcon.colcon_core.environment:checking '/home/yuchel/shared_repo/install/talk_pkg/lib/pkgconfig/talk_pkg.pc'
[2.305s] Level 1:colcon.colcon_core.environment:checking '/home/yuchel/shared_repo/install/talk_pkg/lib/python3.12/site-packages'
[2.305s] Level 1:colcon.colcon_core.shell:create_environment_hook('talk_pkg', 'pythonpath')
[2.305s] INFO:colcon.colcon_core.shell:Creating environment descriptor '/home/yuchel/shared_repo/install/talk_pkg/share/talk_pkg/hook/pythonpath.dsv'
[2.306s] INFO:colcon.colcon_core.shell:Creating environment hook '/home/yuchel/shared_repo/install/talk_pkg/share/talk_pkg/hook/pythonpath.sh'
[2.307s] Level 1:colcon.colcon_core.environment:checking '/home/yuchel/shared_repo/install/talk_pkg/bin'
[2.307s] Level 1:colcon.colcon_core.environment:create_environment_scripts_only(talk_pkg)
[2.307s] INFO:colcon.colcon_core.shell:Creating package descriptor '/home/yuchel/shared_repo/install/talk_pkg/share/talk_pkg/package.dsv'
[2.307s] INFO:colcon.colcon_core.shell:Creating package script '/home/yuchel/shared_repo/install/talk_pkg/share/talk_pkg/package.sh'
[2.308s] INFO:colcon.colcon_core.shell:Creating package script '/home/yuchel/shared_repo/install/talk_pkg/share/talk_pkg/package.bash'
[2.309s] INFO:colcon.colcon_core.shell:Creating package script '/home/yuchel/shared_repo/install/talk_pkg/share/talk_pkg/package.zsh'
[2.309s] Level 1:colcon.colcon_core.environment:create_file_with_runtime_dependencies(/home/yuchel/shared_repo/install/talk_pkg/share/colcon-core/packages/talk_pkg)
[2.310s] DEBUG:colcon.colcon_core.event_handler.log_command:Invoked command in '/home/yuchel/shared_repo/src/talk_pkg' returned '0': DEBUGINFOD_URLS=https://debuginfod.ubuntu.com PYTHONPATH=/home/yuchel/shared_repo/build/talk_pkg/prefix_override:/usr/lib/python3/dist-packages/colcon_core/task/python/colcon_distutils_commands:/home/yuchel/shared_repo/install/talk_pkg/lib/python3.12/site-packages:${PYTHONPATH} /usr/bin/python3 -W ignore:setup.py install is deprecated -W ignore:easy_install command is deprecated setup.py egg_info --egg-base ../../build/talk_pkg build --build-base /home/yuchel/shared_repo/build/talk_pkg/build install --record /home/yuchel/shared_repo/build/talk_pkg/install.log --install-scripts $base/lib/talk_pkg --single-version-externally-managed install_data
[2.412s] Level 1:colcon.colcon_core.environment:checking '/home/yuchel/shared_repo/install/test_pkg' for CMake module files
[2.412s] DEBUG:colcon.colcon_core.event_handler.log_command:Invoked command in '/home/yuchel/shared_repo/src/test_pkg' returned '0': DEBUGINFOD_URLS=https://debuginfod.ubuntu.com PYTHONPATH=/home/yuchel/shared_repo/build/test_pkg/prefix_override:/usr/lib/python3/dist-packages/colcon_core/task/python/colcon_distutils_commands:/home/yuchel/shared_repo/install/test_pkg/lib/python3.12/site-packages:${PYTHONPATH} /usr/bin/python3 -W ignore:setup.py install is deprecated -W ignore:easy_install command is deprecated setup.py egg_info --egg-base ../../build/test_pkg build --build-base /home/yuchel/shared_repo/build/test_pkg/build install --record /home/yuchel/shared_repo/build/test_pkg/install.log --install-scripts $base/lib/test_pkg --single-version-externally-managed install_data
[2.412s] Level 1:colcon.colcon_core.environment:checking '/home/yuchel/shared_repo/install/test_pkg' for CMake config files
[2.413s] Level 1:colcon.colcon_core.environment:checking '/home/yuchel/shared_repo/install/test_pkg/lib'
[2.413s] Level 1:colcon.colcon_core.environment:checking '/home/yuchel/shared_repo/install/test_pkg/bin'
[2.413s] Level 1:colcon.colcon_core.environment:checking '/home/yuchel/shared_repo/install/test_pkg/lib/pkgconfig/test_pkg.pc'
[2.413s] Level 1:colcon.colcon_core.environment:checking '/home/yuchel/shared_repo/install/test_pkg/lib/python3.12/site-packages'
[2.413s] Level 1:colcon.colcon_core.shell:create_environment_hook('test_pkg', 'pythonpath')
[2.414s] INFO:colcon.colcon_core.shell:Creating environment descriptor '/home/yuchel/shared_repo/install/test_pkg/share/test_pkg/hook/pythonpath.dsv'
[2.415s] INFO:colcon.colcon_core.shell:Creating environment hook '/home/yuchel/shared_repo/install/test_pkg/share/test_pkg/hook/pythonpath.sh'
[2.416s] Level 1:colcon.colcon_core.environment:checking '/home/yuchel/shared_repo/install/test_pkg/bin'
[2.416s] Level 1:colcon.colcon_core.environment:create_environment_scripts_only(test_pkg)
[2.417s] INFO:colcon.colcon_core.shell:Creating package descriptor '/home/yuchel/shared_repo/install/test_pkg/share/test_pkg/package.dsv'
[2.417s] INFO:colcon.colcon_core.shell:Creating package script '/home/yuchel/shared_repo/install/test_pkg/share/test_pkg/package.sh'
[2.418s] INFO:colcon.colcon_core.shell:Creating package script '/home/yuchel/shared_repo/install/test_pkg/share/test_pkg/package.bash'
[2.418s] INFO:colcon.colcon_core.shell:Creating package script '/home/yuchel/shared_repo/install/test_pkg/share/test_pkg/package.zsh'
[2.418s] Level 1:colcon.colcon_core.environment:create_file_with_runtime_dependencies(/home/yuchel/shared_repo/install/test_pkg/share/colcon-core/packages/test_pkg)
[2.459s] Level 1:colcon.colcon_core.environment:checking '/home/yuchel/shared_repo/install/three_node_pkg' for CMake module files
[2.459s] Level 1:colcon.colcon_core.environment:checking '/home/yuchel/shared_repo/install/three_node_pkg' for CMake config files
[2.460s] Level 1:colcon.colcon_core.environment:checking '/home/yuchel/shared_repo/install/three_node_pkg/lib'
[2.460s] Level 1:colcon.colcon_core.environment:checking '/home/yuchel/shared_repo/install/three_node_pkg/bin'
[2.460s] Level 1:colcon.colcon_core.environment:checking '/home/yuchel/shared_repo/install/three_node_pkg/lib/pkgconfig/three_node_pkg.pc'
[2.460s] Level 1:colcon.colcon_core.environment:checking '/home/yuchel/shared_repo/install/three_node_pkg/lib/python3.12/site-packages'
[2.460s] Level 1:colcon.colcon_core.shell:create_environment_hook('three_node_pkg', 'pythonpath')
[2.460s] INFO:colcon.colcon_core.shell:Creating environment descriptor '/home/yuchel/shared_repo/install/three_node_pkg/share/three_node_pkg/hook/pythonpath.dsv'
[2.461s] INFO:colcon.colcon_core.shell:Creating environment hook '/home/yuchel/shared_repo/install/three_node_pkg/share/three_node_pkg/hook/pythonpath.sh'
[2.461s] DEBUG:colcon.colcon_core.event_handler.log_command:Invoked command in '/home/yuchel/shared_repo/src/three_node_pkg' returned '0': DEBUGINFOD_URLS=https://debuginfod.ubuntu.com PYTHONPATH=/home/yuchel/shared_repo/build/three_node_pkg/prefix_override:/usr/lib/python3/dist-packages/colcon_core/task/python/colcon_distutils_commands:/home/yuchel/shared_repo/install/three_node_pkg/lib/python3.12/site-packages:${PYTHONPATH} /usr/bin/python3 -W ignore:setup.py install is deprecated -W ignore:easy_install command is deprecated setup.py egg_info --egg-base ../../build/three_node_pkg build --build-base /home/yuchel/shared_repo/build/three_node_pkg/build install --record /home/yuchel/shared_repo/build/three_node_pkg/install.log --install-scripts $base/lib/three_node_pkg --single-version-externally-managed install_data
[2.462s] Level 1:colcon.colcon_core.environment:checking '/home/yuchel/shared_repo/install/three_node_pkg/bin'
[2.462s] Level 1:colcon.colcon_core.environment:create_environment_scripts_only(three_node_pkg)
[2.463s] INFO:colcon.colcon_core.shell:Creating package descriptor '/home/yuchel/shared_repo/install/three_node_pkg/share/three_node_pkg/package.dsv'
[2.463s] INFO:colcon.colcon_core.shell:Creating package script '/home/yuchel/shared_repo/install/three_node_pkg/share/three_node_pkg/package.sh'
[2.464s] INFO:colcon.colcon_core.shell:Creating package script '/home/yuchel/shared_repo/install/three_node_pkg/share/three_node_pkg/package.bash'
[2.464s] INFO:colcon.colcon_core.shell:Creating package script '/home/yuchel/shared_repo/install/three_node_pkg/share/three_node_pkg/package.zsh'
[2.465s] Level 1:colcon.colcon_core.environment:create_file_with_runtime_dependencies(/home/yuchel/shared_repo/install/three_node_pkg/share/colcon-core/packages/three_node_pkg)
[2.465s] DEBUG:colcon.colcon_parallel_executor.executor.parallel:closing loop
[2.467s] DEBUG:colcon.colcon_parallel_executor.executor.parallel:loop closed
[2.468s] DEBUG:colcon.colcon_parallel_executor.executor.parallel:run_until_complete finished with '0'
[2.468s] DEBUG:colcon.colcon_core.event_reactor:joining thread
[2.480s] INFO:colcon.colcon_core.plugin_system:Skipping extension 'colcon_notification.desktop_notification.terminal_notifier': Not used on non-Darwin systems
[2.480s] INFO:colcon.colcon_core.plugin_system:Skipping extension 'colcon_notification.desktop_notification.win32': Not used on non-Windows systems
[2.481s] INFO:colcon.colcon_notification.desktop_notification:Sending desktop notification using 'notify2'
[2.520s] DEBUG:colcon.colcon_core.event_reactor:joined thread
[2.520s] INFO:colcon.colcon_core.shell:Creating prefix script '/home/yuchel/shared_repo/install/local_setup.sh'
[2.523s] INFO:colcon.colcon_core.shell:Creating prefix util module '/home/yuchel/shared_repo/install/_local_setup_util_sh.py'
[2.524s] INFO:colcon.colcon_core.shell:Creating prefix chain script '/home/yuchel/shared_repo/install/setup.sh'
[2.526s] INFO:colcon.colcon_core.shell:Creating prefix script '/home/yuchel/shared_repo/install/local_setup.bash'
[2.526s] INFO:colcon.colcon_core.shell:Creating prefix chain script '/home/yuchel/shared_repo/install/setup.bash'
[2.527s] INFO:colcon.colcon_core.shell:Creating prefix script '/home/yuchel/shared_repo/install/local_setup.zsh'
[2.528s] INFO:colcon.colcon_core.shell:Creating prefix chain script '/home/yuchel/shared_repo/install/setup.zsh'
