[0.261s] DEBUG:colcon:Command line arguments: ['/usr/bin/colcon', 'build']
[0.261s] DEBUG:colcon:Parsed command line arguments: Namespace(log_base=None, log_level=None, verb_name='build', build_base='build', install_base='install', merge_install=False, symlink_install=False, test_result_base=None, continue_on_error=False, executor='parallel', parallel_workers=4, event_handlers=None, ignore_user_meta=False, metas=['./colcon.meta'], base_paths=['.'], packages_ignore=None, packages_ignore_regex=None, paths=None, packages_up_to=None, packages_up_to_regex=None, packages_above=None, packages_above_and_dependencies=None, packages_above_depth=None, packages_select_by_dep=None, packages_skip_by_dep=None, packages_skip_up_to=None, packages_select_build_failed=False, packages_skip_build_finished=False, packages_select_test_failures=False, packages_skip_test_passed=False, packages_select=None, packages_skip=None, packages_select_regex=None, packages_skip_regex=None, packages_start=None, packages_end=None, cmake_args=None, cmake_target=None, cmake_target_skip_unavailable=False, cmake_clean_cache=False, cmake_clean_first=False, cmake_force_configure=False, ament_cmake_args=None, catkin_cmake_args=None, catkin_skip_building_tests=False, verb_parser=<colcon_defaults.argument_parser.defaults.DefaultArgumentsDecorator object at 0x7973ce6d42c0>, verb_extension=<colcon_core.verb.build.BuildVerb object at 0x7973ce8f36b0>, main=<bound method BuildVerb.main of <colcon_core.verb.build.BuildVerb object at 0x7973ce8f36b0>>)
[0.330s] Level 1:colcon.colcon_core.package_discovery:discover_packages(colcon_meta) check parameters
[0.330s] Level 1:colcon.colcon_core.package_discovery:discover_packages(recursive) check parameters
[0.330s] Level 1:colcon.colcon_core.package_discovery:discover_packages(ignore) check parameters
[0.330s] Level 1:colcon.colcon_core.package_discovery:discover_packages(path) check parameters
[0.330s] Level 1:colcon.colcon_core.package_discovery:discover_packages(colcon_meta) discover
[0.330s] Level 1:colcon.colcon_core.package_discovery:discover_packages(recursive) discover
[0.330s] INFO:colcon.colcon_core.package_discovery:Crawling recursively for packages in '/home/yuchel/shared_repo'
[0.330s] Level 1:colcon.colcon_core.package_identification:_identify(.) by extensions ['ignore', 'ignore_ament_install']
[0.330s] Level 1:colcon.colcon_core.package_identification:_identify(.) by extension 'ignore'
[0.330s] Level 1:colcon.colcon_core.package_identification:_identify(.) by extension 'ignore_ament_install'
[0.330s] Level 1:colcon.colcon_core.package_identification:_identify(.) by extensions ['colcon_pkg']
[0.330s] Level 1:colcon.colcon_core.package_identification:_identify(.) by extension 'colcon_pkg'
[0.330s] Level 1:colcon.colcon_core.package_identification:_identify(.) by extensions ['colcon_meta']
[0.330s] Level 1:colcon.colcon_core.package_identification:_identify(.) by extension 'colcon_meta'
[0.331s] Level 1:colcon.colcon_core.package_identification:_identify(.) by extensions ['ros']
[0.331s] Level 1:colcon.colcon_core.package_identification:_identify(.) by extension 'ros'
[0.360s] Level 1:colcon.colcon_core.package_identification:_identify(.) by extensions ['cmake', 'python']
[0.360s] Level 1:colcon.colcon_core.package_identification:_identify(.) by extension 'cmake'
[0.360s] Level 1:colcon.colcon_core.package_identification:_identify(.) by extension 'python'
[0.360s] Level 1:colcon.colcon_core.package_identification:_identify(.) by extensions ['python_setup_py']
[0.360s] Level 1:colcon.colcon_core.package_identification:_identify(.) by extension 'python_setup_py'
[0.360s] Level 1:colcon.colcon_core.package_identification:_identify(build) by extensions ['ignore', 'ignore_ament_install']
[0.360s] Level 1:colcon.colcon_core.package_identification:_identify(build) by extension 'ignore'
[0.360s] Level 1:colcon.colcon_core.package_identification:_identify(build) ignored
[0.360s] Level 1:colcon.colcon_core.package_identification:_identify(install) by extensions ['ignore', 'ignore_ament_install']
[0.360s] Level 1:colcon.colcon_core.package_identification:_identify(install) by extension 'ignore'
[0.360s] Level 1:colcon.colcon_core.package_identification:_identify(install) ignored
[0.360s] Level 1:colcon.colcon_core.package_identification:_identify(log) by extensions ['ignore', 'ignore_ament_install']
[0.361s] Level 1:colcon.colcon_core.package_identification:_identify(log) by extension 'ignore'
[0.361s] Level 1:colcon.colcon_core.package_identification:_identify(log) ignored
[0.361s] Level 1:colcon.colcon_core.package_identification:_identify(rosbag2_2026_08_10-22_53_29) by extensions ['ignore', 'ignore_ament_install']
[0.361s] Level 1:colcon.colcon_core.package_identification:_identify(rosbag2_2026_08_10-22_53_29) by extension 'ignore'
[0.361s] Level 1:colcon.colcon_core.package_identification:_identify(rosbag2_2026_08_10-22_53_29) by extension 'ignore_ament_install'
[0.361s] Level 1:colcon.colcon_core.package_identification:_identify(rosbag2_2026_08_10-22_53_29) by extensions ['colcon_pkg']
[0.361s] Level 1:colcon.colcon_core.package_identification:_identify(rosbag2_2026_08_10-22_53_29) by extension 'colcon_pkg'
[0.361s] Level 1:colcon.colcon_core.package_identification:_identify(rosbag2_2026_08_10-22_53_29) by extensions ['colcon_meta']
[0.361s] Level 1:colcon.colcon_core.package_identification:_identify(rosbag2_2026_08_10-22_53_29) by extension 'colcon_meta'
[0.361s] Level 1:colcon.colcon_core.package_identification:_identify(rosbag2_2026_08_10-22_53_29) by extensions ['ros']
[0.361s] Level 1:colcon.colcon_core.package_identification:_identify(rosbag2_2026_08_10-22_53_29) by extension 'ros'
[0.361s] Level 1:colcon.colcon_core.package_identification:_identify(rosbag2_2026_08_10-22_53_29) by extensions ['cmake', 'python']
[0.361s] Level 1:colcon.colcon_core.package_identification:_identify(rosbag2_2026_08_10-22_53_29) by extension 'cmake'
[0.361s] Level 1:colcon.colcon_core.package_identification:_identify(rosbag2_2026_08_10-22_53_29) by extension 'python'
[0.361s] Level 1:colcon.colcon_core.package_identification:_identify(rosbag2_2026_08_10-22_53_29) by extensions ['python_setup_py']
[0.361s] Level 1:colcon.colcon_core.package_identification:_identify(rosbag2_2026_08_10-22_53_29) by extension 'python_setup_py'
[0.361s] Level 1:colcon.colcon_core.package_identification:_identify(src) by extensions ['ignore', 'ignore_ament_install']
[0.361s] Level 1:colcon.colcon_core.package_identification:_identify(src) by extension 'ignore'
[0.361s] Level 1:colcon.colcon_core.package_identification:_identify(src) by extension 'ignore_ament_install'
[0.361s] Level 1:colcon.colcon_core.package_identification:_identify(src) by extensions ['colcon_pkg']
[0.362s] Level 1:colcon.colcon_core.package_identification:_identify(src) by extension 'colcon_pkg'
[0.362s] Level 1:colcon.colcon_core.package_identification:_identify(src) by extensions ['colcon_meta']
[0.362s] Level 1:colcon.colcon_core.package_identification:_identify(src) by extension 'colcon_meta'
[0.362s] Level 1:colcon.colcon_core.package_identification:_identify(src) by extensions ['ros']
[0.362s] Level 1:colcon.colcon_core.package_identification:_identify(src) by extension 'ros'
[0.362s] Level 1:colcon.colcon_core.package_identification:_identify(src) by extensions ['cmake', 'python']
[0.362s] Level 1:colcon.colcon_core.package_identification:_identify(src) by extension 'cmake'
[0.362s] Level 1:colcon.colcon_core.package_identification:_identify(src) by extension 'python'
[0.362s] Level 1:colcon.colcon_core.package_identification:_identify(src) by extensions ['python_setup_py']
[0.362s] Level 1:colcon.colcon_core.package_identification:_identify(src) by extension 'python_setup_py'
[0.362s] Level 1:colcon.colcon_core.package_identification:_identify(src/talk_pkg) by extensions ['ignore', 'ignore_ament_install']
[0.362s] Level 1:colcon.colcon_core.package_identification:_identify(src/talk_pkg) by extension 'ignore'
[0.362s] Level 1:colcon.colcon_core.package_identification:_identify(src/talk_pkg) by extension 'ignore_ament_install'
[0.362s] Level 1:colcon.colcon_core.package_identification:_identify(src/talk_pkg) by extensions ['colcon_pkg']
[0.362s] Level 1:colcon.colcon_core.package_identification:_identify(src/talk_pkg) by extension 'colcon_pkg'
[0.362s] Level 1:colcon.colcon_core.package_identification:_identify(src/talk_pkg) by extensions ['colcon_meta']
[0.362s] Level 1:colcon.colcon_core.package_identification:_identify(src/talk_pkg) by extension 'colcon_meta'
[0.362s] Level 1:colcon.colcon_core.package_identification:_identify(src/talk_pkg) by extensions ['ros']
[0.362s] Level 1:colcon.colcon_core.package_identification:_identify(src/talk_pkg) by extension 'ros'
[0.365s] DEBUG:colcon.colcon_core.package_identification:Package 'src/talk_pkg' with type 'ros.ament_python' and name 'talk_pkg'
[0.365s] Level 1:colcon.colcon_core.package_identification:_identify(src/test_pkg) by extensions ['ignore', 'ignore_ament_install']
[0.365s] Level 1:colcon.colcon_core.package_identification:_identify(src/test_pkg) by extension 'ignore'
[0.365s] Level 1:colcon.colcon_core.package_identification:_identify(src/test_pkg) by extension 'ignore_ament_install'
[0.365s] Level 1:colcon.colcon_core.package_identification:_identify(src/test_pkg) by extensions ['colcon_pkg']
[0.365s] Level 1:colcon.colcon_core.package_identification:_identify(src/test_pkg) by extension 'colcon_pkg'
[0.366s] Level 1:colcon.colcon_core.package_identification:_identify(src/test_pkg) by extensions ['colcon_meta']
[0.366s] Level 1:colcon.colcon_core.package_identification:_identify(src/test_pkg) by extension 'colcon_meta'
[0.366s] Level 1:colcon.colcon_core.package_identification:_identify(src/test_pkg) by extensions ['ros']
[0.366s] Level 1:colcon.colcon_core.package_identification:_identify(src/test_pkg) by extension 'ros'
[0.366s] DEBUG:colcon.colcon_core.package_identification:Package 'src/test_pkg' with type 'ros.ament_python' and name 'test_pkg'
[0.366s] Level 1:colcon.colcon_core.package_identification:_identify(src/three_node_pkg) by extensions ['ignore', 'ignore_ament_install']
[0.366s] Level 1:colcon.colcon_core.package_identification:_identify(src/three_node_pkg) by extension 'ignore'
[0.366s] Level 1:colcon.colcon_core.package_identification:_identify(src/three_node_pkg) by extension 'ignore_ament_install'
[0.366s] Level 1:colcon.colcon_core.package_identification:_identify(src/three_node_pkg) by extensions ['colcon_pkg']
[0.367s] Level 1:colcon.colcon_core.package_identification:_identify(src/three_node_pkg) by extension 'colcon_pkg'
[0.367s] Level 1:colcon.colcon_core.package_identification:_identify(src/three_node_pkg) by extensions ['colcon_meta']
[0.367s] Level 1:colcon.colcon_core.package_identification:_identify(src/three_node_pkg) by extension 'colcon_meta'
[0.367s] Level 1:colcon.colcon_core.package_identification:_identify(src/three_node_pkg) by extensions ['ros']
[0.367s] Level 1:colcon.colcon_core.package_identification:_identify(src/three_node_pkg) by extension 'ros'
[0.367s] DEBUG:colcon.colcon_core.package_identification:Package 'src/three_node_pkg' with type 'ros.ament_python' and name 'three_node_pkg'
[0.367s] Level 1:colcon.colcon_core.package_discovery:discover_packages(recursive) using defaults
[0.367s] Level 1:colcon.colcon_core.package_discovery:discover_packages(ignore) discover
[0.367s] Level 1:colcon.colcon_core.package_discovery:discover_packages(ignore) using defaults
[0.367s] Level 1:colcon.colcon_core.package_discovery:discover_packages(path) discover
[0.367s] Level 1:colcon.colcon_core.package_discovery:discover_packages(path) using defaults
[0.390s] Level 5:colcon.colcon_core.verb:set package 'talk_pkg' build argument 'cmake_args' from command line to 'None'
[0.390s] Level 5:colcon.colcon_core.verb:set package 'talk_pkg' build argument 'cmake_target' from command line to 'None'
[0.390s] Level 5:colcon.colcon_core.verb:set package 'talk_pkg' build argument 'cmake_target_skip_unavailable' from command line to 'False'
[0.390s] Level 5:colcon.colcon_core.verb:set package 'talk_pkg' build argument 'cmake_clean_cache' from command line to 'False'
[0.390s] Level 5:colcon.colcon_core.verb:set package 'talk_pkg' build argument 'cmake_clean_first' from command line to 'False'
[0.390s] Level 5:colcon.colcon_core.verb:set package 'talk_pkg' build argument 'cmake_force_configure' from command line to 'False'
[0.390s] Level 5:colcon.colcon_core.verb:set package 'talk_pkg' build argument 'ament_cmake_args' from command line to 'None'
[0.390s] Level 5:colcon.colcon_core.verb:set package 'talk_pkg' build argument 'catkin_cmake_args' from command line to 'None'
[0.390s] Level 5:colcon.colcon_core.verb:set package 'talk_pkg' build argument 'catkin_skip_building_tests' from command line to 'False'
[0.390s] DEBUG:colcon.colcon_core.verb:Building package 'talk_pkg' with the following arguments: {'ament_cmake_args': None, 'build_base': '/home/yuchel/shared_repo/build/talk_pkg', 'catkin_cmake_args': None, 'catkin_skip_building_tests': False, 'cmake_args': None, 'cmake_clean_cache': False, 'cmake_clean_first': False, 'cmake_force_configure': False, 'cmake_target': None, 'cmake_target_skip_unavailable': False, 'install_base': '/home/yuchel/shared_repo/install/talk_pkg', 'merge_install': False, 'path': '/home/yuchel/shared_repo/src/talk_pkg', 'symlink_install': False, 'test_result_base': None}
[0.391s] Level 5:colcon.colcon_core.verb:set package 'test_pkg' build argument 'cmake_args' from command line to 'None'
[0.391s] Level 5:colcon.colcon_core.verb:set package 'test_pkg' build argument 'cmake_target' from command line to 'None'
[0.391s] Level 5:colcon.colcon_core.verb:set package 'test_pkg' build argument 'cmake_target_skip_unavailable' from command line to 'False'
[0.391s] Level 5:colcon.colcon_core.verb:set package 'test_pkg' build argument 'cmake_clean_cache' from command line to 'False'
[0.391s] Level 5:colcon.colcon_core.verb:set package 'test_pkg' build argument 'cmake_clean_first' from command line to 'False'
[0.391s] Level 5:colcon.colcon_core.verb:set package 'test_pkg' build argument 'cmake_force_configure' from command line to 'False'
[0.391s] Level 5:colcon.colcon_core.verb:set package 'test_pkg' build argument 'ament_cmake_args' from command line to 'None'
[0.391s] Level 5:colcon.colcon_core.verb:set package 'test_pkg' build argument 'catkin_cmake_args' from command line to 'None'
[0.391s] Level 5:colcon.colcon_core.verb:set package 'test_pkg' build argument 'catkin_skip_building_tests' from command line to 'False'
[0.391s] DEBUG:colcon.colcon_core.verb:Building package 'test_pkg' with the following arguments: {'ament_cmake_args': None, 'build_base': '/home/yuchel/shared_repo/build/test_pkg', 'catkin_cmake_args': None, 'catkin_skip_building_tests': False, 'cmake_args': None, 'cmake_clean_cache': False, 'cmake_clean_first': False, 'cmake_force_configure': False, 'cmake_target': None, 'cmake_target_skip_unavailable': False, 'install_base': '/home/yuchel/shared_repo/install/test_pkg', 'merge_install': False, 'path': '/home/yuchel/shared_repo/src/test_pkg', 'symlink_install': False, 'test_result_base': None}
[0.391s] Level 5:colcon.colcon_core.verb:set package 'three_node_pkg' build argument 'cmake_args' from command line to 'None'
[0.391s] Level 5:colcon.colcon_core.verb:set package 'three_node_pkg' build argument 'cmake_target' from command line to 'None'
[0.391s] Level 5:colcon.colcon_core.verb:set package 'three_node_pkg' build argument 'cmake_target_skip_unavailable' from command line to 'False'
[0.391s] Level 5:colcon.colcon_core.verb:set package 'three_node_pkg' build argument 'cmake_clean_cache' from command line to 'False'
[0.391s] Level 5:colcon.colcon_core.verb:set package 'three_node_pkg' build argument 'cmake_clean_first' from command line to 'False'
[0.391s] Level 5:colcon.colcon_core.verb:set package 'three_node_pkg' build argument 'cmake_force_configure' from command line to 'False'
[0.391s] Level 5:colcon.colcon_core.verb:set package 'three_node_pkg' build argument 'ament_cmake_args' from command line to 'None'
[0.391s] Level 5:colcon.colcon_core.verb:set package 'three_node_pkg' build argument 'catkin_cmake_args' from command line to 'None'
[0.391s] Level 5:colcon.colcon_core.verb:set package 'three_node_pkg' build argument 'catkin_skip_building_tests' from command line to 'False'
[0.391s] DEBUG:colcon.colcon_core.verb:Building package 'three_node_pkg' with the following arguments: {'ament_cmake_args': None, 'build_base': '/home/yuchel/shared_repo/build/three_node_pkg', 'catkin_cmake_args': None, 'catkin_skip_building_tests': False, 'cmake_args': None, 'cmake_clean_cache': False, 'cmake_clean_first': False, 'cmake_force_configure': False, 'cmake_target': None, 'cmake_target_skip_unavailable': False, 'install_base': '/home/yuchel/shared_repo/install/three_node_pkg', 'merge_install': False, 'path': '/home/yuchel/shared_repo/src/three_node_pkg', 'symlink_install': False, 'test_result_base': None}
[0.391s] INFO:colcon.colcon_core.executor:Executing jobs using 'parallel' executor
[0.394s] DEBUG:colcon.colcon_parallel_executor.executor.parallel:run_until_complete
[0.394s] INFO:colcon.colcon_ros.task.ament_python.build:Building ROS package in '/home/yuchel/shared_repo/src/talk_pkg' with build type 'ament_python'
[0.394s] Level 1:colcon.colcon_core.shell:create_environment_hook('talk_pkg', 'ament_prefix_path')
[0.399s] INFO:colcon.colcon_core.plugin_system:Skipping extension 'colcon_core.shell.bat': Not used on non-Windows systems
[0.399s] INFO:colcon.colcon_core.shell:Creating environment descriptor '/home/yuchel/shared_repo/install/talk_pkg/share/talk_pkg/hook/ament_prefix_path.dsv'
[0.406s] INFO:colcon.colcon_core.shell:Creating environment hook '/home/yuchel/shared_repo/install/talk_pkg/share/talk_pkg/hook/ament_prefix_path.sh'
[0.408s] DEBUG:colcon.colcon_core.shell:Skip shell extension 'dsv' for command environment
[0.423s] INFO:colcon.colcon_ros.task.ament_python.build:Building ROS package in '/home/yuchel/shared_repo/src/test_pkg' with build type 'ament_python'
[0.424s] Level 1:colcon.colcon_core.shell:create_environment_hook('test_pkg', 'ament_prefix_path')
[0.425s] INFO:colcon.colcon_core.shell:Creating environment descriptor '/home/yuchel/shared_repo/install/test_pkg/share/test_pkg/hook/ament_prefix_path.dsv'
[0.429s] INFO:colcon.colcon_core.shell:Creating environment hook '/home/yuchel/shared_repo/install/test_pkg/share/test_pkg/hook/ament_prefix_path.sh'
[0.431s] DEBUG:colcon.colcon_core.shell:Skip shell extension 'dsv' for command environment
[0.437s] INFO:colcon.colcon_ros.task.ament_python.build:Building ROS package in '/home/yuchel/shared_repo/src/three_node_pkg' with build type 'ament_python'
[0.437s] Level 1:colcon.colcon_core.shell:create_environment_hook('three_node_pkg', 'ament_prefix_path')
[0.438s] INFO:colcon.colcon_core.shell:Creating environment descriptor '/home/yuchel/shared_repo/install/three_node_pkg/share/three_node_pkg/hook/ament_prefix_path.dsv'
[0.438s] INFO:colcon.colcon_core.shell:Creating environment hook '/home/yuchel/shared_repo/install/three_node_pkg/share/three_node_pkg/hook/ament_prefix_path.sh'
[0.439s] DEBUG:colcon.colcon_core.shell:Skip shell extension 'dsv' for command environment
[0.728s] INFO:colcon.colcon_core.task.python.build:Building Python package in '/home/yuchel/shared_repo/src/talk_pkg'
[0.728s] DEBUG:colcon.colcon_core.shell:Skip shell extension 'dsv' for command environment
[0.996s] INFO:colcon.colcon_core.task.python.build:Building Python package in '/home/yuchel/shared_repo/src/test_pkg'
[0.997s] DEBUG:colcon.colcon_core.shell:Skip shell extension 'dsv' for command environment
[1.267s] INFO:colcon.colcon_core.task.python.build:Building Python package in '/home/yuchel/shared_repo/src/three_node_pkg'
[1.267s] DEBUG:colcon.colcon_core.shell:Skip shell extension 'dsv' for command environment
[1.960s] DEBUG:colcon.colcon_core.task.python.build:Available setuptools commands: build_clib, bdist_rpm, install_scripts, init_catalog, dist_info, install, install_data, upload, upload_docs, test, install_headers, rotate, bdist, easy_install, bdist_dumb, check, saveopts, setopt, alias, build_scripts, register, compile_catalog, develop, build_ext, bdist_wheel, install_lib, extract_messages, build_py, install_egg_info, symlink_data, editable_wheel, bdist_egg, update_catalog, clean, egg_info, build, sdist
[1.966s] DEBUG:colcon.colcon_core.event_handler.log_command:Invoking command in '/home/yuchel/shared_repo/src/three_node_pkg': DEBUGINFOD_URLS=https://debuginfod.ubuntu.com PYTHONPATH=/home/yuchel/shared_repo/build/three_node_pkg/prefix_override:/usr/lib/python3/dist-packages/colcon_core/task/python/colcon_distutils_commands:/home/yuchel/shared_repo/install/three_node_pkg/lib/python3.12/site-packages:${PYTHONPATH} /usr/bin/python3 -W ignore:setup.py install is deprecated -W ignore:easy_install command is deprecated setup.py egg_info --egg-base ../../build/three_node_pkg build --build-base /home/yuchel/shared_repo/build/three_node_pkg/build install --record /home/yuchel/shared_repo/build/three_node_pkg/install.log --install-scripts $base/lib/three_node_pkg --single-version-externally-managed install_data
[2.007s] DEBUG:colcon.colcon_core.task.python.build:Available setuptools commands: build_clib, bdist_rpm, install_scripts, init_catalog, dist_info, install, install_data, upload, upload_docs, test, install_headers, rotate, bdist, easy_install, bdist_dumb, check, saveopts, setopt, alias, build_scripts, register, compile_catalog, develop, build_ext, bdist_wheel, install_lib, extract_messages, build_py, install_egg_info, symlink_data, editable_wheel, bdist_egg, update_catalog, clean, egg_info, build, sdist
[2.020s] DEBUG:colcon.colcon_core.event_handler.log_command:Invoking command in '/home/yuchel/shared_repo/src/test_pkg': DEBUGINFOD_URLS=https://debuginfod.ubuntu.com PYTHONPATH=/home/yuchel/shared_repo/build/test_pkg/prefix_override:/usr/lib/python3/dist-packages/colcon_core/task/python/colcon_distutils_commands:/home/yuchel/shared_repo/install/test_pkg/lib/python3.12/site-packages:${PYTHONPATH} /usr/bin/python3 -W ignore:setup.py install is deprecated -W ignore:easy_install command is deprecated setup.py egg_info --egg-base ../../build/test_pkg build --build-base /home/yuchel/shared_repo/build/test_pkg/build install --record /home/yuchel/shared_repo/build/test_pkg/install.log --install-scripts $base/lib/test_pkg --single-version-externally-managed install_data
[2.252s] DEBUG:colcon.colcon_core.task.python.build:Available setuptools commands: build_clib, bdist_rpm, install_scripts, init_catalog, dist_info, install, install_data, upload, upload_docs, test, install_headers, rotate, bdist, easy_install, bdist_dumb, check, saveopts, setopt, alias, build_scripts, register, compile_catalog, develop, build_ext, bdist_wheel, install_lib, extract_messages, build_py, install_egg_info, symlink_data, editable_wheel, bdist_egg, update_catalog, clean, egg_info, build, sdist
[2.266s] DEBUG:colcon.colcon_core.event_handler.log_command:Invoking command in '/home/yuchel/shared_repo/src/talk_pkg': DEBUGINFOD_URLS=https://debuginfod.ubuntu.com PYTHONPATH=/home/yuchel/shared_repo/build/talk_pkg/prefix_override:/usr/lib/python3/dist-packages/colcon_core/task/python/colcon_distutils_commands:/home/yuchel/shared_repo/install/talk_pkg/lib/python3.12/site-packages:${PYTHONPATH} /usr/bin/python3 -W ignore:setup.py install is deprecated -W ignore:easy_install command is deprecated setup.py egg_info --egg-base ../../build/talk_pkg build --build-base /home/yuchel/shared_repo/build/talk_pkg/build install --record /home/yuchel/shared_repo/build/talk_pkg/install.log --install-scripts $base/lib/talk_pkg --single-version-externally-managed install_data
[2.950s] DEBUG:colcon.colcon_core.event_handler.log_command:Invoked command in '/home/yuchel/shared_repo/src/three_node_pkg' returned '0': DEBUGINFOD_URLS=https://debuginfod.ubuntu.com PYTHONPATH=/home/yuchel/shared_repo/build/three_node_pkg/prefix_override:/usr/lib/python3/dist-packages/colcon_core/task/python/colcon_distutils_commands:/home/yuchel/shared_repo/install/three_node_pkg/lib/python3.12/site-packages:${PYTHONPATH} /usr/bin/python3 -W ignore:setup.py install is deprecated -W ignore:easy_install command is deprecated setup.py egg_info --egg-base ../../build/three_node_pkg build --build-base /home/yuchel/shared_repo/build/three_node_pkg/build install --record /home/yuchel/shared_repo/build/three_node_pkg/install.log --install-scripts $base/lib/three_node_pkg --single-version-externally-managed install_data
[2.954s] Level 1:colcon.colcon_core.environment:checking '/home/yuchel/shared_repo/install/three_node_pkg' for CMake module files
[2.955s] Level 1:colcon.colcon_core.environment:checking '/home/yuchel/shared_repo/install/three_node_pkg' for CMake config files
[2.956s] Level 1:colcon.colcon_core.environment:checking '/home/yuchel/shared_repo/install/three_node_pkg/lib'
[2.956s] Level 1:colcon.colcon_core.environment:checking '/home/yuchel/shared_repo/install/three_node_pkg/bin'
[2.956s] Level 1:colcon.colcon_core.environment:checking '/home/yuchel/shared_repo/install/three_node_pkg/lib/pkgconfig/three_node_pkg.pc'
[2.957s] Level 1:colcon.colcon_core.environment:checking '/home/yuchel/shared_repo/install/three_node_pkg/lib/python3.12/site-packages'
[2.957s] Level 1:colcon.colcon_core.shell:create_environment_hook('three_node_pkg', 'pythonpath')
[2.957s] INFO:colcon.colcon_core.shell:Creating environment descriptor '/home/yuchel/shared_repo/install/three_node_pkg/share/three_node_pkg/hook/pythonpath.dsv'
[2.958s] INFO:colcon.colcon_core.shell:Creating environment hook '/home/yuchel/shared_repo/install/three_node_pkg/share/three_node_pkg/hook/pythonpath.sh'
[2.960s] Level 1:colcon.colcon_core.environment:checking '/home/yuchel/shared_repo/install/three_node_pkg/bin'
[2.960s] Level 1:colcon.colcon_core.environment:create_environment_scripts_only(three_node_pkg)
[2.960s] INFO:colcon.colcon_core.shell:Creating package descriptor '/home/yuchel/shared_repo/install/three_node_pkg/share/three_node_pkg/package.dsv'
[2.961s] INFO:colcon.colcon_core.shell:Creating package script '/home/yuchel/shared_repo/install/three_node_pkg/share/three_node_pkg/package.sh'
[2.963s] INFO:colcon.colcon_core.shell:Creating package script '/home/yuchel/shared_repo/install/three_node_pkg/share/three_node_pkg/package.bash'
[2.965s] INFO:colcon.colcon_core.shell:Creating package script '/home/yuchel/shared_repo/install/three_node_pkg/share/three_node_pkg/package.zsh'
[2.966s] Level 1:colcon.colcon_core.environment:create_file_with_runtime_dependencies(/home/yuchel/shared_repo/install/three_node_pkg/share/colcon-core/packages/three_node_pkg)
[2.972s] Level 1:colcon.colcon_core.environment:checking '/home/yuchel/shared_repo/install/talk_pkg' for CMake module files
[2.974s] Level 1:colcon.colcon_core.environment:checking '/home/yuchel/shared_repo/install/talk_pkg' for CMake config files
[2.974s] DEBUG:colcon.colcon_core.event_handler.log_command:Invoked command in '/home/yuchel/shared_repo/src/talk_pkg' returned '0': DEBUGINFOD_URLS=https://debuginfod.ubuntu.com PYTHONPATH=/home/yuchel/shared_repo/build/talk_pkg/prefix_override:/usr/lib/python3/dist-packages/colcon_core/task/python/colcon_distutils_commands:/home/yuchel/shared_repo/install/talk_pkg/lib/python3.12/site-packages:${PYTHONPATH} /usr/bin/python3 -W ignore:setup.py install is deprecated -W ignore:easy_install command is deprecated setup.py egg_info --egg-base ../../build/talk_pkg build --build-base /home/yuchel/shared_repo/build/talk_pkg/build install --record /home/yuchel/shared_repo/build/talk_pkg/install.log --install-scripts $base/lib/talk_pkg --single-version-externally-managed install_data
[2.975s] Level 1:colcon.colcon_core.environment:checking '/home/yuchel/shared_repo/install/talk_pkg/lib'
[2.975s] Level 1:colcon.colcon_core.environment:checking '/home/yuchel/shared_repo/install/talk_pkg/bin'
[2.975s] Level 1:colcon.colcon_core.environment:checking '/home/yuchel/shared_repo/install/talk_pkg/lib/pkgconfig/talk_pkg.pc'
[2.976s] Level 1:colcon.colcon_core.environment:checking '/home/yuchel/shared_repo/install/talk_pkg/lib/python3.12/site-packages'
[2.977s] Level 1:colcon.colcon_core.shell:create_environment_hook('talk_pkg', 'pythonpath')
[2.977s] INFO:colcon.colcon_core.shell:Creating environment descriptor '/home/yuchel/shared_repo/install/talk_pkg/share/talk_pkg/hook/pythonpath.dsv'
[2.978s] INFO:colcon.colcon_core.shell:Creating environment hook '/home/yuchel/shared_repo/install/talk_pkg/share/talk_pkg/hook/pythonpath.sh'
[2.980s] Level 1:colcon.colcon_core.environment:checking '/home/yuchel/shared_repo/install/talk_pkg/bin'
[2.980s] Level 1:colcon.colcon_core.environment:create_environment_scripts_only(talk_pkg)
[2.980s] INFO:colcon.colcon_core.shell:Creating package descriptor '/home/yuchel/shared_repo/install/talk_pkg/share/talk_pkg/package.dsv'
[2.982s] INFO:colcon.colcon_core.shell:Creating package script '/home/yuchel/shared_repo/install/talk_pkg/share/talk_pkg/package.sh'
[2.982s] INFO:colcon.colcon_core.shell:Creating package script '/home/yuchel/shared_repo/install/talk_pkg/share/talk_pkg/package.bash'
[2.983s] INFO:colcon.colcon_core.shell:Creating package script '/home/yuchel/shared_repo/install/talk_pkg/share/talk_pkg/package.zsh'
[2.984s] Level 1:colcon.colcon_core.environment:create_file_with_runtime_dependencies(/home/yuchel/shared_repo/install/talk_pkg/share/colcon-core/packages/talk_pkg)
[3.145s] Level 1:colcon.colcon_core.environment:checking '/home/yuchel/shared_repo/install/test_pkg' for CMake module files
[3.146s] DEBUG:colcon.colcon_core.event_handler.log_command:Invoked command in '/home/yuchel/shared_repo/src/test_pkg' returned '0': DEBUGINFOD_URLS=https://debuginfod.ubuntu.com PYTHONPATH=/home/yuchel/shared_repo/build/test_pkg/prefix_override:/usr/lib/python3/dist-packages/colcon_core/task/python/colcon_distutils_commands:/home/yuchel/shared_repo/install/test_pkg/lib/python3.12/site-packages:${PYTHONPATH} /usr/bin/python3 -W ignore:setup.py install is deprecated -W ignore:easy_install command is deprecated setup.py egg_info --egg-base ../../build/test_pkg build --build-base /home/yuchel/shared_repo/build/test_pkg/build install --record /home/yuchel/shared_repo/build/test_pkg/install.log --install-scripts $base/lib/test_pkg --single-version-externally-managed install_data
[3.147s] Level 1:colcon.colcon_core.environment:checking '/home/yuchel/shared_repo/install/test_pkg' for CMake config files
[3.148s] Level 1:colcon.colcon_core.environment:checking '/home/yuchel/shared_repo/install/test_pkg/lib'
[3.148s] Level 1:colcon.colcon_core.environment:checking '/home/yuchel/shared_repo/install/test_pkg/bin'
[3.148s] Level 1:colcon.colcon_core.environment:checking '/home/yuchel/shared_repo/install/test_pkg/lib/pkgconfig/test_pkg.pc'
[3.149s] Level 1:colcon.colcon_core.environment:checking '/home/yuchel/shared_repo/install/test_pkg/lib/python3.12/site-packages'
[3.149s] Level 1:colcon.colcon_core.shell:create_environment_hook('test_pkg', 'pythonpath')
[3.149s] INFO:colcon.colcon_core.shell:Creating environment descriptor '/home/yuchel/shared_repo/install/test_pkg/share/test_pkg/hook/pythonpath.dsv'
[3.150s] INFO:colcon.colcon_core.shell:Creating environment hook '/home/yuchel/shared_repo/install/test_pkg/share/test_pkg/hook/pythonpath.sh'
[3.151s] Level 1:colcon.colcon_core.environment:checking '/home/yuchel/shared_repo/install/test_pkg/bin'
[3.151s] Level 1:colcon.colcon_core.environment:create_environment_scripts_only(test_pkg)
[3.151s] INFO:colcon.colcon_core.shell:Creating package descriptor '/home/yuchel/shared_repo/install/test_pkg/share/test_pkg/package.dsv'
[3.152s] INFO:colcon.colcon_core.shell:Creating package script '/home/yuchel/shared_repo/install/test_pkg/share/test_pkg/package.sh'
[3.153s] INFO:colcon.colcon_core.shell:Creating package script '/home/yuchel/shared_repo/install/test_pkg/share/test_pkg/package.bash'
[3.153s] INFO:colcon.colcon_core.shell:Creating package script '/home/yuchel/shared_repo/install/test_pkg/share/test_pkg/package.zsh'
[3.154s] Level 1:colcon.colcon_core.environment:create_file_with_runtime_dependencies(/home/yuchel/shared_repo/install/test_pkg/share/colcon-core/packages/test_pkg)
[3.155s] DEBUG:colcon.colcon_parallel_executor.executor.parallel:closing loop
[3.155s] DEBUG:colcon.colcon_parallel_executor.executor.parallel:loop closed
[3.155s] DEBUG:colcon.colcon_parallel_executor.executor.parallel:run_until_complete finished with '0'
[3.156s] DEBUG:colcon.colcon_core.event_reactor:joining thread
[3.167s] INFO:colcon.colcon_core.plugin_system:Skipping extension 'colcon_notification.desktop_notification.terminal_notifier': Not used on non-Darwin systems
[3.167s] INFO:colcon.colcon_core.plugin_system:Skipping extension 'colcon_notification.desktop_notification.win32': Not used on non-Windows systems
[3.167s] INFO:colcon.colcon_notification.desktop_notification:Sending desktop notification using 'notify2'
[3.210s] DEBUG:colcon.colcon_core.event_reactor:joined thread
[3.211s] INFO:colcon.colcon_core.shell:Creating prefix script '/home/yuchel/shared_repo/install/local_setup.sh'
[3.212s] INFO:colcon.colcon_core.shell:Creating prefix util module '/home/yuchel/shared_repo/install/_local_setup_util_sh.py'
[3.214s] INFO:colcon.colcon_core.shell:Creating prefix chain script '/home/yuchel/shared_repo/install/setup.sh'
[3.216s] INFO:colcon.colcon_core.shell:Creating prefix script '/home/yuchel/shared_repo/install/local_setup.bash'
[3.217s] INFO:colcon.colcon_core.shell:Creating prefix chain script '/home/yuchel/shared_repo/install/setup.bash'
[3.220s] INFO:colcon.colcon_core.shell:Creating prefix script '/home/yuchel/shared_repo/install/local_setup.zsh'
[3.221s] INFO:colcon.colcon_core.shell:Creating prefix chain script '/home/yuchel/shared_repo/install/setup.zsh'
