[2.808s] Invoking command in '/home/yuchel/shared_repo/src/talk_pkg': DEBUGINFOD_URLS=https://debuginfod.ubuntu.com PYTHONPATH=/home/yuchel/shared_repo/build/talk_pkg/prefix_override:/usr/lib/python3/dist-packages/colcon_core/task/python/colcon_distutils_commands:/home/yuchel/shared_repo/install/talk_pkg/lib/python3.12/site-packages:${PYTHONPATH} /usr/bin/python3 -W ignore:setup.py install is deprecated -W ignore:easy_install command is deprecated setup.py egg_info --egg-base ../../build/talk_pkg build --build-base /home/yuchel/shared_repo/build/talk_pkg/build install --record /home/yuchel/shared_repo/build/talk_pkg/install.log --install-scripts $base/lib/talk_pkg --single-version-externally-managed install_data
[3.187s] running egg_info
[3.219s] writing ../../build/talk_pkg/talk_pkg.egg-info/PKG-INFO
[3.220s] writing dependency_links to ../../build/talk_pkg/talk_pkg.egg-info/dependency_links.txt
[3.222s] writing entry points to ../../build/talk_pkg/talk_pkg.egg-info/entry_points.txt
[3.223s] writing requirements to ../../build/talk_pkg/talk_pkg.egg-info/requires.txt
[3.224s] writing top-level names to ../../build/talk_pkg/talk_pkg.egg-info/top_level.txt
[3.282s] reading manifest file '../../build/talk_pkg/talk_pkg.egg-info/SOURCES.txt'
[3.284s] writing manifest file '../../build/talk_pkg/talk_pkg.egg-info/SOURCES.txt'
[3.285s] running build
[3.285s] running build_py
[3.289s] running install
[3.308s] running install_lib
[3.336s] running install_data
[3.340s] running install_egg_info
[3.372s] removing '/home/yuchel/shared_repo/install/talk_pkg/lib/python3.12/site-packages/talk_pkg-0.0.0-py3.12.egg-info' (and everything under it)
[3.380s] Copying ../../build/talk_pkg/talk_pkg.egg-info to /home/yuchel/shared_repo/install/talk_pkg/lib/python3.12/site-packages/talk_pkg-0.0.0-py3.12.egg-info
[3.380s] running install_scripts
[3.544s] Installing service script to /home/yuchel/shared_repo/install/talk_pkg/lib/talk_pkg
[3.547s] writing list of installed files to '/home/yuchel/shared_repo/build/talk_pkg/install.log'
[3.651s] Invoked command in '/home/yuchel/shared_repo/src/talk_pkg' returned '0': DEBUGINFOD_URLS=https://debuginfod.ubuntu.com PYTHONPATH=/home/yuchel/shared_repo/build/talk_pkg/prefix_override:/usr/lib/python3/dist-packages/colcon_core/task/python/colcon_distutils_commands:/home/yuchel/shared_repo/install/talk_pkg/lib/python3.12/site-packages:${PYTHONPATH} /usr/bin/python3 -W ignore:setup.py install is deprecated -W ignore:easy_install command is deprecated setup.py egg_info --egg-base ../../build/talk_pkg build --build-base /home/yuchel/shared_repo/build/talk_pkg/build install --record /home/yuchel/shared_repo/build/talk_pkg/install.log --install-scripts $base/lib/talk_pkg --single-version-externally-managed install_data
