[13.178s] Invoking command in '/home/yuchel/shared_repo/src/three_node_pkg': DEBUGINFOD_URLS=https://debuginfod.ubuntu.com PYTHONPATH=/home/yuchel/shared_repo/build/three_node_pkg/prefix_override:/usr/lib/python3/dist-packages/colcon_core/task/python/colcon_distutils_commands:/home/yuchel/shared_repo/install/three_node_pkg/lib/python3.12/site-packages:${PYTHONPATH} /usr/bin/python3 -W ignore:setup.py install is deprecated -W ignore:easy_install command is deprecated setup.py egg_info --egg-base ../../build/three_node_pkg build --build-base /home/yuchel/shared_repo/build/three_node_pkg/build install --record /home/yuchel/shared_repo/build/three_node_pkg/install.log --install-scripts $base/lib/three_node_pkg --single-version-externally-managed install_data
[16.195s] running egg_info
[16.400s] writing ../../build/three_node_pkg/three_node_pkg.egg-info/PKG-INFO
[16.415s] writing dependency_links to ../../build/three_node_pkg/three_node_pkg.egg-info/dependency_links.txt
[16.415s] writing entry points to ../../build/three_node_pkg/three_node_pkg.egg-info/entry_points.txt
[16.433s] writing requirements to ../../build/three_node_pkg/three_node_pkg.egg-info/requires.txt
[16.433s] writing top-level names to ../../build/three_node_pkg/three_node_pkg.egg-info/top_level.txt
[16.889s] reading manifest file '../../build/three_node_pkg/three_node_pkg.egg-info/SOURCES.txt'
[16.897s] writing manifest file '../../build/three_node_pkg/three_node_pkg.egg-info/SOURCES.txt'
[16.916s] running build
[16.939s] running build_py
[16.940s] running install
[16.969s] running install_lib
[17.411s] running install_data
[17.422s] running install_egg_info
[17.755s] removing '/home/yuchel/shared_repo/install/three_node_pkg/lib/python3.12/site-packages/three_node_pkg-0.0.0-py3.12.egg-info' (and everything under it)
[17.846s] Copying ../../build/three_node_pkg/three_node_pkg.egg-info to /home/yuchel/shared_repo/install/three_node_pkg/lib/python3.12/site-packages/three_node_pkg-0.0.0-py3.12.egg-info
[17.886s] running install_scripts
[18.940s] Installing control script to /home/yuchel/shared_repo/install/three_node_pkg/lib/three_node_pkg
[18.972s] Installing display script to /home/yuchel/shared_repo/install/three_node_pkg/lib/three_node_pkg
[18.986s] Installing input script to /home/yuchel/shared_repo/install/three_node_pkg/lib/three_node_pkg
[18.990s] writing list of installed files to '/home/yuchel/shared_repo/build/three_node_pkg/install.log'
[19.424s] Invoked command in '/home/yuchel/shared_repo/src/three_node_pkg' returned '0': DEBUGINFOD_URLS=https://debuginfod.ubuntu.com PYTHONPATH=/home/yuchel/shared_repo/build/three_node_pkg/prefix_override:/usr/lib/python3/dist-packages/colcon_core/task/python/colcon_distutils_commands:/home/yuchel/shared_repo/install/three_node_pkg/lib/python3.12/site-packages:${PYTHONPATH} /usr/bin/python3 -W ignore:setup.py install is deprecated -W ignore:easy_install command is deprecated setup.py egg_info --egg-base ../../build/three_node_pkg build --build-base /home/yuchel/shared_repo/build/three_node_pkg/build install --record /home/yuchel/shared_repo/build/three_node_pkg/install.log --install-scripts $base/lib/three_node_pkg --single-version-externally-managed install_data
