[2.927s] Invoking command in '/home/yuchel/share_repo/src/gakurobo': DEBUGINFOD_URLS=https://debuginfod.ubuntu.com PYTHONPATH=/home/yuchel/share_repo/build/gakurobo/prefix_override:/usr/lib/python3/dist-packages/colcon_core/task/python/colcon_distutils_commands:/home/yuchel/share_repo/install/gakurobo/lib/python3.12/site-packages:${PYTHONPATH} /usr/bin/python3 -W ignore:setup.py install is deprecated -W ignore:easy_install command is deprecated setup.py egg_info --egg-base ../../build/gakurobo build --build-base /home/yuchel/share_repo/build/gakurobo/build install --record /home/yuchel/share_repo/build/gakurobo/install.log --install-scripts $base/lib/gakurobo --single-version-externally-managed install_data
[3.393s] running egg_info
[3.424s] writing ../../build/gakurobo/gakurobo.egg-info/PKG-INFO
[3.426s] writing dependency_links to ../../build/gakurobo/gakurobo.egg-info/dependency_links.txt
[3.427s] writing entry points to ../../build/gakurobo/gakurobo.egg-info/entry_points.txt
[3.428s] writing requirements to ../../build/gakurobo/gakurobo.egg-info/requires.txt
[3.429s] writing top-level names to ../../build/gakurobo/gakurobo.egg-info/top_level.txt
[3.500s] reading manifest file '../../build/gakurobo/gakurobo.egg-info/SOURCES.txt'
[3.501s] writing manifest file '../../build/gakurobo/gakurobo.egg-info/SOURCES.txt'
[3.502s] running build
[3.503s] running build_py
[3.503s] running install
[3.512s] running install_lib
[3.549s] running install_data
[3.550s] running install_egg_info
[3.586s] removing '/home/yuchel/share_repo/install/gakurobo/lib/python3.12/site-packages/gakurobo-0.0.0-py3.12.egg-info' (and everything under it)
[3.587s] Copying ../../build/gakurobo/gakurobo.egg-info to /home/yuchel/share_repo/install/gakurobo/lib/python3.12/site-packages/gakurobo-0.0.0-py3.12.egg-info
[3.610s] running install_scripts
[3.831s] Installing scoreboard script to /home/yuchel/share_repo/install/gakurobo/lib/gakurobo
[3.831s] writing list of installed files to '/home/yuchel/share_repo/build/gakurobo/install.log'
[3.889s] Invoked command in '/home/yuchel/share_repo/src/gakurobo' returned '0': DEBUGINFOD_URLS=https://debuginfod.ubuntu.com PYTHONPATH=/home/yuchel/share_repo/build/gakurobo/prefix_override:/usr/lib/python3/dist-packages/colcon_core/task/python/colcon_distutils_commands:/home/yuchel/share_repo/install/gakurobo/lib/python3.12/site-packages:${PYTHONPATH} /usr/bin/python3 -W ignore:setup.py install is deprecated -W ignore:easy_install command is deprecated setup.py egg_info --egg-base ../../build/gakurobo build --build-base /home/yuchel/share_repo/build/gakurobo/build install --record /home/yuchel/share_repo/build/gakurobo/install.log --install-scripts $base/lib/gakurobo --single-version-externally-managed install_data
