[2.004s] Invoking command in '/home/yuchel/shared_repo/src/three_node_pkg': DEBUGINFOD_URLS=https://debuginfod.ubuntu.com PYTHONPATH=/home/yuchel/shared_repo/build/three_node_pkg/prefix_override:/usr/lib/python3/dist-packages/colcon_core/task/python/colcon_distutils_commands:/home/yuchel/shared_repo/install/three_node_pkg/lib/python3.12/site-packages:${PYTHONPATH} /usr/bin/python3 -W ignore:setup.py install is deprecated -W ignore:easy_install command is deprecated setup.py egg_info --egg-base ../../build/three_node_pkg build --build-base /home/yuchel/shared_repo/build/three_node_pkg/build install --record /home/yuchel/shared_repo/build/three_node_pkg/install.log --install-scripts $base/lib/three_node_pkg --single-version-externally-managed install_data
[2.395s] running egg_info
[2.424s] writing ../../build/three_node_pkg/three_node_pkg.egg-info/PKG-INFO
[2.425s] writing dependency_links to ../../build/three_node_pkg/three_node_pkg.egg-info/dependency_links.txt
[2.426s] writing entry points to ../../build/three_node_pkg/three_node_pkg.egg-info/entry_points.txt
[2.427s] writing requirements to ../../build/three_node_pkg/three_node_pkg.egg-info/requires.txt
[2.427s] writing top-level names to ../../build/three_node_pkg/three_node_pkg.egg-info/top_level.txt
[2.507s] reading manifest file '../../build/three_node_pkg/three_node_pkg.egg-info/SOURCES.txt'
[2.509s] writing manifest file '../../build/three_node_pkg/three_node_pkg.egg-info/SOURCES.txt'
[2.510s] running build
[2.510s] running build_py
[2.511s] running install
[2.518s] running install_lib
[2.549s] running install_data
[2.549s] running install_egg_info
[2.572s] removing '/home/yuchel/shared_repo/install/three_node_pkg/lib/python3.12/site-packages/three_node_pkg-0.0.0-py3.12.egg-info' (and everything under it)
[2.572s] Copying ../../build/three_node_pkg/three_node_pkg.egg-info to /home/yuchel/shared_repo/install/three_node_pkg/lib/python3.12/site-packages/three_node_pkg-0.0.0-py3.12.egg-info
[2.577s] running install_scripts
[2.740s] Installing control script to /home/yuchel/shared_repo/install/three_node_pkg/lib/three_node_pkg
[2.740s] Installing display script to /home/yuchel/shared_repo/install/three_node_pkg/lib/three_node_pkg
[2.740s] Installing input script to /home/yuchel/shared_repo/install/three_node_pkg/lib/three_node_pkg
[2.741s] writing list of installed files to '/home/yuchel/shared_repo/build/three_node_pkg/install.log'
[2.788s] Invoked command in '/home/yuchel/shared_repo/src/three_node_pkg' returned '0': DEBUGINFOD_URLS=https://debuginfod.ubuntu.com PYTHONPATH=/home/yuchel/shared_repo/build/three_node_pkg/prefix_override:/usr/lib/python3/dist-packages/colcon_core/task/python/colcon_distutils_commands:/home/yuchel/shared_repo/install/three_node_pkg/lib/python3.12/site-packages:${PYTHONPATH} /usr/bin/python3 -W ignore:setup.py install is deprecated -W ignore:easy_install command is deprecated setup.py egg_info --egg-base ../../build/three_node_pkg build --build-base /home/yuchel/shared_repo/build/three_node_pkg/build install --record /home/yuchel/shared_repo/build/three_node_pkg/install.log --install-scripts $base/lib/three_node_pkg --single-version-externally-managed install_data
