[2.790s] Invoking command in '/home/yuchel/shared_repo/src/talk_pkg': DEBUGINFOD_URLS=https://debuginfod.ubuntu.com PYTHONPATH=/home/yuchel/shared_repo/build/talk_pkg/prefix_override:/usr/lib/python3/dist-packages/colcon_core/task/python/colcon_distutils_commands:/home/yuchel/shared_repo/install/talk_pkg/lib/python3.12/site-packages:${PYTHONPATH} /usr/bin/python3 -W ignore:setup.py install is deprecated -W ignore:easy_install command is deprecated setup.py egg_info --egg-base ../../build/talk_pkg build --build-base /home/yuchel/shared_repo/build/talk_pkg/build install --record /home/yuchel/shared_repo/build/talk_pkg/install.log --install-scripts $base/lib/talk_pkg --single-version-externally-managed install_data
[3.163s] running egg_info
[3.164s] creating ../../build/talk_pkg/talk_pkg.egg-info
[3.188s] writing ../../build/talk_pkg/talk_pkg.egg-info/PKG-INFO
[3.188s] writing dependency_links to ../../build/talk_pkg/talk_pkg.egg-info/dependency_links.txt
[3.188s] writing entry points to ../../build/talk_pkg/talk_pkg.egg-info/entry_points.txt
[3.189s] writing requirements to ../../build/talk_pkg/talk_pkg.egg-info/requires.txt
[3.189s] writing top-level names to ../../build/talk_pkg/talk_pkg.egg-info/top_level.txt
[3.189s] writing manifest file '../../build/talk_pkg/talk_pkg.egg-info/SOURCES.txt'
[3.263s] reading manifest file '../../build/talk_pkg/talk_pkg.egg-info/SOURCES.txt'
[3.264s] writing manifest file '../../build/talk_pkg/talk_pkg.egg-info/SOURCES.txt'
[3.265s] running build
[3.265s] running build_py
[3.265s] creating /home/yuchel/shared_repo/build/talk_pkg/build
[3.266s] creating /home/yuchel/shared_repo/build/talk_pkg/build/lib
[3.266s] creating /home/yuchel/shared_repo/build/talk_pkg/build/lib/talk_pkg
[3.266s] copying talk_pkg/__init__.py -> /home/yuchel/shared_repo/build/talk_pkg/build/lib/talk_pkg
[3.266s] copying talk_pkg/service_node.py -> /home/yuchel/shared_repo/build/talk_pkg/build/lib/talk_pkg
[3.267s] running install
[3.279s] running install_lib
[3.304s] creating /home/yuchel/shared_repo/install/talk_pkg/lib/python3.12/site-packages/talk_pkg
[3.305s] copying /home/yuchel/shared_repo/build/talk_pkg/build/lib/talk_pkg/__init__.py -> /home/yuchel/shared_repo/install/talk_pkg/lib/python3.12/site-packages/talk_pkg
[3.305s] copying /home/yuchel/shared_repo/build/talk_pkg/build/lib/talk_pkg/service_node.py -> /home/yuchel/shared_repo/install/talk_pkg/lib/python3.12/site-packages/talk_pkg
[3.306s] byte-compiling /home/yuchel/shared_repo/install/talk_pkg/lib/python3.12/site-packages/talk_pkg/__init__.py to __init__.cpython-312.pyc
[3.306s] byte-compiling /home/yuchel/shared_repo/install/talk_pkg/lib/python3.12/site-packages/talk_pkg/service_node.py to service_node.cpython-312.pyc
[3.307s] running install_data
[3.307s] creating /home/yuchel/shared_repo/install/talk_pkg/share/ament_index
[3.307s] creating /home/yuchel/shared_repo/install/talk_pkg/share/ament_index/resource_index
[3.308s] creating /home/yuchel/shared_repo/install/talk_pkg/share/ament_index/resource_index/packages
[3.308s] copying resource/talk_pkg -> /home/yuchel/shared_repo/install/talk_pkg/share/ament_index/resource_index/packages
[3.308s] copying package.xml -> /home/yuchel/shared_repo/install/talk_pkg/share/talk_pkg
[3.308s] running install_egg_info
[3.344s] Copying ../../build/talk_pkg/talk_pkg.egg-info to /home/yuchel/shared_repo/install/talk_pkg/lib/python3.12/site-packages/talk_pkg-0.0.0-py3.12.egg-info
[3.346s] running install_scripts
[3.573s] Installing talk script to /home/yuchel/shared_repo/install/talk_pkg/lib/talk_pkg
[3.573s] writing list of installed files to '/home/yuchel/shared_repo/build/talk_pkg/install.log'
[3.620s] Invoked command in '/home/yuchel/shared_repo/src/talk_pkg' returned '0': DEBUGINFOD_URLS=https://debuginfod.ubuntu.com PYTHONPATH=/home/yuchel/shared_repo/build/talk_pkg/prefix_override:/usr/lib/python3/dist-packages/colcon_core/task/python/colcon_distutils_commands:/home/yuchel/shared_repo/install/talk_pkg/lib/python3.12/site-packages:${PYTHONPATH} /usr/bin/python3 -W ignore:setup.py install is deprecated -W ignore:easy_install command is deprecated setup.py egg_info --egg-base ../../build/talk_pkg build --build-base /home/yuchel/shared_repo/build/talk_pkg/build install --record /home/yuchel/shared_repo/build/talk_pkg/install.log --install-scripts $base/lib/talk_pkg --single-version-externally-managed install_data
