[2.494s] Invoking command in '/home/yuchel/share_repo/src/talk_pkg': DEBUGINFOD_URLS=https://debuginfod.ubuntu.com PYTHONPATH=/home/yuchel/share_repo/build/talk_pkg/prefix_override:/usr/lib/python3/dist-packages/colcon_core/task/python/colcon_distutils_commands:/home/yuchel/share_repo/install/talk_pkg/lib/python3.12/site-packages:${PYTHONPATH} /usr/bin/python3 -W ignore:setup.py install is deprecated -W ignore:easy_install command is deprecated setup.py egg_info --egg-base ../../build/talk_pkg build --build-base /home/yuchel/share_repo/build/talk_pkg/build install --record /home/yuchel/share_repo/build/talk_pkg/install.log --install-scripts $base/lib/talk_pkg --single-version-externally-managed install_data
[2.938s] running egg_info
[2.959s] writing ../../build/talk_pkg/talk_pkg.egg-info/PKG-INFO
[2.960s] writing dependency_links to ../../build/talk_pkg/talk_pkg.egg-info/dependency_links.txt
[2.960s] writing entry points to ../../build/talk_pkg/talk_pkg.egg-info/entry_points.txt
[2.961s] writing requirements to ../../build/talk_pkg/talk_pkg.egg-info/requires.txt
[2.962s] writing top-level names to ../../build/talk_pkg/talk_pkg.egg-info/top_level.txt
[3.029s] reading manifest file '../../build/talk_pkg/talk_pkg.egg-info/SOURCES.txt'
[3.032s] writing manifest file '../../build/talk_pkg/talk_pkg.egg-info/SOURCES.txt'
[3.032s] running build
[3.032s] running build_py
[3.034s] running install
[3.048s] running install_lib
[3.079s] running install_data
[3.080s] running install_egg_info
[3.123s] removing '/home/yuchel/share_repo/install/talk_pkg/lib/python3.12/site-packages/talk_pkg-0.0.0-py3.12.egg-info' (and everything under it)
[3.123s] Copying ../../build/talk_pkg/talk_pkg.egg-info to /home/yuchel/share_repo/install/talk_pkg/lib/python3.12/site-packages/talk_pkg-0.0.0-py3.12.egg-info
[3.126s] running install_scripts
[3.337s] Installing service script to /home/yuchel/share_repo/install/talk_pkg/lib/talk_pkg
[3.338s] writing list of installed files to '/home/yuchel/share_repo/build/talk_pkg/install.log'
[3.380s] Invoked command in '/home/yuchel/share_repo/src/talk_pkg' returned '0': DEBUGINFOD_URLS=https://debuginfod.ubuntu.com PYTHONPATH=/home/yuchel/share_repo/build/talk_pkg/prefix_override:/usr/lib/python3/dist-packages/colcon_core/task/python/colcon_distutils_commands:/home/yuchel/share_repo/install/talk_pkg/lib/python3.12/site-packages:${PYTHONPATH} /usr/bin/python3 -W ignore:setup.py install is deprecated -W ignore:easy_install command is deprecated setup.py egg_info --egg-base ../../build/talk_pkg build --build-base /home/yuchel/share_repo/build/talk_pkg/build install --record /home/yuchel/share_repo/build/talk_pkg/install.log --install-scripts $base/lib/talk_pkg --single-version-externally-managed install_data
