[0.096s] DEBUG:colcon:Command line arguments: ['/usr/bin/colcon', 'build']
[0.096s] DEBUG:colcon:Parsed command line arguments: Namespace(log_base=None, log_level=None, verb_name='build', build_base='build', install_base='install', merge_install=False, symlink_install=False, test_result_base=None, continue_on_error=False, executor='parallel', parallel_workers=4, event_handlers=None, ignore_user_meta=False, metas=['./colcon.meta'], base_paths=['.'], packages_ignore=None, packages_ignore_regex=None, paths=None, packages_up_to=None, packages_up_to_regex=None, packages_above=None, packages_above_and_dependencies=None, packages_above_depth=None, packages_select_by_dep=None, packages_skip_by_dep=None, packages_skip_up_to=None, packages_select_build_failed=False, packages_skip_build_finished=False, packages_select_test_failures=False, packages_skip_test_passed=False, packages_select=None, packages_skip=None, packages_select_regex=None, packages_skip_regex=None, packages_start=None, packages_end=None, cmake_args=None, cmake_target=None, cmake_target_skip_unavailable=False, cmake_clean_cache=False, cmake_clean_first=False, cmake_force_configure=False, ament_cmake_args=None, catkin_cmake_args=None, catkin_skip_building_tests=False, verb_parser=<colcon_defaults.argument_parser.defaults.DefaultArgumentsDecorator object at 0x7ad2b7e2c920>, verb_extension=<colcon_core.verb.build.BuildVerb object at 0x7ad2b7f509b0>, main=<bound method BuildVerb.main of <colcon_core.verb.build.BuildVerb object at 0x7ad2b7f509b0>>)
[0.136s] Level 1:colcon.colcon_core.package_discovery:discover_packages(colcon_meta) check parameters
[0.136s] Level 1:colcon.colcon_core.package_discovery:discover_packages(recursive) check parameters
[0.136s] Level 1:colcon.colcon_core.package_discovery:discover_packages(ignore) check parameters
[0.136s] Level 1:colcon.colcon_core.package_discovery:discover_packages(path) check parameters
[0.136s] Level 1:colcon.colcon_core.package_discovery:discover_packages(colcon_meta) discover
[0.136s] Level 1:colcon.colcon_core.package_discovery:discover_packages(recursive) discover
[0.136s] INFO:colcon.colcon_core.package_discovery:Crawling recursively for packages in '/home/yuchel/share_repo'
[0.136s] Level 1:colcon.colcon_core.package_identification:_identify(.) by extensions ['ignore', 'ignore_ament_install']
[0.136s] Level 1:colcon.colcon_core.package_identification:_identify(.) by extension 'ignore'
[0.136s] Level 1:colcon.colcon_core.package_identification:_identify(.) by extension 'ignore_ament_install'
[0.137s] Level 1:colcon.colcon_core.package_identification:_identify(.) by extensions ['colcon_pkg']
[0.137s] Level 1:colcon.colcon_core.package_identification:_identify(.) by extension 'colcon_pkg'
[0.137s] Level 1:colcon.colcon_core.package_identification:_identify(.) by extensions ['colcon_meta']
[0.137s] Level 1:colcon.colcon_core.package_identification:_identify(.) by extension 'colcon_meta'
[0.137s] Level 1:colcon.colcon_core.package_identification:_identify(.) by extensions ['ros']
[0.137s] Level 1:colcon.colcon_core.package_identification:_identify(.) by extension 'ros'
[0.162s] Level 1:colcon.colcon_core.package_identification:_identify(.) by extensions ['cmake', 'python']
[0.162s] Level 1:colcon.colcon_core.package_identification:_identify(.) by extension 'cmake'
[0.162s] Level 1:colcon.colcon_core.package_identification:_identify(.) by extension 'python'
[0.162s] Level 1:colcon.colcon_core.package_identification:_identify(.) by extensions ['python_setup_py']
[0.162s] Level 1:colcon.colcon_core.package_identification:_identify(.) by extension 'python_setup_py'
[0.162s] Level 1:colcon.colcon_core.package_identification:_identify(build) by extensions ['ignore', 'ignore_ament_install']
[0.163s] Level 1:colcon.colcon_core.package_identification:_identify(build) by extension 'ignore'
[0.163s] Level 1:colcon.colcon_core.package_identification:_identify(build) ignored
[0.163s] Level 1:colcon.colcon_core.package_identification:_identify(install) by extensions ['ignore', 'ignore_ament_install']
[0.163s] Level 1:colcon.colcon_core.package_identification:_identify(install) by extension 'ignore'
[0.163s] Level 1:colcon.colcon_core.package_identification:_identify(install) ignored
[0.163s] Level 1:colcon.colcon_core.package_identification:_identify(log) by extensions ['ignore', 'ignore_ament_install']
[0.163s] Level 1:colcon.colcon_core.package_identification:_identify(log) by extension 'ignore'
[0.163s] Level 1:colcon.colcon_core.package_identification:_identify(log) ignored
[0.163s] Level 1:colcon.colcon_core.package_identification:_identify(rosbag2_2026_08_10-22_53_29) by extensions ['ignore', 'ignore_ament_install']
[0.164s] Level 1:colcon.colcon_core.package_identification:_identify(rosbag2_2026_08_10-22_53_29) by extension 'ignore'
[0.164s] Level 1:colcon.colcon_core.package_identification:_identify(rosbag2_2026_08_10-22_53_29) by extension 'ignore_ament_install'
[0.164s] Level 1:colcon.colcon_core.package_identification:_identify(rosbag2_2026_08_10-22_53_29) by extensions ['colcon_pkg']
[0.164s] Level 1:colcon.colcon_core.package_identification:_identify(rosbag2_2026_08_10-22_53_29) by extension 'colcon_pkg'
[0.164s] Level 1:colcon.colcon_core.package_identification:_identify(rosbag2_2026_08_10-22_53_29) by extensions ['colcon_meta']
[0.164s] Level 1:colcon.colcon_core.package_identification:_identify(rosbag2_2026_08_10-22_53_29) by extension 'colcon_meta'
[0.164s] Level 1:colcon.colcon_core.package_identification:_identify(rosbag2_2026_08_10-22_53_29) by extensions ['ros']
[0.164s] Level 1:colcon.colcon_core.package_identification:_identify(rosbag2_2026_08_10-22_53_29) by extension 'ros'
[0.164s] Level 1:colcon.colcon_core.package_identification:_identify(rosbag2_2026_08_10-22_53_29) by extensions ['cmake', 'python']
[0.164s] Level 1:colcon.colcon_core.package_identification:_identify(rosbag2_2026_08_10-22_53_29) by extension 'cmake'
[0.164s] Level 1:colcon.colcon_core.package_identification:_identify(rosbag2_2026_08_10-22_53_29) by extension 'python'
[0.164s] Level 1:colcon.colcon_core.package_identification:_identify(rosbag2_2026_08_10-22_53_29) by extensions ['python_setup_py']
[0.164s] Level 1:colcon.colcon_core.package_identification:_identify(rosbag2_2026_08_10-22_53_29) by extension 'python_setup_py'
[0.164s] Level 1:colcon.colcon_core.package_identification:_identify(src) by extensions ['ignore', 'ignore_ament_install']
[0.164s] Level 1:colcon.colcon_core.package_identification:_identify(src) by extension 'ignore'
[0.164s] Level 1:colcon.colcon_core.package_identification:_identify(src) by extension 'ignore_ament_install'
[0.164s] Level 1:colcon.colcon_core.package_identification:_identify(src) by extensions ['colcon_pkg']
[0.164s] Level 1:colcon.colcon_core.package_identification:_identify(src) by extension 'colcon_pkg'
[0.164s] Level 1:colcon.colcon_core.package_identification:_identify(src) by extensions ['colcon_meta']
[0.164s] Level 1:colcon.colcon_core.package_identification:_identify(src) by extension 'colcon_meta'
[0.164s] Level 1:colcon.colcon_core.package_identification:_identify(src) by extensions ['ros']
[0.164s] Level 1:colcon.colcon_core.package_identification:_identify(src) by extension 'ros'
[0.165s] Level 1:colcon.colcon_core.package_identification:_identify(src) by extensions ['cmake', 'python']
[0.165s] Level 1:colcon.colcon_core.package_identification:_identify(src) by extension 'cmake'
[0.165s] Level 1:colcon.colcon_core.package_identification:_identify(src) by extension 'python'
[0.165s] Level 1:colcon.colcon_core.package_identification:_identify(src) by extensions ['python_setup_py']
[0.165s] Level 1:colcon.colcon_core.package_identification:_identify(src) by extension 'python_setup_py'
[0.165s] Level 1:colcon.colcon_core.package_identification:_identify(src/1wheel) by extensions ['ignore', 'ignore_ament_install']
[0.165s] Level 1:colcon.colcon_core.package_identification:_identify(src/1wheel) by extension 'ignore'
[0.165s] Level 1:colcon.colcon_core.package_identification:_identify(src/1wheel) by extension 'ignore_ament_install'
[0.165s] Level 1:colcon.colcon_core.package_identification:_identify(src/1wheel) by extensions ['colcon_pkg']
[0.165s] Level 1:colcon.colcon_core.package_identification:_identify(src/1wheel) by extension 'colcon_pkg'
[0.165s] Level 1:colcon.colcon_core.package_identification:_identify(src/1wheel) by extensions ['colcon_meta']
[0.165s] Level 1:colcon.colcon_core.package_identification:_identify(src/1wheel) by extension 'colcon_meta'
[0.165s] Level 1:colcon.colcon_core.package_identification:_identify(src/1wheel) by extensions ['ros']
[0.165s] Level 1:colcon.colcon_core.package_identification:_identify(src/1wheel) by extension 'ros'
[0.168s] DEBUG:colcon.colcon_core.package_identification:Package 'src/1wheel' with type 'ros.ament_python' and name 'onewheel'
[0.168s] Level 1:colcon.colcon_core.package_identification:_identify(src/gakurobo) by extensions ['ignore', 'ignore_ament_install']
[0.168s] Level 1:colcon.colcon_core.package_identification:_identify(src/gakurobo) by extension 'ignore'
[0.168s] Level 1:colcon.colcon_core.package_identification:_identify(src/gakurobo) by extension 'ignore_ament_install'
[0.169s] Level 1:colcon.colcon_core.package_identification:_identify(src/gakurobo) by extensions ['colcon_pkg']
[0.169s] Level 1:colcon.colcon_core.package_identification:_identify(src/gakurobo) by extension 'colcon_pkg'
[0.169s] Level 1:colcon.colcon_core.package_identification:_identify(src/gakurobo) by extensions ['colcon_meta']
[0.169s] Level 1:colcon.colcon_core.package_identification:_identify(src/gakurobo) by extension 'colcon_meta'
[0.169s] Level 1:colcon.colcon_core.package_identification:_identify(src/gakurobo) by extensions ['ros']
[0.169s] Level 1:colcon.colcon_core.package_identification:_identify(src/gakurobo) by extension 'ros'
[0.169s] DEBUG:colcon.colcon_core.package_identification:Package 'src/gakurobo' with type 'ros.ament_python' and name 'gakurobo'
[0.169s] Level 1:colcon.colcon_core.package_identification:_identify(src/independent_steering) by extensions ['ignore', 'ignore_ament_install']
[0.169s] Level 1:colcon.colcon_core.package_identification:_identify(src/independent_steering) by extension 'ignore'
[0.169s] Level 1:colcon.colcon_core.package_identification:_identify(src/independent_steering) by extension 'ignore_ament_install'
[0.170s] Level 1:colcon.colcon_core.package_identification:_identify(src/independent_steering) by extensions ['colcon_pkg']
[0.170s] Level 1:colcon.colcon_core.package_identification:_identify(src/independent_steering) by extension 'colcon_pkg'
[0.170s] Level 1:colcon.colcon_core.package_identification:_identify(src/independent_steering) by extensions ['colcon_meta']
[0.170s] Level 1:colcon.colcon_core.package_identification:_identify(src/independent_steering) by extension 'colcon_meta'
[0.170s] Level 1:colcon.colcon_core.package_identification:_identify(src/independent_steering) by extensions ['ros']
[0.170s] Level 1:colcon.colcon_core.package_identification:_identify(src/independent_steering) by extension 'ros'
[0.170s] DEBUG:colcon.colcon_core.package_identification:Package 'src/independent_steering' with type 'ros.ament_python' and name 'independent_steering'
[0.170s] Level 1:colcon.colcon_core.package_identification:_identify(src/talk_pkg) by extensions ['ignore', 'ignore_ament_install']
[0.170s] Level 1:colcon.colcon_core.package_identification:_identify(src/talk_pkg) by extension 'ignore'
[0.170s] Level 1:colcon.colcon_core.package_identification:_identify(src/talk_pkg) by extension 'ignore_ament_install'
[0.170s] Level 1:colcon.colcon_core.package_identification:_identify(src/talk_pkg) by extensions ['colcon_pkg']
[0.170s] Level 1:colcon.colcon_core.package_identification:_identify(src/talk_pkg) by extension 'colcon_pkg'
[0.170s] Level 1:colcon.colcon_core.package_identification:_identify(src/talk_pkg) by extensions ['colcon_meta']
[0.170s] Level 1:colcon.colcon_core.package_identification:_identify(src/talk_pkg) by extension 'colcon_meta'
[0.171s] Level 1:colcon.colcon_core.package_identification:_identify(src/talk_pkg) by extensions ['ros']
[0.171s] Level 1:colcon.colcon_core.package_identification:_identify(src/talk_pkg) by extension 'ros'
[0.171s] DEBUG:colcon.colcon_core.package_identification:Package 'src/talk_pkg' with type 'ros.ament_python' and name 'talk_pkg'
[0.171s] Level 1:colcon.colcon_core.package_identification:_identify(src/test_pkg) by extensions ['ignore', 'ignore_ament_install']
[0.171s] Level 1:colcon.colcon_core.package_identification:_identify(src/test_pkg) by extension 'ignore'
[0.171s] Level 1:colcon.colcon_core.package_identification:_identify(src/test_pkg) by extension 'ignore_ament_install'
[0.171s] Level 1:colcon.colcon_core.package_identification:_identify(src/test_pkg) by extensions ['colcon_pkg']
[0.171s] Level 1:colcon.colcon_core.package_identification:_identify(src/test_pkg) by extension 'colcon_pkg'
[0.171s] Level 1:colcon.colcon_core.package_identification:_identify(src/test_pkg) by extensions ['colcon_meta']
[0.171s] Level 1:colcon.colcon_core.package_identification:_identify(src/test_pkg) by extension 'colcon_meta'
[0.171s] Level 1:colcon.colcon_core.package_identification:_identify(src/test_pkg) by extensions ['ros']
[0.171s] Level 1:colcon.colcon_core.package_identification:_identify(src/test_pkg) by extension 'ros'
[0.173s] DEBUG:colcon.colcon_core.package_identification:Package 'src/test_pkg' with type 'ros.ament_python' and name 'test_pkg'
[0.173s] Level 1:colcon.colcon_core.package_identification:_identify(src/three_node_pkg) by extensions ['ignore', 'ignore_ament_install']
[0.173s] Level 1:colcon.colcon_core.package_identification:_identify(src/three_node_pkg) by extension 'ignore'
[0.173s] Level 1:colcon.colcon_core.package_identification:_identify(src/three_node_pkg) by extension 'ignore_ament_install'
[0.173s] Level 1:colcon.colcon_core.package_identification:_identify(src/three_node_pkg) by extensions ['colcon_pkg']
[0.173s] Level 1:colcon.colcon_core.package_identification:_identify(src/three_node_pkg) by extension 'colcon_pkg'
[0.173s] Level 1:colcon.colcon_core.package_identification:_identify(src/three_node_pkg) by extensions ['colcon_meta']
[0.173s] Level 1:colcon.colcon_core.package_identification:_identify(src/three_node_pkg) by extension 'colcon_meta'
[0.173s] Level 1:colcon.colcon_core.package_identification:_identify(src/three_node_pkg) by extensions ['ros']
[0.173s] Level 1:colcon.colcon_core.package_identification:_identify(src/three_node_pkg) by extension 'ros'
[0.173s] DEBUG:colcon.colcon_core.package_identification:Package 'src/three_node_pkg' with type 'ros.ament_python' and name 'three_node_pkg'
[0.173s] Level 1:colcon.colcon_core.package_identification:_identify(src/yasiki-test) by extensions ['ignore', 'ignore_ament_install']
[0.173s] Level 1:colcon.colcon_core.package_identification:_identify(src/yasiki-test) by extension 'ignore'
[0.174s] Level 1:colcon.colcon_core.package_identification:_identify(src/yasiki-test) by extension 'ignore_ament_install'
[0.174s] Level 1:colcon.colcon_core.package_identification:_identify(src/yasiki-test) by extensions ['colcon_pkg']
[0.174s] Level 1:colcon.colcon_core.package_identification:_identify(src/yasiki-test) by extension 'colcon_pkg'
[0.174s] Level 1:colcon.colcon_core.package_identification:_identify(src/yasiki-test) by extensions ['colcon_meta']
[0.174s] Level 1:colcon.colcon_core.package_identification:_identify(src/yasiki-test) by extension 'colcon_meta'
[0.174s] Level 1:colcon.colcon_core.package_identification:_identify(src/yasiki-test) by extensions ['ros']
[0.174s] Level 1:colcon.colcon_core.package_identification:_identify(src/yasiki-test) by extension 'ros'
[0.174s] Level 1:colcon.colcon_core.package_identification:_identify(src/yasiki-test) by extensions ['cmake', 'python']
[0.174s] Level 1:colcon.colcon_core.package_identification:_identify(src/yasiki-test) by extension 'cmake'
[0.174s] Level 1:colcon.colcon_core.package_identification:_identify(src/yasiki-test) by extension 'python'
[0.174s] Level 1:colcon.colcon_core.package_identification:_identify(src/yasiki-test) by extensions ['python_setup_py']
[0.174s] Level 1:colcon.colcon_core.package_identification:_identify(src/yasiki-test) by extension 'python_setup_py'
[0.174s] Level 1:colcon.colcon_core.package_discovery:discover_packages(recursive) using defaults
[0.174s] Level 1:colcon.colcon_core.package_discovery:discover_packages(ignore) discover
[0.174s] Level 1:colcon.colcon_core.package_discovery:discover_packages(ignore) using defaults
[0.174s] Level 1:colcon.colcon_core.package_discovery:discover_packages(path) discover
[0.174s] Level 1:colcon.colcon_core.package_discovery:discover_packages(path) using defaults
[0.192s] Level 5:colcon.colcon_core.verb:set package 'gakurobo' build argument 'cmake_args' from command line to 'None'
[0.192s] Level 5:colcon.colcon_core.verb:set package 'gakurobo' build argument 'cmake_target' from command line to 'None'
[0.192s] Level 5:colcon.colcon_core.verb:set package 'gakurobo' build argument 'cmake_target_skip_unavailable' from command line to 'False'
[0.192s] Level 5:colcon.colcon_core.verb:set package 'gakurobo' build argument 'cmake_clean_cache' from command line to 'False'
[0.192s] Level 5:colcon.colcon_core.verb:set package 'gakurobo' build argument 'cmake_clean_first' from command line to 'False'
[0.192s] Level 5:colcon.colcon_core.verb:set package 'gakurobo' build argument 'cmake_force_configure' from command line to 'False'
[0.192s] Level 5:colcon.colcon_core.verb:set package 'gakurobo' build argument 'ament_cmake_args' from command line to 'None'
[0.192s] Level 5:colcon.colcon_core.verb:set package 'gakurobo' build argument 'catkin_cmake_args' from command line to 'None'
[0.192s] Level 5:colcon.colcon_core.verb:set package 'gakurobo' build argument 'catkin_skip_building_tests' from command line to 'False'
[0.192s] DEBUG:colcon.colcon_core.verb:Building package 'gakurobo' with the following arguments: {'ament_cmake_args': None, 'build_base': '/home/yuchel/share_repo/build/gakurobo', 'catkin_cmake_args': None, 'catkin_skip_building_tests': False, 'cmake_args': None, 'cmake_clean_cache': False, 'cmake_clean_first': False, 'cmake_force_configure': False, 'cmake_target': None, 'cmake_target_skip_unavailable': False, 'install_base': '/home/yuchel/share_repo/install/gakurobo', 'merge_install': False, 'path': '/home/yuchel/share_repo/src/gakurobo', 'symlink_install': False, 'test_result_base': None}
[0.192s] Level 5:colcon.colcon_core.verb:set package 'independent_steering' build argument 'cmake_args' from command line to 'None'
[0.192s] Level 5:colcon.colcon_core.verb:set package 'independent_steering' build argument 'cmake_target' from command line to 'None'
[0.192s] Level 5:colcon.colcon_core.verb:set package 'independent_steering' build argument 'cmake_target_skip_unavailable' from command line to 'False'
[0.192s] Level 5:colcon.colcon_core.verb:set package 'independent_steering' build argument 'cmake_clean_cache' from command line to 'False'
[0.192s] Level 5:colcon.colcon_core.verb:set package 'independent_steering' build argument 'cmake_clean_first' from command line to 'False'
[0.192s] Level 5:colcon.colcon_core.verb:set package 'independent_steering' build argument 'cmake_force_configure' from command line to 'False'
[0.192s] Level 5:colcon.colcon_core.verb:set package 'independent_steering' build argument 'ament_cmake_args' from command line to 'None'
[0.192s] Level 5:colcon.colcon_core.verb:set package 'independent_steering' build argument 'catkin_cmake_args' from command line to 'None'
[0.192s] Level 5:colcon.colcon_core.verb:set package 'independent_steering' build argument 'catkin_skip_building_tests' from command line to 'False'
[0.193s] DEBUG:colcon.colcon_core.verb:Building package 'independent_steering' with the following arguments: {'ament_cmake_args': None, 'build_base': '/home/yuchel/share_repo/build/independent_steering', 'catkin_cmake_args': None, 'catkin_skip_building_tests': False, 'cmake_args': None, 'cmake_clean_cache': False, 'cmake_clean_first': False, 'cmake_force_configure': False, 'cmake_target': None, 'cmake_target_skip_unavailable': False, 'install_base': '/home/yuchel/share_repo/install/independent_steering', 'merge_install': False, 'path': '/home/yuchel/share_repo/src/independent_steering', 'symlink_install': False, 'test_result_base': None}
[0.193s] Level 5:colcon.colcon_core.verb:set package 'onewheel' build argument 'cmake_args' from command line to 'None'
[0.193s] Level 5:colcon.colcon_core.verb:set package 'onewheel' build argument 'cmake_target' from command line to 'None'
[0.193s] Level 5:colcon.colcon_core.verb:set package 'onewheel' build argument 'cmake_target_skip_unavailable' from command line to 'False'
[0.193s] Level 5:colcon.colcon_core.verb:set package 'onewheel' build argument 'cmake_clean_cache' from command line to 'False'
[0.193s] Level 5:colcon.colcon_core.verb:set package 'onewheel' build argument 'cmake_clean_first' from command line to 'False'
[0.193s] Level 5:colcon.colcon_core.verb:set package 'onewheel' build argument 'cmake_force_configure' from command line to 'False'
[0.193s] Level 5:colcon.colcon_core.verb:set package 'onewheel' build argument 'ament_cmake_args' from command line to 'None'
[0.193s] Level 5:colcon.colcon_core.verb:set package 'onewheel' build argument 'catkin_cmake_args' from command line to 'None'
[0.193s] Level 5:colcon.colcon_core.verb:set package 'onewheel' build argument 'catkin_skip_building_tests' from command line to 'False'
[0.193s] DEBUG:colcon.colcon_core.verb:Building package 'onewheel' with the following arguments: {'ament_cmake_args': None, 'build_base': '/home/yuchel/share_repo/build/onewheel', 'catkin_cmake_args': None, 'catkin_skip_building_tests': False, 'cmake_args': None, 'cmake_clean_cache': False, 'cmake_clean_first': False, 'cmake_force_configure': False, 'cmake_target': None, 'cmake_target_skip_unavailable': False, 'install_base': '/home/yuchel/share_repo/install/onewheel', 'merge_install': False, 'path': '/home/yuchel/share_repo/src/1wheel', 'symlink_install': False, 'test_result_base': None}
[0.193s] Level 5:colcon.colcon_core.verb:set package 'talk_pkg' build argument 'cmake_args' from command line to 'None'
[0.193s] Level 5:colcon.colcon_core.verb:set package 'talk_pkg' build argument 'cmake_target' from command line to 'None'
[0.193s] Level 5:colcon.colcon_core.verb:set package 'talk_pkg' build argument 'cmake_target_skip_unavailable' from command line to 'False'
[0.193s] Level 5:colcon.colcon_core.verb:set package 'talk_pkg' build argument 'cmake_clean_cache' from command line to 'False'
[0.193s] Level 5:colcon.colcon_core.verb:set package 'talk_pkg' build argument 'cmake_clean_first' from command line to 'False'
[0.193s] Level 5:colcon.colcon_core.verb:set package 'talk_pkg' build argument 'cmake_force_configure' from command line to 'False'
[0.193s] Level 5:colcon.colcon_core.verb:set package 'talk_pkg' build argument 'ament_cmake_args' from command line to 'None'
[0.193s] Level 5:colcon.colcon_core.verb:set package 'talk_pkg' build argument 'catkin_cmake_args' from command line to 'None'
[0.193s] Level 5:colcon.colcon_core.verb:set package 'talk_pkg' build argument 'catkin_skip_building_tests' from command line to 'False'
[0.193s] DEBUG:colcon.colcon_core.verb:Building package 'talk_pkg' with the following arguments: {'ament_cmake_args': None, 'build_base': '/home/yuchel/share_repo/build/talk_pkg', 'catkin_cmake_args': None, 'catkin_skip_building_tests': False, 'cmake_args': None, 'cmake_clean_cache': False, 'cmake_clean_first': False, 'cmake_force_configure': False, 'cmake_target': None, 'cmake_target_skip_unavailable': False, 'install_base': '/home/yuchel/share_repo/install/talk_pkg', 'merge_install': False, 'path': '/home/yuchel/share_repo/src/talk_pkg', 'symlink_install': False, 'test_result_base': None}
[0.193s] Level 5:colcon.colcon_core.verb:set package 'test_pkg' build argument 'cmake_args' from command line to 'None'
[0.194s] Level 5:colcon.colcon_core.verb:set package 'test_pkg' build argument 'cmake_target' from command line to 'None'
[0.194s] Level 5:colcon.colcon_core.verb:set package 'test_pkg' build argument 'cmake_target_skip_unavailable' from command line to 'False'
[0.194s] Level 5:colcon.colcon_core.verb:set package 'test_pkg' build argument 'cmake_clean_cache' from command line to 'False'
[0.194s] Level 5:colcon.colcon_core.verb:set package 'test_pkg' build argument 'cmake_clean_first' from command line to 'False'
[0.194s] Level 5:colcon.colcon_core.verb:set package 'test_pkg' build argument 'cmake_force_configure' from command line to 'False'
[0.194s] Level 5:colcon.colcon_core.verb:set package 'test_pkg' build argument 'ament_cmake_args' from command line to 'None'
[0.194s] Level 5:colcon.colcon_core.verb:set package 'test_pkg' build argument 'catkin_cmake_args' from command line to 'None'
[0.194s] Level 5:colcon.colcon_core.verb:set package 'test_pkg' build argument 'catkin_skip_building_tests' from command line to 'False'
[0.194s] DEBUG:colcon.colcon_core.verb:Building package 'test_pkg' with the following arguments: {'ament_cmake_args': None, 'build_base': '/home/yuchel/share_repo/build/test_pkg', 'catkin_cmake_args': None, 'catkin_skip_building_tests': False, 'cmake_args': None, 'cmake_clean_cache': False, 'cmake_clean_first': False, 'cmake_force_configure': False, 'cmake_target': None, 'cmake_target_skip_unavailable': False, 'install_base': '/home/yuchel/share_repo/install/test_pkg', 'merge_install': False, 'path': '/home/yuchel/share_repo/src/test_pkg', 'symlink_install': False, 'test_result_base': None}
[0.194s] Level 5:colcon.colcon_core.verb:set package 'three_node_pkg' build argument 'cmake_args' from command line to 'None'
[0.194s] Level 5:colcon.colcon_core.verb:set package 'three_node_pkg' build argument 'cmake_target' from command line to 'None'
[0.194s] Level 5:colcon.colcon_core.verb:set package 'three_node_pkg' build argument 'cmake_target_skip_unavailable' from command line to 'False'
[0.194s] Level 5:colcon.colcon_core.verb:set package 'three_node_pkg' build argument 'cmake_clean_cache' from command line to 'False'
[0.194s] Level 5:colcon.colcon_core.verb:set package 'three_node_pkg' build argument 'cmake_clean_first' from command line to 'False'
[0.194s] Level 5:colcon.colcon_core.verb:set package 'three_node_pkg' build argument 'cmake_force_configure' from command line to 'False'
[0.194s] Level 5:colcon.colcon_core.verb:set package 'three_node_pkg' build argument 'ament_cmake_args' from command line to 'None'
[0.194s] Level 5:colcon.colcon_core.verb:set package 'three_node_pkg' build argument 'catkin_cmake_args' from command line to 'None'
[0.194s] Level 5:colcon.colcon_core.verb:set package 'three_node_pkg' build argument 'catkin_skip_building_tests' from command line to 'False'
[0.194s] DEBUG:colcon.colcon_core.verb:Building package 'three_node_pkg' with the following arguments: {'ament_cmake_args': None, 'build_base': '/home/yuchel/share_repo/build/three_node_pkg', 'catkin_cmake_args': None, 'catkin_skip_building_tests': False, 'cmake_args': None, 'cmake_clean_cache': False, 'cmake_clean_first': False, 'cmake_force_configure': False, 'cmake_target': None, 'cmake_target_skip_unavailable': False, 'install_base': '/home/yuchel/share_repo/install/three_node_pkg', 'merge_install': False, 'path': '/home/yuchel/share_repo/src/three_node_pkg', 'symlink_install': False, 'test_result_base': None}
[0.194s] INFO:colcon.colcon_core.executor:Executing jobs using 'parallel' executor
[0.195s] DEBUG:colcon.colcon_parallel_executor.executor.parallel:run_until_complete
[0.196s] INFO:colcon.colcon_ros.task.ament_python.build:Building ROS package in '/home/yuchel/share_repo/src/gakurobo' with build type 'ament_python'
[0.196s] Level 1:colcon.colcon_core.shell:create_environment_hook('gakurobo', 'ament_prefix_path')
[0.198s] INFO:colcon.colcon_core.plugin_system:Skipping extension 'colcon_core.shell.bat': Not used on non-Windows systems
[0.199s] INFO:colcon.colcon_core.shell:Creating environment descriptor '/home/yuchel/share_repo/install/gakurobo/share/gakurobo/hook/ament_prefix_path.dsv'
[0.199s] INFO:colcon.colcon_core.shell:Creating environment hook '/home/yuchel/share_repo/install/gakurobo/share/gakurobo/hook/ament_prefix_path.sh'
[0.200s] DEBUG:colcon.colcon_core.shell:Skip shell extension 'dsv' for command environment
[0.207s] INFO:colcon.colcon_ros.task.ament_python.build:Building ROS package in '/home/yuchel/share_repo/src/independent_steering' with build type 'ament_python'
[0.208s] Level 1:colcon.colcon_core.shell:create_environment_hook('independent_steering', 'ament_prefix_path')
[0.208s] INFO:colcon.colcon_core.shell:Creating environment descriptor '/home/yuchel/share_repo/install/independent_steering/share/independent_steering/hook/ament_prefix_path.dsv'
[0.209s] INFO:colcon.colcon_core.shell:Creating environment hook '/home/yuchel/share_repo/install/independent_steering/share/independent_steering/hook/ament_prefix_path.sh'
[0.209s] DEBUG:colcon.colcon_core.shell:Skip shell extension 'dsv' for command environment
[0.216s] INFO:colcon.colcon_ros.task.ament_python.build:Building ROS package in '/home/yuchel/share_repo/src/1wheel' with build type 'ament_python'
[0.216s] Level 1:colcon.colcon_core.shell:create_environment_hook('onewheel', 'ament_prefix_path')
[0.216s] INFO:colcon.colcon_core.shell:Creating environment descriptor '/home/yuchel/share_repo/install/onewheel/share/onewheel/hook/ament_prefix_path.dsv'
[0.217s] INFO:colcon.colcon_core.shell:Creating environment hook '/home/yuchel/share_repo/install/onewheel/share/onewheel/hook/ament_prefix_path.sh'
[0.218s] DEBUG:colcon.colcon_core.shell:Skip shell extension 'dsv' for command environment
[0.227s] INFO:colcon.colcon_ros.task.ament_python.build:Building ROS package in '/home/yuchel/share_repo/src/talk_pkg' with build type 'ament_python'
[0.227s] Level 1:colcon.colcon_core.shell:create_environment_hook('talk_pkg', 'ament_prefix_path')
[0.227s] INFO:colcon.colcon_core.shell:Creating environment descriptor '/home/yuchel/share_repo/install/talk_pkg/share/talk_pkg/hook/ament_prefix_path.dsv'
[0.228s] INFO:colcon.colcon_core.shell:Creating environment hook '/home/yuchel/share_repo/install/talk_pkg/share/talk_pkg/hook/ament_prefix_path.sh'
[0.229s] DEBUG:colcon.colcon_core.shell:Skip shell extension 'dsv' for command environment
[0.454s] INFO:colcon.colcon_core.task.python.build:Building Python package in '/home/yuchel/share_repo/src/gakurobo'
[0.454s] DEBUG:colcon.colcon_core.shell:Skip shell extension 'dsv' for command environment
[0.672s] INFO:colcon.colcon_core.task.python.build:Building Python package in '/home/yuchel/share_repo/src/independent_steering'
[0.672s] DEBUG:colcon.colcon_core.shell:Skip shell extension 'dsv' for command environment
[0.883s] WARNING:colcon.colcon_ros.task.ament_python.build:Package 'onewheel' doesn't explicitly install a marker in the package index (colcon-ros currently does it implicitly but that fallback will be removed in the future)
[0.883s] INFO:colcon.colcon_core.task.python.build:Building Python package in '/home/yuchel/share_repo/src/1wheel'
[0.883s] DEBUG:colcon.colcon_core.shell:Skip shell extension 'dsv' for command environment
[1.100s] INFO:colcon.colcon_core.task.python.build:Building Python package in '/home/yuchel/share_repo/src/talk_pkg'
[1.100s] DEBUG:colcon.colcon_core.shell:Skip shell extension 'dsv' for command environment
[1.840s] DEBUG:colcon.colcon_core.task.python.build:Available setuptools commands: register, upload, build_scripts, init_catalog, rotate, egg_info, install_headers, bdist_dumb, test, bdist_egg, extract_messages, install_data, install_egg_info, install_scripts, upload_docs, build_py, build, dist_info, develop, bdist_rpm, editable_wheel, saveopts, sdist, clean, check, alias, install, compile_catalog, install_lib, symlink_data, bdist, build_ext, setopt, easy_install, update_catalog, build_clib
[1.843s] DEBUG:colcon.colcon_core.event_handler.log_command:Invoking command in '/home/yuchel/share_repo/src/talk_pkg': DEBUGINFOD_URLS=https://debuginfod.ubuntu.com PYTHONPATH=/home/yuchel/share_repo/build/talk_pkg/prefix_override:/usr/lib/python3/dist-packages/colcon_core/task/python/colcon_distutils_commands:/home/yuchel/share_repo/install/talk_pkg/lib/python3.12/site-packages:${PYTHONPATH} /usr/bin/python3 -W ignore:setup.py install is deprecated -W ignore:easy_install command is deprecated setup.py egg_info --egg-base ../../build/talk_pkg build --build-base /home/yuchel/share_repo/build/talk_pkg/build install --record /home/yuchel/share_repo/build/talk_pkg/install.log --install-scripts $base/lib/talk_pkg --single-version-externally-managed install_data
[1.880s] DEBUG:colcon.colcon_core.task.python.build:Available setuptools commands: register, upload, build_scripts, init_catalog, rotate, egg_info, install_headers, bdist_dumb, test, bdist_egg, extract_messages, install_data, install_egg_info, install_scripts, upload_docs, build_py, build, dist_info, develop, bdist_rpm, editable_wheel, saveopts, sdist, clean, check, alias, install, compile_catalog, install_lib, symlink_data, bdist, build_ext, setopt, easy_install, update_catalog, build_clib
[1.881s] DEBUG:colcon.colcon_core.event_handler.log_command:Invoking command in '/home/yuchel/share_repo/src/gakurobo': DEBUGINFOD_URLS=https://debuginfod.ubuntu.com PYTHONPATH=/home/yuchel/share_repo/build/gakurobo/prefix_override:/usr/lib/python3/dist-packages/colcon_core/task/python/colcon_distutils_commands:/home/yuchel/share_repo/install/gakurobo/lib/python3.12/site-packages:${PYTHONPATH} /usr/bin/python3 -W ignore:setup.py install is deprecated -W ignore:easy_install command is deprecated setup.py egg_info --egg-base ../../build/gakurobo build --build-base /home/yuchel/share_repo/build/gakurobo/build install --record /home/yuchel/share_repo/build/gakurobo/install.log --install-scripts $base/lib/gakurobo --single-version-externally-managed install_data
[1.907s] DEBUG:colcon.colcon_core.task.python.build:Available setuptools commands: register, upload, build_scripts, init_catalog, rotate, egg_info, install_headers, bdist_dumb, test, bdist_egg, extract_messages, install_data, install_egg_info, install_scripts, upload_docs, build_py, build, dist_info, develop, bdist_rpm, editable_wheel, saveopts, sdist, clean, check, alias, install, compile_catalog, install_lib, symlink_data, bdist, build_ext, setopt, easy_install, update_catalog, build_clib
[1.908s] DEBUG:colcon.colcon_core.event_handler.log_command:Invoking command in '/home/yuchel/share_repo/src/1wheel': DEBUGINFOD_URLS=https://debuginfod.ubuntu.com PYTHONPATH=/home/yuchel/share_repo/build/onewheel/prefix_override:/usr/lib/python3/dist-packages/colcon_core/task/python/colcon_distutils_commands:/home/yuchel/share_repo/install/onewheel/lib/python3.12/site-packages:${PYTHONPATH} /usr/bin/python3 -W ignore:setup.py install is deprecated -W ignore:easy_install command is deprecated setup.py egg_info --egg-base ../../build/onewheel build --build-base /home/yuchel/share_repo/build/onewheel/build install --record /home/yuchel/share_repo/build/onewheel/install.log --install-scripts $base/lib/onewheel --single-version-externally-managed install_data
[1.978s] DEBUG:colcon.colcon_core.task.python.build:Available setuptools commands: register, upload, build_scripts, init_catalog, rotate, egg_info, install_headers, bdist_dumb, test, bdist_egg, extract_messages, install_data, install_egg_info, install_scripts, upload_docs, build_py, build, dist_info, develop, bdist_rpm, editable_wheel, saveopts, sdist, clean, check, alias, install, compile_catalog, install_lib, symlink_data, bdist, build_ext, setopt, easy_install, update_catalog, build_clib
[1.980s] DEBUG:colcon.colcon_core.event_handler.log_command:Invoking command in '/home/yuchel/share_repo/src/independent_steering': DEBUGINFOD_URLS=https://debuginfod.ubuntu.com PYTHONPATH=/home/yuchel/share_repo/build/independent_steering/prefix_override:/usr/lib/python3/dist-packages/colcon_core/task/python/colcon_distutils_commands:/home/yuchel/share_repo/install/independent_steering/lib/python3.12/site-packages:${PYTHONPATH} /usr/bin/python3 -W ignore:setup.py install is deprecated -W ignore:easy_install command is deprecated setup.py egg_info --egg-base ../../build/independent_steering build --build-base /home/yuchel/share_repo/build/independent_steering/build install --record /home/yuchel/share_repo/build/independent_steering/install.log --install-scripts $base/lib/independent_steering --single-version-externally-managed install_data
[2.518s] Level 1:colcon.colcon_core.environment:checking '/home/yuchel/share_repo/install/talk_pkg' for CMake module files
[2.518s] DEBUG:colcon.colcon_core.event_handler.log_command:Invoked command in '/home/yuchel/share_repo/src/talk_pkg' returned '0': DEBUGINFOD_URLS=https://debuginfod.ubuntu.com PYTHONPATH=/home/yuchel/share_repo/build/talk_pkg/prefix_override:/usr/lib/python3/dist-packages/colcon_core/task/python/colcon_distutils_commands:/home/yuchel/share_repo/install/talk_pkg/lib/python3.12/site-packages:${PYTHONPATH} /usr/bin/python3 -W ignore:setup.py install is deprecated -W ignore:easy_install command is deprecated setup.py egg_info --egg-base ../../build/talk_pkg build --build-base /home/yuchel/share_repo/build/talk_pkg/build install --record /home/yuchel/share_repo/build/talk_pkg/install.log --install-scripts $base/lib/talk_pkg --single-version-externally-managed install_data
[2.519s] Level 1:colcon.colcon_core.environment:checking '/home/yuchel/share_repo/install/talk_pkg' for CMake config files
[2.519s] Level 1:colcon.colcon_core.environment:checking '/home/yuchel/share_repo/install/talk_pkg/lib'
[2.520s] Level 1:colcon.colcon_core.environment:checking '/home/yuchel/share_repo/install/talk_pkg/bin'
[2.520s] Level 1:colcon.colcon_core.environment:checking '/home/yuchel/share_repo/install/talk_pkg/lib/pkgconfig/talk_pkg.pc'
[2.520s] Level 1:colcon.colcon_core.environment:checking '/home/yuchel/share_repo/install/talk_pkg/lib/python3.12/site-packages'
[2.520s] Level 1:colcon.colcon_core.shell:create_environment_hook('talk_pkg', 'pythonpath')
[2.520s] INFO:colcon.colcon_core.shell:Creating environment descriptor '/home/yuchel/share_repo/install/talk_pkg/share/talk_pkg/hook/pythonpath.dsv'
[2.521s] INFO:colcon.colcon_core.shell:Creating environment hook '/home/yuchel/share_repo/install/talk_pkg/share/talk_pkg/hook/pythonpath.sh'
[2.522s] Level 1:colcon.colcon_core.environment:checking '/home/yuchel/share_repo/install/talk_pkg/bin'
[2.522s] Level 1:colcon.colcon_core.environment:create_environment_scripts_only(talk_pkg)
[2.522s] INFO:colcon.colcon_core.shell:Creating package descriptor '/home/yuchel/share_repo/install/talk_pkg/share/talk_pkg/package.dsv'
[2.523s] INFO:colcon.colcon_core.shell:Creating package script '/home/yuchel/share_repo/install/talk_pkg/share/talk_pkg/package.sh'
[2.525s] INFO:colcon.colcon_core.shell:Creating package script '/home/yuchel/share_repo/install/talk_pkg/share/talk_pkg/package.bash'
[2.527s] INFO:colcon.colcon_core.shell:Creating package script '/home/yuchel/share_repo/install/talk_pkg/share/talk_pkg/package.zsh'
[2.528s] Level 1:colcon.colcon_core.environment:create_file_with_runtime_dependencies(/home/yuchel/share_repo/install/talk_pkg/share/colcon-core/packages/talk_pkg)
[2.529s] INFO:colcon.colcon_ros.task.ament_python.build:Building ROS package in '/home/yuchel/share_repo/src/test_pkg' with build type 'ament_python'
[2.530s] Level 1:colcon.colcon_core.shell:create_environment_hook('test_pkg', 'ament_prefix_path')
[2.530s] INFO:colcon.colcon_core.shell:Creating environment descriptor '/home/yuchel/share_repo/install/test_pkg/share/test_pkg/hook/ament_prefix_path.dsv'
[2.531s] INFO:colcon.colcon_core.shell:Creating environment hook '/home/yuchel/share_repo/install/test_pkg/share/test_pkg/hook/ament_prefix_path.sh'
[2.534s] DEBUG:colcon.colcon_core.shell:Skip shell extension 'dsv' for command environment
[2.791s] INFO:colcon.colcon_core.task.python.build:Building Python package in '/home/yuchel/share_repo/src/test_pkg'
[2.791s] DEBUG:colcon.colcon_core.shell:Skip shell extension 'dsv' for command environment
[2.796s] Level 1:colcon.colcon_core.environment:checking '/home/yuchel/share_repo/install/onewheel' for CMake module files
[2.797s] Level 1:colcon.colcon_core.environment:checking '/home/yuchel/share_repo/install/onewheel' for CMake config files
[2.797s] Level 1:colcon.colcon_core.environment:checking '/home/yuchel/share_repo/install/onewheel/lib'
[2.797s] Level 1:colcon.colcon_core.environment:checking '/home/yuchel/share_repo/install/onewheel/bin'
[2.797s] Level 1:colcon.colcon_core.environment:checking '/home/yuchel/share_repo/install/onewheel/lib/pkgconfig/onewheel.pc'
[2.798s] Level 1:colcon.colcon_core.environment:checking '/home/yuchel/share_repo/install/onewheel/lib/python3.12/site-packages'
[2.798s] Level 1:colcon.colcon_core.shell:create_environment_hook('onewheel', 'pythonpath')
[2.798s] INFO:colcon.colcon_core.shell:Creating environment descriptor '/home/yuchel/share_repo/install/onewheel/share/onewheel/hook/pythonpath.dsv'
[2.799s] DEBUG:colcon.colcon_core.event_handler.log_command:Invoked command in '/home/yuchel/share_repo/src/1wheel' returned '0': DEBUGINFOD_URLS=https://debuginfod.ubuntu.com PYTHONPATH=/home/yuchel/share_repo/build/onewheel/prefix_override:/usr/lib/python3/dist-packages/colcon_core/task/python/colcon_distutils_commands:/home/yuchel/share_repo/install/onewheel/lib/python3.12/site-packages:${PYTHONPATH} /usr/bin/python3 -W ignore:setup.py install is deprecated -W ignore:easy_install command is deprecated setup.py egg_info --egg-base ../../build/onewheel build --build-base /home/yuchel/share_repo/build/onewheel/build install --record /home/yuchel/share_repo/build/onewheel/install.log --install-scripts $base/lib/onewheel --single-version-externally-managed install_data
[2.799s] INFO:colcon.colcon_core.shell:Creating environment hook '/home/yuchel/share_repo/install/onewheel/share/onewheel/hook/pythonpath.sh'
[2.801s] Level 1:colcon.colcon_core.environment:checking '/home/yuchel/share_repo/install/onewheel/bin'
[2.801s] Level 1:colcon.colcon_core.environment:create_environment_scripts_only(onewheel)
[2.801s] INFO:colcon.colcon_core.shell:Creating package descriptor '/home/yuchel/share_repo/install/onewheel/share/onewheel/package.dsv'
[2.801s] INFO:colcon.colcon_core.shell:Creating package script '/home/yuchel/share_repo/install/onewheel/share/onewheel/package.sh'
[2.802s] INFO:colcon.colcon_core.shell:Creating package script '/home/yuchel/share_repo/install/onewheel/share/onewheel/package.bash'
[2.803s] INFO:colcon.colcon_core.shell:Creating package script '/home/yuchel/share_repo/install/onewheel/share/onewheel/package.zsh'
[2.803s] Level 1:colcon.colcon_core.environment:create_file_with_runtime_dependencies(/home/yuchel/share_repo/install/onewheel/share/colcon-core/packages/onewheel)
[2.804s] INFO:colcon.colcon_ros.task.ament_python.build:Building ROS package in '/home/yuchel/share_repo/src/three_node_pkg' with build type 'ament_python'
[2.804s] Level 1:colcon.colcon_core.shell:create_environment_hook('three_node_pkg', 'ament_prefix_path')
[2.804s] INFO:colcon.colcon_core.shell:Creating environment descriptor '/home/yuchel/share_repo/install/three_node_pkg/share/three_node_pkg/hook/ament_prefix_path.dsv'
[2.805s] INFO:colcon.colcon_core.shell:Creating environment hook '/home/yuchel/share_repo/install/three_node_pkg/share/three_node_pkg/hook/ament_prefix_path.sh'
[2.806s] DEBUG:colcon.colcon_core.shell:Skip shell extension 'dsv' for command environment
[2.811s] Level 1:colcon.colcon_core.environment:checking '/home/yuchel/share_repo/install/gakurobo' for CMake module files
[2.811s] Level 1:colcon.colcon_core.environment:checking '/home/yuchel/share_repo/install/gakurobo' for CMake config files
[2.812s] Level 1:colcon.colcon_core.environment:checking '/home/yuchel/share_repo/install/gakurobo/lib'
[2.812s] Level 1:colcon.colcon_core.environment:checking '/home/yuchel/share_repo/install/gakurobo/bin'
[2.812s] Level 1:colcon.colcon_core.environment:checking '/home/yuchel/share_repo/install/gakurobo/lib/pkgconfig/gakurobo.pc'
[2.812s] Level 1:colcon.colcon_core.environment:checking '/home/yuchel/share_repo/install/gakurobo/lib/python3.12/site-packages'
[2.812s] Level 1:colcon.colcon_core.shell:create_environment_hook('gakurobo', 'pythonpath')
[2.812s] INFO:colcon.colcon_core.shell:Creating environment descriptor '/home/yuchel/share_repo/install/gakurobo/share/gakurobo/hook/pythonpath.dsv'
[2.813s] INFO:colcon.colcon_core.shell:Creating environment hook '/home/yuchel/share_repo/install/gakurobo/share/gakurobo/hook/pythonpath.sh'
[2.814s] DEBUG:colcon.colcon_core.event_handler.log_command:Invoked command in '/home/yuchel/share_repo/src/gakurobo' returned '0': DEBUGINFOD_URLS=https://debuginfod.ubuntu.com PYTHONPATH=/home/yuchel/share_repo/build/gakurobo/prefix_override:/usr/lib/python3/dist-packages/colcon_core/task/python/colcon_distutils_commands:/home/yuchel/share_repo/install/gakurobo/lib/python3.12/site-packages:${PYTHONPATH} /usr/bin/python3 -W ignore:setup.py install is deprecated -W ignore:easy_install command is deprecated setup.py egg_info --egg-base ../../build/gakurobo build --build-base /home/yuchel/share_repo/build/gakurobo/build install --record /home/yuchel/share_repo/build/gakurobo/install.log --install-scripts $base/lib/gakurobo --single-version-externally-managed install_data
[2.815s] Level 1:colcon.colcon_core.environment:checking '/home/yuchel/share_repo/install/gakurobo/bin'
[2.815s] Level 1:colcon.colcon_core.environment:create_environment_scripts_only(gakurobo)
[2.815s] INFO:colcon.colcon_core.shell:Creating package descriptor '/home/yuchel/share_repo/install/gakurobo/share/gakurobo/package.dsv'
[2.815s] INFO:colcon.colcon_core.shell:Creating package script '/home/yuchel/share_repo/install/gakurobo/share/gakurobo/package.sh'
[2.816s] INFO:colcon.colcon_core.shell:Creating package script '/home/yuchel/share_repo/install/gakurobo/share/gakurobo/package.bash'
[2.816s] INFO:colcon.colcon_core.shell:Creating package script '/home/yuchel/share_repo/install/gakurobo/share/gakurobo/package.zsh'
[2.817s] Level 1:colcon.colcon_core.environment:create_file_with_runtime_dependencies(/home/yuchel/share_repo/install/gakurobo/share/colcon-core/packages/gakurobo)
[2.817s] Level 1:colcon.colcon_core.environment:checking '/home/yuchel/share_repo/install/independent_steering' for CMake module files
[2.818s] Level 1:colcon.colcon_core.environment:checking '/home/yuchel/share_repo/install/independent_steering' for CMake config files
[2.818s] Level 1:colcon.colcon_core.environment:checking '/home/yuchel/share_repo/install/independent_steering/lib'
[2.819s] Level 1:colcon.colcon_core.environment:checking '/home/yuchel/share_repo/install/independent_steering/bin'
[2.819s] Level 1:colcon.colcon_core.environment:checking '/home/yuchel/share_repo/install/independent_steering/lib/pkgconfig/independent_steering.pc'
[2.819s] Level 1:colcon.colcon_core.environment:checking '/home/yuchel/share_repo/install/independent_steering/lib/python3.12/site-packages'
[2.819s] Level 1:colcon.colcon_core.shell:create_environment_hook('independent_steering', 'pythonpath')
[2.819s] INFO:colcon.colcon_core.shell:Creating environment descriptor '/home/yuchel/share_repo/install/independent_steering/share/independent_steering/hook/pythonpath.dsv'
[2.820s] INFO:colcon.colcon_core.shell:Creating environment hook '/home/yuchel/share_repo/install/independent_steering/share/independent_steering/hook/pythonpath.sh'
[2.821s] Level 1:colcon.colcon_core.environment:checking '/home/yuchel/share_repo/install/independent_steering/bin'
[2.821s] Level 1:colcon.colcon_core.environment:create_environment_scripts_only(independent_steering)
[2.822s] INFO:colcon.colcon_core.shell:Creating package descriptor '/home/yuchel/share_repo/install/independent_steering/share/independent_steering/package.dsv'
[2.822s] INFO:colcon.colcon_core.shell:Creating package script '/home/yuchel/share_repo/install/independent_steering/share/independent_steering/package.sh'
[2.823s] DEBUG:colcon.colcon_core.event_handler.log_command:Invoked command in '/home/yuchel/share_repo/src/independent_steering' returned '0': DEBUGINFOD_URLS=https://debuginfod.ubuntu.com PYTHONPATH=/home/yuchel/share_repo/build/independent_steering/prefix_override:/usr/lib/python3/dist-packages/colcon_core/task/python/colcon_distutils_commands:/home/yuchel/share_repo/install/independent_steering/lib/python3.12/site-packages:${PYTHONPATH} /usr/bin/python3 -W ignore:setup.py install is deprecated -W ignore:easy_install command is deprecated setup.py egg_info --egg-base ../../build/independent_steering build --build-base /home/yuchel/share_repo/build/independent_steering/build install --record /home/yuchel/share_repo/build/independent_steering/install.log --install-scripts $base/lib/independent_steering --single-version-externally-managed install_data
[2.824s] INFO:colcon.colcon_core.shell:Creating package script '/home/yuchel/share_repo/install/independent_steering/share/independent_steering/package.bash'
[2.824s] INFO:colcon.colcon_core.shell:Creating package script '/home/yuchel/share_repo/install/independent_steering/share/independent_steering/package.zsh'
[2.824s] Level 1:colcon.colcon_core.environment:create_file_with_runtime_dependencies(/home/yuchel/share_repo/install/independent_steering/share/colcon-core/packages/independent_steering)
[3.059s] INFO:colcon.colcon_core.task.python.build:Building Python package in '/home/yuchel/share_repo/src/three_node_pkg'
[3.059s] DEBUG:colcon.colcon_core.shell:Skip shell extension 'dsv' for command environment
[3.370s] DEBUG:colcon.colcon_core.task.python.build:Available setuptools commands: register, upload, build_scripts, init_catalog, rotate, egg_info, install_headers, bdist_dumb, test, bdist_egg, extract_messages, install_data, install_egg_info, install_scripts, upload_docs, build_py, build, dist_info, develop, bdist_rpm, editable_wheel, saveopts, sdist, clean, check, alias, install, compile_catalog, install_lib, symlink_data, bdist, build_ext, setopt, easy_install, update_catalog, build_clib
[3.373s] DEBUG:colcon.colcon_core.event_handler.log_command:Invoking command in '/home/yuchel/share_repo/src/test_pkg': DEBUGINFOD_URLS=https://debuginfod.ubuntu.com PYTHONPATH=/home/yuchel/share_repo/build/test_pkg/prefix_override:/usr/lib/python3/dist-packages/colcon_core/task/python/colcon_distutils_commands:/home/yuchel/share_repo/install/test_pkg/lib/python3.12/site-packages:${PYTHONPATH} /usr/bin/python3 -W ignore:setup.py install is deprecated -W ignore:easy_install command is deprecated setup.py egg_info --egg-base ../../build/test_pkg build --build-base /home/yuchel/share_repo/build/test_pkg/build install --record /home/yuchel/share_repo/build/test_pkg/install.log --install-scripts $base/lib/test_pkg --single-version-externally-managed install_data
[3.602s] DEBUG:colcon.colcon_core.task.python.build:Available setuptools commands: register, upload, build_scripts, init_catalog, rotate, egg_info, install_headers, bdist_dumb, test, bdist_egg, extract_messages, install_data, install_egg_info, install_scripts, upload_docs, build_py, build, dist_info, develop, bdist_rpm, editable_wheel, saveopts, sdist, clean, check, alias, install, compile_catalog, install_lib, symlink_data, bdist, build_ext, setopt, easy_install, update_catalog, build_clib
[3.604s] DEBUG:colcon.colcon_core.event_handler.log_command:Invoking command in '/home/yuchel/share_repo/src/three_node_pkg': DEBUGINFOD_URLS=https://debuginfod.ubuntu.com PYTHONPATH=/home/yuchel/share_repo/build/three_node_pkg/prefix_override:/usr/lib/python3/dist-packages/colcon_core/task/python/colcon_distutils_commands:/home/yuchel/share_repo/install/three_node_pkg/lib/python3.12/site-packages:${PYTHONPATH} /usr/bin/python3 -W ignore:setup.py install is deprecated -W ignore:easy_install command is deprecated setup.py egg_info --egg-base ../../build/three_node_pkg build --build-base /home/yuchel/share_repo/build/three_node_pkg/build install --record /home/yuchel/share_repo/build/three_node_pkg/install.log --install-scripts $base/lib/three_node_pkg --single-version-externally-managed install_data
[3.865s] Level 1:colcon.colcon_core.environment:checking '/home/yuchel/share_repo/install/test_pkg' for CMake module files
[3.866s] DEBUG:colcon.colcon_core.event_handler.log_command:Invoked command in '/home/yuchel/share_repo/src/test_pkg' returned '0': DEBUGINFOD_URLS=https://debuginfod.ubuntu.com PYTHONPATH=/home/yuchel/share_repo/build/test_pkg/prefix_override:/usr/lib/python3/dist-packages/colcon_core/task/python/colcon_distutils_commands:/home/yuchel/share_repo/install/test_pkg/lib/python3.12/site-packages:${PYTHONPATH} /usr/bin/python3 -W ignore:setup.py install is deprecated -W ignore:easy_install command is deprecated setup.py egg_info --egg-base ../../build/test_pkg build --build-base /home/yuchel/share_repo/build/test_pkg/build install --record /home/yuchel/share_repo/build/test_pkg/install.log --install-scripts $base/lib/test_pkg --single-version-externally-managed install_data
[3.867s] Level 1:colcon.colcon_core.environment:checking '/home/yuchel/share_repo/install/test_pkg' for CMake config files
[3.867s] Level 1:colcon.colcon_core.environment:checking '/home/yuchel/share_repo/install/test_pkg/lib'
[3.868s] Level 1:colcon.colcon_core.environment:checking '/home/yuchel/share_repo/install/test_pkg/bin'
[3.868s] Level 1:colcon.colcon_core.environment:checking '/home/yuchel/share_repo/install/test_pkg/lib/pkgconfig/test_pkg.pc'
[3.868s] Level 1:colcon.colcon_core.environment:checking '/home/yuchel/share_repo/install/test_pkg/lib/python3.12/site-packages'
[3.868s] Level 1:colcon.colcon_core.shell:create_environment_hook('test_pkg', 'pythonpath')
[3.868s] INFO:colcon.colcon_core.shell:Creating environment descriptor '/home/yuchel/share_repo/install/test_pkg/share/test_pkg/hook/pythonpath.dsv'
[3.869s] INFO:colcon.colcon_core.shell:Creating environment hook '/home/yuchel/share_repo/install/test_pkg/share/test_pkg/hook/pythonpath.sh'
[3.869s] Level 1:colcon.colcon_core.environment:checking '/home/yuchel/share_repo/install/test_pkg/bin'
[3.870s] Level 1:colcon.colcon_core.environment:create_environment_scripts_only(test_pkg)
[3.870s] INFO:colcon.colcon_core.shell:Creating package descriptor '/home/yuchel/share_repo/install/test_pkg/share/test_pkg/package.dsv'
[3.870s] INFO:colcon.colcon_core.shell:Creating package script '/home/yuchel/share_repo/install/test_pkg/share/test_pkg/package.sh'
[3.871s] INFO:colcon.colcon_core.shell:Creating package script '/home/yuchel/share_repo/install/test_pkg/share/test_pkg/package.bash'
[3.872s] INFO:colcon.colcon_core.shell:Creating package script '/home/yuchel/share_repo/install/test_pkg/share/test_pkg/package.zsh'
[3.876s] Level 1:colcon.colcon_core.environment:create_file_with_runtime_dependencies(/home/yuchel/share_repo/install/test_pkg/share/colcon-core/packages/test_pkg)
[4.108s] Level 1:colcon.colcon_core.environment:checking '/home/yuchel/share_repo/install/three_node_pkg' for CMake module files
[4.109s] DEBUG:colcon.colcon_core.event_handler.log_command:Invoked command in '/home/yuchel/share_repo/src/three_node_pkg' returned '0': DEBUGINFOD_URLS=https://debuginfod.ubuntu.com PYTHONPATH=/home/yuchel/share_repo/build/three_node_pkg/prefix_override:/usr/lib/python3/dist-packages/colcon_core/task/python/colcon_distutils_commands:/home/yuchel/share_repo/install/three_node_pkg/lib/python3.12/site-packages:${PYTHONPATH} /usr/bin/python3 -W ignore:setup.py install is deprecated -W ignore:easy_install command is deprecated setup.py egg_info --egg-base ../../build/three_node_pkg build --build-base /home/yuchel/share_repo/build/three_node_pkg/build install --record /home/yuchel/share_repo/build/three_node_pkg/install.log --install-scripts $base/lib/three_node_pkg --single-version-externally-managed install_data
[4.109s] Level 1:colcon.colcon_core.environment:checking '/home/yuchel/share_repo/install/three_node_pkg' for CMake config files
[4.110s] Level 1:colcon.colcon_core.environment:checking '/home/yuchel/share_repo/install/three_node_pkg/lib'
[4.110s] Level 1:colcon.colcon_core.environment:checking '/home/yuchel/share_repo/install/three_node_pkg/bin'
[4.110s] Level 1:colcon.colcon_core.environment:checking '/home/yuchel/share_repo/install/three_node_pkg/lib/pkgconfig/three_node_pkg.pc'
[4.110s] Level 1:colcon.colcon_core.environment:checking '/home/yuchel/share_repo/install/three_node_pkg/lib/python3.12/site-packages'
[4.110s] Level 1:colcon.colcon_core.shell:create_environment_hook('three_node_pkg', 'pythonpath')
[4.110s] INFO:colcon.colcon_core.shell:Creating environment descriptor '/home/yuchel/share_repo/install/three_node_pkg/share/three_node_pkg/hook/pythonpath.dsv'
[4.111s] INFO:colcon.colcon_core.shell:Creating environment hook '/home/yuchel/share_repo/install/three_node_pkg/share/three_node_pkg/hook/pythonpath.sh'
[4.112s] Level 1:colcon.colcon_core.environment:checking '/home/yuchel/share_repo/install/three_node_pkg/bin'
[4.112s] Level 1:colcon.colcon_core.environment:create_environment_scripts_only(three_node_pkg)
[4.112s] INFO:colcon.colcon_core.shell:Creating package descriptor '/home/yuchel/share_repo/install/three_node_pkg/share/three_node_pkg/package.dsv'
[4.113s] INFO:colcon.colcon_core.shell:Creating package script '/home/yuchel/share_repo/install/three_node_pkg/share/three_node_pkg/package.sh'
[4.113s] INFO:colcon.colcon_core.shell:Creating package script '/home/yuchel/share_repo/install/three_node_pkg/share/three_node_pkg/package.bash'
[4.114s] INFO:colcon.colcon_core.shell:Creating package script '/home/yuchel/share_repo/install/three_node_pkg/share/three_node_pkg/package.zsh'
[4.114s] Level 1:colcon.colcon_core.environment:create_file_with_runtime_dependencies(/home/yuchel/share_repo/install/three_node_pkg/share/colcon-core/packages/three_node_pkg)
[4.114s] DEBUG:colcon.colcon_parallel_executor.executor.parallel:closing loop
[4.115s] DEBUG:colcon.colcon_parallel_executor.executor.parallel:loop closed
[4.115s] DEBUG:colcon.colcon_parallel_executor.executor.parallel:run_until_complete finished with '0'
[4.115s] DEBUG:colcon.colcon_core.event_reactor:joining thread
[4.122s] INFO:colcon.colcon_core.plugin_system:Skipping extension 'colcon_notification.desktop_notification.terminal_notifier': Not used on non-Darwin systems
[4.122s] INFO:colcon.colcon_core.plugin_system:Skipping extension 'colcon_notification.desktop_notification.win32': Not used on non-Windows systems
[4.122s] INFO:colcon.colcon_notification.desktop_notification:Sending desktop notification using 'notify2'
[4.139s] DEBUG:colcon.colcon_core.event_reactor:joined thread
[4.139s] INFO:colcon.colcon_core.shell:Creating prefix script '/home/yuchel/share_repo/install/local_setup.sh'
[4.140s] INFO:colcon.colcon_core.shell:Creating prefix util module '/home/yuchel/share_repo/install/_local_setup_util_sh.py'
[4.141s] INFO:colcon.colcon_core.shell:Creating prefix chain script '/home/yuchel/share_repo/install/setup.sh'
[4.143s] INFO:colcon.colcon_core.shell:Creating prefix script '/home/yuchel/share_repo/install/local_setup.bash'
[4.143s] INFO:colcon.colcon_core.shell:Creating prefix chain script '/home/yuchel/share_repo/install/setup.bash'
[4.144s] INFO:colcon.colcon_core.shell:Creating prefix script '/home/yuchel/share_repo/install/local_setup.zsh'
[4.145s] INFO:colcon.colcon_core.shell:Creating prefix chain script '/home/yuchel/share_repo/install/setup.zsh'
