[1.843s] Invoking command in '/home/yuchel/share_repo/src/1wheel': DEBUGINFOD_URLS=https://debuginfod.ubuntu.com PYTHONPATH=/home/yuchel/share_repo/build/onewheel/prefix_override:/usr/lib/python3/dist-packages/colcon_core/task/python/colcon_distutils_commands:/home/yuchel/share_repo/install/onewheel/lib/python3.12/site-packages:${PYTHONPATH} /usr/bin/python3 -W ignore:setup.py install is deprecated -W ignore:easy_install command is deprecated setup.py egg_info --egg-base ../../build/onewheel build --build-base /home/yuchel/share_repo/build/onewheel/build install --record /home/yuchel/share_repo/build/onewheel/install.log --install-scripts $base/lib/onewheel --single-version-externally-managed install_data
[2.267s] running egg_info
[2.299s] writing ../../build/onewheel/onewheel.egg-info/PKG-INFO
[2.299s] writing dependency_links to ../../build/onewheel/onewheel.egg-info/dependency_links.txt
[2.300s] writing entry points to ../../build/onewheel/onewheel.egg-info/entry_points.txt
[2.300s] writing requirements to ../../build/onewheel/onewheel.egg-info/requires.txt
[2.300s] writing top-level names to ../../build/onewheel/onewheel.egg-info/top_level.txt
[2.370s] reading manifest file '../../build/onewheel/onewheel.egg-info/SOURCES.txt'
[2.372s] writing manifest file '../../build/onewheel/onewheel.egg-info/SOURCES.txt'
[2.372s] running build
[2.372s] running build_py
[2.373s] running install
[2.383s] running install_lib
[2.401s] running install_data
[2.402s] copying urdf/one_wheel.urdf -> /home/yuchel/share_repo/install/onewheel/share/onewheel/urdf
[2.402s] running install_egg_info
[2.423s] removing '/home/yuchel/share_repo/install/onewheel/lib/python3.12/site-packages/onewheel-0.0.0-py3.12.egg-info' (and everything under it)
[2.424s] Copying ../../build/onewheel/onewheel.egg-info to /home/yuchel/share_repo/install/onewheel/lib/python3.12/site-packages/onewheel-0.0.0-py3.12.egg-info
[2.425s] running install_scripts
[2.613s] Installing control_node script to /home/yuchel/share_repo/install/onewheel/lib/onewheel
[2.613s] writing list of installed files to '/home/yuchel/share_repo/build/onewheel/install.log'
[2.816s] Invoked command in '/home/yuchel/share_repo/src/1wheel' returned '0': DEBUGINFOD_URLS=https://debuginfod.ubuntu.com PYTHONPATH=/home/yuchel/share_repo/build/onewheel/prefix_override:/usr/lib/python3/dist-packages/colcon_core/task/python/colcon_distutils_commands:/home/yuchel/share_repo/install/onewheel/lib/python3.12/site-packages:${PYTHONPATH} /usr/bin/python3 -W ignore:setup.py install is deprecated -W ignore:easy_install command is deprecated setup.py egg_info --egg-base ../../build/onewheel build --build-base /home/yuchel/share_repo/build/onewheel/build install --record /home/yuchel/share_repo/build/onewheel/install.log --install-scripts $base/lib/onewheel --single-version-externally-managed install_data
