[3.209s] Invoking command in '/home/yuchel/shared_repo/src/three_node_pkg': DEBUGINFOD_URLS=https://debuginfod.ubuntu.com PYTHONPATH=/home/yuchel/shared_repo/build/three_node_pkg/prefix_override:/usr/lib/python3/dist-packages/colcon_core/task/python/colcon_distutils_commands:/home/yuchel/shared_repo/install/three_node_pkg/lib/python3.12/site-packages:${PYTHONPATH} /usr/bin/python3 -W ignore:setup.py install is deprecated -W ignore:easy_install command is deprecated setup.py egg_info --egg-base ../../build/three_node_pkg build --build-base /home/yuchel/shared_repo/build/three_node_pkg/build install --record /home/yuchel/shared_repo/build/three_node_pkg/install.log --install-scripts $base/lib/three_node_pkg --single-version-externally-managed install_data
[3.681s] running egg_info
[3.717s] writing ../../build/three_node_pkg/three_node_pkg.egg-info/PKG-INFO
[3.719s] writing dependency_links to ../../build/three_node_pkg/three_node_pkg.egg-info/dependency_links.txt
[3.724s] writing entry points to ../../build/three_node_pkg/three_node_pkg.egg-info/entry_points.txt
[3.724s] writing requirements to ../../build/three_node_pkg/three_node_pkg.egg-info/requires.txt
[3.725s] writing top-level names to ../../build/three_node_pkg/three_node_pkg.egg-info/top_level.txt
[3.781s] reading manifest file '../../build/three_node_pkg/three_node_pkg.egg-info/SOURCES.txt'
[3.785s] writing manifest file '../../build/three_node_pkg/three_node_pkg.egg-info/SOURCES.txt'
[3.785s] running build
[3.785s] running build_py
[3.789s] running install
[3.809s] running install_lib
[3.830s] running install_data
[3.837s] running install_egg_info
[3.872s] removing '/home/yuchel/shared_repo/install/three_node_pkg/lib/python3.12/site-packages/three_node_pkg-0.0.0-py3.12.egg-info' (and everything under it)
[3.883s] Copying ../../build/three_node_pkg/three_node_pkg.egg-info to /home/yuchel/shared_repo/install/three_node_pkg/lib/python3.12/site-packages/three_node_pkg-0.0.0-py3.12.egg-info
[3.883s] running install_scripts
[4.098s] Installing control script to /home/yuchel/shared_repo/install/three_node_pkg/lib/three_node_pkg
[4.100s] Installing display script to /home/yuchel/shared_repo/install/three_node_pkg/lib/three_node_pkg
[4.103s] Installing input script to /home/yuchel/shared_repo/install/three_node_pkg/lib/three_node_pkg
[4.103s] writing list of installed files to '/home/yuchel/shared_repo/build/three_node_pkg/install.log'
[4.204s] Invoked command in '/home/yuchel/shared_repo/src/three_node_pkg' returned '0': DEBUGINFOD_URLS=https://debuginfod.ubuntu.com PYTHONPATH=/home/yuchel/shared_repo/build/three_node_pkg/prefix_override:/usr/lib/python3/dist-packages/colcon_core/task/python/colcon_distutils_commands:/home/yuchel/shared_repo/install/three_node_pkg/lib/python3.12/site-packages:${PYTHONPATH} /usr/bin/python3 -W ignore:setup.py install is deprecated -W ignore:easy_install command is deprecated setup.py egg_info --egg-base ../../build/three_node_pkg build --build-base /home/yuchel/shared_repo/build/three_node_pkg/build install --record /home/yuchel/shared_repo/build/three_node_pkg/install.log --install-scripts $base/lib/three_node_pkg --single-version-externally-managed install_data
