running egg_info
writing ../../build/onewheel/onewheel.egg-info/PKG-INFO
writing dependency_links to ../../build/onewheel/onewheel.egg-info/dependency_links.txt
writing entry points to ../../build/onewheel/onewheel.egg-info/entry_points.txt
writing requirements to ../../build/onewheel/onewheel.egg-info/requires.txt
writing top-level names to ../../build/onewheel/onewheel.egg-info/top_level.txt
reading manifest file '../../build/onewheel/onewheel.egg-info/SOURCES.txt'
writing manifest file '../../build/onewheel/onewheel.egg-info/SOURCES.txt'
running build
running build_py
running install
running install_lib
running install_data
copying urdf/one_wheel.urdf -> /home/yuchel/share_repo/install/onewheel/share/onewheel/urdf
running install_egg_info
removing '/home/yuchel/share_repo/install/onewheel/lib/python3.12/site-packages/onewheel-0.0.0-py3.12.egg-info' (and everything under it)
Copying ../../build/onewheel/onewheel.egg-info to /home/yuchel/share_repo/install/onewheel/lib/python3.12/site-packages/onewheel-0.0.0-py3.12.egg-info
running install_scripts
Installing control_node script to /home/yuchel/share_repo/install/onewheel/lib/onewheel
writing list of installed files to '/home/yuchel/share_repo/build/onewheel/install.log'
