[0.793s] Invoking command in '/home/yuchel/share_repo/src/1wheel': DEBUGINFOD_URLS=https://debuginfod.ubuntu.com PYTHONPATH=/home/yuchel/share_repo/build/onewheel/prefix_override:/usr/lib/python3/dist-packages/colcon_core/task/python/colcon_distutils_commands:/home/yuchel/share_repo/install/onewheel/lib/python3.12/site-packages:${PYTHONPATH} /usr/bin/python3 -W ignore:setup.py install is deprecated -W ignore:easy_install command is deprecated setup.py egg_info --egg-base ../../build/onewheel build --build-base /home/yuchel/share_repo/build/onewheel/build install --record /home/yuchel/share_repo/build/onewheel/install.log --install-scripts $base/lib/onewheel --single-version-externally-managed install_data
[1.058s] running egg_info
[1.073s] writing ../../build/onewheel/onewheel.egg-info/PKG-INFO
[1.074s] writing dependency_links to ../../build/onewheel/onewheel.egg-info/dependency_links.txt
[1.075s] writing entry points to ../../build/onewheel/onewheel.egg-info/entry_points.txt
[1.075s] writing requirements to ../../build/onewheel/onewheel.egg-info/requires.txt
[1.075s] writing top-level names to ../../build/onewheel/onewheel.egg-info/top_level.txt
[1.109s] reading manifest file '../../build/onewheel/onewheel.egg-info/SOURCES.txt'
[1.109s] writing manifest file '../../build/onewheel/onewheel.egg-info/SOURCES.txt'
[1.110s] running build
[1.110s] running build_py
[1.110s] running install
[1.116s] running install_lib
[1.135s] running install_data
[1.135s] copying urdf/one_wheel.urdf -> /home/yuchel/share_repo/install/onewheel/share/onewheel/urdf
[1.135s] running install_egg_info
[1.155s] removing '/home/yuchel/share_repo/install/onewheel/lib/python3.12/site-packages/onewheel-0.0.0-py3.12.egg-info' (and everything under it)
[1.155s] Copying ../../build/onewheel/onewheel.egg-info to /home/yuchel/share_repo/install/onewheel/lib/python3.12/site-packages/onewheel-0.0.0-py3.12.egg-info
[1.156s] running install_scripts
[1.292s] Installing control_node script to /home/yuchel/share_repo/install/onewheel/lib/onewheel
[1.293s] writing list of installed files to '/home/yuchel/share_repo/build/onewheel/install.log'
[1.335s] Invoked command in '/home/yuchel/share_repo/src/1wheel' returned '0': DEBUGINFOD_URLS=https://debuginfod.ubuntu.com PYTHONPATH=/home/yuchel/share_repo/build/onewheel/prefix_override:/usr/lib/python3/dist-packages/colcon_core/task/python/colcon_distutils_commands:/home/yuchel/share_repo/install/onewheel/lib/python3.12/site-packages:${PYTHONPATH} /usr/bin/python3 -W ignore:setup.py install is deprecated -W ignore:easy_install command is deprecated setup.py egg_info --egg-base ../../build/onewheel build --build-base /home/yuchel/share_repo/build/onewheel/build install --record /home/yuchel/share_repo/build/onewheel/install.log --install-scripts $base/lib/onewheel --single-version-externally-managed install_data
