[2.334s] Invoking command in '/home/yuchel/shared_repo/src/gakurobo': DEBUGINFOD_URLS=https://debuginfod.ubuntu.com PYTHONPATH=/home/yuchel/shared_repo/build/gakurobo/prefix_override:/usr/lib/python3/dist-packages/colcon_core/task/python/colcon_distutils_commands:/home/yuchel/shared_repo/install/gakurobo/lib/python3.12/site-packages:${PYTHONPATH} /usr/bin/python3 -W ignore:setup.py install is deprecated -W ignore:easy_install command is deprecated setup.py egg_info --egg-base ../../build/gakurobo build --build-base /home/yuchel/shared_repo/build/gakurobo/build install --record /home/yuchel/shared_repo/build/gakurobo/install.log --install-scripts $base/lib/gakurobo --single-version-externally-managed install_data
[2.810s] running egg_info
[2.851s] writing ../../build/gakurobo/gakurobo.egg-info/PKG-INFO
[2.853s] writing dependency_links to ../../build/gakurobo/gakurobo.egg-info/dependency_links.txt
[2.855s] writing entry points to ../../build/gakurobo/gakurobo.egg-info/entry_points.txt
[2.857s] writing requirements to ../../build/gakurobo/gakurobo.egg-info/requires.txt
[2.858s] writing top-level names to ../../build/gakurobo/gakurobo.egg-info/top_level.txt
[2.928s] reading manifest file '../../build/gakurobo/gakurobo.egg-info/SOURCES.txt'
[2.928s] writing manifest file '../../build/gakurobo/gakurobo.egg-info/SOURCES.txt'
[2.928s] running build
[2.928s] running build_py
[2.928s] copying gakurobo/score_manager.py -> /home/yuchel/shared_repo/build/gakurobo/build/lib/gakurobo
[2.929s] running install
[2.933s] running install_lib
[2.977s] copying /home/yuchel/shared_repo/build/gakurobo/build/lib/gakurobo/score_manager.py -> /home/yuchel/shared_repo/install/gakurobo/lib/python3.12/site-packages/gakurobo
[2.977s] byte-compiling /home/yuchel/shared_repo/install/gakurobo/lib/python3.12/site-packages/gakurobo/score_manager.py to score_manager.cpython-312.pyc
[2.982s] running install_data
[2.982s] running install_egg_info
[3.018s] removing '/home/yuchel/shared_repo/install/gakurobo/lib/python3.12/site-packages/gakurobo-0.0.0-py3.12.egg-info' (and everything under it)
[3.019s] Copying ../../build/gakurobo/gakurobo.egg-info to /home/yuchel/shared_repo/install/gakurobo/lib/python3.12/site-packages/gakurobo-0.0.0-py3.12.egg-info
[3.020s] running install_scripts
[3.212s] Installing scoreboard script to /home/yuchel/shared_repo/install/gakurobo/lib/gakurobo
[3.217s] writing list of installed files to '/home/yuchel/shared_repo/build/gakurobo/install.log'
[3.366s] Invoked command in '/home/yuchel/shared_repo/src/gakurobo' returned '0': DEBUGINFOD_URLS=https://debuginfod.ubuntu.com PYTHONPATH=/home/yuchel/shared_repo/build/gakurobo/prefix_override:/usr/lib/python3/dist-packages/colcon_core/task/python/colcon_distutils_commands:/home/yuchel/shared_repo/install/gakurobo/lib/python3.12/site-packages:${PYTHONPATH} /usr/bin/python3 -W ignore:setup.py install is deprecated -W ignore:easy_install command is deprecated setup.py egg_info --egg-base ../../build/gakurobo build --build-base /home/yuchel/shared_repo/build/gakurobo/build install --record /home/yuchel/shared_repo/build/gakurobo/install.log --install-scripts $base/lib/gakurobo --single-version-externally-managed install_data
