[2.285s] Invoking command in '/home/yuchel/shared_repo/src/gakurobo': DEBUGINFOD_URLS=https://debuginfod.ubuntu.com PYTHONPATH=/home/yuchel/shared_repo/build/gakurobo/prefix_override:/usr/lib/python3/dist-packages/colcon_core/task/python/colcon_distutils_commands:/home/yuchel/shared_repo/install/gakurobo/lib/python3.12/site-packages:${PYTHONPATH} /usr/bin/python3 -W ignore:setup.py install is deprecated -W ignore:easy_install command is deprecated setup.py egg_info --egg-base ../../build/gakurobo build --build-base /home/yuchel/shared_repo/build/gakurobo/build install --record /home/yuchel/shared_repo/build/gakurobo/install.log --install-scripts $base/lib/gakurobo --single-version-externally-managed install_data
[2.549s] running egg_info
[2.572s] writing ../../build/gakurobo/gakurobo.egg-info/PKG-INFO
[2.572s] writing dependency_links to ../../build/gakurobo/gakurobo.egg-info/dependency_links.txt
[2.572s] writing entry points to ../../build/gakurobo/gakurobo.egg-info/entry_points.txt
[2.572s] writing requirements to ../../build/gakurobo/gakurobo.egg-info/requires.txt
[2.573s] writing top-level names to ../../build/gakurobo/gakurobo.egg-info/top_level.txt
[2.606s] reading manifest file '../../build/gakurobo/gakurobo.egg-info/SOURCES.txt'
[2.606s] writing manifest file '../../build/gakurobo/gakurobo.egg-info/SOURCES.txt'
[2.606s] running build
[2.606s] running build_py
[2.609s] copying gakurobo/app.py -> /home/yuchel/shared_repo/build/gakurobo/build/lib/gakurobo
[2.610s] copying gakurobo/score_manager.py -> /home/yuchel/shared_repo/build/gakurobo/build/lib/gakurobo
[2.611s] copying gakurobo/keyboard_manager.py -> /home/yuchel/shared_repo/build/gakurobo/build/lib/gakurobo
[2.611s] copying gakurobo/timer_manager.py -> /home/yuchel/shared_repo/build/gakurobo/build/lib/gakurobo
[2.617s] running install
[2.618s] running install_lib
[2.641s] copying /home/yuchel/shared_repo/build/gakurobo/build/lib/gakurobo/app.py -> /home/yuchel/shared_repo/install/gakurobo/lib/python3.12/site-packages/gakurobo
[2.641s] copying /home/yuchel/shared_repo/build/gakurobo/build/lib/gakurobo/score_manager.py -> /home/yuchel/shared_repo/install/gakurobo/lib/python3.12/site-packages/gakurobo
[2.641s] copying /home/yuchel/shared_repo/build/gakurobo/build/lib/gakurobo/keyboard_manager.py -> /home/yuchel/shared_repo/install/gakurobo/lib/python3.12/site-packages/gakurobo
[2.642s] copying /home/yuchel/shared_repo/build/gakurobo/build/lib/gakurobo/timer_manager.py -> /home/yuchel/shared_repo/install/gakurobo/lib/python3.12/site-packages/gakurobo
[2.642s] byte-compiling /home/yuchel/shared_repo/install/gakurobo/lib/python3.12/site-packages/gakurobo/app.py to app.cpython-312.pyc
[2.644s] byte-compiling /home/yuchel/shared_repo/install/gakurobo/lib/python3.12/site-packages/gakurobo/score_manager.py to score_manager.cpython-312.pyc
[2.646s] byte-compiling /home/yuchel/shared_repo/install/gakurobo/lib/python3.12/site-packages/gakurobo/keyboard_manager.py to keyboard_manager.cpython-312.pyc
[2.647s] byte-compiling /home/yuchel/shared_repo/install/gakurobo/lib/python3.12/site-packages/gakurobo/timer_manager.py to timer_manager.cpython-312.pyc
[2.648s] running install_data
[2.654s] running install_egg_info
[2.664s] removing '/home/yuchel/shared_repo/install/gakurobo/lib/python3.12/site-packages/gakurobo-0.0.0-py3.12.egg-info' (and everything under it)
[2.664s] Copying ../../build/gakurobo/gakurobo.egg-info to /home/yuchel/shared_repo/install/gakurobo/lib/python3.12/site-packages/gakurobo-0.0.0-py3.12.egg-info
[2.666s] running install_scripts
[2.780s] Installing scoreboard script to /home/yuchel/shared_repo/install/gakurobo/lib/gakurobo
[2.781s] writing list of installed files to '/home/yuchel/shared_repo/build/gakurobo/install.log'
[2.807s] Invoked command in '/home/yuchel/shared_repo/src/gakurobo' returned '0': DEBUGINFOD_URLS=https://debuginfod.ubuntu.com PYTHONPATH=/home/yuchel/shared_repo/build/gakurobo/prefix_override:/usr/lib/python3/dist-packages/colcon_core/task/python/colcon_distutils_commands:/home/yuchel/shared_repo/install/gakurobo/lib/python3.12/site-packages:${PYTHONPATH} /usr/bin/python3 -W ignore:setup.py install is deprecated -W ignore:easy_install command is deprecated setup.py egg_info --egg-base ../../build/gakurobo build --build-base /home/yuchel/shared_repo/build/gakurobo/build install --record /home/yuchel/shared_repo/build/gakurobo/install.log --install-scripts $base/lib/gakurobo --single-version-externally-managed install_data
