[1.928s] Invoking command in '/home/yuchel/share_repo/src/1wheel': DEBUGINFOD_URLS=https://debuginfod.ubuntu.com PYTHONPATH=/home/yuchel/share_repo/build/onewheel/prefix_override:/usr/lib/python3/dist-packages/colcon_core/task/python/colcon_distutils_commands:/home/yuchel/share_repo/install/onewheel/lib/python3.12/site-packages:${PYTHONPATH} /usr/bin/python3 -W ignore:setup.py install is deprecated -W ignore:easy_install command is deprecated setup.py egg_info --egg-base ../../build/onewheel build --build-base /home/yuchel/share_repo/build/onewheel/build install --record /home/yuchel/share_repo/build/onewheel/install.log --install-scripts $base/lib/onewheel --single-version-externally-managed install_data
[2.254s] running egg_info
[2.268s] writing ../../build/onewheel/onewheel.egg-info/PKG-INFO
[2.269s] writing dependency_links to ../../build/onewheel/onewheel.egg-info/dependency_links.txt
[2.269s] writing entry points to ../../build/onewheel/onewheel.egg-info/entry_points.txt
[2.270s] writing requirements to ../../build/onewheel/onewheel.egg-info/requires.txt
[2.270s] writing top-level names to ../../build/onewheel/onewheel.egg-info/top_level.txt
[2.320s] reading manifest file '../../build/onewheel/onewheel.egg-info/SOURCES.txt'
[2.322s] writing manifest file '../../build/onewheel/onewheel.egg-info/SOURCES.txt'
[2.322s] running build
[2.323s] running build_py
[2.323s] running install
[2.329s] running install_lib
[2.357s] running install_data
[2.360s] running install_egg_info
[2.374s] removing '/home/yuchel/share_repo/install/onewheel/lib/python3.12/site-packages/onewheel-0.0.0-py3.12.egg-info' (and everything under it)
[2.375s] Copying ../../build/onewheel/onewheel.egg-info to /home/yuchel/share_repo/install/onewheel/lib/python3.12/site-packages/onewheel-0.0.0-py3.12.egg-info
[2.376s] running install_scripts
[2.543s] Installing control_node script to /home/yuchel/share_repo/install/onewheel/lib/onewheel
[2.544s] writing list of installed files to '/home/yuchel/share_repo/build/onewheel/install.log'
[2.572s] Invoked command in '/home/yuchel/share_repo/src/1wheel' returned '0': DEBUGINFOD_URLS=https://debuginfod.ubuntu.com PYTHONPATH=/home/yuchel/share_repo/build/onewheel/prefix_override:/usr/lib/python3/dist-packages/colcon_core/task/python/colcon_distutils_commands:/home/yuchel/share_repo/install/onewheel/lib/python3.12/site-packages:${PYTHONPATH} /usr/bin/python3 -W ignore:setup.py install is deprecated -W ignore:easy_install command is deprecated setup.py egg_info --egg-base ../../build/onewheel build --build-base /home/yuchel/share_repo/build/onewheel/build install --record /home/yuchel/share_repo/build/onewheel/install.log --install-scripts $base/lib/onewheel --single-version-externally-managed install_data
