[3.193s] Invoking command in '/home/yuchel/shared_repo/src/gakurobo': DEBUGINFOD_URLS=https://debuginfod.ubuntu.com PYTHONPATH=/home/yuchel/shared_repo/build/gakurobo/prefix_override:/usr/lib/python3/dist-packages/colcon_core/task/python/colcon_distutils_commands:/home/yuchel/shared_repo/install/gakurobo/lib/python3.12/site-packages:${PYTHONPATH} /usr/bin/python3 -W ignore:setup.py install is deprecated -W ignore:easy_install command is deprecated setup.py egg_info --egg-base ../../build/gakurobo build --build-base /home/yuchel/shared_repo/build/gakurobo/build install --record /home/yuchel/shared_repo/build/gakurobo/install.log --install-scripts $base/lib/gakurobo --single-version-externally-managed install_data
[3.588s] running egg_info
[3.601s] writing ../../build/gakurobo/gakurobo.egg-info/PKG-INFO
[3.619s] writing dependency_links to ../../build/gakurobo/gakurobo.egg-info/dependency_links.txt
[3.620s] writing entry points to ../../build/gakurobo/gakurobo.egg-info/entry_points.txt
[3.621s] writing requirements to ../../build/gakurobo/gakurobo.egg-info/requires.txt
[3.621s] writing top-level names to ../../build/gakurobo/gakurobo.egg-info/top_level.txt
[3.702s] reading manifest file '../../build/gakurobo/gakurobo.egg-info/SOURCES.txt'
[3.705s] writing manifest file '../../build/gakurobo/gakurobo.egg-info/SOURCES.txt'
[3.706s] running build
[3.706s] running build_py
[3.710s] running install
[3.717s] running install_lib
[3.758s] running install_data
[3.764s] running install_egg_info
[3.807s] removing '/home/yuchel/shared_repo/install/gakurobo/lib/python3.12/site-packages/gakurobo-0.0.0-py3.12.egg-info' (and everything under it)
[3.807s] Copying ../../build/gakurobo/gakurobo.egg-info to /home/yuchel/shared_repo/install/gakurobo/lib/python3.12/site-packages/gakurobo-0.0.0-py3.12.egg-info
[3.807s] running install_scripts
[4.037s] Installing scoreboard script to /home/yuchel/shared_repo/install/gakurobo/lib/gakurobo
[4.041s] writing list of installed files to '/home/yuchel/shared_repo/build/gakurobo/install.log'
[4.129s] Invoked command in '/home/yuchel/shared_repo/src/gakurobo' returned '0': DEBUGINFOD_URLS=https://debuginfod.ubuntu.com PYTHONPATH=/home/yuchel/shared_repo/build/gakurobo/prefix_override:/usr/lib/python3/dist-packages/colcon_core/task/python/colcon_distutils_commands:/home/yuchel/shared_repo/install/gakurobo/lib/python3.12/site-packages:${PYTHONPATH} /usr/bin/python3 -W ignore:setup.py install is deprecated -W ignore:easy_install command is deprecated setup.py egg_info --egg-base ../../build/gakurobo build --build-base /home/yuchel/shared_repo/build/gakurobo/build install --record /home/yuchel/shared_repo/build/gakurobo/install.log --install-scripts $base/lib/gakurobo --single-version-externally-managed install_data
