[0.106s] DEBUG:colcon:Command line arguments: ['/usr/bin/colcon', 'build']
[0.106s] DEBUG:colcon:Parsed command line arguments: Namespace(log_base=None, log_level=None, verb_name='build', build_base='build', install_base='install', merge_install=False, symlink_install=False, test_result_base=None, continue_on_error=False, executor='parallel', parallel_workers=4, event_handlers=None, ignore_user_meta=False, metas=['./colcon.meta'], base_paths=['.'], packages_ignore=None, packages_ignore_regex=None, paths=None, packages_up_to=None, packages_up_to_regex=None, packages_above=None, packages_above_and_dependencies=None, packages_above_depth=None, packages_select_by_dep=None, packages_skip_by_dep=None, packages_skip_up_to=None, packages_select_build_failed=False, packages_skip_build_finished=False, packages_select_test_failures=False, packages_skip_test_passed=False, packages_select=None, packages_skip=None, packages_select_regex=None, packages_skip_regex=None, packages_start=None, packages_end=None, cmake_args=None, cmake_target=None, cmake_target_skip_unavailable=False, cmake_clean_cache=False, cmake_clean_first=False, cmake_force_configure=False, ament_cmake_args=None, catkin_cmake_args=None, catkin_skip_building_tests=False, verb_parser=<colcon_defaults.argument_parser.defaults.DefaultArgumentsDecorator object at 0x7d89590187a0>, verb_extension=<colcon_core.verb.build.BuildVerb object at 0x7d8959145790>, main=<bound method BuildVerb.main of <colcon_core.verb.build.BuildVerb object at 0x7d8959145790>>)
[0.158s] Level 1:colcon.colcon_core.package_discovery:discover_packages(colcon_meta) check parameters
[0.158s] Level 1:colcon.colcon_core.package_discovery:discover_packages(recursive) check parameters
[0.158s] Level 1:colcon.colcon_core.package_discovery:discover_packages(ignore) check parameters
[0.158s] Level 1:colcon.colcon_core.package_discovery:discover_packages(path) check parameters
[0.158s] Level 1:colcon.colcon_core.package_discovery:discover_packages(colcon_meta) discover
[0.158s] Level 1:colcon.colcon_core.package_discovery:discover_packages(recursive) discover
[0.158s] INFO:colcon.colcon_core.package_discovery:Crawling recursively for packages in '/home/yuchel/shared_repo'
[0.159s] Level 1:colcon.colcon_core.package_identification:_identify(.) by extensions ['ignore', 'ignore_ament_install']
[0.159s] Level 1:colcon.colcon_core.package_identification:_identify(.) by extension 'ignore'
[0.159s] Level 1:colcon.colcon_core.package_identification:_identify(.) by extension 'ignore_ament_install'
[0.159s] Level 1:colcon.colcon_core.package_identification:_identify(.) by extensions ['colcon_pkg']
[0.159s] Level 1:colcon.colcon_core.package_identification:_identify(.) by extension 'colcon_pkg'
[0.159s] Level 1:colcon.colcon_core.package_identification:_identify(.) by extensions ['colcon_meta']
[0.159s] Level 1:colcon.colcon_core.package_identification:_identify(.) by extension 'colcon_meta'
[0.159s] Level 1:colcon.colcon_core.package_identification:_identify(.) by extensions ['ros']
[0.159s] Level 1:colcon.colcon_core.package_identification:_identify(.) by extension 'ros'
[0.186s] Level 1:colcon.colcon_core.package_identification:_identify(.) by extensions ['cmake', 'python']
[0.186s] Level 1:colcon.colcon_core.package_identification:_identify(.) by extension 'cmake'
[0.186s] Level 1:colcon.colcon_core.package_identification:_identify(.) by extension 'python'
[0.186s] Level 1:colcon.colcon_core.package_identification:_identify(.) by extensions ['python_setup_py']
[0.186s] Level 1:colcon.colcon_core.package_identification:_identify(.) by extension 'python_setup_py'
[0.187s] Level 1:colcon.colcon_core.package_identification:_identify(build) by extensions ['ignore', 'ignore_ament_install']
[0.187s] Level 1:colcon.colcon_core.package_identification:_identify(build) by extension 'ignore'
[0.187s] Level 1:colcon.colcon_core.package_identification:_identify(build) ignored
[0.187s] Level 1:colcon.colcon_core.package_identification:_identify(install) by extensions ['ignore', 'ignore_ament_install']
[0.187s] Level 1:colcon.colcon_core.package_identification:_identify(install) by extension 'ignore'
[0.187s] Level 1:colcon.colcon_core.package_identification:_identify(install) ignored
[0.187s] Level 1:colcon.colcon_core.package_identification:_identify(log) by extensions ['ignore', 'ignore_ament_install']
[0.187s] Level 1:colcon.colcon_core.package_identification:_identify(log) by extension 'ignore'
[0.187s] Level 1:colcon.colcon_core.package_identification:_identify(log) ignored
[0.187s] Level 1:colcon.colcon_core.package_identification:_identify(rosbag2_2026_08_10-22_53_29) by extensions ['ignore', 'ignore_ament_install']
[0.188s] Level 1:colcon.colcon_core.package_identification:_identify(rosbag2_2026_08_10-22_53_29) by extension 'ignore'
[0.188s] Level 1:colcon.colcon_core.package_identification:_identify(rosbag2_2026_08_10-22_53_29) by extension 'ignore_ament_install'
[0.188s] Level 1:colcon.colcon_core.package_identification:_identify(rosbag2_2026_08_10-22_53_29) by extensions ['colcon_pkg']
[0.188s] Level 1:colcon.colcon_core.package_identification:_identify(rosbag2_2026_08_10-22_53_29) by extension 'colcon_pkg'
[0.188s] Level 1:colcon.colcon_core.package_identification:_identify(rosbag2_2026_08_10-22_53_29) by extensions ['colcon_meta']
[0.188s] Level 1:colcon.colcon_core.package_identification:_identify(rosbag2_2026_08_10-22_53_29) by extension 'colcon_meta'
[0.188s] Level 1:colcon.colcon_core.package_identification:_identify(rosbag2_2026_08_10-22_53_29) by extensions ['ros']
[0.188s] Level 1:colcon.colcon_core.package_identification:_identify(rosbag2_2026_08_10-22_53_29) by extension 'ros'
[0.188s] Level 1:colcon.colcon_core.package_identification:_identify(rosbag2_2026_08_10-22_53_29) by extensions ['cmake', 'python']
[0.188s] Level 1:colcon.colcon_core.package_identification:_identify(rosbag2_2026_08_10-22_53_29) by extension 'cmake'
[0.188s] Level 1:colcon.colcon_core.package_identification:_identify(rosbag2_2026_08_10-22_53_29) by extension 'python'
[0.188s] Level 1:colcon.colcon_core.package_identification:_identify(rosbag2_2026_08_10-22_53_29) by extensions ['python_setup_py']
[0.188s] Level 1:colcon.colcon_core.package_identification:_identify(rosbag2_2026_08_10-22_53_29) by extension 'python_setup_py'
[0.188s] Level 1:colcon.colcon_core.package_identification:_identify(src) by extensions ['ignore', 'ignore_ament_install']
[0.188s] Level 1:colcon.colcon_core.package_identification:_identify(src) by extension 'ignore'
[0.188s] Level 1:colcon.colcon_core.package_identification:_identify(src) by extension 'ignore_ament_install'
[0.188s] Level 1:colcon.colcon_core.package_identification:_identify(src) by extensions ['colcon_pkg']
[0.188s] Level 1:colcon.colcon_core.package_identification:_identify(src) by extension 'colcon_pkg'
[0.188s] Level 1:colcon.colcon_core.package_identification:_identify(src) by extensions ['colcon_meta']
[0.188s] Level 1:colcon.colcon_core.package_identification:_identify(src) by extension 'colcon_meta'
[0.188s] Level 1:colcon.colcon_core.package_identification:_identify(src) by extensions ['ros']
[0.188s] Level 1:colcon.colcon_core.package_identification:_identify(src) by extension 'ros'
[0.189s] Level 1:colcon.colcon_core.package_identification:_identify(src) by extensions ['cmake', 'python']
[0.189s] Level 1:colcon.colcon_core.package_identification:_identify(src) by extension 'cmake'
[0.189s] Level 1:colcon.colcon_core.package_identification:_identify(src) by extension 'python'
[0.189s] Level 1:colcon.colcon_core.package_identification:_identify(src) by extensions ['python_setup_py']
[0.189s] Level 1:colcon.colcon_core.package_identification:_identify(src) by extension 'python_setup_py'
[0.189s] Level 1:colcon.colcon_core.package_identification:_identify(src/Rviz2) by extensions ['ignore', 'ignore_ament_install']
[0.189s] Level 1:colcon.colcon_core.package_identification:_identify(src/Rviz2) by extension 'ignore'
[0.189s] Level 1:colcon.colcon_core.package_identification:_identify(src/Rviz2) by extension 'ignore_ament_install'
[0.189s] Level 1:colcon.colcon_core.package_identification:_identify(src/Rviz2) by extensions ['colcon_pkg']
[0.189s] Level 1:colcon.colcon_core.package_identification:_identify(src/Rviz2) by extension 'colcon_pkg'
[0.189s] Level 1:colcon.colcon_core.package_identification:_identify(src/Rviz2) by extensions ['colcon_meta']
[0.189s] Level 1:colcon.colcon_core.package_identification:_identify(src/Rviz2) by extension 'colcon_meta'
[0.189s] Level 1:colcon.colcon_core.package_identification:_identify(src/Rviz2) by extensions ['ros']
[0.189s] Level 1:colcon.colcon_core.package_identification:_identify(src/Rviz2) by extension 'ros'
[0.195s] DEBUG:colcon.colcon_core.package_identification:Package 'src/Rviz2' with type 'ros.ament_python' and name 'Rviz2'
[0.195s] Level 1:colcon.colcon_core.package_identification:_identify(src/gakurobo) by extensions ['ignore', 'ignore_ament_install']
[0.195s] Level 1:colcon.colcon_core.package_identification:_identify(src/gakurobo) by extension 'ignore'
[0.196s] Level 1:colcon.colcon_core.package_identification:_identify(src/gakurobo) by extension 'ignore_ament_install'
[0.196s] Level 1:colcon.colcon_core.package_identification:_identify(src/gakurobo) by extensions ['colcon_pkg']
[0.196s] Level 1:colcon.colcon_core.package_identification:_identify(src/gakurobo) by extension 'colcon_pkg'
[0.196s] Level 1:colcon.colcon_core.package_identification:_identify(src/gakurobo) by extensions ['colcon_meta']
[0.196s] Level 1:colcon.colcon_core.package_identification:_identify(src/gakurobo) by extension 'colcon_meta'
[0.196s] Level 1:colcon.colcon_core.package_identification:_identify(src/gakurobo) by extensions ['ros']
[0.196s] Level 1:colcon.colcon_core.package_identification:_identify(src/gakurobo) by extension 'ros'
[0.196s] DEBUG:colcon.colcon_core.package_identification:Package 'src/gakurobo' with type 'ros.ament_python' and name 'gakurobo'
[0.196s] Level 1:colcon.colcon_core.package_identification:_identify(src/talk_pkg) by extensions ['ignore', 'ignore_ament_install']
[0.197s] Level 1:colcon.colcon_core.package_identification:_identify(src/talk_pkg) by extension 'ignore'
[0.197s] Level 1:colcon.colcon_core.package_identification:_identify(src/talk_pkg) by extension 'ignore_ament_install'
[0.197s] Level 1:colcon.colcon_core.package_identification:_identify(src/talk_pkg) by extensions ['colcon_pkg']
[0.197s] Level 1:colcon.colcon_core.package_identification:_identify(src/talk_pkg) by extension 'colcon_pkg'
[0.197s] Level 1:colcon.colcon_core.package_identification:_identify(src/talk_pkg) by extensions ['colcon_meta']
[0.197s] Level 1:colcon.colcon_core.package_identification:_identify(src/talk_pkg) by extension 'colcon_meta'
[0.197s] Level 1:colcon.colcon_core.package_identification:_identify(src/talk_pkg) by extensions ['ros']
[0.197s] Level 1:colcon.colcon_core.package_identification:_identify(src/talk_pkg) by extension 'ros'
[0.197s] DEBUG:colcon.colcon_core.package_identification:Package 'src/talk_pkg' with type 'ros.ament_python' and name 'talk_pkg'
[0.197s] Level 1:colcon.colcon_core.package_identification:_identify(src/test_pkg) by extensions ['ignore', 'ignore_ament_install']
[0.198s] Level 1:colcon.colcon_core.package_identification:_identify(src/test_pkg) by extension 'ignore'
[0.198s] Level 1:colcon.colcon_core.package_identification:_identify(src/test_pkg) by extension 'ignore_ament_install'
[0.198s] Level 1:colcon.colcon_core.package_identification:_identify(src/test_pkg) by extensions ['colcon_pkg']
[0.198s] Level 1:colcon.colcon_core.package_identification:_identify(src/test_pkg) by extension 'colcon_pkg'
[0.198s] Level 1:colcon.colcon_core.package_identification:_identify(src/test_pkg) by extensions ['colcon_meta']
[0.198s] Level 1:colcon.colcon_core.package_identification:_identify(src/test_pkg) by extension 'colcon_meta'
[0.198s] Level 1:colcon.colcon_core.package_identification:_identify(src/test_pkg) by extensions ['ros']
[0.198s] Level 1:colcon.colcon_core.package_identification:_identify(src/test_pkg) by extension 'ros'
[0.198s] DEBUG:colcon.colcon_core.package_identification:Package 'src/test_pkg' with type 'ros.ament_python' and name 'test_pkg'
[0.198s] Level 1:colcon.colcon_core.package_identification:_identify(src/three_node_pkg) by extensions ['ignore', 'ignore_ament_install']
[0.198s] Level 1:colcon.colcon_core.package_identification:_identify(src/three_node_pkg) by extension 'ignore'
[0.198s] Level 1:colcon.colcon_core.package_identification:_identify(src/three_node_pkg) by extension 'ignore_ament_install'
[0.198s] Level 1:colcon.colcon_core.package_identification:_identify(src/three_node_pkg) by extensions ['colcon_pkg']
[0.198s] Level 1:colcon.colcon_core.package_identification:_identify(src/three_node_pkg) by extension 'colcon_pkg'
[0.198s] Level 1:colcon.colcon_core.package_identification:_identify(src/three_node_pkg) by extensions ['colcon_meta']
[0.199s] Level 1:colcon.colcon_core.package_identification:_identify(src/three_node_pkg) by extension 'colcon_meta'
[0.199s] Level 1:colcon.colcon_core.package_identification:_identify(src/three_node_pkg) by extensions ['ros']
[0.199s] Level 1:colcon.colcon_core.package_identification:_identify(src/three_node_pkg) by extension 'ros'
[0.200s] DEBUG:colcon.colcon_core.package_identification:Package 'src/three_node_pkg' with type 'ros.ament_python' and name 'three_node_pkg'
[0.200s] Level 1:colcon.colcon_core.package_discovery:discover_packages(recursive) using defaults
[0.200s] Level 1:colcon.colcon_core.package_discovery:discover_packages(ignore) discover
[0.200s] Level 1:colcon.colcon_core.package_discovery:discover_packages(ignore) using defaults
[0.200s] Level 1:colcon.colcon_core.package_discovery:discover_packages(path) discover
[0.200s] Level 1:colcon.colcon_core.package_discovery:discover_packages(path) using defaults
[0.223s] Level 5:colcon.colcon_core.verb:set package 'Rviz2' build argument 'cmake_args' from command line to 'None'
[0.223s] Level 5:colcon.colcon_core.verb:set package 'Rviz2' build argument 'cmake_target' from command line to 'None'
[0.223s] Level 5:colcon.colcon_core.verb:set package 'Rviz2' build argument 'cmake_target_skip_unavailable' from command line to 'False'
[0.223s] Level 5:colcon.colcon_core.verb:set package 'Rviz2' build argument 'cmake_clean_cache' from command line to 'False'
[0.223s] Level 5:colcon.colcon_core.verb:set package 'Rviz2' build argument 'cmake_clean_first' from command line to 'False'
[0.223s] Level 5:colcon.colcon_core.verb:set package 'Rviz2' build argument 'cmake_force_configure' from command line to 'False'
[0.223s] Level 5:colcon.colcon_core.verb:set package 'Rviz2' build argument 'ament_cmake_args' from command line to 'None'
[0.223s] Level 5:colcon.colcon_core.verb:set package 'Rviz2' build argument 'catkin_cmake_args' from command line to 'None'
[0.223s] Level 5:colcon.colcon_core.verb:set package 'Rviz2' build argument 'catkin_skip_building_tests' from command line to 'False'
[0.223s] DEBUG:colcon.colcon_core.verb:Building package 'Rviz2' with the following arguments: {'ament_cmake_args': None, 'build_base': '/home/yuchel/shared_repo/build/Rviz2', 'catkin_cmake_args': None, 'catkin_skip_building_tests': False, 'cmake_args': None, 'cmake_clean_cache': False, 'cmake_clean_first': False, 'cmake_force_configure': False, 'cmake_target': None, 'cmake_target_skip_unavailable': False, 'install_base': '/home/yuchel/shared_repo/install/Rviz2', 'merge_install': False, 'path': '/home/yuchel/shared_repo/src/Rviz2', 'symlink_install': False, 'test_result_base': None}
[0.224s] Level 5:colcon.colcon_core.verb:set package 'gakurobo' build argument 'cmake_args' from command line to 'None'
[0.224s] Level 5:colcon.colcon_core.verb:set package 'gakurobo' build argument 'cmake_target' from command line to 'None'
[0.224s] Level 5:colcon.colcon_core.verb:set package 'gakurobo' build argument 'cmake_target_skip_unavailable' from command line to 'False'
[0.224s] Level 5:colcon.colcon_core.verb:set package 'gakurobo' build argument 'cmake_clean_cache' from command line to 'False'
[0.224s] Level 5:colcon.colcon_core.verb:set package 'gakurobo' build argument 'cmake_clean_first' from command line to 'False'
[0.224s] Level 5:colcon.colcon_core.verb:set package 'gakurobo' build argument 'cmake_force_configure' from command line to 'False'
[0.224s] Level 5:colcon.colcon_core.verb:set package 'gakurobo' build argument 'ament_cmake_args' from command line to 'None'
[0.224s] Level 5:colcon.colcon_core.verb:set package 'gakurobo' build argument 'catkin_cmake_args' from command line to 'None'
[0.224s] Level 5:colcon.colcon_core.verb:set package 'gakurobo' build argument 'catkin_skip_building_tests' from command line to 'False'
[0.224s] DEBUG:colcon.colcon_core.verb:Building package 'gakurobo' with the following arguments: {'ament_cmake_args': None, 'build_base': '/home/yuchel/shared_repo/build/gakurobo', 'catkin_cmake_args': None, 'catkin_skip_building_tests': False, 'cmake_args': None, 'cmake_clean_cache': False, 'cmake_clean_first': False, 'cmake_force_configure': False, 'cmake_target': None, 'cmake_target_skip_unavailable': False, 'install_base': '/home/yuchel/shared_repo/install/gakurobo', 'merge_install': False, 'path': '/home/yuchel/shared_repo/src/gakurobo', 'symlink_install': False, 'test_result_base': None}
[0.225s] Level 5:colcon.colcon_core.verb:set package 'talk_pkg' build argument 'cmake_args' from command line to 'None'
[0.225s] Level 5:colcon.colcon_core.verb:set package 'talk_pkg' build argument 'cmake_target' from command line to 'None'
[0.225s] Level 5:colcon.colcon_core.verb:set package 'talk_pkg' build argument 'cmake_target_skip_unavailable' from command line to 'False'
[0.225s] Level 5:colcon.colcon_core.verb:set package 'talk_pkg' build argument 'cmake_clean_cache' from command line to 'False'
[0.225s] Level 5:colcon.colcon_core.verb:set package 'talk_pkg' build argument 'cmake_clean_first' from command line to 'False'
[0.225s] Level 5:colcon.colcon_core.verb:set package 'talk_pkg' build argument 'cmake_force_configure' from command line to 'False'
[0.225s] Level 5:colcon.colcon_core.verb:set package 'talk_pkg' build argument 'ament_cmake_args' from command line to 'None'
[0.225s] Level 5:colcon.colcon_core.verb:set package 'talk_pkg' build argument 'catkin_cmake_args' from command line to 'None'
[0.225s] Level 5:colcon.colcon_core.verb:set package 'talk_pkg' build argument 'catkin_skip_building_tests' from command line to 'False'
[0.225s] DEBUG:colcon.colcon_core.verb:Building package 'talk_pkg' with the following arguments: {'ament_cmake_args': None, 'build_base': '/home/yuchel/shared_repo/build/talk_pkg', 'catkin_cmake_args': None, 'catkin_skip_building_tests': False, 'cmake_args': None, 'cmake_clean_cache': False, 'cmake_clean_first': False, 'cmake_force_configure': False, 'cmake_target': None, 'cmake_target_skip_unavailable': False, 'install_base': '/home/yuchel/shared_repo/install/talk_pkg', 'merge_install': False, 'path': '/home/yuchel/shared_repo/src/talk_pkg', 'symlink_install': False, 'test_result_base': None}
[0.225s] Level 5:colcon.colcon_core.verb:set package 'test_pkg' build argument 'cmake_args' from command line to 'None'
[0.225s] Level 5:colcon.colcon_core.verb:set package 'test_pkg' build argument 'cmake_target' from command line to 'None'
[0.225s] Level 5:colcon.colcon_core.verb:set package 'test_pkg' build argument 'cmake_target_skip_unavailable' from command line to 'False'
[0.225s] Level 5:colcon.colcon_core.verb:set package 'test_pkg' build argument 'cmake_clean_cache' from command line to 'False'
[0.225s] Level 5:colcon.colcon_core.verb:set package 'test_pkg' build argument 'cmake_clean_first' from command line to 'False'
[0.225s] Level 5:colcon.colcon_core.verb:set package 'test_pkg' build argument 'cmake_force_configure' from command line to 'False'
[0.225s] Level 5:colcon.colcon_core.verb:set package 'test_pkg' build argument 'ament_cmake_args' from command line to 'None'
[0.225s] Level 5:colcon.colcon_core.verb:set package 'test_pkg' build argument 'catkin_cmake_args' from command line to 'None'
[0.225s] Level 5:colcon.colcon_core.verb:set package 'test_pkg' build argument 'catkin_skip_building_tests' from command line to 'False'
[0.225s] DEBUG:colcon.colcon_core.verb:Building package 'test_pkg' with the following arguments: {'ament_cmake_args': None, 'build_base': '/home/yuchel/shared_repo/build/test_pkg', 'catkin_cmake_args': None, 'catkin_skip_building_tests': False, 'cmake_args': None, 'cmake_clean_cache': False, 'cmake_clean_first': False, 'cmake_force_configure': False, 'cmake_target': None, 'cmake_target_skip_unavailable': False, 'install_base': '/home/yuchel/shared_repo/install/test_pkg', 'merge_install': False, 'path': '/home/yuchel/shared_repo/src/test_pkg', 'symlink_install': False, 'test_result_base': None}
[0.226s] Level 5:colcon.colcon_core.verb:set package 'three_node_pkg' build argument 'cmake_args' from command line to 'None'
[0.226s] Level 5:colcon.colcon_core.verb:set package 'three_node_pkg' build argument 'cmake_target' from command line to 'None'
[0.226s] Level 5:colcon.colcon_core.verb:set package 'three_node_pkg' build argument 'cmake_target_skip_unavailable' from command line to 'False'
[0.226s] Level 5:colcon.colcon_core.verb:set package 'three_node_pkg' build argument 'cmake_clean_cache' from command line to 'False'
[0.226s] Level 5:colcon.colcon_core.verb:set package 'three_node_pkg' build argument 'cmake_clean_first' from command line to 'False'
[0.226s] Level 5:colcon.colcon_core.verb:set package 'three_node_pkg' build argument 'cmake_force_configure' from command line to 'False'
[0.226s] Level 5:colcon.colcon_core.verb:set package 'three_node_pkg' build argument 'ament_cmake_args' from command line to 'None'
[0.226s] Level 5:colcon.colcon_core.verb:set package 'three_node_pkg' build argument 'catkin_cmake_args' from command line to 'None'
[0.226s] Level 5:colcon.colcon_core.verb:set package 'three_node_pkg' build argument 'catkin_skip_building_tests' from command line to 'False'
[0.226s] DEBUG:colcon.colcon_core.verb:Building package 'three_node_pkg' with the following arguments: {'ament_cmake_args': None, 'build_base': '/home/yuchel/shared_repo/build/three_node_pkg', 'catkin_cmake_args': None, 'catkin_skip_building_tests': False, 'cmake_args': None, 'cmake_clean_cache': False, 'cmake_clean_first': False, 'cmake_force_configure': False, 'cmake_target': None, 'cmake_target_skip_unavailable': False, 'install_base': '/home/yuchel/shared_repo/install/three_node_pkg', 'merge_install': False, 'path': '/home/yuchel/shared_repo/src/three_node_pkg', 'symlink_install': False, 'test_result_base': None}
[0.226s] INFO:colcon.colcon_core.executor:Executing jobs using 'parallel' executor
[0.229s] DEBUG:colcon.colcon_parallel_executor.executor.parallel:run_until_complete
[0.229s] INFO:colcon.colcon_ros.task.ament_python.build:Building ROS package in '/home/yuchel/shared_repo/src/Rviz2' with build type 'ament_python'
[0.230s] Level 1:colcon.colcon_core.shell:create_environment_hook('Rviz2', 'ament_prefix_path')
[0.233s] INFO:colcon.colcon_core.plugin_system:Skipping extension 'colcon_core.shell.bat': Not used on non-Windows systems
[0.233s] INFO:colcon.colcon_core.shell:Creating environment descriptor '/home/yuchel/shared_repo/install/Rviz2/share/Rviz2/hook/ament_prefix_path.dsv'
[0.234s] INFO:colcon.colcon_core.shell:Creating environment hook '/home/yuchel/shared_repo/install/Rviz2/share/Rviz2/hook/ament_prefix_path.sh'
[0.235s] DEBUG:colcon.colcon_core.shell:Skip shell extension 'dsv' for command environment
[0.247s] INFO:colcon.colcon_ros.task.ament_python.build:Building ROS package in '/home/yuchel/shared_repo/src/gakurobo' with build type 'ament_python'
[0.248s] Level 1:colcon.colcon_core.shell:create_environment_hook('gakurobo', 'ament_prefix_path')
[0.248s] INFO:colcon.colcon_core.shell:Creating environment descriptor '/home/yuchel/shared_repo/install/gakurobo/share/gakurobo/hook/ament_prefix_path.dsv'
[0.249s] INFO:colcon.colcon_core.shell:Creating environment hook '/home/yuchel/shared_repo/install/gakurobo/share/gakurobo/hook/ament_prefix_path.sh'
[0.252s] DEBUG:colcon.colcon_core.shell:Skip shell extension 'dsv' for command environment
[0.258s] INFO:colcon.colcon_ros.task.ament_python.build:Building ROS package in '/home/yuchel/shared_repo/src/talk_pkg' with build type 'ament_python'
[0.258s] Level 1:colcon.colcon_core.shell:create_environment_hook('talk_pkg', 'ament_prefix_path')
[0.258s] INFO:colcon.colcon_core.shell:Creating environment descriptor '/home/yuchel/shared_repo/install/talk_pkg/share/talk_pkg/hook/ament_prefix_path.dsv'
[0.259s] INFO:colcon.colcon_core.shell:Creating environment hook '/home/yuchel/shared_repo/install/talk_pkg/share/talk_pkg/hook/ament_prefix_path.sh'
[0.260s] DEBUG:colcon.colcon_core.shell:Skip shell extension 'dsv' for command environment
[0.268s] INFO:colcon.colcon_ros.task.ament_python.build:Building ROS package in '/home/yuchel/shared_repo/src/test_pkg' with build type 'ament_python'
[0.268s] Level 1:colcon.colcon_core.shell:create_environment_hook('test_pkg', 'ament_prefix_path')
[0.269s] INFO:colcon.colcon_core.shell:Creating environment descriptor '/home/yuchel/shared_repo/install/test_pkg/share/test_pkg/hook/ament_prefix_path.dsv'
[0.271s] INFO:colcon.colcon_core.shell:Creating environment hook '/home/yuchel/shared_repo/install/test_pkg/share/test_pkg/hook/ament_prefix_path.sh'
[0.272s] DEBUG:colcon.colcon_core.shell:Skip shell extension 'dsv' for command environment
[0.526s] INFO:colcon.colcon_core.task.python.build:Building Python package in '/home/yuchel/shared_repo/src/Rviz2'
[0.526s] DEBUG:colcon.colcon_core.shell:Skip shell extension 'dsv' for command environment
[0.763s] INFO:colcon.colcon_core.task.python.build:Building Python package in '/home/yuchel/shared_repo/src/gakurobo'
[0.763s] DEBUG:colcon.colcon_core.shell:Skip shell extension 'dsv' for command environment
[0.981s] INFO:colcon.colcon_core.task.python.build:Building Python package in '/home/yuchel/shared_repo/src/talk_pkg'
[0.981s] DEBUG:colcon.colcon_core.shell:Skip shell extension 'dsv' for command environment
[1.200s] INFO:colcon.colcon_core.task.python.build:Building Python package in '/home/yuchel/shared_repo/src/test_pkg'
[1.200s] DEBUG:colcon.colcon_core.shell:Skip shell extension 'dsv' for command environment
[1.797s] DEBUG:colcon.colcon_core.task.python.build:Available setuptools commands: build_ext, bdist_wheel, rotate, editable_wheel, easy_install, update_catalog, setopt, extract_messages, egg_info, install_lib, install_headers, bdist_rpm, check, build_py, install_scripts, develop, install, bdist_egg, upload_docs, upload, bdist_dumb, dist_info, install_data, build, build_scripts, clean, install_egg_info, build_clib, test, symlink_data, init_catalog, compile_catalog, register, bdist, saveopts, sdist, alias
[1.799s] DEBUG:colcon.colcon_core.event_handler.log_command:Invoking command in '/home/yuchel/shared_repo/src/Rviz2': DEBUGINFOD_URLS=https://debuginfod.ubuntu.com PYTHONPATH=/home/yuchel/shared_repo/build/Rviz2/prefix_override:/usr/lib/python3/dist-packages/colcon_core/task/python/colcon_distutils_commands:/home/yuchel/shared_repo/install/Rviz2/lib/python3.12/site-packages:${PYTHONPATH} /usr/bin/python3 -W ignore:setup.py install is deprecated -W ignore:easy_install command is deprecated setup.py egg_info --egg-base ../../build/Rviz2 build --build-base /home/yuchel/shared_repo/build/Rviz2/build install --record /home/yuchel/shared_repo/build/Rviz2/install.log --install-scripts $base/lib/Rviz2 --single-version-externally-managed install_data
[1.876s] DEBUG:colcon.colcon_core.task.python.build:Available setuptools commands: build_ext, bdist_wheel, rotate, editable_wheel, easy_install, update_catalog, setopt, extract_messages, egg_info, install_lib, install_headers, bdist_rpm, check, build_py, install_scripts, develop, install, bdist_egg, upload_docs, upload, bdist_dumb, dist_info, install_data, build, build_scripts, clean, install_egg_info, build_clib, test, symlink_data, init_catalog, compile_catalog, register, bdist, saveopts, sdist, alias
[1.883s] DEBUG:colcon.colcon_core.event_handler.log_command:Invoking command in '/home/yuchel/shared_repo/src/talk_pkg': DEBUGINFOD_URLS=https://debuginfod.ubuntu.com PYTHONPATH=/home/yuchel/shared_repo/build/talk_pkg/prefix_override:/usr/lib/python3/dist-packages/colcon_core/task/python/colcon_distutils_commands:/home/yuchel/shared_repo/install/talk_pkg/lib/python3.12/site-packages:${PYTHONPATH} /usr/bin/python3 -W ignore:setup.py install is deprecated -W ignore:easy_install command is deprecated setup.py egg_info --egg-base ../../build/talk_pkg build --build-base /home/yuchel/shared_repo/build/talk_pkg/build install --record /home/yuchel/shared_repo/build/talk_pkg/install.log --install-scripts $base/lib/talk_pkg --single-version-externally-managed install_data
[1.885s] DEBUG:colcon.colcon_core.task.python.build:Available setuptools commands: build_ext, bdist_wheel, rotate, editable_wheel, easy_install, update_catalog, setopt, extract_messages, egg_info, install_lib, install_headers, bdist_rpm, check, build_py, install_scripts, develop, install, bdist_egg, upload_docs, upload, bdist_dumb, dist_info, install_data, build, build_scripts, clean, install_egg_info, build_clib, test, symlink_data, init_catalog, compile_catalog, register, bdist, saveopts, sdist, alias
[1.889s] DEBUG:colcon.colcon_core.event_handler.log_command:Invoking command in '/home/yuchel/shared_repo/src/test_pkg': DEBUGINFOD_URLS=https://debuginfod.ubuntu.com PYTHONPATH=/home/yuchel/shared_repo/build/test_pkg/prefix_override:/usr/lib/python3/dist-packages/colcon_core/task/python/colcon_distutils_commands:/home/yuchel/shared_repo/install/test_pkg/lib/python3.12/site-packages:${PYTHONPATH} /usr/bin/python3 -W ignore:setup.py install is deprecated -W ignore:easy_install command is deprecated setup.py egg_info --egg-base ../../build/test_pkg build --build-base /home/yuchel/shared_repo/build/test_pkg/build install --record /home/yuchel/shared_repo/build/test_pkg/install.log --install-scripts $base/lib/test_pkg --single-version-externally-managed install_data
[2.023s] DEBUG:colcon.colcon_core.task.python.build:Available setuptools commands: build_ext, bdist_wheel, rotate, editable_wheel, easy_install, update_catalog, setopt, extract_messages, egg_info, install_lib, install_headers, bdist_rpm, check, build_py, install_scripts, develop, install, bdist_egg, upload_docs, upload, bdist_dumb, dist_info, install_data, build, build_scripts, clean, install_egg_info, build_clib, test, symlink_data, init_catalog, compile_catalog, register, bdist, saveopts, sdist, alias
[2.029s] DEBUG:colcon.colcon_core.event_handler.log_command:Invoking command in '/home/yuchel/shared_repo/src/gakurobo': DEBUGINFOD_URLS=https://debuginfod.ubuntu.com PYTHONPATH=/home/yuchel/shared_repo/build/gakurobo/prefix_override:/usr/lib/python3/dist-packages/colcon_core/task/python/colcon_distutils_commands:/home/yuchel/shared_repo/install/gakurobo/lib/python3.12/site-packages:${PYTHONPATH} /usr/bin/python3 -W ignore:setup.py install is deprecated -W ignore:easy_install command is deprecated setup.py egg_info --egg-base ../../build/gakurobo build --build-base /home/yuchel/shared_repo/build/gakurobo/build install --record /home/yuchel/shared_repo/build/gakurobo/install.log --install-scripts $base/lib/gakurobo --single-version-externally-managed install_data
[2.285s] DEBUG:colcon.colcon_core.event_handler.log_command:Invoked command in '/home/yuchel/shared_repo/src/Rviz2' returned '0': DEBUGINFOD_URLS=https://debuginfod.ubuntu.com PYTHONPATH=/home/yuchel/shared_repo/build/Rviz2/prefix_override:/usr/lib/python3/dist-packages/colcon_core/task/python/colcon_distutils_commands:/home/yuchel/shared_repo/install/Rviz2/lib/python3.12/site-packages:${PYTHONPATH} /usr/bin/python3 -W ignore:setup.py install is deprecated -W ignore:easy_install command is deprecated setup.py egg_info --egg-base ../../build/Rviz2 build --build-base /home/yuchel/shared_repo/build/Rviz2/build install --record /home/yuchel/shared_repo/build/Rviz2/install.log --install-scripts $base/lib/Rviz2 --single-version-externally-managed install_data
[2.303s] Level 1:colcon.colcon_core.environment:checking '/home/yuchel/shared_repo/install/Rviz2' for CMake module files
[2.304s] Level 1:colcon.colcon_core.environment:checking '/home/yuchel/shared_repo/install/Rviz2' for CMake config files
[2.305s] Level 1:colcon.colcon_core.environment:checking '/home/yuchel/shared_repo/install/Rviz2/lib'
[2.305s] Level 1:colcon.colcon_core.environment:checking '/home/yuchel/shared_repo/install/Rviz2/bin'
[2.305s] Level 1:colcon.colcon_core.environment:checking '/home/yuchel/shared_repo/install/Rviz2/lib/pkgconfig/Rviz2.pc'
[2.305s] Level 1:colcon.colcon_core.environment:checking '/home/yuchel/shared_repo/install/Rviz2/lib/python3.12/site-packages'
[2.305s] Level 1:colcon.colcon_core.shell:create_environment_hook('Rviz2', 'pythonpath')
[2.305s] INFO:colcon.colcon_core.shell:Creating environment descriptor '/home/yuchel/shared_repo/install/Rviz2/share/Rviz2/hook/pythonpath.dsv'
[2.308s] INFO:colcon.colcon_core.shell:Creating environment hook '/home/yuchel/shared_repo/install/Rviz2/share/Rviz2/hook/pythonpath.sh'
[2.310s] Level 1:colcon.colcon_core.environment:checking '/home/yuchel/shared_repo/install/Rviz2/bin'
[2.310s] Level 1:colcon.colcon_core.environment:create_environment_scripts_only(Rviz2)
[2.310s] INFO:colcon.colcon_core.shell:Creating package descriptor '/home/yuchel/shared_repo/install/Rviz2/share/Rviz2/package.dsv'
[2.312s] INFO:colcon.colcon_core.shell:Creating package script '/home/yuchel/shared_repo/install/Rviz2/share/Rviz2/package.sh'
[2.314s] INFO:colcon.colcon_core.shell:Creating package script '/home/yuchel/shared_repo/install/Rviz2/share/Rviz2/package.bash'
[2.316s] INFO:colcon.colcon_core.shell:Creating package script '/home/yuchel/shared_repo/install/Rviz2/share/Rviz2/package.zsh'
[2.318s] Level 1:colcon.colcon_core.environment:create_file_with_runtime_dependencies(/home/yuchel/shared_repo/install/Rviz2/share/colcon-core/packages/Rviz2)
[2.319s] INFO:colcon.colcon_ros.task.ament_python.build:Building ROS package in '/home/yuchel/shared_repo/src/three_node_pkg' with build type 'ament_python'
[2.319s] Level 1:colcon.colcon_core.shell:create_environment_hook('three_node_pkg', 'ament_prefix_path')
[2.319s] INFO:colcon.colcon_core.shell:Creating environment descriptor '/home/yuchel/shared_repo/install/three_node_pkg/share/three_node_pkg/hook/ament_prefix_path.dsv'
[2.323s] INFO:colcon.colcon_core.shell:Creating environment hook '/home/yuchel/shared_repo/install/three_node_pkg/share/three_node_pkg/hook/ament_prefix_path.sh'
[2.324s] DEBUG:colcon.colcon_core.shell:Skip shell extension 'dsv' for command environment
[2.559s] INFO:colcon.colcon_core.task.python.build:Building Python package in '/home/yuchel/shared_repo/src/three_node_pkg'
[2.559s] DEBUG:colcon.colcon_core.shell:Skip shell extension 'dsv' for command environment
[2.567s] Level 1:colcon.colcon_core.environment:checking '/home/yuchel/shared_repo/install/test_pkg' for CMake module files
[2.570s] DEBUG:colcon.colcon_core.event_handler.log_command:Invoked command in '/home/yuchel/shared_repo/src/test_pkg' returned '0': DEBUGINFOD_URLS=https://debuginfod.ubuntu.com PYTHONPATH=/home/yuchel/shared_repo/build/test_pkg/prefix_override:/usr/lib/python3/dist-packages/colcon_core/task/python/colcon_distutils_commands:/home/yuchel/shared_repo/install/test_pkg/lib/python3.12/site-packages:${PYTHONPATH} /usr/bin/python3 -W ignore:setup.py install is deprecated -W ignore:easy_install command is deprecated setup.py egg_info --egg-base ../../build/test_pkg build --build-base /home/yuchel/shared_repo/build/test_pkg/build install --record /home/yuchel/shared_repo/build/test_pkg/install.log --install-scripts $base/lib/test_pkg --single-version-externally-managed install_data
[2.572s] Level 1:colcon.colcon_core.environment:checking '/home/yuchel/shared_repo/install/test_pkg' for CMake config files
[2.572s] Level 1:colcon.colcon_core.environment:checking '/home/yuchel/shared_repo/install/test_pkg/lib'
[2.572s] Level 1:colcon.colcon_core.environment:checking '/home/yuchel/shared_repo/install/test_pkg/bin'
[2.572s] Level 1:colcon.colcon_core.environment:checking '/home/yuchel/shared_repo/install/test_pkg/lib/pkgconfig/test_pkg.pc'
[2.572s] Level 1:colcon.colcon_core.environment:checking '/home/yuchel/shared_repo/install/test_pkg/lib/python3.12/site-packages'
[2.572s] Level 1:colcon.colcon_core.shell:create_environment_hook('test_pkg', 'pythonpath')
[2.573s] INFO:colcon.colcon_core.shell:Creating environment descriptor '/home/yuchel/shared_repo/install/test_pkg/share/test_pkg/hook/pythonpath.dsv'
[2.573s] INFO:colcon.colcon_core.shell:Creating environment hook '/home/yuchel/shared_repo/install/test_pkg/share/test_pkg/hook/pythonpath.sh'
[2.574s] Level 1:colcon.colcon_core.environment:checking '/home/yuchel/shared_repo/install/test_pkg/bin'
[2.574s] Level 1:colcon.colcon_core.environment:create_environment_scripts_only(test_pkg)
[2.574s] INFO:colcon.colcon_core.shell:Creating package descriptor '/home/yuchel/shared_repo/install/test_pkg/share/test_pkg/package.dsv'
[2.575s] INFO:colcon.colcon_core.shell:Creating package script '/home/yuchel/shared_repo/install/test_pkg/share/test_pkg/package.sh'
[2.575s] INFO:colcon.colcon_core.shell:Creating package script '/home/yuchel/shared_repo/install/test_pkg/share/test_pkg/package.bash'
[2.576s] INFO:colcon.colcon_core.shell:Creating package script '/home/yuchel/shared_repo/install/test_pkg/share/test_pkg/package.zsh'
[2.576s] Level 1:colcon.colcon_core.environment:create_file_with_runtime_dependencies(/home/yuchel/shared_repo/install/test_pkg/share/colcon-core/packages/test_pkg)
[2.577s] Level 1:colcon.colcon_core.environment:checking '/home/yuchel/shared_repo/install/talk_pkg' for CMake module files
[2.579s] DEBUG:colcon.colcon_core.event_handler.log_command:Invoked command in '/home/yuchel/shared_repo/src/talk_pkg' returned '0': DEBUGINFOD_URLS=https://debuginfod.ubuntu.com PYTHONPATH=/home/yuchel/shared_repo/build/talk_pkg/prefix_override:/usr/lib/python3/dist-packages/colcon_core/task/python/colcon_distutils_commands:/home/yuchel/shared_repo/install/talk_pkg/lib/python3.12/site-packages:${PYTHONPATH} /usr/bin/python3 -W ignore:setup.py install is deprecated -W ignore:easy_install command is deprecated setup.py egg_info --egg-base ../../build/talk_pkg build --build-base /home/yuchel/shared_repo/build/talk_pkg/build install --record /home/yuchel/shared_repo/build/talk_pkg/install.log --install-scripts $base/lib/talk_pkg --single-version-externally-managed install_data
[2.579s] Level 1:colcon.colcon_core.environment:checking '/home/yuchel/shared_repo/install/talk_pkg' for CMake config files
[2.580s] Level 1:colcon.colcon_core.environment:checking '/home/yuchel/shared_repo/install/talk_pkg/lib'
[2.580s] Level 1:colcon.colcon_core.environment:checking '/home/yuchel/shared_repo/install/talk_pkg/bin'
[2.580s] Level 1:colcon.colcon_core.environment:checking '/home/yuchel/shared_repo/install/talk_pkg/lib/pkgconfig/talk_pkg.pc'
[2.581s] Level 1:colcon.colcon_core.environment:checking '/home/yuchel/shared_repo/install/talk_pkg/lib/python3.12/site-packages'
[2.581s] Level 1:colcon.colcon_core.shell:create_environment_hook('talk_pkg', 'pythonpath')
[2.581s] INFO:colcon.colcon_core.shell:Creating environment descriptor '/home/yuchel/shared_repo/install/talk_pkg/share/talk_pkg/hook/pythonpath.dsv'
[2.581s] INFO:colcon.colcon_core.shell:Creating environment hook '/home/yuchel/shared_repo/install/talk_pkg/share/talk_pkg/hook/pythonpath.sh'
[2.582s] Level 1:colcon.colcon_core.environment:checking '/home/yuchel/shared_repo/install/talk_pkg/bin'
[2.582s] Level 1:colcon.colcon_core.environment:create_environment_scripts_only(talk_pkg)
[2.582s] INFO:colcon.colcon_core.shell:Creating package descriptor '/home/yuchel/shared_repo/install/talk_pkg/share/talk_pkg/package.dsv'
[2.583s] INFO:colcon.colcon_core.shell:Creating package script '/home/yuchel/shared_repo/install/talk_pkg/share/talk_pkg/package.sh'
[2.583s] INFO:colcon.colcon_core.shell:Creating package script '/home/yuchel/shared_repo/install/talk_pkg/share/talk_pkg/package.bash'
[2.584s] INFO:colcon.colcon_core.shell:Creating package script '/home/yuchel/shared_repo/install/talk_pkg/share/talk_pkg/package.zsh'
[2.585s] Level 1:colcon.colcon_core.environment:create_file_with_runtime_dependencies(/home/yuchel/shared_repo/install/talk_pkg/share/colcon-core/packages/talk_pkg)
[2.639s] Level 1:colcon.colcon_core.environment:checking '/home/yuchel/shared_repo/install/gakurobo' for CMake module files
[2.747s] Level 1:colcon.colcon_core.environment:checking '/home/yuchel/shared_repo/install/gakurobo' for CMake config files
[2.748s] Level 1:colcon.colcon_core.environment:checking '/home/yuchel/shared_repo/install/gakurobo/lib'
[2.749s] Level 1:colcon.colcon_core.environment:checking '/home/yuchel/shared_repo/install/gakurobo/bin'
[2.749s] Level 1:colcon.colcon_core.environment:checking '/home/yuchel/shared_repo/install/gakurobo/lib/pkgconfig/gakurobo.pc'
[2.749s] Level 1:colcon.colcon_core.environment:checking '/home/yuchel/shared_repo/install/gakurobo/lib/python3.12/site-packages'
[2.749s] Level 1:colcon.colcon_core.shell:create_environment_hook('gakurobo', 'pythonpath')
[2.750s] INFO:colcon.colcon_core.shell:Creating environment descriptor '/home/yuchel/shared_repo/install/gakurobo/share/gakurobo/hook/pythonpath.dsv'
[2.751s] INFO:colcon.colcon_core.shell:Creating environment hook '/home/yuchel/shared_repo/install/gakurobo/share/gakurobo/hook/pythonpath.sh'
[2.752s] Level 1:colcon.colcon_core.environment:checking '/home/yuchel/shared_repo/install/gakurobo/bin'
[2.752s] Level 1:colcon.colcon_core.environment:create_environment_scripts_only(gakurobo)
[2.752s] INFO:colcon.colcon_core.shell:Creating package descriptor '/home/yuchel/shared_repo/install/gakurobo/share/gakurobo/package.dsv'
[2.752s] INFO:colcon.colcon_core.shell:Creating package script '/home/yuchel/shared_repo/install/gakurobo/share/gakurobo/package.sh'
[2.753s] INFO:colcon.colcon_core.shell:Creating package script '/home/yuchel/shared_repo/install/gakurobo/share/gakurobo/package.bash'
[2.754s] INFO:colcon.colcon_core.shell:Creating package script '/home/yuchel/shared_repo/install/gakurobo/share/gakurobo/package.zsh'
[2.754s] Level 1:colcon.colcon_core.environment:create_file_with_runtime_dependencies(/home/yuchel/shared_repo/install/gakurobo/share/colcon-core/packages/gakurobo)
[2.755s] DEBUG:colcon.colcon_core.event_handler.log_command:Invoked command in '/home/yuchel/shared_repo/src/gakurobo' returned '0': DEBUGINFOD_URLS=https://debuginfod.ubuntu.com PYTHONPATH=/home/yuchel/shared_repo/build/gakurobo/prefix_override:/usr/lib/python3/dist-packages/colcon_core/task/python/colcon_distutils_commands:/home/yuchel/shared_repo/install/gakurobo/lib/python3.12/site-packages:${PYTHONPATH} /usr/bin/python3 -W ignore:setup.py install is deprecated -W ignore:easy_install command is deprecated setup.py egg_info --egg-base ../../build/gakurobo build --build-base /home/yuchel/shared_repo/build/gakurobo/build install --record /home/yuchel/shared_repo/build/gakurobo/install.log --install-scripts $base/lib/gakurobo --single-version-externally-managed install_data
[3.030s] DEBUG:colcon.colcon_core.task.python.build:Available setuptools commands: build_ext, bdist_wheel, rotate, editable_wheel, easy_install, update_catalog, setopt, extract_messages, egg_info, install_lib, install_headers, bdist_rpm, check, build_py, install_scripts, develop, install, bdist_egg, upload_docs, upload, bdist_dumb, dist_info, install_data, build, build_scripts, clean, install_egg_info, build_clib, test, symlink_data, init_catalog, compile_catalog, register, bdist, saveopts, sdist, alias
[3.032s] DEBUG:colcon.colcon_core.event_handler.log_command:Invoking command in '/home/yuchel/shared_repo/src/three_node_pkg': DEBUGINFOD_URLS=https://debuginfod.ubuntu.com PYTHONPATH=/home/yuchel/shared_repo/build/three_node_pkg/prefix_override:/usr/lib/python3/dist-packages/colcon_core/task/python/colcon_distutils_commands:/home/yuchel/shared_repo/install/three_node_pkg/lib/python3.12/site-packages:${PYTHONPATH} /usr/bin/python3 -W ignore:setup.py install is deprecated -W ignore:easy_install command is deprecated setup.py egg_info --egg-base ../../build/three_node_pkg build --build-base /home/yuchel/shared_repo/build/three_node_pkg/build install --record /home/yuchel/shared_repo/build/three_node_pkg/install.log --install-scripts $base/lib/three_node_pkg --single-version-externally-managed install_data
[3.434s] Level 1:colcon.colcon_core.environment:checking '/home/yuchel/shared_repo/install/three_node_pkg' for CMake module files
[3.435s] DEBUG:colcon.colcon_core.event_handler.log_command:Invoked command in '/home/yuchel/shared_repo/src/three_node_pkg' returned '0': DEBUGINFOD_URLS=https://debuginfod.ubuntu.com PYTHONPATH=/home/yuchel/shared_repo/build/three_node_pkg/prefix_override:/usr/lib/python3/dist-packages/colcon_core/task/python/colcon_distutils_commands:/home/yuchel/shared_repo/install/three_node_pkg/lib/python3.12/site-packages:${PYTHONPATH} /usr/bin/python3 -W ignore:setup.py install is deprecated -W ignore:easy_install command is deprecated setup.py egg_info --egg-base ../../build/three_node_pkg build --build-base /home/yuchel/shared_repo/build/three_node_pkg/build install --record /home/yuchel/shared_repo/build/three_node_pkg/install.log --install-scripts $base/lib/three_node_pkg --single-version-externally-managed install_data
[3.436s] Level 1:colcon.colcon_core.environment:checking '/home/yuchel/shared_repo/install/three_node_pkg' for CMake config files
[3.436s] Level 1:colcon.colcon_core.environment:checking '/home/yuchel/shared_repo/install/three_node_pkg/lib'
[3.436s] Level 1:colcon.colcon_core.environment:checking '/home/yuchel/shared_repo/install/three_node_pkg/bin'
[3.436s] Level 1:colcon.colcon_core.environment:checking '/home/yuchel/shared_repo/install/three_node_pkg/lib/pkgconfig/three_node_pkg.pc'
[3.436s] Level 1:colcon.colcon_core.environment:checking '/home/yuchel/shared_repo/install/three_node_pkg/lib/python3.12/site-packages'
[3.436s] Level 1:colcon.colcon_core.shell:create_environment_hook('three_node_pkg', 'pythonpath')
[3.436s] INFO:colcon.colcon_core.shell:Creating environment descriptor '/home/yuchel/shared_repo/install/three_node_pkg/share/three_node_pkg/hook/pythonpath.dsv'
[3.437s] INFO:colcon.colcon_core.shell:Creating environment hook '/home/yuchel/shared_repo/install/three_node_pkg/share/three_node_pkg/hook/pythonpath.sh'
[3.438s] Level 1:colcon.colcon_core.environment:checking '/home/yuchel/shared_repo/install/three_node_pkg/bin'
[3.438s] Level 1:colcon.colcon_core.environment:create_environment_scripts_only(three_node_pkg)
[3.438s] INFO:colcon.colcon_core.shell:Creating package descriptor '/home/yuchel/shared_repo/install/three_node_pkg/share/three_node_pkg/package.dsv'
[3.439s] INFO:colcon.colcon_core.shell:Creating package script '/home/yuchel/shared_repo/install/three_node_pkg/share/three_node_pkg/package.sh'
[3.439s] INFO:colcon.colcon_core.shell:Creating package script '/home/yuchel/shared_repo/install/three_node_pkg/share/three_node_pkg/package.bash'
[3.440s] INFO:colcon.colcon_core.shell:Creating package script '/home/yuchel/shared_repo/install/three_node_pkg/share/three_node_pkg/package.zsh'
[3.440s] Level 1:colcon.colcon_core.environment:create_file_with_runtime_dependencies(/home/yuchel/shared_repo/install/three_node_pkg/share/colcon-core/packages/three_node_pkg)
[3.441s] DEBUG:colcon.colcon_parallel_executor.executor.parallel:closing loop
[3.441s] DEBUG:colcon.colcon_parallel_executor.executor.parallel:loop closed
[3.441s] DEBUG:colcon.colcon_parallel_executor.executor.parallel:run_until_complete finished with '0'
[3.441s] DEBUG:colcon.colcon_core.event_reactor:joining thread
[3.451s] INFO:colcon.colcon_core.plugin_system:Skipping extension 'colcon_notification.desktop_notification.terminal_notifier': Not used on non-Darwin systems
[3.451s] INFO:colcon.colcon_core.plugin_system:Skipping extension 'colcon_notification.desktop_notification.win32': Not used on non-Windows systems
[3.451s] INFO:colcon.colcon_notification.desktop_notification:Sending desktop notification using 'notify2'
[3.477s] DEBUG:colcon.colcon_core.event_reactor:joined thread
[3.477s] INFO:colcon.colcon_core.shell:Creating prefix script '/home/yuchel/shared_repo/install/local_setup.sh'
[3.478s] INFO:colcon.colcon_core.shell:Creating prefix util module '/home/yuchel/shared_repo/install/_local_setup_util_sh.py'
[3.479s] INFO:colcon.colcon_core.shell:Creating prefix chain script '/home/yuchel/shared_repo/install/setup.sh'
[3.480s] INFO:colcon.colcon_core.shell:Creating prefix script '/home/yuchel/shared_repo/install/local_setup.bash'
[3.481s] INFO:colcon.colcon_core.shell:Creating prefix chain script '/home/yuchel/shared_repo/install/setup.bash'
[3.482s] INFO:colcon.colcon_core.shell:Creating prefix script '/home/yuchel/shared_repo/install/local_setup.zsh'
[3.483s] INFO:colcon.colcon_core.shell:Creating prefix chain script '/home/yuchel/shared_repo/install/setup.zsh'
