/home/yuchel/shared_repo/install/gakurobo/lib/python3.12/site-packages/gakurobo/config.py
/home/yuchel/shared_repo/install/gakurobo/lib/python3.12/site-packages/gakurobo/app.py
/home/yuchel/shared_repo/install/gakurobo/lib/python3.12/site-packages/gakurobo/__init__.py
/home/yuchel/shared_repo/install/gakurobo/lib/python3.12/site-packages/gakurobo/score_manager.py
/home/yuchel/shared_repo/install/gakurobo/lib/python3.12/site-packages/gakurobo/keyboard_manager.py
/home/yuchel/shared_repo/install/gakurobo/lib/python3.12/site-packages/gakurobo/timer_manager.py
/home/yuchel/shared_repo/install/gakurobo/lib/python3.12/site-packages/gakurobo/__pycache__/config.cpython-312.pyc
/home/yuchel/shared_repo/install/gakurobo/lib/python3.12/site-packages/gakurobo/__pycache__/app.cpython-312.pyc
/home/yuchel/shared_repo/install/gakurobo/lib/python3.12/site-packages/gakurobo/__pycache__/__init__.cpython-312.pyc
/home/yuchel/shared_repo/install/gakurobo/lib/python3.12/site-packages/gakurobo/__pycache__/score_manager.cpython-312.pyc
/home/yuchel/shared_repo/install/gakurobo/lib/python3.12/site-packages/gakurobo/__pycache__/keyboard_manager.cpython-312.pyc
/home/yuchel/shared_repo/install/gakurobo/lib/python3.12/site-packages/gakurobo/__pycache__/timer_manager.cpython-312.pyc
/home/yuchel/shared_repo/install/gakurobo/share/ament_index/resource_index/packages/gakurobo
/home/yuchel/shared_repo/install/gakurobo/share/gakurobo/package.xml
/home/yuchel/shared_repo/install/gakurobo/lib/python3.12/site-packages/gakurobo-0.0.0-py3.12.egg-info/dependency_links.txt
/home/yuchel/shared_repo/install/gakurobo/lib/python3.12/site-packages/gakurobo-0.0.0-py3.12.egg-info/entry_points.txt
/home/yuchel/shared_repo/install/gakurobo/lib/python3.12/site-packages/gakurobo-0.0.0-py3.12.egg-info/SOURCES.txt
/home/yuchel/shared_repo/install/gakurobo/lib/python3.12/site-packages/gakurobo-0.0.0-py3.12.egg-info/top_level.txt
/home/yuchel/shared_repo/install/gakurobo/lib/python3.12/site-packages/gakurobo-0.0.0-py3.12.egg-info/requires.txt
/home/yuchel/shared_repo/install/gakurobo/lib/python3.12/site-packages/gakurobo-0.0.0-py3.12.egg-info/PKG-INFO
/home/yuchel/shared_repo/install/gakurobo/lib/python3.12/site-packages/gakurobo-0.0.0-py3.12.egg-info/zip-safe
/home/yuchel/shared_repo/install/gakurobo/lib/gakurobo/scoreboard
