[1.150s] Invoking command in '/home/yuchel/share_repo/src/three_node_pkg': DEBUGINFOD_URLS=https://debuginfod.ubuntu.com PYTHONPATH=/home/yuchel/share_repo/build/three_node_pkg/prefix_override:/usr/lib/python3/dist-packages/colcon_core/task/python/colcon_distutils_commands:/home/yuchel/share_repo/install/three_node_pkg/lib/python3.12/site-packages:${PYTHONPATH} /usr/bin/python3 -W ignore:setup.py install is deprecated -W ignore:easy_install command is deprecated setup.py egg_info --egg-base ../../build/three_node_pkg build --build-base /home/yuchel/share_repo/build/three_node_pkg/build install --record /home/yuchel/share_repo/build/three_node_pkg/install.log --install-scripts $base/lib/three_node_pkg --single-version-externally-managed install_data
[1.498s] running egg_info
[1.515s] writing ../../build/three_node_pkg/three_node_pkg.egg-info/PKG-INFO
[1.533s] writing dependency_links to ../../build/three_node_pkg/three_node_pkg.egg-info/dependency_links.txt
[1.534s] writing entry points to ../../build/three_node_pkg/three_node_pkg.egg-info/entry_points.txt
[1.535s] writing requirements to ../../build/three_node_pkg/three_node_pkg.egg-info/requires.txt
[1.535s] writing top-level names to ../../build/three_node_pkg/three_node_pkg.egg-info/top_level.txt
[1.588s] reading manifest file '../../build/three_node_pkg/three_node_pkg.egg-info/SOURCES.txt'
[1.590s] writing manifest file '../../build/three_node_pkg/three_node_pkg.egg-info/SOURCES.txt'
[1.590s] running build
[1.591s] running build_py
[1.593s] running install
[1.602s] running install_lib
[1.633s] running install_data
[1.636s] running install_egg_info
[1.660s] removing '/home/yuchel/share_repo/install/three_node_pkg/lib/python3.12/site-packages/three_node_pkg-0.0.0-py3.12.egg-info' (and everything under it)
[1.660s] Copying ../../build/three_node_pkg/three_node_pkg.egg-info to /home/yuchel/share_repo/install/three_node_pkg/lib/python3.12/site-packages/three_node_pkg-0.0.0-py3.12.egg-info
[1.662s] running install_scripts
[1.843s] Installing control script to /home/yuchel/share_repo/install/three_node_pkg/lib/three_node_pkg
[1.855s] Installing display script to /home/yuchel/share_repo/install/three_node_pkg/lib/three_node_pkg
[1.856s] Installing input script to /home/yuchel/share_repo/install/three_node_pkg/lib/three_node_pkg
[1.856s] writing list of installed files to '/home/yuchel/share_repo/build/three_node_pkg/install.log'
[1.890s] Invoked command in '/home/yuchel/share_repo/src/three_node_pkg' returned '0': DEBUGINFOD_URLS=https://debuginfod.ubuntu.com PYTHONPATH=/home/yuchel/share_repo/build/three_node_pkg/prefix_override:/usr/lib/python3/dist-packages/colcon_core/task/python/colcon_distutils_commands:/home/yuchel/share_repo/install/three_node_pkg/lib/python3.12/site-packages:${PYTHONPATH} /usr/bin/python3 -W ignore:setup.py install is deprecated -W ignore:easy_install command is deprecated setup.py egg_info --egg-base ../../build/three_node_pkg build --build-base /home/yuchel/share_repo/build/three_node_pkg/build install --record /home/yuchel/share_repo/build/three_node_pkg/install.log --install-scripts $base/lib/three_node_pkg --single-version-externally-managed install_data
