[2.148s] Invoking command in '/home/yuchel/share_repo/src/gakurobo': DEBUGINFOD_URLS=https://debuginfod.ubuntu.com PYTHONPATH=/home/yuchel/share_repo/build/gakurobo/prefix_override:/usr/lib/python3/dist-packages/colcon_core/task/python/colcon_distutils_commands:/home/yuchel/share_repo/install/gakurobo/lib/python3.12/site-packages:${PYTHONPATH} /usr/bin/python3 -W ignore:setup.py install is deprecated -W ignore:easy_install command is deprecated setup.py egg_info --egg-base ../../build/gakurobo build --build-base /home/yuchel/share_repo/build/gakurobo/build install --record /home/yuchel/share_repo/build/gakurobo/install.log --install-scripts $base/lib/gakurobo --single-version-externally-managed install_data
[2.450s] running egg_info
[2.465s] writing ../../build/gakurobo/gakurobo.egg-info/PKG-INFO
[2.477s] writing dependency_links to ../../build/gakurobo/gakurobo.egg-info/dependency_links.txt
[2.477s] writing entry points to ../../build/gakurobo/gakurobo.egg-info/entry_points.txt
[2.477s] writing requirements to ../../build/gakurobo/gakurobo.egg-info/requires.txt
[2.478s] writing top-level names to ../../build/gakurobo/gakurobo.egg-info/top_level.txt
[2.506s] reading manifest file '../../build/gakurobo/gakurobo.egg-info/SOURCES.txt'
[2.508s] writing manifest file '../../build/gakurobo/gakurobo.egg-info/SOURCES.txt'
[2.509s] running build
[2.509s] running build_py
[2.513s] running install
[2.523s] running install_lib
[2.577s] running install_data
[2.580s] running install_egg_info
[2.621s] removing '/home/yuchel/share_repo/install/gakurobo/lib/python3.12/site-packages/gakurobo-0.0.0-py3.12.egg-info' (and everything under it)
[2.621s] Copying ../../build/gakurobo/gakurobo.egg-info to /home/yuchel/share_repo/install/gakurobo/lib/python3.12/site-packages/gakurobo-0.0.0-py3.12.egg-info
[2.624s] running install_scripts
[2.801s] Installing scoreboard script to /home/yuchel/share_repo/install/gakurobo/lib/gakurobo
[2.806s] writing list of installed files to '/home/yuchel/share_repo/build/gakurobo/install.log'
[3.079s] Invoked command in '/home/yuchel/share_repo/src/gakurobo' returned '0': DEBUGINFOD_URLS=https://debuginfod.ubuntu.com PYTHONPATH=/home/yuchel/share_repo/build/gakurobo/prefix_override:/usr/lib/python3/dist-packages/colcon_core/task/python/colcon_distutils_commands:/home/yuchel/share_repo/install/gakurobo/lib/python3.12/site-packages:${PYTHONPATH} /usr/bin/python3 -W ignore:setup.py install is deprecated -W ignore:easy_install command is deprecated setup.py egg_info --egg-base ../../build/gakurobo build --build-base /home/yuchel/share_repo/build/gakurobo/build install --record /home/yuchel/share_repo/build/gakurobo/install.log --install-scripts $base/lib/gakurobo --single-version-externally-managed install_data
