[1.156s] Invoking command in '/home/yuchel/share_repo/src/three_node_pkg': DEBUGINFOD_URLS=https://debuginfod.ubuntu.com PYTHONPATH=/home/yuchel/share_repo/build/three_node_pkg/prefix_override:/usr/lib/python3/dist-packages/colcon_core/task/python/colcon_distutils_commands:/home/yuchel/share_repo/install/three_node_pkg/lib/python3.12/site-packages:${PYTHONPATH} /usr/bin/python3 -W ignore:setup.py install is deprecated -W ignore:easy_install command is deprecated setup.py egg_info --egg-base ../../build/three_node_pkg build --build-base /home/yuchel/share_repo/build/three_node_pkg/build install --record /home/yuchel/share_repo/build/three_node_pkg/install.log --install-scripts $base/lib/three_node_pkg --single-version-externally-managed install_data
[1.523s] running egg_info
[1.549s] writing ../../build/three_node_pkg/three_node_pkg.egg-info/PKG-INFO
[1.550s] writing dependency_links to ../../build/three_node_pkg/three_node_pkg.egg-info/dependency_links.txt
[1.551s] writing entry points to ../../build/three_node_pkg/three_node_pkg.egg-info/entry_points.txt
[1.551s] writing requirements to ../../build/three_node_pkg/three_node_pkg.egg-info/requires.txt
[1.552s] writing top-level names to ../../build/three_node_pkg/three_node_pkg.egg-info/top_level.txt
[1.605s] reading manifest file '../../build/three_node_pkg/three_node_pkg.egg-info/SOURCES.txt'
[1.607s] writing manifest file '../../build/three_node_pkg/three_node_pkg.egg-info/SOURCES.txt'
[1.608s] running build
[1.608s] running build_py
[1.608s] running install
[1.619s] running install_lib
[1.642s] running install_data
[1.643s] running install_egg_info
[1.666s] removing '/home/yuchel/share_repo/install/three_node_pkg/lib/python3.12/site-packages/three_node_pkg-0.0.0-py3.12.egg-info' (and everything under it)
[1.666s] Copying ../../build/three_node_pkg/three_node_pkg.egg-info to /home/yuchel/share_repo/install/three_node_pkg/lib/python3.12/site-packages/three_node_pkg-0.0.0-py3.12.egg-info
[1.684s] running install_scripts
[1.866s] Installing control script to /home/yuchel/share_repo/install/three_node_pkg/lib/three_node_pkg
[1.867s] Installing display script to /home/yuchel/share_repo/install/three_node_pkg/lib/three_node_pkg
[1.867s] Installing input script to /home/yuchel/share_repo/install/three_node_pkg/lib/three_node_pkg
[1.868s] writing list of installed files to '/home/yuchel/share_repo/build/three_node_pkg/install.log'
[1.914s] Invoked command in '/home/yuchel/share_repo/src/three_node_pkg' returned '0': DEBUGINFOD_URLS=https://debuginfod.ubuntu.com PYTHONPATH=/home/yuchel/share_repo/build/three_node_pkg/prefix_override:/usr/lib/python3/dist-packages/colcon_core/task/python/colcon_distutils_commands:/home/yuchel/share_repo/install/three_node_pkg/lib/python3.12/site-packages:${PYTHONPATH} /usr/bin/python3 -W ignore:setup.py install is deprecated -W ignore:easy_install command is deprecated setup.py egg_info --egg-base ../../build/three_node_pkg build --build-base /home/yuchel/share_repo/build/three_node_pkg/build install --record /home/yuchel/share_repo/build/three_node_pkg/install.log --install-scripts $base/lib/three_node_pkg --single-version-externally-managed install_data
