[0.566s] DEBUG:colcon:Command line arguments: ['/usr/bin/colcon', 'build']
[0.566s] DEBUG:colcon:Parsed command line arguments: Namespace(log_base=None, log_level=None, verb_name='build', build_base='build', install_base='install', merge_install=False, symlink_install=False, test_result_base=None, continue_on_error=False, executor='parallel', parallel_workers=4, event_handlers=None, ignore_user_meta=False, metas=['./colcon.meta'], base_paths=['.'], packages_ignore=None, packages_ignore_regex=None, paths=None, packages_up_to=None, packages_up_to_regex=None, packages_above=None, packages_above_and_dependencies=None, packages_above_depth=None, packages_select_by_dep=None, packages_skip_by_dep=None, packages_skip_up_to=None, packages_select_build_failed=False, packages_skip_build_finished=False, packages_select_test_failures=False, packages_skip_test_passed=False, packages_select=None, packages_skip=None, packages_select_regex=None, packages_skip_regex=None, packages_start=None, packages_end=None, cmake_args=None, cmake_target=None, cmake_target_skip_unavailable=False, cmake_clean_cache=False, cmake_clean_first=False, cmake_force_configure=False, ament_cmake_args=None, catkin_cmake_args=None, catkin_skip_building_tests=False, verb_parser=<colcon_defaults.argument_parser.defaults.DefaultArgumentsDecorator object at 0x7d6ca4e2c050>, verb_extension=<colcon_core.verb.build.BuildVerb object at 0x7d6ca4f50380>, main=<bound method BuildVerb.main of <colcon_core.verb.build.BuildVerb object at 0x7d6ca4f50380>>)
[0.685s] Level 1:colcon.colcon_core.package_discovery:discover_packages(colcon_meta) check parameters
[0.686s] Level 1:colcon.colcon_core.package_discovery:discover_packages(recursive) check parameters
[0.686s] Level 1:colcon.colcon_core.package_discovery:discover_packages(ignore) check parameters
[0.686s] Level 1:colcon.colcon_core.package_discovery:discover_packages(path) check parameters
[0.686s] Level 1:colcon.colcon_core.package_discovery:discover_packages(colcon_meta) discover
[0.686s] Level 1:colcon.colcon_core.package_discovery:discover_packages(recursive) discover
[0.686s] INFO:colcon.colcon_core.package_discovery:Crawling recursively for packages in '/home/yuchel/shared_repo'
[0.686s] Level 1:colcon.colcon_core.package_identification:_identify(.) by extensions ['ignore', 'ignore_ament_install']
[0.686s] Level 1:colcon.colcon_core.package_identification:_identify(.) by extension 'ignore'
[0.686s] Level 1:colcon.colcon_core.package_identification:_identify(.) by extension 'ignore_ament_install'
[0.686s] Level 1:colcon.colcon_core.package_identification:_identify(.) by extensions ['colcon_pkg']
[0.686s] Level 1:colcon.colcon_core.package_identification:_identify(.) by extension 'colcon_pkg'
[0.686s] Level 1:colcon.colcon_core.package_identification:_identify(.) by extensions ['colcon_meta']
[0.686s] Level 1:colcon.colcon_core.package_identification:_identify(.) by extension 'colcon_meta'
[0.686s] Level 1:colcon.colcon_core.package_identification:_identify(.) by extensions ['ros']
[0.686s] Level 1:colcon.colcon_core.package_identification:_identify(.) by extension 'ros'
[0.731s] Level 1:colcon.colcon_core.package_identification:_identify(.) by extensions ['cmake', 'python']
[0.732s] Level 1:colcon.colcon_core.package_identification:_identify(.) by extension 'cmake'
[0.732s] Level 1:colcon.colcon_core.package_identification:_identify(.) by extension 'python'
[0.732s] Level 1:colcon.colcon_core.package_identification:_identify(.) by extensions ['python_setup_py']
[0.732s] Level 1:colcon.colcon_core.package_identification:_identify(.) by extension 'python_setup_py'
[0.732s] Level 1:colcon.colcon_core.package_identification:_identify(build) by extensions ['ignore', 'ignore_ament_install']
[0.732s] Level 1:colcon.colcon_core.package_identification:_identify(build) by extension 'ignore'
[0.732s] Level 1:colcon.colcon_core.package_identification:_identify(build) ignored
[0.732s] Level 1:colcon.colcon_core.package_identification:_identify(install) by extensions ['ignore', 'ignore_ament_install']
[0.732s] Level 1:colcon.colcon_core.package_identification:_identify(install) by extension 'ignore'
[0.732s] Level 1:colcon.colcon_core.package_identification:_identify(install) ignored
[0.732s] Level 1:colcon.colcon_core.package_identification:_identify(log) by extensions ['ignore', 'ignore_ament_install']
[0.732s] Level 1:colcon.colcon_core.package_identification:_identify(log) by extension 'ignore'
[0.732s] Level 1:colcon.colcon_core.package_identification:_identify(log) ignored
[0.734s] Level 1:colcon.colcon_core.package_identification:_identify(rosbag2_2026_08_10-22_53_29) by extensions ['ignore', 'ignore_ament_install']
[0.734s] Level 1:colcon.colcon_core.package_identification:_identify(rosbag2_2026_08_10-22_53_29) by extension 'ignore'
[0.734s] Level 1:colcon.colcon_core.package_identification:_identify(rosbag2_2026_08_10-22_53_29) by extension 'ignore_ament_install'
[0.734s] Level 1:colcon.colcon_core.package_identification:_identify(rosbag2_2026_08_10-22_53_29) by extensions ['colcon_pkg']
[0.734s] Level 1:colcon.colcon_core.package_identification:_identify(rosbag2_2026_08_10-22_53_29) by extension 'colcon_pkg'
[0.734s] Level 1:colcon.colcon_core.package_identification:_identify(rosbag2_2026_08_10-22_53_29) by extensions ['colcon_meta']
[0.734s] Level 1:colcon.colcon_core.package_identification:_identify(rosbag2_2026_08_10-22_53_29) by extension 'colcon_meta'
[0.734s] Level 1:colcon.colcon_core.package_identification:_identify(rosbag2_2026_08_10-22_53_29) by extensions ['ros']
[0.734s] Level 1:colcon.colcon_core.package_identification:_identify(rosbag2_2026_08_10-22_53_29) by extension 'ros'
[0.734s] Level 1:colcon.colcon_core.package_identification:_identify(rosbag2_2026_08_10-22_53_29) by extensions ['cmake', 'python']
[0.734s] Level 1:colcon.colcon_core.package_identification:_identify(rosbag2_2026_08_10-22_53_29) by extension 'cmake'
[0.734s] Level 1:colcon.colcon_core.package_identification:_identify(rosbag2_2026_08_10-22_53_29) by extension 'python'
[0.734s] Level 1:colcon.colcon_core.package_identification:_identify(rosbag2_2026_08_10-22_53_29) by extensions ['python_setup_py']
[0.734s] Level 1:colcon.colcon_core.package_identification:_identify(rosbag2_2026_08_10-22_53_29) by extension 'python_setup_py'
[0.734s] Level 1:colcon.colcon_core.package_identification:_identify(src) by extensions ['ignore', 'ignore_ament_install']
[0.735s] Level 1:colcon.colcon_core.package_identification:_identify(src) by extension 'ignore'
[0.735s] Level 1:colcon.colcon_core.package_identification:_identify(src) by extension 'ignore_ament_install'
[0.735s] Level 1:colcon.colcon_core.package_identification:_identify(src) by extensions ['colcon_pkg']
[0.735s] Level 1:colcon.colcon_core.package_identification:_identify(src) by extension 'colcon_pkg'
[0.735s] Level 1:colcon.colcon_core.package_identification:_identify(src) by extensions ['colcon_meta']
[0.735s] Level 1:colcon.colcon_core.package_identification:_identify(src) by extension 'colcon_meta'
[0.735s] Level 1:colcon.colcon_core.package_identification:_identify(src) by extensions ['ros']
[0.735s] Level 1:colcon.colcon_core.package_identification:_identify(src) by extension 'ros'
[0.735s] Level 1:colcon.colcon_core.package_identification:_identify(src) by extensions ['cmake', 'python']
[0.735s] Level 1:colcon.colcon_core.package_identification:_identify(src) by extension 'cmake'
[0.735s] Level 1:colcon.colcon_core.package_identification:_identify(src) by extension 'python'
[0.735s] Level 1:colcon.colcon_core.package_identification:_identify(src) by extensions ['python_setup_py']
[0.735s] Level 1:colcon.colcon_core.package_identification:_identify(src) by extension 'python_setup_py'
[0.735s] Level 1:colcon.colcon_core.package_identification:_identify(src/gakurobo) by extensions ['ignore', 'ignore_ament_install']
[0.735s] Level 1:colcon.colcon_core.package_identification:_identify(src/gakurobo) by extension 'ignore'
[0.735s] Level 1:colcon.colcon_core.package_identification:_identify(src/gakurobo) by extension 'ignore_ament_install'
[0.735s] Level 1:colcon.colcon_core.package_identification:_identify(src/gakurobo) by extensions ['colcon_pkg']
[0.735s] Level 1:colcon.colcon_core.package_identification:_identify(src/gakurobo) by extension 'colcon_pkg'
[0.735s] Level 1:colcon.colcon_core.package_identification:_identify(src/gakurobo) by extensions ['colcon_meta']
[0.735s] Level 1:colcon.colcon_core.package_identification:_identify(src/gakurobo) by extension 'colcon_meta'
[0.735s] Level 1:colcon.colcon_core.package_identification:_identify(src/gakurobo) by extensions ['ros']
[0.735s] Level 1:colcon.colcon_core.package_identification:_identify(src/gakurobo) by extension 'ros'
[0.741s] DEBUG:colcon.colcon_core.package_identification:Package 'src/gakurobo' with type 'ros.ament_python' and name 'gakurobo'
[0.742s] Level 1:colcon.colcon_core.package_identification:_identify(src/talk_pkg) by extensions ['ignore', 'ignore_ament_install']
[0.742s] Level 1:colcon.colcon_core.package_identification:_identify(src/talk_pkg) by extension 'ignore'
[0.742s] Level 1:colcon.colcon_core.package_identification:_identify(src/talk_pkg) by extension 'ignore_ament_install'
[0.742s] Level 1:colcon.colcon_core.package_identification:_identify(src/talk_pkg) by extensions ['colcon_pkg']
[0.742s] Level 1:colcon.colcon_core.package_identification:_identify(src/talk_pkg) by extension 'colcon_pkg'
[0.742s] Level 1:colcon.colcon_core.package_identification:_identify(src/talk_pkg) by extensions ['colcon_meta']
[0.742s] Level 1:colcon.colcon_core.package_identification:_identify(src/talk_pkg) by extension 'colcon_meta'
[0.742s] Level 1:colcon.colcon_core.package_identification:_identify(src/talk_pkg) by extensions ['ros']
[0.742s] Level 1:colcon.colcon_core.package_identification:_identify(src/talk_pkg) by extension 'ros'
[0.743s] DEBUG:colcon.colcon_core.package_identification:Package 'src/talk_pkg' with type 'ros.ament_python' and name 'talk_pkg'
[0.744s] Level 1:colcon.colcon_core.package_identification:_identify(src/test_pkg) by extensions ['ignore', 'ignore_ament_install']
[0.744s] Level 1:colcon.colcon_core.package_identification:_identify(src/test_pkg) by extension 'ignore'
[0.744s] Level 1:colcon.colcon_core.package_identification:_identify(src/test_pkg) by extension 'ignore_ament_install'
[0.744s] Level 1:colcon.colcon_core.package_identification:_identify(src/test_pkg) by extensions ['colcon_pkg']
[0.744s] Level 1:colcon.colcon_core.package_identification:_identify(src/test_pkg) by extension 'colcon_pkg'
[0.744s] Level 1:colcon.colcon_core.package_identification:_identify(src/test_pkg) by extensions ['colcon_meta']
[0.744s] Level 1:colcon.colcon_core.package_identification:_identify(src/test_pkg) by extension 'colcon_meta'
[0.744s] Level 1:colcon.colcon_core.package_identification:_identify(src/test_pkg) by extensions ['ros']
[0.744s] Level 1:colcon.colcon_core.package_identification:_identify(src/test_pkg) by extension 'ros'
[0.745s] DEBUG:colcon.colcon_core.package_identification:Package 'src/test_pkg' with type 'ros.ament_python' and name 'test_pkg'
[0.746s] Level 1:colcon.colcon_core.package_identification:_identify(src/three_node_pkg) by extensions ['ignore', 'ignore_ament_install']
[0.746s] Level 1:colcon.colcon_core.package_identification:_identify(src/three_node_pkg) by extension 'ignore'
[0.746s] Level 1:colcon.colcon_core.package_identification:_identify(src/three_node_pkg) by extension 'ignore_ament_install'
[0.746s] Level 1:colcon.colcon_core.package_identification:_identify(src/three_node_pkg) by extensions ['colcon_pkg']
[0.747s] Level 1:colcon.colcon_core.package_identification:_identify(src/three_node_pkg) by extension 'colcon_pkg'
[0.747s] Level 1:colcon.colcon_core.package_identification:_identify(src/three_node_pkg) by extensions ['colcon_meta']
[0.747s] Level 1:colcon.colcon_core.package_identification:_identify(src/three_node_pkg) by extension 'colcon_meta'
[0.747s] Level 1:colcon.colcon_core.package_identification:_identify(src/three_node_pkg) by extensions ['ros']
[0.747s] Level 1:colcon.colcon_core.package_identification:_identify(src/three_node_pkg) by extension 'ros'
[0.748s] DEBUG:colcon.colcon_core.package_identification:Package 'src/three_node_pkg' with type 'ros.ament_python' and name 'three_node_pkg'
[0.748s] Level 1:colcon.colcon_core.package_discovery:discover_packages(recursive) using defaults
[0.748s] Level 1:colcon.colcon_core.package_discovery:discover_packages(ignore) discover
[0.748s] Level 1:colcon.colcon_core.package_discovery:discover_packages(ignore) using defaults
[0.748s] Level 1:colcon.colcon_core.package_discovery:discover_packages(path) discover
[0.748s] Level 1:colcon.colcon_core.package_discovery:discover_packages(path) using defaults
[0.793s] Level 5:colcon.colcon_core.verb:set package 'gakurobo' build argument 'cmake_args' from command line to 'None'
[0.793s] Level 5:colcon.colcon_core.verb:set package 'gakurobo' build argument 'cmake_target' from command line to 'None'
[0.793s] Level 5:colcon.colcon_core.verb:set package 'gakurobo' build argument 'cmake_target_skip_unavailable' from command line to 'False'
[0.793s] Level 5:colcon.colcon_core.verb:set package 'gakurobo' build argument 'cmake_clean_cache' from command line to 'False'
[0.793s] Level 5:colcon.colcon_core.verb:set package 'gakurobo' build argument 'cmake_clean_first' from command line to 'False'
[0.793s] Level 5:colcon.colcon_core.verb:set package 'gakurobo' build argument 'cmake_force_configure' from command line to 'False'
[0.793s] Level 5:colcon.colcon_core.verb:set package 'gakurobo' build argument 'ament_cmake_args' from command line to 'None'
[0.793s] Level 5:colcon.colcon_core.verb:set package 'gakurobo' build argument 'catkin_cmake_args' from command line to 'None'
[0.793s] Level 5:colcon.colcon_core.verb:set package 'gakurobo' build argument 'catkin_skip_building_tests' from command line to 'False'
[0.793s] DEBUG:colcon.colcon_core.verb:Building package 'gakurobo' with the following arguments: {'ament_cmake_args': None, 'build_base': '/home/yuchel/shared_repo/build/gakurobo', 'catkin_cmake_args': None, 'catkin_skip_building_tests': False, 'cmake_args': None, 'cmake_clean_cache': False, 'cmake_clean_first': False, 'cmake_force_configure': False, 'cmake_target': None, 'cmake_target_skip_unavailable': False, 'install_base': '/home/yuchel/shared_repo/install/gakurobo', 'merge_install': False, 'path': '/home/yuchel/shared_repo/src/gakurobo', 'symlink_install': False, 'test_result_base': None}
[0.793s] Level 5:colcon.colcon_core.verb:set package 'talk_pkg' build argument 'cmake_args' from command line to 'None'
[0.793s] Level 5:colcon.colcon_core.verb:set package 'talk_pkg' build argument 'cmake_target' from command line to 'None'
[0.793s] Level 5:colcon.colcon_core.verb:set package 'talk_pkg' build argument 'cmake_target_skip_unavailable' from command line to 'False'
[0.793s] Level 5:colcon.colcon_core.verb:set package 'talk_pkg' build argument 'cmake_clean_cache' from command line to 'False'
[0.793s] Level 5:colcon.colcon_core.verb:set package 'talk_pkg' build argument 'cmake_clean_first' from command line to 'False'
[0.793s] Level 5:colcon.colcon_core.verb:set package 'talk_pkg' build argument 'cmake_force_configure' from command line to 'False'
[0.793s] Level 5:colcon.colcon_core.verb:set package 'talk_pkg' build argument 'ament_cmake_args' from command line to 'None'
[0.793s] Level 5:colcon.colcon_core.verb:set package 'talk_pkg' build argument 'catkin_cmake_args' from command line to 'None'
[0.793s] Level 5:colcon.colcon_core.verb:set package 'talk_pkg' build argument 'catkin_skip_building_tests' from command line to 'False'
[0.793s] DEBUG:colcon.colcon_core.verb:Building package 'talk_pkg' with the following arguments: {'ament_cmake_args': None, 'build_base': '/home/yuchel/shared_repo/build/talk_pkg', 'catkin_cmake_args': None, 'catkin_skip_building_tests': False, 'cmake_args': None, 'cmake_clean_cache': False, 'cmake_clean_first': False, 'cmake_force_configure': False, 'cmake_target': None, 'cmake_target_skip_unavailable': False, 'install_base': '/home/yuchel/shared_repo/install/talk_pkg', 'merge_install': False, 'path': '/home/yuchel/shared_repo/src/talk_pkg', 'symlink_install': False, 'test_result_base': None}
[0.793s] Level 5:colcon.colcon_core.verb:set package 'test_pkg' build argument 'cmake_args' from command line to 'None'
[0.793s] Level 5:colcon.colcon_core.verb:set package 'test_pkg' build argument 'cmake_target' from command line to 'None'
[0.794s] Level 5:colcon.colcon_core.verb:set package 'test_pkg' build argument 'cmake_target_skip_unavailable' from command line to 'False'
[0.794s] Level 5:colcon.colcon_core.verb:set package 'test_pkg' build argument 'cmake_clean_cache' from command line to 'False'
[0.794s] Level 5:colcon.colcon_core.verb:set package 'test_pkg' build argument 'cmake_clean_first' from command line to 'False'
[0.794s] Level 5:colcon.colcon_core.verb:set package 'test_pkg' build argument 'cmake_force_configure' from command line to 'False'
[0.794s] Level 5:colcon.colcon_core.verb:set package 'test_pkg' build argument 'ament_cmake_args' from command line to 'None'
[0.794s] Level 5:colcon.colcon_core.verb:set package 'test_pkg' build argument 'catkin_cmake_args' from command line to 'None'
[0.794s] Level 5:colcon.colcon_core.verb:set package 'test_pkg' build argument 'catkin_skip_building_tests' from command line to 'False'
[0.794s] DEBUG:colcon.colcon_core.verb:Building package 'test_pkg' with the following arguments: {'ament_cmake_args': None, 'build_base': '/home/yuchel/shared_repo/build/test_pkg', 'catkin_cmake_args': None, 'catkin_skip_building_tests': False, 'cmake_args': None, 'cmake_clean_cache': False, 'cmake_clean_first': False, 'cmake_force_configure': False, 'cmake_target': None, 'cmake_target_skip_unavailable': False, 'install_base': '/home/yuchel/shared_repo/install/test_pkg', 'merge_install': False, 'path': '/home/yuchel/shared_repo/src/test_pkg', 'symlink_install': False, 'test_result_base': None}
[0.794s] Level 5:colcon.colcon_core.verb:set package 'three_node_pkg' build argument 'cmake_args' from command line to 'None'
[0.794s] Level 5:colcon.colcon_core.verb:set package 'three_node_pkg' build argument 'cmake_target' from command line to 'None'
[0.794s] Level 5:colcon.colcon_core.verb:set package 'three_node_pkg' build argument 'cmake_target_skip_unavailable' from command line to 'False'
[0.794s] Level 5:colcon.colcon_core.verb:set package 'three_node_pkg' build argument 'cmake_clean_cache' from command line to 'False'
[0.794s] Level 5:colcon.colcon_core.verb:set package 'three_node_pkg' build argument 'cmake_clean_first' from command line to 'False'
[0.794s] Level 5:colcon.colcon_core.verb:set package 'three_node_pkg' build argument 'cmake_force_configure' from command line to 'False'
[0.794s] Level 5:colcon.colcon_core.verb:set package 'three_node_pkg' build argument 'ament_cmake_args' from command line to 'None'
[0.794s] Level 5:colcon.colcon_core.verb:set package 'three_node_pkg' build argument 'catkin_cmake_args' from command line to 'None'
[0.794s] Level 5:colcon.colcon_core.verb:set package 'three_node_pkg' build argument 'catkin_skip_building_tests' from command line to 'False'
[0.794s] DEBUG:colcon.colcon_core.verb:Building package 'three_node_pkg' with the following arguments: {'ament_cmake_args': None, 'build_base': '/home/yuchel/shared_repo/build/three_node_pkg', 'catkin_cmake_args': None, 'catkin_skip_building_tests': False, 'cmake_args': None, 'cmake_clean_cache': False, 'cmake_clean_first': False, 'cmake_force_configure': False, 'cmake_target': None, 'cmake_target_skip_unavailable': False, 'install_base': '/home/yuchel/shared_repo/install/three_node_pkg', 'merge_install': False, 'path': '/home/yuchel/shared_repo/src/three_node_pkg', 'symlink_install': False, 'test_result_base': None}
[0.794s] INFO:colcon.colcon_core.executor:Executing jobs using 'parallel' executor
[0.796s] DEBUG:colcon.colcon_parallel_executor.executor.parallel:run_until_complete
[0.796s] INFO:colcon.colcon_ros.task.ament_python.build:Building ROS package in '/home/yuchel/shared_repo/src/gakurobo' with build type 'ament_python'
[0.796s] Level 1:colcon.colcon_core.shell:create_environment_hook('gakurobo', 'ament_prefix_path')
[0.818s] INFO:colcon.colcon_core.plugin_system:Skipping extension 'colcon_core.shell.bat': Not used on non-Windows systems
[0.818s] INFO:colcon.colcon_core.shell:Creating environment descriptor '/home/yuchel/shared_repo/install/gakurobo/share/gakurobo/hook/ament_prefix_path.dsv'
[0.822s] INFO:colcon.colcon_core.shell:Creating environment hook '/home/yuchel/shared_repo/install/gakurobo/share/gakurobo/hook/ament_prefix_path.sh'
[0.823s] DEBUG:colcon.colcon_core.shell:Skip shell extension 'dsv' for command environment
[0.836s] INFO:colcon.colcon_ros.task.ament_python.build:Building ROS package in '/home/yuchel/shared_repo/src/talk_pkg' with build type 'ament_python'
[0.836s] Level 1:colcon.colcon_core.shell:create_environment_hook('talk_pkg', 'ament_prefix_path')
[0.836s] INFO:colcon.colcon_core.shell:Creating environment descriptor '/home/yuchel/shared_repo/install/talk_pkg/share/talk_pkg/hook/ament_prefix_path.dsv'
[0.841s] INFO:colcon.colcon_core.shell:Creating environment hook '/home/yuchel/shared_repo/install/talk_pkg/share/talk_pkg/hook/ament_prefix_path.sh'
[0.843s] DEBUG:colcon.colcon_core.shell:Skip shell extension 'dsv' for command environment
[0.857s] INFO:colcon.colcon_ros.task.ament_python.build:Building ROS package in '/home/yuchel/shared_repo/src/test_pkg' with build type 'ament_python'
[0.857s] Level 1:colcon.colcon_core.shell:create_environment_hook('test_pkg', 'ament_prefix_path')
[0.857s] INFO:colcon.colcon_core.shell:Creating environment descriptor '/home/yuchel/shared_repo/install/test_pkg/share/test_pkg/hook/ament_prefix_path.dsv'
[0.863s] INFO:colcon.colcon_core.shell:Creating environment hook '/home/yuchel/shared_repo/install/test_pkg/share/test_pkg/hook/ament_prefix_path.sh'
[0.864s] DEBUG:colcon.colcon_core.shell:Skip shell extension 'dsv' for command environment
[0.869s] INFO:colcon.colcon_ros.task.ament_python.build:Building ROS package in '/home/yuchel/shared_repo/src/three_node_pkg' with build type 'ament_python'
[0.869s] Level 1:colcon.colcon_core.shell:create_environment_hook('three_node_pkg', 'ament_prefix_path')
[0.869s] INFO:colcon.colcon_core.shell:Creating environment descriptor '/home/yuchel/shared_repo/install/three_node_pkg/share/three_node_pkg/hook/ament_prefix_path.dsv'
[0.873s] INFO:colcon.colcon_core.shell:Creating environment hook '/home/yuchel/shared_repo/install/three_node_pkg/share/three_node_pkg/hook/ament_prefix_path.sh'
[0.874s] DEBUG:colcon.colcon_core.shell:Skip shell extension 'dsv' for command environment
[1.114s] INFO:colcon.colcon_core.task.python.build:Building Python package in '/home/yuchel/shared_repo/src/gakurobo'
[1.114s] DEBUG:colcon.colcon_core.shell:Skip shell extension 'dsv' for command environment
[1.343s] INFO:colcon.colcon_core.task.python.build:Building Python package in '/home/yuchel/shared_repo/src/talk_pkg'
[1.343s] DEBUG:colcon.colcon_core.shell:Skip shell extension 'dsv' for command environment
[1.512s] INFO:colcon.colcon_core.task.python.build:Building Python package in '/home/yuchel/shared_repo/src/test_pkg'
[1.512s] DEBUG:colcon.colcon_core.shell:Skip shell extension 'dsv' for command environment
[1.739s] INFO:colcon.colcon_core.task.python.build:Building Python package in '/home/yuchel/shared_repo/src/three_node_pkg'
[1.739s] DEBUG:colcon.colcon_core.shell:Skip shell extension 'dsv' for command environment
[3.058s] DEBUG:colcon.colcon_core.task.python.build:Available setuptools commands: dist_info, upload_docs, build_scripts, saveopts, easy_install, bdist_wheel, install_data, rotate, clean, install, develop, egg_info, build_clib, install_lib, bdist_rpm, compile_catalog, symlink_data, sdist, build_py, install_scripts, register, build_ext, upload, editable_wheel, test, init_catalog, check, bdist_egg, bdist, alias, build, setopt, install_egg_info, install_headers, bdist_dumb, extract_messages, update_catalog
[3.059s] DEBUG:colcon.colcon_core.event_handler.log_command:Invoking command in '/home/yuchel/shared_repo/src/talk_pkg': DEBUGINFOD_URLS=https://debuginfod.ubuntu.com PYTHONPATH=/home/yuchel/shared_repo/build/talk_pkg/prefix_override:/usr/lib/python3/dist-packages/colcon_core/task/python/colcon_distutils_commands:/home/yuchel/shared_repo/install/talk_pkg/lib/python3.12/site-packages:${PYTHONPATH} /usr/bin/python3 -W ignore:setup.py install is deprecated -W ignore:easy_install command is deprecated setup.py egg_info --egg-base ../../build/talk_pkg build --build-base /home/yuchel/shared_repo/build/talk_pkg/build install --record /home/yuchel/shared_repo/build/talk_pkg/install.log --install-scripts $base/lib/talk_pkg --single-version-externally-managed install_data
[3.080s] DEBUG:colcon.colcon_core.task.python.build:Available setuptools commands: dist_info, upload_docs, build_scripts, saveopts, easy_install, bdist_wheel, install_data, rotate, clean, install, develop, egg_info, build_clib, install_lib, bdist_rpm, compile_catalog, symlink_data, sdist, build_py, install_scripts, register, build_ext, upload, editable_wheel, test, init_catalog, check, bdist_egg, bdist, alias, build, setopt, install_egg_info, install_headers, bdist_dumb, extract_messages, update_catalog
[3.082s] DEBUG:colcon.colcon_core.event_handler.log_command:Invoking command in '/home/yuchel/shared_repo/src/gakurobo': DEBUGINFOD_URLS=https://debuginfod.ubuntu.com PYTHONPATH=/home/yuchel/shared_repo/build/gakurobo/prefix_override:/usr/lib/python3/dist-packages/colcon_core/task/python/colcon_distutils_commands:/home/yuchel/shared_repo/install/gakurobo/lib/python3.12/site-packages:${PYTHONPATH} /usr/bin/python3 -W ignore:setup.py install is deprecated -W ignore:easy_install command is deprecated setup.py egg_info --egg-base ../../build/gakurobo build --build-base /home/yuchel/shared_repo/build/gakurobo/build install --record /home/yuchel/shared_repo/build/gakurobo/install.log --install-scripts $base/lib/gakurobo --single-version-externally-managed install_data
[3.091s] DEBUG:colcon.colcon_core.task.python.build:Available setuptools commands: dist_info, upload_docs, build_scripts, saveopts, easy_install, bdist_wheel, install_data, rotate, clean, install, develop, egg_info, build_clib, install_lib, bdist_rpm, compile_catalog, symlink_data, sdist, build_py, install_scripts, register, build_ext, upload, editable_wheel, test, init_catalog, check, bdist_egg, bdist, alias, build, setopt, install_egg_info, install_headers, bdist_dumb, extract_messages, update_catalog
[3.094s] DEBUG:colcon.colcon_core.event_handler.log_command:Invoking command in '/home/yuchel/shared_repo/src/three_node_pkg': DEBUGINFOD_URLS=https://debuginfod.ubuntu.com PYTHONPATH=/home/yuchel/shared_repo/build/three_node_pkg/prefix_override:/usr/lib/python3/dist-packages/colcon_core/task/python/colcon_distutils_commands:/home/yuchel/shared_repo/install/three_node_pkg/lib/python3.12/site-packages:${PYTHONPATH} /usr/bin/python3 -W ignore:setup.py install is deprecated -W ignore:easy_install command is deprecated setup.py egg_info --egg-base ../../build/three_node_pkg build --build-base /home/yuchel/shared_repo/build/three_node_pkg/build install --record /home/yuchel/shared_repo/build/three_node_pkg/install.log --install-scripts $base/lib/three_node_pkg --single-version-externally-managed install_data
[3.097s] DEBUG:colcon.colcon_core.task.python.build:Available setuptools commands: dist_info, upload_docs, build_scripts, saveopts, easy_install, bdist_wheel, install_data, rotate, clean, install, develop, egg_info, build_clib, install_lib, bdist_rpm, compile_catalog, symlink_data, sdist, build_py, install_scripts, register, build_ext, upload, editable_wheel, test, init_catalog, check, bdist_egg, bdist, alias, build, setopt, install_egg_info, install_headers, bdist_dumb, extract_messages, update_catalog
[3.098s] DEBUG:colcon.colcon_core.event_handler.log_command:Invoking command in '/home/yuchel/shared_repo/src/test_pkg': DEBUGINFOD_URLS=https://debuginfod.ubuntu.com PYTHONPATH=/home/yuchel/shared_repo/build/test_pkg/prefix_override:/usr/lib/python3/dist-packages/colcon_core/task/python/colcon_distutils_commands:/home/yuchel/shared_repo/install/test_pkg/lib/python3.12/site-packages:${PYTHONPATH} /usr/bin/python3 -W ignore:setup.py install is deprecated -W ignore:easy_install command is deprecated setup.py egg_info --egg-base ../../build/test_pkg build --build-base /home/yuchel/shared_repo/build/test_pkg/build install --record /home/yuchel/shared_repo/build/test_pkg/install.log --install-scripts $base/lib/test_pkg --single-version-externally-managed install_data
[3.604s] DEBUG:colcon.colcon_core.event_handler.log_command:Invoked command in '/home/yuchel/shared_repo/src/gakurobo' returned '0': DEBUGINFOD_URLS=https://debuginfod.ubuntu.com PYTHONPATH=/home/yuchel/shared_repo/build/gakurobo/prefix_override:/usr/lib/python3/dist-packages/colcon_core/task/python/colcon_distutils_commands:/home/yuchel/shared_repo/install/gakurobo/lib/python3.12/site-packages:${PYTHONPATH} /usr/bin/python3 -W ignore:setup.py install is deprecated -W ignore:easy_install command is deprecated setup.py egg_info --egg-base ../../build/gakurobo build --build-base /home/yuchel/shared_repo/build/gakurobo/build install --record /home/yuchel/shared_repo/build/gakurobo/install.log --install-scripts $base/lib/gakurobo --single-version-externally-managed install_data
[3.617s] Level 1:colcon.colcon_core.environment:checking '/home/yuchel/shared_repo/install/gakurobo' for CMake module files
[3.617s] Level 1:colcon.colcon_core.environment:checking '/home/yuchel/shared_repo/install/gakurobo' for CMake config files
[3.641s] Level 1:colcon.colcon_core.environment:checking '/home/yuchel/shared_repo/install/gakurobo/lib'
[3.641s] Level 1:colcon.colcon_core.environment:checking '/home/yuchel/shared_repo/install/gakurobo/bin'
[3.642s] Level 1:colcon.colcon_core.environment:checking '/home/yuchel/shared_repo/install/gakurobo/lib/pkgconfig/gakurobo.pc'
[3.642s] Level 1:colcon.colcon_core.environment:checking '/home/yuchel/shared_repo/install/gakurobo/lib/python3.12/site-packages'
[3.642s] Level 1:colcon.colcon_core.shell:create_environment_hook('gakurobo', 'pythonpath')
[3.642s] INFO:colcon.colcon_core.shell:Creating environment descriptor '/home/yuchel/shared_repo/install/gakurobo/share/gakurobo/hook/pythonpath.dsv'
[3.643s] INFO:colcon.colcon_core.shell:Creating environment hook '/home/yuchel/shared_repo/install/gakurobo/share/gakurobo/hook/pythonpath.sh'
[3.644s] Level 1:colcon.colcon_core.environment:checking '/home/yuchel/shared_repo/install/gakurobo/bin'
[3.644s] Level 1:colcon.colcon_core.environment:create_environment_scripts_only(gakurobo)
[3.644s] INFO:colcon.colcon_core.shell:Creating package descriptor '/home/yuchel/shared_repo/install/gakurobo/share/gakurobo/package.dsv'
[3.662s] INFO:colcon.colcon_core.shell:Creating package script '/home/yuchel/shared_repo/install/gakurobo/share/gakurobo/package.sh'
[3.665s] INFO:colcon.colcon_core.shell:Creating package script '/home/yuchel/shared_repo/install/gakurobo/share/gakurobo/package.bash'
[3.680s] INFO:colcon.colcon_core.shell:Creating package script '/home/yuchel/shared_repo/install/gakurobo/share/gakurobo/package.zsh'
[3.684s] Level 1:colcon.colcon_core.environment:create_file_with_runtime_dependencies(/home/yuchel/shared_repo/install/gakurobo/share/colcon-core/packages/gakurobo)
[3.713s] Level 1:colcon.colcon_core.environment:checking '/home/yuchel/shared_repo/install/three_node_pkg' for CMake module files
[3.714s] DEBUG:colcon.colcon_core.event_handler.log_command:Invoked command in '/home/yuchel/shared_repo/src/three_node_pkg' returned '0': DEBUGINFOD_URLS=https://debuginfod.ubuntu.com PYTHONPATH=/home/yuchel/shared_repo/build/three_node_pkg/prefix_override:/usr/lib/python3/dist-packages/colcon_core/task/python/colcon_distutils_commands:/home/yuchel/shared_repo/install/three_node_pkg/lib/python3.12/site-packages:${PYTHONPATH} /usr/bin/python3 -W ignore:setup.py install is deprecated -W ignore:easy_install command is deprecated setup.py egg_info --egg-base ../../build/three_node_pkg build --build-base /home/yuchel/shared_repo/build/three_node_pkg/build install --record /home/yuchel/shared_repo/build/three_node_pkg/install.log --install-scripts $base/lib/three_node_pkg --single-version-externally-managed install_data
[3.716s] Level 1:colcon.colcon_core.environment:checking '/home/yuchel/shared_repo/install/three_node_pkg' for CMake config files
[3.720s] Level 1:colcon.colcon_core.environment:checking '/home/yuchel/shared_repo/install/three_node_pkg/lib'
[3.721s] Level 1:colcon.colcon_core.environment:checking '/home/yuchel/shared_repo/install/three_node_pkg/bin'
[3.721s] Level 1:colcon.colcon_core.environment:checking '/home/yuchel/shared_repo/install/three_node_pkg/lib/pkgconfig/three_node_pkg.pc'
[3.721s] Level 1:colcon.colcon_core.environment:checking '/home/yuchel/shared_repo/install/three_node_pkg/lib/python3.12/site-packages'
[3.721s] Level 1:colcon.colcon_core.shell:create_environment_hook('three_node_pkg', 'pythonpath')
[3.722s] INFO:colcon.colcon_core.shell:Creating environment descriptor '/home/yuchel/shared_repo/install/three_node_pkg/share/three_node_pkg/hook/pythonpath.dsv'
[3.722s] INFO:colcon.colcon_core.shell:Creating environment hook '/home/yuchel/shared_repo/install/three_node_pkg/share/three_node_pkg/hook/pythonpath.sh'
[3.723s] Level 1:colcon.colcon_core.environment:checking '/home/yuchel/shared_repo/install/three_node_pkg/bin'
[3.723s] Level 1:colcon.colcon_core.environment:create_environment_scripts_only(three_node_pkg)
[3.723s] INFO:colcon.colcon_core.shell:Creating package descriptor '/home/yuchel/shared_repo/install/three_node_pkg/share/three_node_pkg/package.dsv'
[3.724s] INFO:colcon.colcon_core.shell:Creating package script '/home/yuchel/shared_repo/install/three_node_pkg/share/three_node_pkg/package.sh'
[3.724s] INFO:colcon.colcon_core.shell:Creating package script '/home/yuchel/shared_repo/install/three_node_pkg/share/three_node_pkg/package.bash'
[3.725s] INFO:colcon.colcon_core.shell:Creating package script '/home/yuchel/shared_repo/install/three_node_pkg/share/three_node_pkg/package.zsh'
[3.726s] Level 1:colcon.colcon_core.environment:create_file_with_runtime_dependencies(/home/yuchel/shared_repo/install/three_node_pkg/share/colcon-core/packages/three_node_pkg)
[3.741s] Level 1:colcon.colcon_core.environment:checking '/home/yuchel/shared_repo/install/talk_pkg' for CMake module files
[3.743s] DEBUG:colcon.colcon_core.event_handler.log_command:Invoked command in '/home/yuchel/shared_repo/src/talk_pkg' returned '0': DEBUGINFOD_URLS=https://debuginfod.ubuntu.com PYTHONPATH=/home/yuchel/shared_repo/build/talk_pkg/prefix_override:/usr/lib/python3/dist-packages/colcon_core/task/python/colcon_distutils_commands:/home/yuchel/shared_repo/install/talk_pkg/lib/python3.12/site-packages:${PYTHONPATH} /usr/bin/python3 -W ignore:setup.py install is deprecated -W ignore:easy_install command is deprecated setup.py egg_info --egg-base ../../build/talk_pkg build --build-base /home/yuchel/shared_repo/build/talk_pkg/build install --record /home/yuchel/shared_repo/build/talk_pkg/install.log --install-scripts $base/lib/talk_pkg --single-version-externally-managed install_data
[3.750s] Level 1:colcon.colcon_core.environment:checking '/home/yuchel/shared_repo/install/talk_pkg' for CMake config files
[3.754s] Level 1:colcon.colcon_core.environment:checking '/home/yuchel/shared_repo/install/talk_pkg/lib'
[3.754s] Level 1:colcon.colcon_core.environment:checking '/home/yuchel/shared_repo/install/talk_pkg/bin'
[3.754s] Level 1:colcon.colcon_core.environment:checking '/home/yuchel/shared_repo/install/talk_pkg/lib/pkgconfig/talk_pkg.pc'
[3.755s] Level 1:colcon.colcon_core.environment:checking '/home/yuchel/shared_repo/install/talk_pkg/lib/python3.12/site-packages'
[3.755s] Level 1:colcon.colcon_core.shell:create_environment_hook('talk_pkg', 'pythonpath')
[3.755s] INFO:colcon.colcon_core.shell:Creating environment descriptor '/home/yuchel/shared_repo/install/talk_pkg/share/talk_pkg/hook/pythonpath.dsv'
[3.755s] INFO:colcon.colcon_core.shell:Creating environment hook '/home/yuchel/shared_repo/install/talk_pkg/share/talk_pkg/hook/pythonpath.sh'
[3.757s] Level 1:colcon.colcon_core.environment:checking '/home/yuchel/shared_repo/install/talk_pkg/bin'
[3.757s] Level 1:colcon.colcon_core.environment:create_environment_scripts_only(talk_pkg)
[3.757s] INFO:colcon.colcon_core.shell:Creating package descriptor '/home/yuchel/shared_repo/install/talk_pkg/share/talk_pkg/package.dsv'
[3.757s] INFO:colcon.colcon_core.shell:Creating package script '/home/yuchel/shared_repo/install/talk_pkg/share/talk_pkg/package.sh'
[3.759s] INFO:colcon.colcon_core.shell:Creating package script '/home/yuchel/shared_repo/install/talk_pkg/share/talk_pkg/package.bash'
[3.760s] INFO:colcon.colcon_core.shell:Creating package script '/home/yuchel/shared_repo/install/talk_pkg/share/talk_pkg/package.zsh'
[3.760s] Level 1:colcon.colcon_core.environment:create_file_with_runtime_dependencies(/home/yuchel/shared_repo/install/talk_pkg/share/colcon-core/packages/talk_pkg)
[3.808s] Level 1:colcon.colcon_core.environment:checking '/home/yuchel/shared_repo/install/test_pkg' for CMake module files
[3.810s] DEBUG:colcon.colcon_core.event_handler.log_command:Invoked command in '/home/yuchel/shared_repo/src/test_pkg' returned '0': DEBUGINFOD_URLS=https://debuginfod.ubuntu.com PYTHONPATH=/home/yuchel/shared_repo/build/test_pkg/prefix_override:/usr/lib/python3/dist-packages/colcon_core/task/python/colcon_distutils_commands:/home/yuchel/shared_repo/install/test_pkg/lib/python3.12/site-packages:${PYTHONPATH} /usr/bin/python3 -W ignore:setup.py install is deprecated -W ignore:easy_install command is deprecated setup.py egg_info --egg-base ../../build/test_pkg build --build-base /home/yuchel/shared_repo/build/test_pkg/build install --record /home/yuchel/shared_repo/build/test_pkg/install.log --install-scripts $base/lib/test_pkg --single-version-externally-managed install_data
[3.810s] Level 1:colcon.colcon_core.environment:checking '/home/yuchel/shared_repo/install/test_pkg' for CMake config files
[3.813s] Level 1:colcon.colcon_core.environment:checking '/home/yuchel/shared_repo/install/test_pkg/lib'
[3.813s] Level 1:colcon.colcon_core.environment:checking '/home/yuchel/shared_repo/install/test_pkg/bin'
[3.814s] Level 1:colcon.colcon_core.environment:checking '/home/yuchel/shared_repo/install/test_pkg/lib/pkgconfig/test_pkg.pc'
[3.814s] Level 1:colcon.colcon_core.environment:checking '/home/yuchel/shared_repo/install/test_pkg/lib/python3.12/site-packages'
[3.814s] Level 1:colcon.colcon_core.shell:create_environment_hook('test_pkg', 'pythonpath')
[3.814s] INFO:colcon.colcon_core.shell:Creating environment descriptor '/home/yuchel/shared_repo/install/test_pkg/share/test_pkg/hook/pythonpath.dsv'
[3.814s] INFO:colcon.colcon_core.shell:Creating environment hook '/home/yuchel/shared_repo/install/test_pkg/share/test_pkg/hook/pythonpath.sh'
[3.816s] Level 1:colcon.colcon_core.environment:checking '/home/yuchel/shared_repo/install/test_pkg/bin'
[3.816s] Level 1:colcon.colcon_core.environment:create_environment_scripts_only(test_pkg)
[3.816s] INFO:colcon.colcon_core.shell:Creating package descriptor '/home/yuchel/shared_repo/install/test_pkg/share/test_pkg/package.dsv'
[3.817s] INFO:colcon.colcon_core.shell:Creating package script '/home/yuchel/shared_repo/install/test_pkg/share/test_pkg/package.sh'
[3.817s] INFO:colcon.colcon_core.shell:Creating package script '/home/yuchel/shared_repo/install/test_pkg/share/test_pkg/package.bash'
[3.818s] INFO:colcon.colcon_core.shell:Creating package script '/home/yuchel/shared_repo/install/test_pkg/share/test_pkg/package.zsh'
[3.818s] Level 1:colcon.colcon_core.environment:create_file_with_runtime_dependencies(/home/yuchel/shared_repo/install/test_pkg/share/colcon-core/packages/test_pkg)
[3.819s] DEBUG:colcon.colcon_parallel_executor.executor.parallel:closing loop
[3.819s] DEBUG:colcon.colcon_parallel_executor.executor.parallel:loop closed
[3.819s] DEBUG:colcon.colcon_parallel_executor.executor.parallel:run_until_complete finished with '0'
[3.819s] DEBUG:colcon.colcon_core.event_reactor:joining thread
[3.859s] INFO:colcon.colcon_core.plugin_system:Skipping extension 'colcon_notification.desktop_notification.terminal_notifier': Not used on non-Darwin systems
[3.859s] INFO:colcon.colcon_core.plugin_system:Skipping extension 'colcon_notification.desktop_notification.win32': Not used on non-Windows systems
[3.859s] INFO:colcon.colcon_notification.desktop_notification:Sending desktop notification using 'notify2'
[3.890s] DEBUG:colcon.colcon_core.event_reactor:joined thread
[3.892s] INFO:colcon.colcon_core.shell:Creating prefix script '/home/yuchel/shared_repo/install/local_setup.sh'
[3.896s] INFO:colcon.colcon_core.shell:Creating prefix util module '/home/yuchel/shared_repo/install/_local_setup_util_sh.py'
[3.898s] INFO:colcon.colcon_core.shell:Creating prefix chain script '/home/yuchel/shared_repo/install/setup.sh'
[3.900s] INFO:colcon.colcon_core.shell:Creating prefix script '/home/yuchel/shared_repo/install/local_setup.bash'
[3.902s] INFO:colcon.colcon_core.shell:Creating prefix chain script '/home/yuchel/shared_repo/install/setup.bash'
[3.904s] INFO:colcon.colcon_core.shell:Creating prefix script '/home/yuchel/shared_repo/install/local_setup.zsh'
[3.906s] INFO:colcon.colcon_core.shell:Creating prefix chain script '/home/yuchel/shared_repo/install/setup.zsh'
