[2.481s] Invoking command in '/home/yuchel/share_repo/src/gakurobo': DEBUGINFOD_URLS=https://debuginfod.ubuntu.com PYTHONPATH=/home/yuchel/share_repo/build/gakurobo/prefix_override:/usr/lib/python3/dist-packages/colcon_core/task/python/colcon_distutils_commands:/home/yuchel/share_repo/install/gakurobo/lib/python3.12/site-packages:${PYTHONPATH} /usr/bin/python3 -W ignore:setup.py install is deprecated -W ignore:easy_install command is deprecated setup.py egg_info --egg-base ../../build/gakurobo build --build-base /home/yuchel/share_repo/build/gakurobo/build install --record /home/yuchel/share_repo/build/gakurobo/install.log --install-scripts $base/lib/gakurobo --single-version-externally-managed install_data
[2.902s] running egg_info
[2.936s] writing ../../build/gakurobo/gakurobo.egg-info/PKG-INFO
[2.938s] writing dependency_links to ../../build/gakurobo/gakurobo.egg-info/dependency_links.txt
[2.939s] writing entry points to ../../build/gakurobo/gakurobo.egg-info/entry_points.txt
[2.939s] writing requirements to ../../build/gakurobo/gakurobo.egg-info/requires.txt
[2.940s] writing top-level names to ../../build/gakurobo/gakurobo.egg-info/top_level.txt
[3.013s] reading manifest file '../../build/gakurobo/gakurobo.egg-info/SOURCES.txt'
[3.015s] writing manifest file '../../build/gakurobo/gakurobo.egg-info/SOURCES.txt'
[3.016s] running build
[3.017s] running build_py
[3.017s] running install
[3.027s] running install_lib
[3.051s] running install_data
[3.052s] running install_egg_info
[3.097s] removing '/home/yuchel/share_repo/install/gakurobo/lib/python3.12/site-packages/gakurobo-0.0.0-py3.12.egg-info' (and everything under it)
[3.099s] Copying ../../build/gakurobo/gakurobo.egg-info to /home/yuchel/share_repo/install/gakurobo/lib/python3.12/site-packages/gakurobo-0.0.0-py3.12.egg-info
[3.101s] running install_scripts
[3.361s] Installing scoreboard script to /home/yuchel/share_repo/install/gakurobo/lib/gakurobo
[3.362s] writing list of installed files to '/home/yuchel/share_repo/build/gakurobo/install.log'
[3.436s] Invoked command in '/home/yuchel/share_repo/src/gakurobo' returned '0': DEBUGINFOD_URLS=https://debuginfod.ubuntu.com PYTHONPATH=/home/yuchel/share_repo/build/gakurobo/prefix_override:/usr/lib/python3/dist-packages/colcon_core/task/python/colcon_distutils_commands:/home/yuchel/share_repo/install/gakurobo/lib/python3.12/site-packages:${PYTHONPATH} /usr/bin/python3 -W ignore:setup.py install is deprecated -W ignore:easy_install command is deprecated setup.py egg_info --egg-base ../../build/gakurobo build --build-base /home/yuchel/share_repo/build/gakurobo/build install --record /home/yuchel/share_repo/build/gakurobo/install.log --install-scripts $base/lib/gakurobo --single-version-externally-managed install_data
