[1.933s] Invoking command in '/home/yuchel/shared_repo/src/three_node_pkg': DEBUGINFOD_URLS=https://debuginfod.ubuntu.com PYTHONPATH=/home/yuchel/shared_repo/build/three_node_pkg/prefix_override:/usr/lib/python3/dist-packages/colcon_core/task/python/colcon_distutils_commands:/home/yuchel/shared_repo/install/three_node_pkg/lib/python3.12/site-packages:${PYTHONPATH} /usr/bin/python3 -W ignore:setup.py install is deprecated -W ignore:easy_install command is deprecated setup.py egg_info --egg-base ../../build/three_node_pkg build --build-base /home/yuchel/shared_repo/build/three_node_pkg/build install --record /home/yuchel/shared_repo/build/three_node_pkg/install.log --install-scripts $base/lib/three_node_pkg --single-version-externally-managed install_data
[3.311s] running egg_info
[3.386s] writing ../../build/three_node_pkg/three_node_pkg.egg-info/PKG-INFO
[3.393s] writing dependency_links to ../../build/three_node_pkg/three_node_pkg.egg-info/dependency_links.txt
[3.393s] writing entry points to ../../build/three_node_pkg/three_node_pkg.egg-info/entry_points.txt
[3.393s] writing requirements to ../../build/three_node_pkg/three_node_pkg.egg-info/requires.txt
[3.393s] writing top-level names to ../../build/three_node_pkg/three_node_pkg.egg-info/top_level.txt
[3.491s] reading manifest file '../../build/three_node_pkg/three_node_pkg.egg-info/SOURCES.txt'
[3.491s] writing manifest file '../../build/three_node_pkg/three_node_pkg.egg-info/SOURCES.txt'
[3.491s] running build
[3.491s] running build_py
[3.492s] running install
[3.519s] running install_lib
[3.627s] running install_data
[3.627s] copying launch/system.launch.py -> /home/yuchel/shared_repo/install/three_node_pkg/share/three_node_pkg/launch
[3.627s] running install_egg_info
[3.788s] removing '/home/yuchel/shared_repo/install/three_node_pkg/lib/python3.12/site-packages/three_node_pkg-0.0.0-py3.12.egg-info' (and everything under it)
[3.793s] Copying ../../build/three_node_pkg/three_node_pkg.egg-info to /home/yuchel/shared_repo/install/three_node_pkg/lib/python3.12/site-packages/three_node_pkg-0.0.0-py3.12.egg-info
[3.802s] running install_scripts
[4.142s] Installing control script to /home/yuchel/shared_repo/install/three_node_pkg/lib/three_node_pkg
[4.144s] Installing display script to /home/yuchel/shared_repo/install/three_node_pkg/lib/three_node_pkg
[4.145s] Installing input script to /home/yuchel/shared_repo/install/three_node_pkg/lib/three_node_pkg
[4.149s] writing list of installed files to '/home/yuchel/shared_repo/build/three_node_pkg/install.log'
[4.185s] Invoked command in '/home/yuchel/shared_repo/src/three_node_pkg' returned '0': DEBUGINFOD_URLS=https://debuginfod.ubuntu.com PYTHONPATH=/home/yuchel/shared_repo/build/three_node_pkg/prefix_override:/usr/lib/python3/dist-packages/colcon_core/task/python/colcon_distutils_commands:/home/yuchel/shared_repo/install/three_node_pkg/lib/python3.12/site-packages:${PYTHONPATH} /usr/bin/python3 -W ignore:setup.py install is deprecated -W ignore:easy_install command is deprecated setup.py egg_info --egg-base ../../build/three_node_pkg build --build-base /home/yuchel/shared_repo/build/three_node_pkg/build install --record /home/yuchel/shared_repo/build/three_node_pkg/install.log --install-scripts $base/lib/three_node_pkg --single-version-externally-managed install_data
