[2.300s] Invoking command in '/home/yuchel/shared_repo/src/talk_pkg': DEBUGINFOD_URLS=https://debuginfod.ubuntu.com PYTHONPATH=/home/yuchel/shared_repo/build/talk_pkg/prefix_override:/usr/lib/python3/dist-packages/colcon_core/task/python/colcon_distutils_commands:/home/yuchel/shared_repo/install/talk_pkg/lib/python3.12/site-packages:${PYTHONPATH} /usr/bin/python3 -W ignore:setup.py install is deprecated -W ignore:easy_install command is deprecated setup.py egg_info --egg-base ../../build/talk_pkg build --build-base /home/yuchel/shared_repo/build/talk_pkg/build install --record /home/yuchel/shared_repo/build/talk_pkg/install.log --install-scripts $base/lib/talk_pkg --single-version-externally-managed install_data
[4.084s] running egg_info
[4.120s] writing ../../build/talk_pkg/talk_pkg.egg-info/PKG-INFO
[4.120s] writing dependency_links to ../../build/talk_pkg/talk_pkg.egg-info/dependency_links.txt
[4.122s] writing entry points to ../../build/talk_pkg/talk_pkg.egg-info/entry_points.txt
[4.123s] writing requirements to ../../build/talk_pkg/talk_pkg.egg-info/requires.txt
[4.124s] writing top-level names to ../../build/talk_pkg/talk_pkg.egg-info/top_level.txt
[4.183s] reading manifest file '../../build/talk_pkg/talk_pkg.egg-info/SOURCES.txt'
[4.203s] writing manifest file '../../build/talk_pkg/talk_pkg.egg-info/SOURCES.txt'
[4.204s] running build
[4.204s] running build_py
[4.204s] running install
[4.229s] running install_lib
[4.273s] running install_data
[4.275s] running install_egg_info
[4.298s] removing '/home/yuchel/shared_repo/install/talk_pkg/lib/python3.12/site-packages/talk_pkg-0.0.0-py3.12.egg-info' (and everything under it)
[4.299s] Copying ../../build/talk_pkg/talk_pkg.egg-info to /home/yuchel/shared_repo/install/talk_pkg/lib/python3.12/site-packages/talk_pkg-0.0.0-py3.12.egg-info
[4.300s] running install_scripts
[4.473s] Installing service script to /home/yuchel/shared_repo/install/talk_pkg/lib/talk_pkg
[4.475s] writing list of installed files to '/home/yuchel/shared_repo/build/talk_pkg/install.log'
[4.519s] Invoked command in '/home/yuchel/shared_repo/src/talk_pkg' returned '0': DEBUGINFOD_URLS=https://debuginfod.ubuntu.com PYTHONPATH=/home/yuchel/shared_repo/build/talk_pkg/prefix_override:/usr/lib/python3/dist-packages/colcon_core/task/python/colcon_distutils_commands:/home/yuchel/shared_repo/install/talk_pkg/lib/python3.12/site-packages:${PYTHONPATH} /usr/bin/python3 -W ignore:setup.py install is deprecated -W ignore:easy_install command is deprecated setup.py egg_info --egg-base ../../build/talk_pkg build --build-base /home/yuchel/shared_repo/build/talk_pkg/build install --record /home/yuchel/shared_repo/build/talk_pkg/install.log --install-scripts $base/lib/talk_pkg --single-version-externally-managed install_data
