[1.861s] Invoking command in '/home/yuchel/share_repo/src/gakurobo': DEBUGINFOD_URLS=https://debuginfod.ubuntu.com PYTHONPATH=/home/yuchel/share_repo/build/gakurobo/prefix_override:/usr/lib/python3/dist-packages/colcon_core/task/python/colcon_distutils_commands:/home/yuchel/share_repo/install/gakurobo/lib/python3.12/site-packages:${PYTHONPATH} /usr/bin/python3 -W ignore:setup.py install is deprecated -W ignore:easy_install command is deprecated setup.py egg_info --egg-base ../../build/gakurobo build --build-base /home/yuchel/share_repo/build/gakurobo/build install --record /home/yuchel/share_repo/build/gakurobo/install.log --install-scripts $base/lib/gakurobo --single-version-externally-managed install_data
[2.231s] running egg_info
[2.248s] writing ../../build/gakurobo/gakurobo.egg-info/PKG-INFO
[2.249s] writing dependency_links to ../../build/gakurobo/gakurobo.egg-info/dependency_links.txt
[2.251s] writing entry points to ../../build/gakurobo/gakurobo.egg-info/entry_points.txt
[2.251s] writing requirements to ../../build/gakurobo/gakurobo.egg-info/requires.txt
[2.251s] writing top-level names to ../../build/gakurobo/gakurobo.egg-info/top_level.txt
[2.285s] reading manifest file '../../build/gakurobo/gakurobo.egg-info/SOURCES.txt'
[2.286s] writing manifest file '../../build/gakurobo/gakurobo.egg-info/SOURCES.txt'
[2.287s] running build
[2.287s] running build_py
[2.290s] running install
[2.294s] running install_lib
[2.326s] running install_data
[2.326s] running install_egg_info
[2.367s] removing '/home/yuchel/share_repo/install/gakurobo/lib/python3.12/site-packages/gakurobo-0.0.0-py3.12.egg-info' (and everything under it)
[2.367s] Copying ../../build/gakurobo/gakurobo.egg-info to /home/yuchel/share_repo/install/gakurobo/lib/python3.12/site-packages/gakurobo-0.0.0-py3.12.egg-info
[2.369s] running install_scripts
[2.560s] Installing scoreboard script to /home/yuchel/share_repo/install/gakurobo/lib/gakurobo
[2.561s] writing list of installed files to '/home/yuchel/share_repo/build/gakurobo/install.log'
[2.805s] Invoked command in '/home/yuchel/share_repo/src/gakurobo' returned '0': DEBUGINFOD_URLS=https://debuginfod.ubuntu.com PYTHONPATH=/home/yuchel/share_repo/build/gakurobo/prefix_override:/usr/lib/python3/dist-packages/colcon_core/task/python/colcon_distutils_commands:/home/yuchel/share_repo/install/gakurobo/lib/python3.12/site-packages:${PYTHONPATH} /usr/bin/python3 -W ignore:setup.py install is deprecated -W ignore:easy_install command is deprecated setup.py egg_info --egg-base ../../build/gakurobo build --build-base /home/yuchel/share_repo/build/gakurobo/build install --record /home/yuchel/share_repo/build/gakurobo/install.log --install-scripts $base/lib/gakurobo --single-version-externally-managed install_data
