[2.093s] Invoking command in '/home/yuchel/shared_repo/src/gakurobo': DEBUGINFOD_URLS=https://debuginfod.ubuntu.com PYTHONPATH=/home/yuchel/shared_repo/build/gakurobo/prefix_override:/usr/lib/python3/dist-packages/colcon_core/task/python/colcon_distutils_commands:/home/yuchel/shared_repo/install/gakurobo/lib/python3.12/site-packages:${PYTHONPATH} /usr/bin/python3 -W ignore:setup.py install is deprecated -W ignore:easy_install command is deprecated setup.py egg_info --egg-base ../../build/gakurobo build --build-base /home/yuchel/shared_repo/build/gakurobo/build install --record /home/yuchel/shared_repo/build/gakurobo/install.log --install-scripts $base/lib/gakurobo --single-version-externally-managed install_data
[2.618s] running egg_info
[2.669s] writing ../../build/gakurobo/gakurobo.egg-info/PKG-INFO
[2.670s] writing dependency_links to ../../build/gakurobo/gakurobo.egg-info/dependency_links.txt
[2.670s] writing entry points to ../../build/gakurobo/gakurobo.egg-info/entry_points.txt
[2.670s] writing requirements to ../../build/gakurobo/gakurobo.egg-info/requires.txt
[2.670s] writing top-level names to ../../build/gakurobo/gakurobo.egg-info/top_level.txt
[2.686s] reading manifest file '../../build/gakurobo/gakurobo.egg-info/SOURCES.txt'
[2.688s] writing manifest file '../../build/gakurobo/gakurobo.egg-info/SOURCES.txt'
[2.689s] running build
[2.690s] running build_py
[2.691s] running install
[2.719s] running install_lib
[2.770s] running install_data
[2.813s] running install_egg_info
[2.819s] removing '/home/yuchel/shared_repo/install/gakurobo/lib/python3.12/site-packages/gakurobo-0.0.0-py3.12.egg-info' (and everything under it)
[2.837s] Copying ../../build/gakurobo/gakurobo.egg-info to /home/yuchel/shared_repo/install/gakurobo/lib/python3.12/site-packages/gakurobo-0.0.0-py3.12.egg-info
[2.837s] running install_scripts
[3.059s] Installing scoreboard script to /home/yuchel/shared_repo/install/gakurobo/lib/gakurobo
[3.065s] writing list of installed files to '/home/yuchel/shared_repo/build/gakurobo/install.log'
[3.357s] Invoked command in '/home/yuchel/shared_repo/src/gakurobo' returned '0': DEBUGINFOD_URLS=https://debuginfod.ubuntu.com PYTHONPATH=/home/yuchel/shared_repo/build/gakurobo/prefix_override:/usr/lib/python3/dist-packages/colcon_core/task/python/colcon_distutils_commands:/home/yuchel/shared_repo/install/gakurobo/lib/python3.12/site-packages:${PYTHONPATH} /usr/bin/python3 -W ignore:setup.py install is deprecated -W ignore:easy_install command is deprecated setup.py egg_info --egg-base ../../build/gakurobo build --build-base /home/yuchel/shared_repo/build/gakurobo/build install --record /home/yuchel/shared_repo/build/gakurobo/install.log --install-scripts $base/lib/gakurobo --single-version-externally-managed install_data
